########################################################################
============================== a.out t.ttt =========================
### Run  ./a.out 4 3 1 4 0 ./t.ttt
./a.out : Task = 9 Res1 = -1 Res2 = -1 T1 = 0.00 T2 = 0.00 S = 0 N = 4 M = 3 P = 1
============================== a.out t.ttt =========================
### Run  ./a.out 4 3 2 4 0 ./t.ttt
./a.out : Task = 9 Res1 = -1 Res2 = -1 T1 = 0.00 T2 = 0.00 S = 0 N = 4 M = 3 P = 2
============================== a.out s.txt =========================
### Run  ./a.out 4 3 1 4 0 ./s.txt
./a.out : Task = 9 Res1 = -1 Res2 = -1 T1 = 0.00 T2 = 0.00 S = 0 N = 4 M = 3 P = 1
============================== a.out s.txt =========================
### Run  ./a.out 4 3 2 4 0 ./s.txt
./a.out : Task = 9 Res1 = -1 Res2 = -1 T1 = 0.00 T2 = 0.00 S = 0 N = 4 M = 3 P = 2
============================== a.out g.txt =========================
### Run  ./a.out 6 3 1 6 0 ./g.txt
./a.out : Task = 9 Res1 = -1 Res2 = -1 T1 = 0.00 T2 = 0.00 S = 0 N = 6 M = 3 P = 1
============================== a.out g.txt =========================
### Run  ./a.out 6 3 2 6 0 ./g.txt
./a.out : Task = 9 Res1 = -1 Res2 = -1 T1 = 0.00 T2 = 0.00 S = 0 N = 6 M = 3 P = 2
============================== a.out a.txt =========================
### Run  ./a.out 4 3 1 4 0 ./a.txt
A:
 5.000e+00  7.000e+00  6.000e+00  5.000e+00 
 7.000e+00  1.000e+01  8.000e+00  7.000e+00 
 6.000e+00  8.000e+00  1.000e+01  9.000e+00 
 5.000e+00  7.000e+00  9.000e+00  1.000e+01 

b:
 1.100e+01  1.500e+01  1.600e+01  1.400e+01 

x:
 1.000e+00  8.775e-13  1.000e+00 -2.949e-13 

./a.out : Task = 9 Res1 = 9.769963e-15 Res2 = 3.044676e-12 T1 = 0.00 T2 = 0.00 S = 0 N = 4 M = 3 P = 1
============================== a.out a.txt =========================
### Run  ./a.out 4 3 2 4 0 ./a.txt
A:
 5.000e+00  7.000e+00  6.000e+00  5.000e+00 
 7.000e+00  1.000e+01  8.000e+00  7.000e+00 
 6.000e+00  8.000e+00  1.000e+01  9.000e+00 
 5.000e+00  7.000e+00  9.000e+00  1.000e+01 

b:
 1.100e+01  1.500e+01  1.600e+01  1.400e+01 

x:
 1.000e+00  8.775e-13  1.000e+00 -2.949e-13 

./a.out : Task = 9 Res1 = 9.769963e-15 Res2 = 3.044676e-12 T1 = 0.00 T2 = 0.00 S = 0 N = 4 M = 3 P = 2
============================== a.out a20.txt =========================
### Run  ./a.out 4 3 1 4 0 ./a20.txt
A:
 5.000e-20  7.000e-20  6.000e-20  5.000e-20 
 7.000e-20  1.000e-19  8.000e-20  7.000e-20 
 6.000e-20  8.000e-20  1.000e-19  9.000e-20 
 5.000e-20  7.000e-20  9.000e-20  1.000e-19 

b:
 1.100e-19  1.500e-19  1.600e-19  1.400e-19 

x:
 1.000e+00 -1.447e-13  1.000e+00  5.296e-14 

./a.out : Task = 9 Res1 = 2.020507e-15 Res2 = 5.118346e-13 T1 = 0.00 T2 = 0.00 S = 0 N = 4 M = 3 P = 1
============================== a.out a20.txt =========================
### Run  ./a.out 4 3 2 4 0 ./a20.txt
A:
 5.000e-20  7.000e-20  6.000e-20  5.000e-20 
 7.000e-20  1.000e-19  8.000e-20  7.000e-20 
 6.000e-20  8.000e-20  1.000e-19  9.000e-20 
 5.000e-20  7.000e-20  9.000e-20  1.000e-19 

b:
 1.100e-19  1.500e-19  1.600e-19  1.400e-19 

x:
 1.000e+00 -1.447e-13  1.000e+00  5.296e-14 

./a.out : Task = 9 Res1 = 2.020507e-15 Res2 = 5.118346e-13 T1 = 0.00 T2 = 0.00 S = 0 N = 4 M = 3 P = 2
============================== a.out a40.txt =========================
### Run  ./a.out 4 3 1 4 0 ./a40.txt
A:
 5.000e+40  7.000e+40  6.000e+40  5.000e+40 
 7.000e+40  1.000e+41  8.000e+40  7.000e+40 
 6.000e+40  8.000e+40  1.000e+41  9.000e+40 
 5.000e+40  7.000e+40  9.000e+40  1.000e+41 

b:
 1.100e+41  1.500e+41  1.600e+41  1.400e+41 

x:
 1.000e+00  1.589e-13  1.000e+00 -5.416e-14 

./a.out : Task = 9 Res1 = 1.485252e-15 Res2 = 5.598094e-13 T1 = 0.00 T2 = 0.00 S = 0 N = 4 M = 3 P = 1
============================== a.out a40.txt =========================
### Run  ./a.out 4 3 2 4 0 ./a40.txt
A:
 5.000e+40  7.000e+40  6.000e+40  5.000e+40 
 7.000e+40  1.000e+41  8.000e+40  7.000e+40 
 6.000e+40  8.000e+40  1.000e+41  9.000e+40 
 5.000e+40  7.000e+40  9.000e+40  1.000e+41 

b:
 1.100e+41  1.500e+41  1.600e+41  1.400e+41 

x:
 1.000e+00  1.589e-13  1.000e+00 -5.416e-14 

./a.out : Task = 9 Res1 = 1.485252e-15 Res2 = 5.598094e-13 T1 = 0.00 T2 = 0.00 S = 0 N = 4 M = 3 P = 2
============================== a.out b.txt =========================
### Run  ./a.out 4 3 1 4 0 ./b.txt
A:
 7.000e+00  4.000e+00  4.000e+00  1.000e+00 
 4.000e+00  7.000e+00  1.000e+00  4.000e+00 
 4.000e+00  1.000e+00  7.000e+00  4.000e+00 
 1.000e+00  4.000e+00  4.000e+00  7.000e+00 

b:
 1.100e+01  5.000e+00  1.100e+01  5.000e+00 

./a.out : Task = 9 Res1 = -1 Res2 = -1 T1 = 0.00 T2 = 0.00 S = 0 N = 4 M = 3 P = 1
============================== a.out b.txt =========================
### Run  ./a.out 4 3 2 4 0 ./b.txt
A:
 7.000e+00  4.000e+00  4.000e+00  1.000e+00 
 4.000e+00  7.000e+00  1.000e+00  4.000e+00 
 4.000e+00  1.000e+00  7.000e+00  4.000e+00 
 1.000e+00  4.000e+00  4.000e+00  7.000e+00 

b:
 1.100e+01  5.000e+00  1.100e+01  5.000e+00 

./a.out : Task = 9 Res1 = -1 Res2 = -1 T1 = 0.00 T2 = 0.00 S = 0 N = 4 M = 3 P = 2
============================== a.out c.txt =========================
### Run  ./a.out 6 3 1 6 0 ./c.txt
A:
 1.000e+00  2.000e+00  3.000e+00  0.000e+00  1.000e+00  2.000e+00 
 2.000e+00  4.000e+00  5.000e+00 -1.000e+00  0.000e+00  3.000e+00 
 3.000e+00  5.000e+00  6.000e+00 -2.000e+00 -3.000e+00  0.000e+00 
 0.000e+00 -1.000e+00 -2.000e+00  1.000e+00  2.000e+00  3.000e+00 
 1.000e+00  0.000e+00 -3.000e+00  2.000e+00  4.000e+00  5.000e+00 
 2.000e+00  3.000e+00  0.000e+00  3.000e+00  5.000e+00  6.000e+00 

b:
 5.000e+00  7.000e+00  6.000e+00  0.000e+00  2.000e+00  7.000e+00 

x:
 1.000e+00  7.105e-15  1.000e+00  1.066e-14  1.000e+00  8.882e-16 

./a.out : Task = 9 Res1 = 1.315820e-15 Res2 = 3.641532e-14 T1 = 0.00 T2 = 0.00 S = 0 N = 6 M = 3 P = 1
============================== a.out c.txt =========================
### Run  ./a.out 6 3 2 6 0 ./c.txt
A:
 1.000e+00  2.000e+00  3.000e+00  0.000e+00  1.000e+00  2.000e+00 
 2.000e+00  4.000e+00  5.000e+00 -1.000e+00  0.000e+00  3.000e+00 
 3.000e+00  5.000e+00  6.000e+00 -2.000e+00 -3.000e+00  0.000e+00 
 0.000e+00 -1.000e+00 -2.000e+00  1.000e+00  2.000e+00  3.000e+00 
 1.000e+00  0.000e+00 -3.000e+00  2.000e+00  4.000e+00  5.000e+00 
 2.000e+00  3.000e+00  0.000e+00  3.000e+00  5.000e+00  6.000e+00 

b:
 5.000e+00  7.000e+00  6.000e+00  0.000e+00  2.000e+00  7.000e+00 

x:
 1.000e+00  7.105e-15  1.000e+00  1.066e-14  1.000e+00  8.882e-16 

./a.out : Task = 9 Res1 = 1.315820e-15 Res2 = 3.641532e-14 T1 = 0.00 T2 = 0.00 S = 0 N = 6 M = 3 P = 2
============================== a.out d.txt =========================
### Run  ./a.out 6 3 1 6 0 ./d.txt
A:
 1.000e+00  2.000e+00  3.000e+00  0.000e+00  1.000e+00  4.000e+00 
 2.000e+00  4.000e+00  5.000e+00 -1.000e+00  0.000e+00  4.000e+00 
 3.000e+00  5.000e+00  6.000e+00 -2.000e+00 -3.000e+00  1.000e+00 
 0.000e+00 -1.000e+00 -2.000e+00  1.000e+00  2.000e+00  1.000e+00 
 1.000e+00  0.000e+00 -3.000e+00  2.000e+00  4.000e+00  3.000e+00 
 4.000e+00  4.000e+00  1.000e+00  1.000e+00  3.000e+00  8.000e+00 

b:
 5.000e+00  7.000e+00  6.000e+00  0.000e+00  2.000e+00  8.000e+00 

x:
 1.000e+00  6.217e-15  1.000e+00  5.329e-15  1.000e+00  1.776e-15 

./a.out : Task = 9 Res1 = 1.871519e-15 Res2 = 2.575717e-14 T1 = 0.00 T2 = 0.00 S = 0 N = 6 M = 3 P = 1
============================== a.out d.txt =========================
### Run  ./a.out 6 3 2 6 0 ./d.txt
A:
 1.000e+00  2.000e+00  3.000e+00  0.000e+00  1.000e+00  4.000e+00 
 2.000e+00  4.000e+00  5.000e+00 -1.000e+00  0.000e+00  4.000e+00 
 3.000e+00  5.000e+00  6.000e+00 -2.000e+00 -3.000e+00  1.000e+00 
 0.000e+00 -1.000e+00 -2.000e+00  1.000e+00  2.000e+00  1.000e+00 
 1.000e+00  0.000e+00 -3.000e+00  2.000e+00  4.000e+00  3.000e+00 
 4.000e+00  4.000e+00  1.000e+00  1.000e+00  3.000e+00  8.000e+00 

b:
 5.000e+00  7.000e+00  6.000e+00  0.000e+00  2.000e+00  8.000e+00 

x:
 1.000e+00  6.217e-15  1.000e+00  5.329e-15  1.000e+00  1.776e-15 

./a.out : Task = 9 Res1 = 1.871519e-15 Res2 = 2.575717e-14 T1 = 0.00 T2 = 0.00 S = 0 N = 6 M = 3 P = 2
============================== a.out e.txt =========================
### Run  ./a.out 6 3 1 6 0 ./e.txt
A:
 3.000e+00  2.000e+00  3.000e+00  0.000e+00  1.000e+00  2.000e+00 
 2.000e+00  6.000e+00  5.000e+00 -1.000e+00  0.000e+00  3.000e+00 
 3.000e+00  5.000e+00  8.000e+00 -2.000e+00 -3.000e+00  0.000e+00 
 0.000e+00 -1.000e+00 -2.000e+00  3.000e+00  2.000e+00  3.000e+00 
 1.000e+00  0.000e+00 -3.000e+00  2.000e+00  6.000e+00  5.000e+00 
 2.000e+00  3.000e+00  0.000e+00  3.000e+00  5.000e+00  8.000e+00 

b:
 7.000e+00  7.000e+00  8.000e+00  0.000e+00  4.000e+00  7.000e+00 

x:
 1.000e+00 -8.882e-16  1.000e+00 -1.110e-15  1.000e+00  1.332e-15 

./a.out : Task = 9 Res1 = 9.420074e-17 Res2 = 5.329071e-15 T1 = 0.00 T2 = 0.00 S = 0 N = 6 M = 3 P = 1
============================== a.out e.txt =========================
### Run  ./a.out 6 3 2 6 0 ./e.txt
A:
 3.000e+00  2.000e+00  3.000e+00  0.000e+00  1.000e+00  2.000e+00 
 2.000e+00  6.000e+00  5.000e+00 -1.000e+00  0.000e+00  3.000e+00 
 3.000e+00  5.000e+00  8.000e+00 -2.000e+00 -3.000e+00  0.000e+00 
 0.000e+00 -1.000e+00 -2.000e+00  3.000e+00  2.000e+00  3.000e+00 
 1.000e+00  0.000e+00 -3.000e+00  2.000e+00  6.000e+00  5.000e+00 
 2.000e+00  3.000e+00  0.000e+00  3.000e+00  5.000e+00  8.000e+00 

b:
 7.000e+00  7.000e+00  8.000e+00  0.000e+00  4.000e+00  7.000e+00 

x:
 1.000e+00 -8.882e-16  1.000e+00 -1.110e-15  1.000e+00  1.332e-15 

./a.out : Task = 9 Res1 = 9.420074e-17 Res2 = 5.329071e-15 T1 = 0.00 T2 = 0.00 S = 0 N = 6 M = 3 P = 2
============================== a.out f.txt =========================
### Run  ./a.out 4 3 1 4 0 ./f.txt
A:
 6.000e+00 -3.000e+00  4.000e+00  1.000e+00 
 4.000e+00  2.000e+00  4.000e+00  0.000e+00 
 4.000e+00 -2.000e+00  3.000e+00  1.000e+00 
 4.000e+00  2.000e+00  3.000e+00  1.000e+00 

b:
 1.000e+01  8.000e+00  7.000e+00  7.000e+00 

x:
 1.000e+00  3.109e-15  1.000e+00  4.441e-15 

./a.out : Task = 9 Res1 = 1.332268e-15 Res2 = 1.887379e-14 T1 = 0.00 T2 = 0.00 S = 0 N = 4 M = 3 P = 1
============================== a.out f.txt =========================
### Run  ./a.out 4 3 2 4 0 ./f.txt
A:
 6.000e+00 -3.000e+00  4.000e+00  1.000e+00 
 4.000e+00  2.000e+00  4.000e+00  0.000e+00 
 4.000e+00 -2.000e+00  3.000e+00  1.000e+00 
 4.000e+00  2.000e+00  3.000e+00  1.000e+00 

b:
 1.000e+01  8.000e+00  7.000e+00  7.000e+00 

x:
 1.000e+00  3.109e-15  1.000e+00  4.441e-15 

./a.out : Task = 9 Res1 = 1.332268e-15 Res2 = 1.887379e-14 T1 = 0.00 T2 = 0.00 S = 0 N = 4 M = 3 P = 2
============================== a.out n=3 m=3 p=1 s=1 ===============
### Run  ./a.out 3 3 1 4 1
A:
 3.000e+00  2.000e+00  1.000e+00 
 2.000e+00  2.000e+00  1.000e+00 
 1.000e+00  1.000e+00  1.000e+00 

b:
 4.000e+00  3.000e+00  2.000e+00 

x:
 1.000e+00  0.000e+00  1.000e+00 

./a.out : Task = 9 Res1 = 0.000000e+00 Res2 = 0.000000e+00 T1 = 0.00 T2 = 0.00 S = 1 N = 3 M = 3 P = 1
============================== a.out n=3 m=3 p=2 s=1 ===============
### Run  ./a.out 3 3 2 4 1
A:
 3.000e+00  2.000e+00  1.000e+00 
 2.000e+00  2.000e+00  1.000e+00 
 1.000e+00  1.000e+00  1.000e+00 

b:
 4.000e+00  3.000e+00  2.000e+00 

x:
 1.000e+00  0.000e+00  1.000e+00 

./a.out : Task = 9 Res1 = 0.000000e+00 Res2 = 0.000000e+00 T1 = 0.00 T2 = 0.00 S = 1 N = 3 M = 3 P = 2
============================== a.out n=4 m=3 p=1 s=1 ===============
### Run  ./a.out 4 3 1 4 1
A:
 4.000e+00  3.000e+00  2.000e+00  1.000e+00 
 3.000e+00  3.000e+00  2.000e+00  1.000e+00 
 2.000e+00  2.000e+00  2.000e+00  1.000e+00 
 1.000e+00  1.000e+00  1.000e+00  1.000e+00 

b:
 6.000e+00  5.000e+00  4.000e+00  2.000e+00 

x:
 1.000e+00 -8.882e-16  1.000e+00  8.882e-16 

./a.out : Task = 9 Res1 = 1.567374e-16 Res2 = 2.664535e-15 T1 = 0.00 T2 = 0.00 S = 1 N = 4 M = 3 P = 1
============================== a.out n=4 m=3 p=2 s=1 ===============
### Run  ./a.out 4 3 2 4 1
A:
 4.000e+00  3.000e+00  2.000e+00  1.000e+00 
 3.000e+00  3.000e+00  2.000e+00  1.000e+00 
 2.000e+00  2.000e+00  2.000e+00  1.000e+00 
 1.000e+00  1.000e+00  1.000e+00  1.000e+00 

b:
 6.000e+00  5.000e+00  4.000e+00  2.000e+00 

x:
 1.000e+00 -8.882e-16  1.000e+00  8.882e-16 

./a.out : Task = 9 Res1 = 1.567374e-16 Res2 = 2.664535e-15 T1 = 0.00 T2 = 0.00 S = 1 N = 4 M = 3 P = 2
============================== a.out n=5 m=3 p=1 s=1 ===============
### Run  ./a.out 5 3 1 4 1
A:
 5.000e+00  4.000e+00  3.000e+00  2.000e+00 
 4.000e+00  4.000e+00  3.000e+00  2.000e+00 
 3.000e+00  3.000e+00  3.000e+00  2.000e+00 
 2.000e+00  2.000e+00  2.000e+00  2.000e+00 

b:
 9.000e+00  8.000e+00  7.000e+00  5.000e+00 

x:
 1.000e+00  2.331e-15  1.000e+00 -5.662e-15 

./a.out : Task = 9 Res1 = 6.106227e-16 Res2 = 1.354472e-14 T1 = 0.00 T2 = 0.00 S = 1 N = 5 M = 3 P = 1
============================== a.out n=5 m=3 p=2 s=1 ===============
### Run  ./a.out 5 3 2 4 1
A:
 5.000e+00  4.000e+00  3.000e+00  2.000e+00 
 4.000e+00  4.000e+00  3.000e+00  2.000e+00 
 3.000e+00  3.000e+00  3.000e+00  2.000e+00 
 2.000e+00  2.000e+00  2.000e+00  2.000e+00 

b:
 9.000e+00  8.000e+00  7.000e+00  5.000e+00 

x:
 1.000e+00  2.331e-15  1.000e+00 -5.662e-15 

./a.out : Task = 9 Res1 = 6.106227e-16 Res2 = 1.354472e-14 T1 = 0.00 T2 = 0.00 S = 1 N = 5 M = 3 P = 2
============================== a.out n=6 m=3 p=1 s=1 ===============
### Run  ./a.out 6 3 1 4 1
A:
 6.000e+00  5.000e+00  4.000e+00  3.000e+00 
 5.000e+00  5.000e+00  4.000e+00  3.000e+00 
 4.000e+00  4.000e+00  4.000e+00  3.000e+00 
 3.000e+00  3.000e+00  3.000e+00  3.000e+00 

b:
 1.200e+01  1.100e+01  1.000e+01  8.000e+00 

x:
 1.000e+00 -1.554e-15  1.000e+00  2.220e-16 

./a.out : Task = 9 Res1 = 7.105427e-17 Res2 = 5.107026e-15 T1 = 0.00 T2 = 0.00 S = 1 N = 6 M = 3 P = 1
============================== a.out n=6 m=3 p=2 s=1 ===============
### Run  ./a.out 6 3 2 4 1
A:
 6.000e+00  5.000e+00  4.000e+00  3.000e+00 
 5.000e+00  5.000e+00  4.000e+00  3.000e+00 
 4.000e+00  4.000e+00  4.000e+00  3.000e+00 
 3.000e+00  3.000e+00  3.000e+00  3.000e+00 

b:
 1.200e+01  1.100e+01  1.000e+01  8.000e+00 

x:
 1.000e+00 -1.554e-15  1.000e+00  2.220e-16 

./a.out : Task = 9 Res1 = 7.105427e-17 Res2 = 5.107026e-15 T1 = 0.00 T2 = 0.00 S = 1 N = 6 M = 3 P = 2
============================== a.out n=6 m=3 p=3 s=1 ===============
### Run  ./a.out 6 3 3 4 1
A:
 6.000e+00  5.000e+00  4.000e+00  3.000e+00 
 5.000e+00  5.000e+00  4.000e+00  3.000e+00 
 4.000e+00  4.000e+00  4.000e+00  3.000e+00 
 3.000e+00  3.000e+00  3.000e+00  3.000e+00 

b:
 1.200e+01  1.100e+01  1.000e+01  8.000e+00 

x:
 1.000e+00 -1.554e-15  1.000e+00  2.220e-16 

./a.out : Task = 9 Res1 = 7.105427e-17 Res2 = 5.107026e-15 T1 = 0.00 T2 = 0.00 S = 1 N = 6 M = 3 P = 3
============================== a.out n=6 m=6 p=1 s=1 ===============
### Run  ./a.out 6 6 1 4 1
A:
 6.000e+00  5.000e+00  4.000e+00  3.000e+00 
 5.000e+00  5.000e+00  4.000e+00  3.000e+00 
 4.000e+00  4.000e+00  4.000e+00  3.000e+00 
 3.000e+00  3.000e+00  3.000e+00  3.000e+00 

b:
 1.200e+01  1.100e+01  1.000e+01  8.000e+00 

x:
 1.000e+00 -2.132e-15  1.000e+00 -1.776e-15 

./a.out : Task = 9 Res1 = 2.398082e-16 Res2 = 7.460699e-15 T1 = 0.00 T2 = 0.00 S = 1 N = 6 M = 6 P = 1
============================== a.out n=6 m=6 p=2 s=1 ===============
### Run  ./a.out 6 6 2 4 1
A:
 6.000e+00  5.000e+00  4.000e+00  3.000e+00 
 5.000e+00  5.000e+00  4.000e+00  3.000e+00 
 4.000e+00  4.000e+00  4.000e+00  3.000e+00 
 3.000e+00  3.000e+00  3.000e+00  3.000e+00 

b:
 1.200e+01  1.100e+01  1.000e+01  8.000e+00 

x:
 1.000e+00 -2.132e-15  1.000e+00 -1.776e-15 

./a.out : Task = 9 Res1 = 2.398082e-16 Res2 = 7.460699e-15 T1 = 0.00 T2 = 0.00 S = 1 N = 6 M = 6 P = 2
============================== a.out n=7 m=3 p=1 s=1 ===============
### Run  ./a.out 7 3 1 4 1
A:
 7.000e+00  6.000e+00  5.000e+00  4.000e+00 
 6.000e+00  6.000e+00  5.000e+00  4.000e+00 
 5.000e+00  5.000e+00  5.000e+00  4.000e+00 
 4.000e+00  4.000e+00  4.000e+00  4.000e+00 

b:
 1.600e+01  1.500e+01  1.400e+01  1.200e+01 

x:
 1.000e+00 -1.110e-15  1.000e+00  1.190e-14 

./a.out : Task = 9 Res1 = 6.889076e-16 Res2 = 2.500222e-14 T1 = 0.00 T2 = 0.00 S = 1 N = 7 M = 3 P = 1
============================== a.out n=7 m=3 p=2 s=1 ===============
### Run  ./a.out 7 3 2 4 1
A:
 7.000e+00  6.000e+00  5.000e+00  4.000e+00 
 6.000e+00  6.000e+00  5.000e+00  4.000e+00 
 5.000e+00  5.000e+00  5.000e+00  4.000e+00 
 4.000e+00  4.000e+00  4.000e+00  4.000e+00 

b:
 1.600e+01  1.500e+01  1.400e+01  1.200e+01 

x:
 1.000e+00 -1.110e-15  1.000e+00  1.190e-14 

./a.out : Task = 9 Res1 = 6.889076e-16 Res2 = 2.500222e-14 T1 = 0.00 T2 = 0.00 S = 1 N = 7 M = 3 P = 2
============================== a.out n=7 m=3 p=3 s=1 ===============
### Run  ./a.out 7 3 3 4 1
A:
 7.000e+00  6.000e+00  5.000e+00  4.000e+00 
 6.000e+00  6.000e+00  5.000e+00  4.000e+00 
 5.000e+00  5.000e+00  5.000e+00  4.000e+00 
 4.000e+00  4.000e+00  4.000e+00  4.000e+00 

b:
 1.600e+01  1.500e+01  1.400e+01  1.200e+01 

x:
 1.000e+00 -1.110e-15  1.000e+00  1.190e-14 

./a.out : Task = 9 Res1 = 6.889076e-16 Res2 = 2.500222e-14 T1 = 0.00 T2 = 0.00 S = 1 N = 7 M = 3 P = 3
============================== a.out n=7 m=6 p=1 s=1 ===============
### Run  ./a.out 7 6 1 4 1
A:
 7.000e+00  6.000e+00  5.000e+00  4.000e+00 
 6.000e+00  6.000e+00  5.000e+00  4.000e+00 
 5.000e+00  5.000e+00  5.000e+00  4.000e+00 
 4.000e+00  4.000e+00  4.000e+00  4.000e+00 

b:
 1.600e+01  1.500e+01  1.400e+01  1.200e+01 

x:
 1.000e+00 -6.661e-16  1.000e+00 -3.109e-15 

./a.out : Task = 9 Res1 = 2.505119e-16 Res2 = 2.153833e-14 T1 = 0.00 T2 = 0.00 S = 1 N = 7 M = 6 P = 1
============================== a.out n=7 m=6 p=2 s=1 ===============
### Run  ./a.out 7 6 2 4 1
A:
 7.000e+00  6.000e+00  5.000e+00  4.000e+00 
 6.000e+00  6.000e+00  5.000e+00  4.000e+00 
 5.000e+00  5.000e+00  5.000e+00  4.000e+00 
 4.000e+00  4.000e+00  4.000e+00  4.000e+00 

b:
 1.600e+01  1.500e+01  1.400e+01  1.200e+01 

x:
 1.000e+00 -6.661e-16  1.000e+00 -3.109e-15 

./a.out : Task = 9 Res1 = 2.505119e-16 Res2 = 2.153833e-14 T1 = 0.00 T2 = 0.00 S = 1 N = 7 M = 6 P = 2
============================== a.out n=8 m=3 p=1 s=1 ===============
### Run  ./a.out 8 3 1 4 1
A:
 8.000e+00  7.000e+00  6.000e+00  5.000e+00 
 7.000e+00  7.000e+00  6.000e+00  5.000e+00 
 6.000e+00  6.000e+00  6.000e+00  5.000e+00 
 5.000e+00  5.000e+00  5.000e+00  5.000e+00 

b:
 2.000e+01  1.900e+01  1.800e+01  1.600e+01 

x:
 1.000e+00 -2.220e-15  1.000e+00  1.321e-14 

./a.out : Task = 9 Res1 = 2.745279e-16 Res2 = 3.697043e-14 T1 = 0.00 T2 = 0.00 S = 1 N = 8 M = 3 P = 1
============================== a.out n=8 m=3 p=2 s=1 ===============
### Run  ./a.out 8 3 2 4 1
A:
 8.000e+00  7.000e+00  6.000e+00  5.000e+00 
 7.000e+00  7.000e+00  6.000e+00  5.000e+00 
 6.000e+00  6.000e+00  6.000e+00  5.000e+00 
 5.000e+00  5.000e+00  5.000e+00  5.000e+00 

b:
 2.000e+01  1.900e+01  1.800e+01  1.600e+01 

x:
 1.000e+00 -2.220e-15  1.000e+00  1.321e-14 

./a.out : Task = 9 Res1 = 2.745279e-16 Res2 = 3.697043e-14 T1 = 0.00 T2 = 0.00 S = 1 N = 8 M = 3 P = 2
============================== a.out n=8 m=3 p=3 s=1 ===============
### Run  ./a.out 8 3 3 4 1
A:
 8.000e+00  7.000e+00  6.000e+00  5.000e+00 
 7.000e+00  7.000e+00  6.000e+00  5.000e+00 
 6.000e+00  6.000e+00  6.000e+00  5.000e+00 
 5.000e+00  5.000e+00  5.000e+00  5.000e+00 

b:
 2.000e+01  1.900e+01  1.800e+01  1.600e+01 

x:
 1.000e+00 -2.220e-15  1.000e+00  1.321e-14 

./a.out : Task = 9 Res1 = 2.745279e-16 Res2 = 3.697043e-14 T1 = 0.00 T2 = 0.00 S = 1 N = 8 M = 3 P = 3
============================== a.out n=8 m=6 p=1 s=1 ===============
### Run  ./a.out 8 6 1 4 1
A:
 8.000e+00  7.000e+00  6.000e+00  5.000e+00 
 7.000e+00  7.000e+00  6.000e+00  5.000e+00 
 6.000e+00  6.000e+00  6.000e+00  5.000e+00 
 5.000e+00  5.000e+00  5.000e+00  5.000e+00 

b:
 2.000e+01  1.900e+01  1.800e+01  1.600e+01 

x:
 1.000e+00 -2.538e-15  1.000e+00  7.661e-15 

./a.out : Task = 9 Res1 = 6.136505e-16 Res2 = 2.940505e-14 T1 = 0.00 T2 = 0.00 S = 1 N = 8 M = 6 P = 1
============================== a.out n=8 m=6 p=2 s=1 ===============
### Run  ./a.out 8 6 2 4 1
A:
 8.000e+00  7.000e+00  6.000e+00  5.000e+00 
 7.000e+00  7.000e+00  6.000e+00  5.000e+00 
 6.000e+00  6.000e+00  6.000e+00  5.000e+00 
 5.000e+00  5.000e+00  5.000e+00  5.000e+00 

b:
 2.000e+01  1.900e+01  1.800e+01  1.600e+01 

x:
 1.000e+00 -2.538e-15  1.000e+00  7.661e-15 

./a.out : Task = 9 Res1 = 6.136505e-16 Res2 = 2.940505e-14 T1 = 0.00 T2 = 0.00 S = 1 N = 8 M = 6 P = 2
============================== a.out n=9 m=3 p=1 s=1 ===============
### Run  ./a.out 9 3 1 4 1
A:
 9.000e+00  8.000e+00  7.000e+00  6.000e+00 
 8.000e+00  8.000e+00  7.000e+00  6.000e+00 
 7.000e+00  7.000e+00  7.000e+00  6.000e+00 
 6.000e+00  6.000e+00  6.000e+00  6.000e+00 

b:
 2.500e+01  2.400e+01  2.300e+01  2.100e+01 

x:
 1.000e+00 -5.773e-15  1.000e+00  2.891e-14 

./a.out : Task = 9 Res1 = 5.500976e-16 Res2 = 6.954754e-14 T1 = 0.00 T2 = 0.00 S = 1 N = 9 M = 3 P = 1
============================== a.out n=9 m=3 p=2 s=1 ===============
### Run  ./a.out 9 3 2 4 1
A:
 9.000e+00  8.000e+00  7.000e+00  6.000e+00 
 8.000e+00  8.000e+00  7.000e+00  6.000e+00 
 7.000e+00  7.000e+00  7.000e+00  6.000e+00 
 6.000e+00  6.000e+00  6.000e+00  6.000e+00 

b:
 2.500e+01  2.400e+01  2.300e+01  2.100e+01 

x:
 1.000e+00 -5.773e-15  1.000e+00  2.891e-14 

./a.out : Task = 9 Res1 = 5.500976e-16 Res2 = 6.954754e-14 T1 = 0.00 T2 = 0.00 S = 1 N = 9 M = 3 P = 2
============================== a.out n=9 m=3 p=3 s=1 ===============
### Run  ./a.out 9 3 3 4 1
A:
 9.000e+00  8.000e+00  7.000e+00  6.000e+00 
 8.000e+00  8.000e+00  7.000e+00  6.000e+00 
 7.000e+00  7.000e+00  7.000e+00  6.000e+00 
 6.000e+00  6.000e+00  6.000e+00  6.000e+00 

b:
 2.500e+01  2.400e+01  2.300e+01  2.100e+01 

x:
 1.000e+00 -5.773e-15  1.000e+00  2.891e-14 

./a.out : Task = 9 Res1 = 5.500976e-16 Res2 = 6.954754e-14 T1 = 0.00 T2 = 0.00 S = 1 N = 9 M = 3 P = 3
============================== a.out n=9 m=3 p=4 s=1 ===============
### Run  ./a.out 9 3 4 4 1
A:
 9.000e+00  8.000e+00  7.000e+00  6.000e+00 
 8.000e+00  8.000e+00  7.000e+00  6.000e+00 
 7.000e+00  7.000e+00  7.000e+00  6.000e+00 
 6.000e+00  6.000e+00  6.000e+00  6.000e+00 

b:
 2.500e+01  2.400e+01  2.300e+01  2.100e+01 

x:
 1.000e+00 -5.773e-15  1.000e+00  2.891e-14 

./a.out : Task = 9 Res1 = 5.500976e-16 Res2 = 6.954754e-14 T1 = 0.00 T2 = 0.00 S = 1 N = 9 M = 3 P = 4
============================== a.out n=9 m=6 p=1 s=1 ===============
### Run  ./a.out 9 6 1 4 1
A:
 9.000e+00  8.000e+00  7.000e+00  6.000e+00 
 8.000e+00  8.000e+00  7.000e+00  6.000e+00 
 7.000e+00  7.000e+00  7.000e+00  6.000e+00 
 6.000e+00  6.000e+00  6.000e+00  6.000e+00 

b:
 2.500e+01  2.400e+01  2.300e+01  2.100e+01 

x:
 1.000e+00  2.484e-15  1.000e+00 -1.088e-14 

./a.out : Task = 9 Res1 = 1.466927e-15 Res2 = 5.888345e-14 T1 = 0.00 T2 = 0.00 S = 1 N = 9 M = 6 P = 1
============================== a.out n=9 m=6 p=2 s=1 ===============
### Run  ./a.out 9 6 2 4 1
A:
 9.000e+00  8.000e+00  7.000e+00  6.000e+00 
 8.000e+00  8.000e+00  7.000e+00  6.000e+00 
 7.000e+00  7.000e+00  7.000e+00  6.000e+00 
 6.000e+00  6.000e+00  6.000e+00  6.000e+00 

b:
 2.500e+01  2.400e+01  2.300e+01  2.100e+01 

x:
 1.000e+00  2.484e-15  1.000e+00 -1.088e-14 

./a.out : Task = 9 Res1 = 1.466927e-15 Res2 = 5.888345e-14 T1 = 0.00 T2 = 0.00 S = 1 N = 9 M = 6 P = 2
============================== a.out n=9 m=9 p=1 s=1 ===============
### Run  ./a.out 9 9 1 4 1
A:
 9.000e+00  8.000e+00  7.000e+00  6.000e+00 
 8.000e+00  8.000e+00  7.000e+00  6.000e+00 
 7.000e+00  7.000e+00  7.000e+00  6.000e+00 
 6.000e+00  6.000e+00  6.000e+00  6.000e+00 

b:
 2.500e+01  2.400e+01  2.300e+01  2.100e+01 

x:
 1.000e+00 -1.145e-15  1.000e+00  8.290e-15 

./a.out : Task = 9 Res1 = 5.615580e-16 Res2 = 2.730917e-14 T1 = 0.00 T2 = 0.00 S = 1 N = 9 M = 9 P = 1
============================== a.out n=9 m=9 p=2 s=1 ===============
### Run  ./a.out 9 9 2 4 1
A:
 9.000e+00  8.000e+00  7.000e+00  6.000e+00 
 8.000e+00  8.000e+00  7.000e+00  6.000e+00 
 7.000e+00  7.000e+00  7.000e+00  6.000e+00 
 6.000e+00  6.000e+00  6.000e+00  6.000e+00 

b:
 2.500e+01  2.400e+01  2.300e+01  2.100e+01 

x:
 1.000e+00 -1.145e-15  1.000e+00  8.290e-15 

./a.out : Task = 9 Res1 = 5.615580e-16 Res2 = 2.730917e-14 T1 = 0.00 T2 = 0.00 S = 1 N = 9 M = 9 P = 2
============================== a.out n=10 m=3 p=1 s=1 ===============
### Run  ./a.out 10 3 1 4 1
A:
 1.000e+01  9.000e+00  8.000e+00  7.000e+00 
 9.000e+00  9.000e+00  8.000e+00  7.000e+00 
 8.000e+00  8.000e+00  8.000e+00  7.000e+00 
 7.000e+00  7.000e+00  7.000e+00  7.000e+00 

b:
 3.000e+01  2.900e+01  2.800e+01  2.600e+01 

x:
 1.000e+00  3.553e-15  1.000e+00 -5.773e-15 

./a.out : Task = 9 Res1 = 6.065609e-17 Res2 = 2.042810e-14 T1 = 0.00 T2 = 0.00 S = 1 N = 10 M = 3 P = 1
============================== a.out n=10 m=3 p=2 s=1 ===============
### Run  ./a.out 10 3 2 4 1
A:
 1.000e+01  9.000e+00  8.000e+00  7.000e+00 
 9.000e+00  9.000e+00  8.000e+00  7.000e+00 
 8.000e+00  8.000e+00  8.000e+00  7.000e+00 
 7.000e+00  7.000e+00  7.000e+00  7.000e+00 

b:
 3.000e+01  2.900e+01  2.800e+01  2.600e+01 

x:
 1.000e+00  3.553e-15  1.000e+00 -5.773e-15 

./a.out : Task = 9 Res1 = 6.065609e-17 Res2 = 2.042810e-14 T1 = 0.00 T2 = 0.00 S = 1 N = 10 M = 3 P = 2
============================== a.out n=10 m=3 p=3 s=1 ===============
### Run  ./a.out 10 3 3 4 1
A:
 1.000e+01  9.000e+00  8.000e+00  7.000e+00 
 9.000e+00  9.000e+00  8.000e+00  7.000e+00 
 8.000e+00  8.000e+00  8.000e+00  7.000e+00 
 7.000e+00  7.000e+00  7.000e+00  7.000e+00 

b:
 3.000e+01  2.900e+01  2.800e+01  2.600e+01 

x:
 1.000e+00  3.553e-15  1.000e+00 -5.773e-15 

./a.out : Task = 9 Res1 = 6.065609e-17 Res2 = 2.042810e-14 T1 = 0.00 T2 = 0.00 S = 1 N = 10 M = 3 P = 3
============================== a.out n=10 m=3 p=4 s=1 ===============
### Run  ./a.out 10 3 4 4 1
A:
 1.000e+01  9.000e+00  8.000e+00  7.000e+00 
 9.000e+00  9.000e+00  8.000e+00  7.000e+00 
 8.000e+00  8.000e+00  8.000e+00  7.000e+00 
 7.000e+00  7.000e+00  7.000e+00  7.000e+00 

b:
 3.000e+01  2.900e+01  2.800e+01  2.600e+01 

x:
 1.000e+00  3.553e-15  1.000e+00 -5.773e-15 

./a.out : Task = 9 Res1 = 6.065609e-17 Res2 = 2.042810e-14 T1 = 0.00 T2 = 0.00 S = 1 N = 10 M = 3 P = 4
============================== a.out n=10 m=6 p=1 s=1 ===============
### Run  ./a.out 10 6 1 4 1
A:
 1.000e+01  9.000e+00  8.000e+00  7.000e+00 
 9.000e+00  9.000e+00  8.000e+00  7.000e+00 
 8.000e+00  8.000e+00  8.000e+00  7.000e+00 
 7.000e+00  7.000e+00  7.000e+00  7.000e+00 

b:
 3.000e+01  2.900e+01  2.800e+01  2.600e+01 

x:
 1.000e+00  1.813e-15  1.000e+00  8.438e-15 

./a.out : Task = 9 Res1 = 5.545699e-16 Res2 = 6.731652e-14 T1 = 0.00 T2 = 0.00 S = 1 N = 10 M = 6 P = 1
============================== a.out n=10 m=6 p=2 s=1 ===============
### Run  ./a.out 10 6 2 4 1
A:
 1.000e+01  9.000e+00  8.000e+00  7.000e+00 
 9.000e+00  9.000e+00  8.000e+00  7.000e+00 
 8.000e+00  8.000e+00  8.000e+00  7.000e+00 
 7.000e+00  7.000e+00  7.000e+00  7.000e+00 

b:
 3.000e+01  2.900e+01  2.800e+01  2.600e+01 

x:
 1.000e+00  1.813e-15  1.000e+00  8.438e-15 

./a.out : Task = 9 Res1 = 5.545699e-16 Res2 = 6.731652e-14 T1 = 0.00 T2 = 0.00 S = 1 N = 10 M = 6 P = 2
============================== a.out n=10 m=9 p=1 s=1 ===============
### Run  ./a.out 10 9 1 4 1
A:
 1.000e+01  9.000e+00  8.000e+00  7.000e+00 
 9.000e+00  9.000e+00  8.000e+00  7.000e+00 
 8.000e+00  8.000e+00  8.000e+00  7.000e+00 
 7.000e+00  7.000e+00  7.000e+00  7.000e+00 

b:
 3.000e+01  2.900e+01  2.800e+01  2.600e+01 

x:
 1.000e+00  5.674e-16  1.000e+00 -4.790e-15 

./a.out : Task = 9 Res1 = 6.325563e-16 Res2 = 5.509526e-14 T1 = 0.00 T2 = 0.00 S = 1 N = 10 M = 9 P = 1
============================== a.out n=10 m=9 p=2 s=1 ===============
### Run  ./a.out 10 9 2 4 1
A:
 1.000e+01  9.000e+00  8.000e+00  7.000e+00 
 9.000e+00  9.000e+00  8.000e+00  7.000e+00 
 8.000e+00  8.000e+00  8.000e+00  7.000e+00 
 7.000e+00  7.000e+00  7.000e+00  7.000e+00 

b:
 3.000e+01  2.900e+01  2.800e+01  2.600e+01 

x:
 1.000e+00  5.674e-16  1.000e+00 -4.790e-15 

./a.out : Task = 9 Res1 = 6.325563e-16 Res2 = 5.509526e-14 T1 = 0.00 T2 = 0.00 S = 1 N = 10 M = 9 P = 2
============================== a.out n=11 m=3 p=1 s=1 ===============
### Run  ./a.out 11 3 1 4 1
A:
 1.100e+01  1.000e+01  9.000e+00  8.000e+00 
 1.000e+01  1.000e+01  9.000e+00  8.000e+00 
 9.000e+00  9.000e+00  9.000e+00  8.000e+00 
 8.000e+00  8.000e+00  8.000e+00  8.000e+00 

b:
 3.600e+01  3.500e+01  3.400e+01  3.200e+01 

x:
 1.000e+00 -3.331e-15  1.000e+00  6.400e-14 

./a.out : Task = 9 Res1 = 7.079208e-16 Res2 = 1.370015e-13 T1 = 0.00 T2 = 0.00 S = 1 N = 11 M = 3 P = 1
============================== a.out n=11 m=3 p=2 s=1 ===============
### Run  ./a.out 11 3 2 4 1
A:
 1.100e+01  1.000e+01  9.000e+00  8.000e+00 
 1.000e+01  1.000e+01  9.000e+00  8.000e+00 
 9.000e+00  9.000e+00  9.000e+00  8.000e+00 
 8.000e+00  8.000e+00  8.000e+00  8.000e+00 

b:
 3.600e+01  3.500e+01  3.400e+01  3.200e+01 

x:
 1.000e+00 -3.331e-15  1.000e+00  6.400e-14 

./a.out : Task = 9 Res1 = 7.079208e-16 Res2 = 1.370015e-13 T1 = 0.00 T2 = 0.00 S = 1 N = 11 M = 3 P = 2
============================== a.out n=11 m=3 p=3 s=1 ===============
### Run  ./a.out 11 3 3 4 1
A:
 1.100e+01  1.000e+01  9.000e+00  8.000e+00 
 1.000e+01  1.000e+01  9.000e+00  8.000e+00 
 9.000e+00  9.000e+00  9.000e+00  8.000e+00 
 8.000e+00  8.000e+00  8.000e+00  8.000e+00 

b:
 3.600e+01  3.500e+01  3.400e+01  3.200e+01 

x:
 1.000e+00 -3.331e-15  1.000e+00  6.400e-14 

./a.out : Task = 9 Res1 = 7.079208e-16 Res2 = 1.370015e-13 T1 = 0.00 T2 = 0.00 S = 1 N = 11 M = 3 P = 3
============================== a.out n=11 m=3 p=4 s=1 ===============
### Run  ./a.out 11 3 4 4 1
A:
 1.100e+01  1.000e+01  9.000e+00  8.000e+00 
 1.000e+01  1.000e+01  9.000e+00  8.000e+00 
 9.000e+00  9.000e+00  9.000e+00  8.000e+00 
 8.000e+00  8.000e+00  8.000e+00  8.000e+00 

b:
 3.600e+01  3.500e+01  3.400e+01  3.200e+01 

x:
 1.000e+00 -3.331e-15  1.000e+00  6.400e-14 

./a.out : Task = 9 Res1 = 7.079208e-16 Res2 = 1.370015e-13 T1 = 0.00 T2 = 0.00 S = 1 N = 11 M = 3 P = 4
============================== a.out n=11 m=6 p=1 s=1 ===============
### Run  ./a.out 11 6 1 4 1
A:
 1.100e+01  1.000e+01  9.000e+00  8.000e+00 
 1.000e+01  1.000e+01  9.000e+00  8.000e+00 
 9.000e+00  9.000e+00  9.000e+00  8.000e+00 
 8.000e+00  8.000e+00  8.000e+00  8.000e+00 

b:
 3.600e+01  3.500e+01  3.400e+01  3.200e+01 

x:
 1.000e+00 -7.827e-15  1.000e+00 -9.992e-15 

./a.out : Task = 9 Res1 = 3.133205e-15 Res2 = 2.091105e-13 T1 = 0.00 T2 = 0.00 S = 1 N = 11 M = 6 P = 1
============================== a.out n=11 m=6 p=2 s=1 ===============
### Run  ./a.out 11 6 2 4 1
A:
 1.100e+01  1.000e+01  9.000e+00  8.000e+00 
 1.000e+01  1.000e+01  9.000e+00  8.000e+00 
 9.000e+00  9.000e+00  9.000e+00  8.000e+00 
 8.000e+00  8.000e+00  8.000e+00  8.000e+00 

b:
 3.600e+01  3.500e+01  3.400e+01  3.200e+01 

x:
 1.000e+00 -7.827e-15  1.000e+00 -9.992e-15 

./a.out : Task = 9 Res1 = 3.133205e-15 Res2 = 2.091105e-13 T1 = 0.00 T2 = 0.00 S = 1 N = 11 M = 6 P = 2
============================== a.out n=11 m=9 p=1 s=1 ===============
### Run  ./a.out 11 9 1 4 1
A:
 1.100e+01  1.000e+01  9.000e+00  8.000e+00 
 1.000e+01  1.000e+01  9.000e+00  8.000e+00 
 9.000e+00  9.000e+00  9.000e+00  8.000e+00 
 8.000e+00  8.000e+00  8.000e+00  8.000e+00 

b:
 3.600e+01  3.500e+01  3.400e+01  3.200e+01 

x:
 1.000e+00  1.200e-14  1.000e+00 -1.250e-14 

./a.out : Task = 9 Res1 = 2.608819e-15 Res2 = 1.431327e-13 T1 = 0.00 T2 = 0.00 S = 1 N = 11 M = 9 P = 1
============================== a.out n=11 m=9 p=2 s=1 ===============
### Run  ./a.out 11 9 2 4 1
A:
 1.100e+01  1.000e+01  9.000e+00  8.000e+00 
 1.000e+01  1.000e+01  9.000e+00  8.000e+00 
 9.000e+00  9.000e+00  9.000e+00  8.000e+00 
 8.000e+00  8.000e+00  8.000e+00  8.000e+00 

b:
 3.600e+01  3.500e+01  3.400e+01  3.200e+01 

x:
 1.000e+00  1.200e-14  1.000e+00 -1.250e-14 

./a.out : Task = 9 Res1 = 2.608819e-15 Res2 = 1.431327e-13 T1 = 0.00 T2 = 0.00 S = 1 N = 11 M = 9 P = 2
============================== a.out n=12 m=3 p=1 s=1 ===============
### Run  ./a.out 12 3 1 4 1
A:
 1.200e+01  1.100e+01  1.000e+01  9.000e+00 
 1.100e+01  1.100e+01  1.000e+01  9.000e+00 
 1.000e+01  1.000e+01  1.000e+01  9.000e+00 
 9.000e+00  9.000e+00  9.000e+00  9.000e+00 

b:
 4.200e+01  4.100e+01  4.000e+01  3.800e+01 

x:
 1.000e+00  0.000e+00  1.000e+00  2.619e-14 

./a.out : Task = 9 Res1 = 3.003752e-16 Res2 = 6.427081e-14 T1 = 0.00 T2 = 0.00 S = 1 N = 12 M = 3 P = 1
============================== a.out n=12 m=3 p=2 s=1 ===============
### Run  ./a.out 12 3 2 4 1
A:
 1.200e+01  1.100e+01  1.000e+01  9.000e+00 
 1.100e+01  1.100e+01  1.000e+01  9.000e+00 
 1.000e+01  1.000e+01  1.000e+01  9.000e+00 
 9.000e+00  9.000e+00  9.000e+00  9.000e+00 

b:
 4.200e+01  4.100e+01  4.000e+01  3.800e+01 

x:
 1.000e+00  0.000e+00  1.000e+00  2.619e-14 

./a.out : Task = 9 Res1 = 3.003752e-16 Res2 = 6.427081e-14 T1 = 0.00 T2 = 0.00 S = 1 N = 12 M = 3 P = 2
============================== a.out n=12 m=3 p=3 s=1 ===============
### Run  ./a.out 12 3 3 4 1
A:
 1.200e+01  1.100e+01  1.000e+01  9.000e+00 
 1.100e+01  1.100e+01  1.000e+01  9.000e+00 
 1.000e+01  1.000e+01  1.000e+01  9.000e+00 
 9.000e+00  9.000e+00  9.000e+00  9.000e+00 

b:
 4.200e+01  4.100e+01  4.000e+01  3.800e+01 

x:
 1.000e+00  0.000e+00  1.000e+00  2.619e-14 

./a.out : Task = 9 Res1 = 3.003752e-16 Res2 = 6.427081e-14 T1 = 0.00 T2 = 0.00 S = 1 N = 12 M = 3 P = 3
============================== a.out n=12 m=3 p=4 s=1 ===============
### Run  ./a.out 12 3 4 4 1
A:
 1.200e+01  1.100e+01  1.000e+01  9.000e+00 
 1.100e+01  1.100e+01  1.000e+01  9.000e+00 
 1.000e+01  1.000e+01  1.000e+01  9.000e+00 
 9.000e+00  9.000e+00  9.000e+00  9.000e+00 

b:
 4.200e+01  4.100e+01  4.000e+01  3.800e+01 

x:
 1.000e+00  0.000e+00  1.000e+00  2.619e-14 

./a.out : Task = 9 Res1 = 3.003752e-16 Res2 = 6.427081e-14 T1 = 0.00 T2 = 0.00 S = 1 N = 12 M = 3 P = 4
============================== a.out n=12 m=3 p=5 s=1 ===============
### Run  ./a.out 12 3 5 4 1
A:
 1.200e+01  1.100e+01  1.000e+01  9.000e+00 
 1.100e+01  1.100e+01  1.000e+01  9.000e+00 
 1.000e+01  1.000e+01  1.000e+01  9.000e+00 
 9.000e+00  9.000e+00  9.000e+00  9.000e+00 

b:
 4.200e+01  4.100e+01  4.000e+01  3.800e+01 

x:
 1.000e+00  0.000e+00  1.000e+00  2.619e-14 

./a.out : Task = 9 Res1 = 3.003752e-16 Res2 = 6.427081e-14 T1 = 0.00 T2 = 0.00 S = 1 N = 12 M = 3 P = 5
============================== a.out n=12 m=6 p=1 s=1 ===============
### Run  ./a.out 12 6 1 4 1
A:
 1.200e+01  1.100e+01  1.000e+01  9.000e+00 
 1.100e+01  1.100e+01  1.000e+01  9.000e+00 
 1.000e+01  1.000e+01  1.000e+01  9.000e+00 
 9.000e+00  9.000e+00  9.000e+00  9.000e+00 

b:
 4.200e+01  4.100e+01  4.000e+01  3.800e+01 

x:
 1.000e+00 -1.172e-14  1.000e+00 -7.661e-15 

./a.out : Task = 9 Res1 = 2.120753e-15 Res2 = 2.601509e-13 T1 = 0.00 T2 = 0.00 S = 1 N = 12 M = 6 P = 1
============================== a.out n=12 m=6 p=2 s=1 ===============
### Run  ./a.out 12 6 2 4 1
A:
 1.200e+01  1.100e+01  1.000e+01  9.000e+00 
 1.100e+01  1.100e+01  1.000e+01  9.000e+00 
 1.000e+01  1.000e+01  1.000e+01  9.000e+00 
 9.000e+00  9.000e+00  9.000e+00  9.000e+00 

b:
 4.200e+01  4.100e+01  4.000e+01  3.800e+01 

x:
 1.000e+00 -1.172e-14  1.000e+00 -7.661e-15 

./a.out : Task = 9 Res1 = 2.120753e-15 Res2 = 2.601509e-13 T1 = 0.00 T2 = 0.00 S = 1 N = 12 M = 6 P = 2
============================== a.out n=12 m=6 p=3 s=1 ===============
### Run  ./a.out 12 6 3 4 1
A:
 1.200e+01  1.100e+01  1.000e+01  9.000e+00 
 1.100e+01  1.100e+01  1.000e+01  9.000e+00 
 1.000e+01  1.000e+01  1.000e+01  9.000e+00 
 9.000e+00  9.000e+00  9.000e+00  9.000e+00 

b:
 4.200e+01  4.100e+01  4.000e+01  3.800e+01 

x:
 1.000e+00 -1.172e-14  1.000e+00 -7.661e-15 

./a.out : Task = 9 Res1 = 2.120753e-15 Res2 = 2.601509e-13 T1 = 0.00 T2 = 0.00 S = 1 N = 12 M = 6 P = 3
============================== a.out n=12 m=9 p=1 s=1 ===============
### Run  ./a.out 12 9 1 4 1
A:
 1.200e+01  1.100e+01  1.000e+01  9.000e+00 
 1.100e+01  1.100e+01  1.000e+01  9.000e+00 
 1.000e+01  1.000e+01  1.000e+01  9.000e+00 
 9.000e+00  9.000e+00  9.000e+00  9.000e+00 

b:
 4.200e+01  4.100e+01  4.000e+01  3.800e+01 

x:
 1.000e+00 -2.244e-14  1.000e+00 -1.602e-14 

./a.out : Task = 9 Res1 = 4.982085e-15 Res2 = 2.490384e-13 T1 = 0.00 T2 = 0.00 S = 1 N = 12 M = 9 P = 1
============================== a.out n=12 m=9 p=2 s=1 ===============
### Run  ./a.out 12 9 2 4 1
A:
 1.200e+01  1.100e+01  1.000e+01  9.000e+00 
 1.100e+01  1.100e+01  1.000e+01  9.000e+00 
 1.000e+01  1.000e+01  1.000e+01  9.000e+00 
 9.000e+00  9.000e+00  9.000e+00  9.000e+00 

b:
 4.200e+01  4.100e+01  4.000e+01  3.800e+01 

x:
 1.000e+00 -2.244e-14  1.000e+00 -1.602e-14 

./a.out : Task = 9 Res1 = 4.982085e-15 Res2 = 2.490384e-13 T1 = 0.00 T2 = 0.00 S = 1 N = 12 M = 9 P = 2
============================== a.out n=12 m=12 p=1 s=1 ===============
### Run  ./a.out 12 12 1 4 1
A:
 1.200e+01  1.100e+01  1.000e+01  9.000e+00 
 1.100e+01  1.100e+01  1.000e+01  9.000e+00 
 1.000e+01  1.000e+01  1.000e+01  9.000e+00 
 9.000e+00  9.000e+00  9.000e+00  9.000e+00 

b:
 4.200e+01  4.100e+01  4.000e+01  3.800e+01 

x:
 1.000e+00 -2.176e-14  1.000e+00 -2.306e-14 

./a.out : Task = 9 Res1 = 6.108492e-15 Res2 = 1.083713e-13 T1 = 0.00 T2 = 0.00 S = 1 N = 12 M = 12 P = 1
============================== a.out n=12 m=12 p=2 s=1 ===============
### Run  ./a.out 12 12 2 4 1
A:
 1.200e+01  1.100e+01  1.000e+01  9.000e+00 
 1.100e+01  1.100e+01  1.000e+01  9.000e+00 
 1.000e+01  1.000e+01  1.000e+01  9.000e+00 
 9.000e+00  9.000e+00  9.000e+00  9.000e+00 

b:
 4.200e+01  4.100e+01  4.000e+01  3.800e+01 

x:
 1.000e+00 -2.176e-14  1.000e+00 -2.306e-14 

./a.out : Task = 9 Res1 = 6.108492e-15 Res2 = 1.083713e-13 T1 = 0.00 T2 = 0.00 S = 1 N = 12 M = 12 P = 2
============================== a.out n=13 m=3 p=1 s=1 ===============
### Run  ./a.out 13 3 1 4 1
A:
 1.300e+01  1.200e+01  1.100e+01  1.000e+01 
 1.200e+01  1.200e+01  1.100e+01  1.000e+01 
 1.100e+01  1.100e+01  1.100e+01  1.000e+01 
 1.000e+01  1.000e+01  1.000e+01  1.000e+01 

b:
 4.900e+01  4.800e+01  4.700e+01  4.500e+01 

x:
 1.000e+00 -2.331e-15  1.000e+00  1.146e-13 

./a.out : Task = 9 Res1 = 9.475267e-16 Res2 = 2.385032e-13 T1 = 0.00 T2 = 0.00 S = 1 N = 13 M = 3 P = 1
============================== a.out n=13 m=3 p=2 s=1 ===============
### Run  ./a.out 13 3 2 4 1
A:
 1.300e+01  1.200e+01  1.100e+01  1.000e+01 
 1.200e+01  1.200e+01  1.100e+01  1.000e+01 
 1.100e+01  1.100e+01  1.100e+01  1.000e+01 
 1.000e+01  1.000e+01  1.000e+01  1.000e+01 

b:
 4.900e+01  4.800e+01  4.700e+01  4.500e+01 

x:
 1.000e+00 -2.331e-15  1.000e+00  1.146e-13 

./a.out : Task = 9 Res1 = 9.475267e-16 Res2 = 2.385032e-13 T1 = 0.00 T2 = 0.00 S = 1 N = 13 M = 3 P = 2
============================== a.out n=13 m=3 p=3 s=1 ===============
### Run  ./a.out 13 3 3 4 1
A:
 1.300e+01  1.200e+01  1.100e+01  1.000e+01 
 1.200e+01  1.200e+01  1.100e+01  1.000e+01 
 1.100e+01  1.100e+01  1.100e+01  1.000e+01 
 1.000e+01  1.000e+01  1.000e+01  1.000e+01 

b:
 4.900e+01  4.800e+01  4.700e+01  4.500e+01 

x:
 1.000e+00 -2.331e-15  1.000e+00  1.146e-13 

./a.out : Task = 9 Res1 = 9.475267e-16 Res2 = 2.385032e-13 T1 = 0.00 T2 = 0.00 S = 1 N = 13 M = 3 P = 3
============================== a.out n=13 m=3 p=4 s=1 ===============
### Run  ./a.out 13 3 4 4 1
A:
 1.300e+01  1.200e+01  1.100e+01  1.000e+01 
 1.200e+01  1.200e+01  1.100e+01  1.000e+01 
 1.100e+01  1.100e+01  1.100e+01  1.000e+01 
 1.000e+01  1.000e+01  1.000e+01  1.000e+01 

b:
 4.900e+01  4.800e+01  4.700e+01  4.500e+01 

x:
 1.000e+00 -2.331e-15  1.000e+00  1.146e-13 

./a.out : Task = 9 Res1 = 9.475267e-16 Res2 = 2.385032e-13 T1 = 0.00 T2 = 0.00 S = 1 N = 13 M = 3 P = 4
============================== a.out n=13 m=3 p=5 s=1 ===============
### Run  ./a.out 13 3 5 4 1
A:
 1.300e+01  1.200e+01  1.100e+01  1.000e+01 
 1.200e+01  1.200e+01  1.100e+01  1.000e+01 
 1.100e+01  1.100e+01  1.100e+01  1.000e+01 
 1.000e+01  1.000e+01  1.000e+01  1.000e+01 

b:
 4.900e+01  4.800e+01  4.700e+01  4.500e+01 

x:
 1.000e+00 -2.331e-15  1.000e+00  1.146e-13 

./a.out : Task = 9 Res1 = 9.475267e-16 Res2 = 2.385032e-13 T1 = 0.00 T2 = 0.00 S = 1 N = 13 M = 3 P = 5
============================== a.out n=13 m=6 p=1 s=1 ===============
### Run  ./a.out 13 6 1 4 1
A:
 1.300e+01  1.200e+01  1.100e+01  1.000e+01 
 1.200e+01  1.200e+01  1.100e+01  1.000e+01 
 1.100e+01  1.100e+01  1.100e+01  1.000e+01 
 1.000e+01  1.000e+01  1.000e+01  1.000e+01 

b:
 4.900e+01  4.800e+01  4.700e+01  4.500e+01 

x:
 1.000e+00  5.634e-15  1.000e+00  7.550e-15 

./a.out : Task = 9 Res1 = 1.534871e-16 Res2 = 6.353945e-14 T1 = 0.00 T2 = 0.00 S = 1 N = 13 M = 6 P = 1
============================== a.out n=13 m=6 p=2 s=1 ===============
### Run  ./a.out 13 6 2 4 1
A:
 1.300e+01  1.200e+01  1.100e+01  1.000e+01 
 1.200e+01  1.200e+01  1.100e+01  1.000e+01 
 1.100e+01  1.100e+01  1.100e+01  1.000e+01 
 1.000e+01  1.000e+01  1.000e+01  1.000e+01 

b:
 4.900e+01  4.800e+01  4.700e+01  4.500e+01 

x:
 1.000e+00  5.634e-15  1.000e+00  7.550e-15 

./a.out : Task = 9 Res1 = 1.534871e-16 Res2 = 6.353945e-14 T1 = 0.00 T2 = 0.00 S = 1 N = 13 M = 6 P = 2
============================== a.out n=13 m=6 p=3 s=1 ===============
### Run  ./a.out 13 6 3 4 1
A:
 1.300e+01  1.200e+01  1.100e+01  1.000e+01 
 1.200e+01  1.200e+01  1.100e+01  1.000e+01 
 1.100e+01  1.100e+01  1.100e+01  1.000e+01 
 1.000e+01  1.000e+01  1.000e+01  1.000e+01 

b:
 4.900e+01  4.800e+01  4.700e+01  4.500e+01 

x:
 1.000e+00  5.634e-15  1.000e+00  7.550e-15 

./a.out : Task = 9 Res1 = 1.534871e-16 Res2 = 6.353945e-14 T1 = 0.00 T2 = 0.00 S = 1 N = 13 M = 6 P = 3
============================== a.out n=13 m=9 p=1 s=1 ===============
### Run  ./a.out 13 9 1 4 1
A:
 1.300e+01  1.200e+01  1.100e+01  1.000e+01 
 1.200e+01  1.200e+01  1.100e+01  1.000e+01 
 1.100e+01  1.100e+01  1.100e+01  1.000e+01 
 1.000e+01  1.000e+01  1.000e+01  1.000e+01 

b:
 4.900e+01  4.800e+01  4.700e+01  4.500e+01 

x:
 1.000e+00  3.294e-15  1.000e+00  7.694e-15 

./a.out : Task = 9 Res1 = 2.353468e-16 Res2 = 5.848285e-14 T1 = 0.00 T2 = 0.00 S = 1 N = 13 M = 9 P = 1
============================== a.out n=13 m=9 p=2 s=1 ===============
### Run  ./a.out 13 9 2 4 1
A:
 1.300e+01  1.200e+01  1.100e+01  1.000e+01 
 1.200e+01  1.200e+01  1.100e+01  1.000e+01 
 1.100e+01  1.100e+01  1.100e+01  1.000e+01 
 1.000e+01  1.000e+01  1.000e+01  1.000e+01 

b:
 4.900e+01  4.800e+01  4.700e+01  4.500e+01 

x:
 1.000e+00  3.294e-15  1.000e+00  7.694e-15 

./a.out : Task = 9 Res1 = 2.353468e-16 Res2 = 5.848285e-14 T1 = 0.00 T2 = 0.00 S = 1 N = 13 M = 9 P = 2
============================== a.out n=13 m=12 p=1 s=1 ===============
### Run  ./a.out 13 12 1 4 1
A:
 1.300e+01  1.200e+01  1.100e+01  1.000e+01 
 1.200e+01  1.200e+01  1.100e+01  1.000e+01 
 1.100e+01  1.100e+01  1.100e+01  1.000e+01 
 1.000e+01  1.000e+01  1.000e+01  1.000e+01 

b:
 4.900e+01  4.800e+01  4.700e+01  4.500e+01 

x:
 1.000e+00 -2.267e-15  1.000e+00  8.449e-15 

./a.out : Task = 9 Res1 = 2.537653e-15 Res2 = 1.288849e-13 T1 = 0.00 T2 = 0.00 S = 1 N = 13 M = 12 P = 1
============================== a.out n=13 m=12 p=2 s=1 ===============
### Run  ./a.out 13 12 2 4 1
A:
 1.300e+01  1.200e+01  1.100e+01  1.000e+01 
 1.200e+01  1.200e+01  1.100e+01  1.000e+01 
 1.100e+01  1.100e+01  1.100e+01  1.000e+01 
 1.000e+01  1.000e+01  1.000e+01  1.000e+01 

b:
 4.900e+01  4.800e+01  4.700e+01  4.500e+01 

x:
 1.000e+00 -2.267e-15  1.000e+00  8.449e-15 

./a.out : Task = 9 Res1 = 2.537653e-15 Res2 = 1.288849e-13 T1 = 0.00 T2 = 0.00 S = 1 N = 13 M = 12 P = 2
============================== a.out n=14 m=3 p=1 s=1 ===============
### Run  ./a.out 14 3 1 4 1
A:
 1.400e+01  1.300e+01  1.200e+01  1.100e+01 
 1.300e+01  1.300e+01  1.200e+01  1.100e+01 
 1.200e+01  1.200e+01  1.200e+01  1.100e+01 
 1.100e+01  1.100e+01  1.100e+01  1.100e+01 

b:
 5.600e+01  5.500e+01  5.400e+01  5.200e+01 

x:
 1.000e+00  4.441e-15  1.000e+00  2.520e-14 

./a.out : Task = 9 Res1 = 1.452472e-16 Res2 = 1.010303e-13 T1 = 0.00 T2 = 0.00 S = 1 N = 14 M = 3 P = 1
============================== a.out n=14 m=3 p=2 s=1 ===============
### Run  ./a.out 14 3 2 4 1
A:
 1.400e+01  1.300e+01  1.200e+01  1.100e+01 
 1.300e+01  1.300e+01  1.200e+01  1.100e+01 
 1.200e+01  1.200e+01  1.200e+01  1.100e+01 
 1.100e+01  1.100e+01  1.100e+01  1.100e+01 

b:
 5.600e+01  5.500e+01  5.400e+01  5.200e+01 

x:
 1.000e+00  4.441e-15  1.000e+00  2.520e-14 

./a.out : Task = 9 Res1 = 1.452472e-16 Res2 = 1.010303e-13 T1 = 0.00 T2 = 0.00 S = 1 N = 14 M = 3 P = 2
============================== a.out n=14 m=3 p=3 s=1 ===============
### Run  ./a.out 14 3 3 4 1
A:
 1.400e+01  1.300e+01  1.200e+01  1.100e+01 
 1.300e+01  1.300e+01  1.200e+01  1.100e+01 
 1.200e+01  1.200e+01  1.200e+01  1.100e+01 
 1.100e+01  1.100e+01  1.100e+01  1.100e+01 

b:
 5.600e+01  5.500e+01  5.400e+01  5.200e+01 

x:
 1.000e+00  4.441e-15  1.000e+00  2.520e-14 

./a.out : Task = 9 Res1 = 1.452472e-16 Res2 = 1.010303e-13 T1 = 0.00 T2 = 0.00 S = 1 N = 14 M = 3 P = 3
============================== a.out n=14 m=3 p=4 s=1 ===============
### Run  ./a.out 14 3 4 4 1
A:
 1.400e+01  1.300e+01  1.200e+01  1.100e+01 
 1.300e+01  1.300e+01  1.200e+01  1.100e+01 
 1.200e+01  1.200e+01  1.200e+01  1.100e+01 
 1.100e+01  1.100e+01  1.100e+01  1.100e+01 

b:
 5.600e+01  5.500e+01  5.400e+01  5.200e+01 

x:
 1.000e+00  4.441e-15  1.000e+00  2.520e-14 

./a.out : Task = 9 Res1 = 1.452472e-16 Res2 = 1.010303e-13 T1 = 0.00 T2 = 0.00 S = 1 N = 14 M = 3 P = 4
============================== a.out n=14 m=3 p=5 s=1 ===============
### Run  ./a.out 14 3 5 4 1
A:
 1.400e+01  1.300e+01  1.200e+01  1.100e+01 
 1.300e+01  1.300e+01  1.200e+01  1.100e+01 
 1.200e+01  1.200e+01  1.200e+01  1.100e+01 
 1.100e+01  1.100e+01  1.100e+01  1.100e+01 

b:
 5.600e+01  5.500e+01  5.400e+01  5.200e+01 

x:
 1.000e+00  4.441e-15  1.000e+00  2.520e-14 

./a.out : Task = 9 Res1 = 1.452472e-16 Res2 = 1.010303e-13 T1 = 0.00 T2 = 0.00 S = 1 N = 14 M = 3 P = 5
============================== a.out n=14 m=6 p=1 s=1 ===============
### Run  ./a.out 14 6 1 4 1
A:
 1.400e+01  1.300e+01  1.200e+01  1.100e+01 
 1.300e+01  1.300e+01  1.200e+01  1.100e+01 
 1.200e+01  1.200e+01  1.200e+01  1.100e+01 
 1.100e+01  1.100e+01  1.100e+01  1.100e+01 

b:
 5.600e+01  5.500e+01  5.400e+01  5.200e+01 

x:
 1.000e+00  6.704e-15  1.000e+00  5.107e-15 

./a.out : Task = 9 Res1 = 1.141944e-15 Res2 = 1.891295e-13 T1 = 0.00 T2 = 0.00 S = 1 N = 14 M = 6 P = 1
============================== a.out n=14 m=6 p=2 s=1 ===============
### Run  ./a.out 14 6 2 4 1
A:
 1.400e+01  1.300e+01  1.200e+01  1.100e+01 
 1.300e+01  1.300e+01  1.200e+01  1.100e+01 
 1.200e+01  1.200e+01  1.200e+01  1.100e+01 
 1.100e+01  1.100e+01  1.100e+01  1.100e+01 

b:
 5.600e+01  5.500e+01  5.400e+01  5.200e+01 

x:
 1.000e+00  6.704e-15  1.000e+00  5.107e-15 

./a.out : Task = 9 Res1 = 1.141944e-15 Res2 = 1.891295e-13 T1 = 0.00 T2 = 0.00 S = 1 N = 14 M = 6 P = 2
============================== a.out n=14 m=6 p=3 s=1 ===============
### Run  ./a.out 14 6 3 4 1
A:
 1.400e+01  1.300e+01  1.200e+01  1.100e+01 
 1.300e+01  1.300e+01  1.200e+01  1.100e+01 
 1.200e+01  1.200e+01  1.200e+01  1.100e+01 
 1.100e+01  1.100e+01  1.100e+01  1.100e+01 

b:
 5.600e+01  5.500e+01  5.400e+01  5.200e+01 

x:
 1.000e+00  6.704e-15  1.000e+00  5.107e-15 

./a.out : Task = 9 Res1 = 1.141944e-15 Res2 = 1.891295e-13 T1 = 0.00 T2 = 0.00 S = 1 N = 14 M = 6 P = 3
============================== a.out n=14 m=9 p=1 s=1 ===============
### Run  ./a.out 14 9 1 4 1
A:
 1.400e+01  1.300e+01  1.200e+01  1.100e+01 
 1.300e+01  1.300e+01  1.200e+01  1.100e+01 
 1.200e+01  1.200e+01  1.200e+01  1.100e+01 
 1.100e+01  1.100e+01  1.100e+01  1.100e+01 

b:
 5.600e+01  5.500e+01  5.400e+01  5.200e+01 

x:
 1.000e+00  1.419e-14  1.000e+00  1.384e-14 

./a.out : Task = 9 Res1 = 1.472506e-15 Res2 = 2.334299e-13 T1 = 0.00 T2 = 0.00 S = 1 N = 14 M = 9 P = 1
============================== a.out n=14 m=9 p=2 s=1 ===============
### Run  ./a.out 14 9 2 4 1
A:
 1.400e+01  1.300e+01  1.200e+01  1.100e+01 
 1.300e+01  1.300e+01  1.200e+01  1.100e+01 
 1.200e+01  1.200e+01  1.200e+01  1.100e+01 
 1.100e+01  1.100e+01  1.100e+01  1.100e+01 

b:
 5.600e+01  5.500e+01  5.400e+01  5.200e+01 

x:
 1.000e+00  1.419e-14  1.000e+00  1.384e-14 

./a.out : Task = 9 Res1 = 1.472506e-15 Res2 = 2.334299e-13 T1 = 0.00 T2 = 0.00 S = 1 N = 14 M = 9 P = 2
============================== a.out n=14 m=12 p=1 s=1 ===============
### Run  ./a.out 14 12 1 4 1
A:
 1.400e+01  1.300e+01  1.200e+01  1.100e+01 
 1.300e+01  1.300e+01  1.200e+01  1.100e+01 
 1.200e+01  1.200e+01  1.200e+01  1.100e+01 
 1.100e+01  1.100e+01  1.100e+01  1.100e+01 

b:
 5.600e+01  5.500e+01  5.400e+01  5.200e+01 

x:
 1.000e+00  3.221e-14  1.000e+00  2.453e-15 

./a.out : Task = 9 Res1 = 1.447464e-15 Res2 = 2.348580e-13 T1 = 0.00 T2 = 0.00 S = 1 N = 14 M = 12 P = 1
============================== a.out n=14 m=12 p=2 s=1 ===============
### Run  ./a.out 14 12 2 4 1
A:
 1.400e+01  1.300e+01  1.200e+01  1.100e+01 
 1.300e+01  1.300e+01  1.200e+01  1.100e+01 
 1.200e+01  1.200e+01  1.200e+01  1.100e+01 
 1.100e+01  1.100e+01  1.100e+01  1.100e+01 

b:
 5.600e+01  5.500e+01  5.400e+01  5.200e+01 

x:
 1.000e+00  3.221e-14  1.000e+00  2.453e-15 

./a.out : Task = 9 Res1 = 1.447464e-15 Res2 = 2.348580e-13 T1 = 0.00 T2 = 0.00 S = 1 N = 14 M = 12 P = 2
============================== a.out n=15 m=3 p=1 s=1 ===============
### Run  ./a.out 15 3 1 4 1
A:
 1.500e+01  1.400e+01  1.300e+01  1.200e+01 
 1.400e+01  1.400e+01  1.300e+01  1.200e+01 
 1.300e+01  1.300e+01  1.300e+01  1.200e+01 
 1.200e+01  1.200e+01  1.200e+01  1.200e+01 

b:
 6.400e+01  6.300e+01  6.200e+01  6.000e+01 

x:
 1.000e+00 -1.006e-29  1.000e+00  5.366e-14 

./a.out : Task = 9 Res1 = 4.059466e-16 Res2 = 1.288734e-13 T1 = 0.00 T2 = 0.00 S = 1 N = 15 M = 3 P = 1
============================== a.out n=15 m=3 p=2 s=1 ===============
### Run  ./a.out 15 3 2 4 1
A:
 1.500e+01  1.400e+01  1.300e+01  1.200e+01 
 1.400e+01  1.400e+01  1.300e+01  1.200e+01 
 1.300e+01  1.300e+01  1.300e+01  1.200e+01 
 1.200e+01  1.200e+01  1.200e+01  1.200e+01 

b:
 6.400e+01  6.300e+01  6.200e+01  6.000e+01 

x:
 1.000e+00 -1.006e-29  1.000e+00  5.366e-14 

./a.out : Task = 9 Res1 = 3.024166e-16 Res2 = 1.279852e-13 T1 = 0.00 T2 = 0.00 S = 1 N = 15 M = 3 P = 2
============================== a.out n=15 m=3 p=3 s=1 ===============
### Run  ./a.out 15 3 3 4 1
A:
 1.500e+01  1.400e+01  1.300e+01  1.200e+01 
 1.400e+01  1.400e+01  1.300e+01  1.200e+01 
 1.300e+01  1.300e+01  1.300e+01  1.200e+01 
 1.200e+01  1.200e+01  1.200e+01  1.200e+01 

b:
 6.400e+01  6.300e+01  6.200e+01  6.000e+01 

x:
 1.000e+00 -1.006e-29  1.000e+00  5.366e-14 

./a.out : Task = 9 Res1 = 3.024166e-16 Res2 = 1.279852e-13 T1 = 0.00 T2 = 0.00 S = 1 N = 15 M = 3 P = 3
============================== a.out n=15 m=3 p=4 s=1 ===============
### Run  ./a.out 15 3 4 4 1
A:
 1.500e+01  1.400e+01  1.300e+01  1.200e+01 
 1.400e+01  1.400e+01  1.300e+01  1.200e+01 
 1.300e+01  1.300e+01  1.300e+01  1.200e+01 
 1.200e+01  1.200e+01  1.200e+01  1.200e+01 

b:
 6.400e+01  6.300e+01  6.200e+01  6.000e+01 

x:
 1.000e+00 -1.006e-29  1.000e+00  5.366e-14 

./a.out : Task = 9 Res1 = 3.024166e-16 Res2 = 1.279852e-13 T1 = 0.00 T2 = 0.00 S = 1 N = 15 M = 3 P = 4
============================== a.out n=15 m=3 p=5 s=1 ===============
### Run  ./a.out 15 3 5 4 1
A:
 1.500e+01  1.400e+01  1.300e+01  1.200e+01 
 1.400e+01  1.400e+01  1.300e+01  1.200e+01 
 1.300e+01  1.300e+01  1.300e+01  1.200e+01 
 1.200e+01  1.200e+01  1.200e+01  1.200e+01 

b:
 6.400e+01  6.300e+01  6.200e+01  6.000e+01 

x:
 1.000e+00 -1.006e-29  1.000e+00  5.366e-14 

./a.out : Task = 9 Res1 = 3.024166e-16 Res2 = 1.279852e-13 T1 = 0.00 T2 = 0.00 S = 1 N = 15 M = 3 P = 5
============================== a.out n=15 m=3 p=6 s=1 ===============
### Run  ./a.out 15 3 6 4 1
A:
 1.500e+01  1.400e+01  1.300e+01  1.200e+01 
 1.400e+01  1.400e+01  1.300e+01  1.200e+01 
 1.300e+01  1.300e+01  1.300e+01  1.200e+01 
 1.200e+01  1.200e+01  1.200e+01  1.200e+01 

b:
 6.400e+01  6.300e+01  6.200e+01  6.000e+01 

x:
 1.000e+00 -1.006e-29  1.000e+00  5.366e-14 

./a.out : Task = 9 Res1 = 3.024166e-16 Res2 = 1.279852e-13 T1 = 0.00 T2 = 0.00 S = 1 N = 15 M = 3 P = 6
============================== a.out n=15 m=6 p=1 s=1 ===============
### Run  ./a.out 15 6 1 4 1
A:
 1.500e+01  1.400e+01  1.300e+01  1.200e+01 
 1.400e+01  1.400e+01  1.300e+01  1.200e+01 
 1.300e+01  1.300e+01  1.300e+01  1.200e+01 
 1.200e+01  1.200e+01  1.200e+01  1.200e+01 

b:
 6.400e+01  6.300e+01  6.200e+01  6.000e+01 

x:
 1.000e+00  7.335e-15  1.000e+00 -7.327e-15 

./a.out : Task = 9 Res1 = 3.378347e-16 Res2 = 1.122001e-13 T1 = 0.00 T2 = 0.00 S = 1 N = 15 M = 6 P = 1
============================== a.out n=15 m=6 p=2 s=1 ===============
### Run  ./a.out 15 6 2 4 1
A:
 1.500e+01  1.400e+01  1.300e+01  1.200e+01 
 1.400e+01  1.400e+01  1.300e+01  1.200e+01 
 1.300e+01  1.300e+01  1.300e+01  1.200e+01 
 1.200e+01  1.200e+01  1.200e+01  1.200e+01 

b:
 6.400e+01  6.300e+01  6.200e+01  6.000e+01 

x:
 1.000e+00  7.335e-15  1.000e+00 -7.327e-15 

./a.out : Task = 9 Res1 = 3.378347e-16 Res2 = 1.122001e-13 T1 = 0.00 T2 = 0.00 S = 1 N = 15 M = 6 P = 2
============================== a.out n=15 m=6 p=3 s=1 ===============
### Run  ./a.out 15 6 3 4 1
A:
 1.500e+01  1.400e+01  1.300e+01  1.200e+01 
 1.400e+01  1.400e+01  1.300e+01  1.200e+01 
 1.300e+01  1.300e+01  1.300e+01  1.200e+01 
 1.200e+01  1.200e+01  1.200e+01  1.200e+01 

b:
 6.400e+01  6.300e+01  6.200e+01  6.000e+01 

x:
 1.000e+00  7.335e-15  1.000e+00 -7.327e-15 

./a.out : Task = 9 Res1 = 3.378347e-16 Res2 = 1.122001e-13 T1 = 0.00 T2 = 0.00 S = 1 N = 15 M = 6 P = 3
============================== a.out n=15 m=9 p=1 s=1 ===============
### Run  ./a.out 15 9 1 4 1
A:
 1.500e+01  1.400e+01  1.300e+01  1.200e+01 
 1.400e+01  1.400e+01  1.300e+01  1.200e+01 
 1.300e+01  1.300e+01  1.300e+01  1.200e+01 
 1.200e+01  1.200e+01  1.200e+01  1.200e+01 

b:
 6.400e+01  6.300e+01  6.200e+01  6.000e+01 

x:
 1.000e+00  1.033e-14  1.000e+00  9.104e-15 

./a.out : Task = 9 Res1 = 1.924841e-15 Res2 = 2.584150e-13 T1 = 0.00 T2 = 0.00 S = 1 N = 15 M = 9 P = 1
============================== a.out n=15 m=9 p=2 s=1 ===============
### Run  ./a.out 15 9 2 4 1
A:
 1.500e+01  1.400e+01  1.300e+01  1.200e+01 
 1.400e+01  1.400e+01  1.300e+01  1.200e+01 
 1.300e+01  1.300e+01  1.300e+01  1.200e+01 
 1.200e+01  1.200e+01  1.200e+01  1.200e+01 

b:
 6.400e+01  6.300e+01  6.200e+01  6.000e+01 

x:
 1.000e+00  1.033e-14  1.000e+00  9.104e-15 

./a.out : Task = 9 Res1 = 1.924841e-15 Res2 = 2.584150e-13 T1 = 0.00 T2 = 0.00 S = 1 N = 15 M = 9 P = 2
============================== a.out n=15 m=12 p=1 s=1 ===============
### Run  ./a.out 15 12 1 4 1
A:
 1.500e+01  1.400e+01  1.300e+01  1.200e+01 
 1.400e+01  1.400e+01  1.300e+01  1.200e+01 
 1.300e+01  1.300e+01  1.300e+01  1.200e+01 
 1.200e+01  1.200e+01  1.200e+01  1.200e+01 

b:
 6.400e+01  6.300e+01  6.200e+01  6.000e+01 

x:
 1.000e+00 -4.236e-14  1.000e+00 -7.753e-15 

./a.out : Task = 9 Res1 = 1.757286e-15 Res2 = 3.328509e-13 T1 = 0.00 T2 = 0.00 S = 1 N = 15 M = 12 P = 1
============================== a.out n=15 m=12 p=2 s=1 ===============
### Run  ./a.out 15 12 2 4 1
A:
 1.500e+01  1.400e+01  1.300e+01  1.200e+01 
 1.400e+01  1.400e+01  1.300e+01  1.200e+01 
 1.300e+01  1.300e+01  1.300e+01  1.200e+01 
 1.200e+01  1.200e+01  1.200e+01  1.200e+01 

b:
 6.400e+01  6.300e+01  6.200e+01  6.000e+01 

x:
 1.000e+00 -4.236e-14  1.000e+00 -7.753e-15 

./a.out : Task = 9 Res1 = 1.757286e-15 Res2 = 3.328509e-13 T1 = 0.00 T2 = 0.00 S = 1 N = 15 M = 12 P = 2
============================== a.out n=15 m=15 p=1 s=1 ===============
### Run  ./a.out 15 15 1 4 1
A:
 1.500e+01  1.400e+01  1.300e+01  1.200e+01 
 1.400e+01  1.400e+01  1.300e+01  1.200e+01 
 1.300e+01  1.300e+01  1.300e+01  1.200e+01 
 1.200e+01  1.200e+01  1.200e+01  1.200e+01 

b:
 6.400e+01  6.300e+01  6.200e+01  6.000e+01 

x:
 1.000e+00 -2.265e-14  1.000e+00 -1.839e-14 

./a.out : Task = 9 Res1 = 4.438168e-15 Res2 = 1.834531e-13 T1 = 0.00 T2 = 0.00 S = 1 N = 15 M = 15 P = 1
============================== a.out n=15 m=15 p=2 s=1 ===============
### Run  ./a.out 15 15 2 4 1
A:
 1.500e+01  1.400e+01  1.300e+01  1.200e+01 
 1.400e+01  1.400e+01  1.300e+01  1.200e+01 
 1.300e+01  1.300e+01  1.300e+01  1.200e+01 
 1.200e+01  1.200e+01  1.200e+01  1.200e+01 

b:
 6.400e+01  6.300e+01  6.200e+01  6.000e+01 

x:
 1.000e+00 -2.265e-14  1.000e+00 -1.839e-14 

./a.out : Task = 9 Res1 = 4.438168e-15 Res2 = 1.834531e-13 T1 = 0.00 T2 = 0.00 S = 1 N = 15 M = 15 P = 2
============================== a.out n=16 m=3 p=1 s=1 ===============
### Run  ./a.out 16 3 1 4 1
A:
 1.600e+01  1.500e+01  1.400e+01  1.300e+01 
 1.500e+01  1.500e+01  1.400e+01  1.300e+01 
 1.400e+01  1.400e+01  1.400e+01  1.300e+01 
 1.300e+01  1.300e+01  1.300e+01  1.300e+01 

b:
 7.200e+01  7.100e+01  7.000e+01  6.800e+01 

x:
 1.000e+00  0.000e+00  1.000e+00 -6.106e-15 

./a.out : Task = 9 Res1 = 6.604404e-17 Res2 = 2.742251e-14 T1 = 0.00 T2 = 0.00 S = 1 N = 16 M = 3 P = 1
============================== a.out n=16 m=3 p=2 s=1 ===============
### Run  ./a.out 16 3 2 4 1
A:
 1.600e+01  1.500e+01  1.400e+01  1.300e+01 
 1.500e+01  1.500e+01  1.400e+01  1.300e+01 
 1.400e+01  1.400e+01  1.400e+01  1.300e+01 
 1.300e+01  1.300e+01  1.300e+01  1.300e+01 

b:
 7.200e+01  7.100e+01  7.000e+01  6.800e+01 

x:
 1.000e+00  0.000e+00  1.000e+00 -6.106e-15 

./a.out : Task = 9 Res1 = 3.188333e-17 Res2 = 2.697842e-14 T1 = 0.00 T2 = 0.00 S = 1 N = 16 M = 3 P = 2
============================== a.out n=16 m=3 p=3 s=1 ===============
### Run  ./a.out 16 3 3 4 1
A:
 1.600e+01  1.500e+01  1.400e+01  1.300e+01 
 1.500e+01  1.500e+01  1.400e+01  1.300e+01 
 1.400e+01  1.400e+01  1.400e+01  1.300e+01 
 1.300e+01  1.300e+01  1.300e+01  1.300e+01 

b:
 7.200e+01  7.100e+01  7.000e+01  6.800e+01 

x:
 1.000e+00  0.000e+00  1.000e+00 -6.106e-15 

./a.out : Task = 9 Res1 = 3.416071e-17 Res2 = 2.742251e-14 T1 = 0.00 T2 = 0.00 S = 1 N = 16 M = 3 P = 3
============================== a.out n=16 m=3 p=4 s=1 ===============
### Run  ./a.out 16 3 4 4 1
A:
 1.600e+01  1.500e+01  1.400e+01  1.300e+01 
 1.500e+01  1.500e+01  1.400e+01  1.300e+01 
 1.400e+01  1.400e+01  1.400e+01  1.300e+01 
 1.300e+01  1.300e+01  1.300e+01  1.300e+01 

b:
 7.200e+01  7.100e+01  7.000e+01  6.800e+01 

x:
 1.000e+00  0.000e+00  1.000e+00 -6.106e-15 

./a.out : Task = 9 Res1 = 3.416071e-17 Res2 = 2.742251e-14 T1 = 0.00 T2 = 0.00 S = 1 N = 16 M = 3 P = 4
============================== a.out n=16 m=3 p=5 s=1 ===============
### Run  ./a.out 16 3 5 4 1
A:
 1.600e+01  1.500e+01  1.400e+01  1.300e+01 
 1.500e+01  1.500e+01  1.400e+01  1.300e+01 
 1.400e+01  1.400e+01  1.400e+01  1.300e+01 
 1.300e+01  1.300e+01  1.300e+01  1.300e+01 

b:
 7.200e+01  7.100e+01  7.000e+01  6.800e+01 

x:
 1.000e+00  0.000e+00  1.000e+00 -6.106e-15 

./a.out : Task = 9 Res1 = 6.604404e-17 Res2 = 2.742251e-14 T1 = 0.00 T2 = 0.00 S = 1 N = 16 M = 3 P = 5
============================== a.out n=16 m=3 p=6 s=1 ===============
### Run  ./a.out 16 3 6 4 1
A:
 1.600e+01  1.500e+01  1.400e+01  1.300e+01 
 1.500e+01  1.500e+01  1.400e+01  1.300e+01 
 1.400e+01  1.400e+01  1.400e+01  1.300e+01 
 1.300e+01  1.300e+01  1.300e+01  1.300e+01 

b:
 7.200e+01  7.100e+01  7.000e+01  6.800e+01 

x:
 1.000e+00  0.000e+00  1.000e+00 -6.106e-15 

./a.out : Task = 9 Res1 = 3.416071e-17 Res2 = 2.742251e-14 T1 = 0.00 T2 = 0.00 S = 1 N = 16 M = 3 P = 6
============================== a.out n=16 m=6 p=1 s=1 ===============
### Run  ./a.out 16 6 1 4 1
A:
 1.600e+01  1.500e+01  1.400e+01  1.300e+01 
 1.500e+01  1.500e+01  1.400e+01  1.300e+01 
 1.400e+01  1.400e+01  1.400e+01  1.300e+01 
 1.300e+01  1.300e+01  1.300e+01  1.300e+01 

b:
 7.200e+01  7.100e+01  7.000e+01  6.800e+01 

x:
 1.000e+00  3.109e-16  1.000e+00 -1.532e-14 

./a.out : Task = 9 Res1 = 4.953303e-16 Res2 = 1.605968e-13 T1 = 0.00 T2 = 0.00 S = 1 N = 16 M = 6 P = 1
============================== a.out n=16 m=6 p=2 s=1 ===============
### Run  ./a.out 16 6 2 4 1
A:
 1.600e+01  1.500e+01  1.400e+01  1.300e+01 
 1.500e+01  1.500e+01  1.400e+01  1.300e+01 
 1.400e+01  1.400e+01  1.400e+01  1.300e+01 
 1.300e+01  1.300e+01  1.300e+01  1.300e+01 

b:
 7.200e+01  7.100e+01  7.000e+01  6.800e+01 

x:
 1.000e+00  3.109e-16  1.000e+00 -1.532e-14 

./a.out : Task = 9 Res1 = 4.953303e-16 Res2 = 1.605968e-13 T1 = 0.00 T2 = 0.00 S = 1 N = 16 M = 6 P = 2
============================== a.out n=16 m=6 p=3 s=1 ===============
### Run  ./a.out 16 6 3 4 1
A:
 1.600e+01  1.500e+01  1.400e+01  1.300e+01 
 1.500e+01  1.500e+01  1.400e+01  1.300e+01 
 1.400e+01  1.400e+01  1.400e+01  1.300e+01 
 1.300e+01  1.300e+01  1.300e+01  1.300e+01 

b:
 7.200e+01  7.100e+01  7.000e+01  6.800e+01 

x:
 1.000e+00  3.109e-16  1.000e+00 -1.532e-14 

./a.out : Task = 9 Res1 = 4.953303e-16 Res2 = 1.605968e-13 T1 = 0.00 T2 = 0.00 S = 1 N = 16 M = 6 P = 3
============================== a.out n=16 m=9 p=1 s=1 ===============
### Run  ./a.out 16 9 1 4 1
A:
 1.600e+01  1.500e+01  1.400e+01  1.300e+01 
 1.500e+01  1.500e+01  1.400e+01  1.300e+01 
 1.400e+01  1.400e+01  1.400e+01  1.300e+01 
 1.300e+01  1.300e+01  1.300e+01  1.300e+01 

b:
 7.200e+01  7.100e+01  7.000e+01  6.800e+01 

x:
 1.000e+00 -7.957e-15  1.000e+00  1.102e-14 

./a.out : Task = 9 Res1 = 3.370523e-16 Res2 = 1.798277e-13 T1 = 0.00 T2 = 0.00 S = 1 N = 16 M = 9 P = 1
============================== a.out n=16 m=9 p=2 s=1 ===============
### Run  ./a.out 16 9 2 4 1
A:
 1.600e+01  1.500e+01  1.400e+01  1.300e+01 
 1.500e+01  1.500e+01  1.400e+01  1.300e+01 
 1.400e+01  1.400e+01  1.400e+01  1.300e+01 
 1.300e+01  1.300e+01  1.300e+01  1.300e+01 

b:
 7.200e+01  7.100e+01  7.000e+01  6.800e+01 

x:
 1.000e+00 -7.957e-15  1.000e+00  1.102e-14 

./a.out : Task = 9 Res1 = 3.370523e-16 Res2 = 1.798277e-13 T1 = 0.00 T2 = 0.00 S = 1 N = 16 M = 9 P = 2
============================== a.out n=16 m=12 p=1 s=1 ===============
### Run  ./a.out 16 12 1 4 1
A:
 1.600e+01  1.500e+01  1.400e+01  1.300e+01 
 1.500e+01  1.500e+01  1.400e+01  1.300e+01 
 1.400e+01  1.400e+01  1.400e+01  1.300e+01 
 1.300e+01  1.300e+01  1.300e+01  1.300e+01 

b:
 7.200e+01  7.100e+01  7.000e+01  6.800e+01 

x:
 1.000e+00  7.934e-15  1.000e+00  2.179e-14 

./a.out : Task = 9 Res1 = 3.689357e-16 Res2 = 3.273461e-13 T1 = 0.00 T2 = 0.00 S = 1 N = 16 M = 12 P = 1
============================== a.out n=16 m=12 p=2 s=1 ===============
### Run  ./a.out 16 12 2 4 1
A:
 1.600e+01  1.500e+01  1.400e+01  1.300e+01 
 1.500e+01  1.500e+01  1.400e+01  1.300e+01 
 1.400e+01  1.400e+01  1.400e+01  1.300e+01 
 1.300e+01  1.300e+01  1.300e+01  1.300e+01 

b:
 7.200e+01  7.100e+01  7.000e+01  6.800e+01 

x:
 1.000e+00  7.934e-15  1.000e+00  2.179e-14 

./a.out : Task = 9 Res1 = 3.689357e-16 Res2 = 3.273461e-13 T1 = 0.00 T2 = 0.00 S = 1 N = 16 M = 12 P = 2
============================== a.out n=16 m=15 p=1 s=1 ===============
### Run  ./a.out 16 15 1 4 1
A:
 1.600e+01  1.500e+01  1.400e+01  1.300e+01 
 1.500e+01  1.500e+01  1.400e+01  1.300e+01 
 1.400e+01  1.400e+01  1.400e+01  1.300e+01 
 1.300e+01  1.300e+01  1.300e+01  1.300e+01 

b:
 7.200e+01  7.100e+01  7.000e+01  6.800e+01 

x:
 1.000e+00  4.485e-15  1.000e+00  1.433e-14 

./a.out : Task = 9 Res1 = 7.105427e-16 Res2 = 2.929633e-13 T1 = 0.00 T2 = 0.00 S = 1 N = 16 M = 15 P = 1
============================== a.out n=16 m=15 p=2 s=1 ===============
### Run  ./a.out 16 15 2 4 1
A:
 1.600e+01  1.500e+01  1.400e+01  1.300e+01 
 1.500e+01  1.500e+01  1.400e+01  1.300e+01 
 1.400e+01  1.400e+01  1.400e+01  1.300e+01 
 1.300e+01  1.300e+01  1.300e+01  1.300e+01 

b:
 7.200e+01  7.100e+01  7.000e+01  6.800e+01 

x:
 1.000e+00  4.485e-15  1.000e+00  1.433e-14 

./a.out : Task = 9 Res1 = 7.105427e-16 Res2 = 2.929633e-13 T1 = 0.00 T2 = 0.00 S = 1 N = 16 M = 15 P = 2
============================== a.out n=17 m=3 p=1 s=1 ===============
### Run  ./a.out 17 3 1 4 1
A:
 1.700e+01  1.600e+01  1.500e+01  1.400e+01 
 1.600e+01  1.600e+01  1.500e+01  1.400e+01 
 1.500e+01  1.500e+01  1.500e+01  1.400e+01 
 1.400e+01  1.400e+01  1.400e+01  1.400e+01 

b:
 8.100e+01  8.000e+01  7.900e+01  7.700e+01 

x:
 1.000e+00  0.000e+00  1.000e+00 -3.883e-14 

./a.out : Task = 9 Res1 = 2.208547e-16 Res2 = 1.191639e-13 T1 = 0.00 T2 = 0.00 S = 1 N = 17 M = 3 P = 1
============================== a.out n=17 m=3 p=2 s=1 ===============
### Run  ./a.out 17 3 2 4 1
A:
 1.700e+01  1.600e+01  1.500e+01  1.400e+01 
 1.600e+01  1.600e+01  1.500e+01  1.400e+01 
 1.500e+01  1.500e+01  1.500e+01  1.400e+01 
 1.400e+01  1.400e+01  1.400e+01  1.400e+01 

b:
 8.100e+01  8.000e+01  7.900e+01  7.700e+01 

x:
 1.000e+00  0.000e+00  1.000e+00 -3.883e-14 

./a.out : Task = 9 Res1 = 2.284703e-16 Res2 = 1.182758e-13 T1 = 0.00 T2 = 0.00 S = 1 N = 17 M = 3 P = 2
============================== a.out n=17 m=3 p=3 s=1 ===============
### Run  ./a.out 17 3 3 4 1
A:
 1.700e+01  1.600e+01  1.500e+01  1.400e+01 
 1.600e+01  1.600e+01  1.500e+01  1.400e+01 
 1.500e+01  1.500e+01  1.500e+01  1.400e+01 
 1.400e+01  1.400e+01  1.400e+01  1.400e+01 

b:
 8.100e+01  8.000e+01  7.900e+01  7.700e+01 

x:
 1.000e+00  0.000e+00  1.000e+00 -3.883e-14 

./a.out : Task = 9 Res1 = 2.284703e-16 Res2 = 1.187198e-13 T1 = 0.00 T2 = 0.00 S = 1 N = 17 M = 3 P = 3
============================== a.out n=17 m=3 p=4 s=1 ===============
### Run  ./a.out 17 3 4 4 1
A:
 1.700e+01  1.600e+01  1.500e+01  1.400e+01 
 1.600e+01  1.600e+01  1.500e+01  1.400e+01 
 1.500e+01  1.500e+01  1.500e+01  1.400e+01 
 1.400e+01  1.400e+01  1.400e+01  1.400e+01 

b:
 8.100e+01  8.000e+01  7.900e+01  7.700e+01 

x:
 1.000e+00  0.000e+00  1.000e+00 -3.883e-14 

./a.out : Task = 9 Res1 = 2.284703e-16 Res2 = 1.187198e-13 T1 = 0.00 T2 = 0.00 S = 1 N = 17 M = 3 P = 4
============================== a.out n=17 m=3 p=5 s=1 ===============
### Run  ./a.out 17 3 5 4 1
A:
 1.700e+01  1.600e+01  1.500e+01  1.400e+01 
 1.600e+01  1.600e+01  1.500e+01  1.400e+01 
 1.500e+01  1.500e+01  1.500e+01  1.400e+01 
 1.400e+01  1.400e+01  1.400e+01  1.400e+01 

b:
 8.100e+01  8.000e+01  7.900e+01  7.700e+01 

x:
 1.000e+00  0.000e+00  1.000e+00 -3.883e-14 

./a.out : Task = 9 Res1 = 2.284703e-16 Res2 = 1.187198e-13 T1 = 0.00 T2 = 0.00 S = 1 N = 17 M = 3 P = 5
============================== a.out n=17 m=3 p=6 s=1 ===============
### Run  ./a.out 17 3 6 4 1
A:
 1.700e+01  1.600e+01  1.500e+01  1.400e+01 
 1.600e+01  1.600e+01  1.500e+01  1.400e+01 
 1.500e+01  1.500e+01  1.500e+01  1.400e+01 
 1.400e+01  1.400e+01  1.400e+01  1.400e+01 

b:
 8.100e+01  8.000e+01  7.900e+01  7.700e+01 

x:
 1.000e+00  0.000e+00  1.000e+00 -3.883e-14 

./a.out : Task = 9 Res1 = 2.284703e-16 Res2 = 1.187198e-13 T1 = 0.00 T2 = 0.00 S = 1 N = 17 M = 3 P = 6
============================== a.out n=17 m=6 p=1 s=1 ===============
### Run  ./a.out 17 6 1 4 1
A:
 1.700e+01  1.600e+01  1.500e+01  1.400e+01 
 1.600e+01  1.600e+01  1.500e+01  1.400e+01 
 1.500e+01  1.500e+01  1.500e+01  1.400e+01 
 1.400e+01  1.400e+01  1.400e+01  1.400e+01 

b:
 8.100e+01  8.000e+01  7.900e+01  7.700e+01 

x:
 1.000e+00  2.741e-15  1.000e+00 -1.088e-14 

./a.out : Task = 9 Res1 = 9.976538e-16 Res2 = 3.381392e-13 T1 = 0.00 T2 = 0.00 S = 1 N = 17 M = 6 P = 1
============================== a.out n=17 m=6 p=2 s=1 ===============
### Run  ./a.out 17 6 2 4 1
A:
 1.700e+01  1.600e+01  1.500e+01  1.400e+01 
 1.600e+01  1.600e+01  1.500e+01  1.400e+01 
 1.500e+01  1.500e+01  1.500e+01  1.400e+01 
 1.400e+01  1.400e+01  1.400e+01  1.400e+01 

b:
 8.100e+01  8.000e+01  7.900e+01  7.700e+01 

x:
 1.000e+00  2.741e-15  1.000e+00 -1.088e-14 

./a.out : Task = 9 Res1 = 9.976538e-16 Res2 = 3.381392e-13 T1 = 0.00 T2 = 0.00 S = 1 N = 17 M = 6 P = 2
============================== a.out n=17 m=6 p=3 s=1 ===============
### Run  ./a.out 17 6 3 4 1
A:
 1.700e+01  1.600e+01  1.500e+01  1.400e+01 
 1.600e+01  1.600e+01  1.500e+01  1.400e+01 
 1.500e+01  1.500e+01  1.500e+01  1.400e+01 
 1.400e+01  1.400e+01  1.400e+01  1.400e+01 

b:
 8.100e+01  8.000e+01  7.900e+01  7.700e+01 

x:
 1.000e+00  2.741e-15  1.000e+00 -1.088e-14 

./a.out : Task = 9 Res1 = 9.976538e-16 Res2 = 3.381392e-13 T1 = 0.00 T2 = 0.00 S = 1 N = 17 M = 6 P = 3
============================== a.out n=17 m=9 p=1 s=1 ===============
### Run  ./a.out 17 9 1 4 1
A:
 1.700e+01  1.600e+01  1.500e+01  1.400e+01 
 1.600e+01  1.600e+01  1.500e+01  1.400e+01 
 1.500e+01  1.500e+01  1.500e+01  1.400e+01 
 1.400e+01  1.400e+01  1.400e+01  1.400e+01 

b:
 8.100e+01  8.000e+01  7.900e+01  7.700e+01 

x:
 1.000e+00 -3.497e-15  1.000e+00  4.203e-15 

./a.out : Task = 9 Res1 = 2.518885e-15 Res2 = 5.284421e-13 T1 = 0.00 T2 = 0.00 S = 1 N = 17 M = 9 P = 1
============================== a.out n=17 m=9 p=2 s=1 ===============
### Run  ./a.out 17 9 2 4 1
A:
 1.700e+01  1.600e+01  1.500e+01  1.400e+01 
 1.600e+01  1.600e+01  1.500e+01  1.400e+01 
 1.500e+01  1.500e+01  1.500e+01  1.400e+01 
 1.400e+01  1.400e+01  1.400e+01  1.400e+01 

b:
 8.100e+01  8.000e+01  7.900e+01  7.700e+01 

x:
 1.000e+00 -3.497e-15  1.000e+00  4.203e-15 

./a.out : Task = 9 Res1 = 2.518885e-15 Res2 = 5.284421e-13 T1 = 0.00 T2 = 0.00 S = 1 N = 17 M = 9 P = 2
============================== a.out n=17 m=12 p=1 s=1 ===============
### Run  ./a.out 17 12 1 4 1
A:
 1.700e+01  1.600e+01  1.500e+01  1.400e+01 
 1.600e+01  1.600e+01  1.500e+01  1.400e+01 
 1.500e+01  1.500e+01  1.500e+01  1.400e+01 
 1.400e+01  1.400e+01  1.400e+01  1.400e+01 

b:
 8.100e+01  8.000e+01  7.900e+01  7.700e+01 

x:
 1.000e+00 -3.553e-14  1.000e+00  1.810e-14 

./a.out : Task = 9 Res1 = 1.903919e-15 Res2 = 4.747245e-13 T1 = 0.00 T2 = 0.00 S = 1 N = 17 M = 12 P = 1
============================== a.out n=17 m=12 p=2 s=1 ===============
### Run  ./a.out 17 12 2 4 1
A:
 1.700e+01  1.600e+01  1.500e+01  1.400e+01 
 1.600e+01  1.600e+01  1.500e+01  1.400e+01 
 1.500e+01  1.500e+01  1.500e+01  1.400e+01 
 1.400e+01  1.400e+01  1.400e+01  1.400e+01 

b:
 8.100e+01  8.000e+01  7.900e+01  7.700e+01 

x:
 1.000e+00 -3.553e-14  1.000e+00  1.810e-14 

./a.out : Task = 9 Res1 = 1.903919e-15 Res2 = 4.747245e-13 T1 = 0.00 T2 = 0.00 S = 1 N = 17 M = 12 P = 2
============================== a.out n=17 m=15 p=1 s=1 ===============
### Run  ./a.out 17 15 1 4 1
A:
 1.700e+01  1.600e+01  1.500e+01  1.400e+01 
 1.600e+01  1.600e+01  1.500e+01  1.400e+01 
 1.500e+01  1.500e+01  1.500e+01  1.400e+01 
 1.400e+01  1.400e+01  1.400e+01  1.400e+01 

b:
 8.100e+01  8.000e+01  7.900e+01  7.700e+01 

x:
 1.000e+00 -2.630e-14  1.000e+00 -5.967e-15 

./a.out : Task = 9 Res1 = 5.011116e-15 Res2 = 4.694162e-13 T1 = 0.00 T2 = 0.00 S = 1 N = 17 M = 15 P = 1
============================== a.out n=17 m=15 p=2 s=1 ===============
### Run  ./a.out 17 15 2 4 1
A:
 1.700e+01  1.600e+01  1.500e+01  1.400e+01 
 1.600e+01  1.600e+01  1.500e+01  1.400e+01 
 1.500e+01  1.500e+01  1.500e+01  1.400e+01 
 1.400e+01  1.400e+01  1.400e+01  1.400e+01 

b:
 8.100e+01  8.000e+01  7.900e+01  7.700e+01 

x:
 1.000e+00 -2.630e-14  1.000e+00 -5.967e-15 

./a.out : Task = 9 Res1 = 5.011116e-15 Res2 = 4.694162e-13 T1 = 0.00 T2 = 0.00 S = 1 N = 17 M = 15 P = 2
============================== a.out n=18 m=3 p=1 s=1 ===============
### Run  ./a.out 18 3 1 4 1
A:
 1.800e+01  1.700e+01  1.600e+01  1.500e+01 
 1.700e+01  1.700e+01  1.600e+01  1.500e+01 
 1.600e+01  1.600e+01  1.600e+01  1.500e+01 
 1.500e+01  1.500e+01  1.500e+01  1.500e+01 

b:
 9.000e+01  8.900e+01  8.800e+01  8.600e+01 

x:
 1.000e+00  0.000e+00  1.000e+00  1.030e-13 

./a.out : Task = 9 Res1 = 3.633826e-16 Res2 = 2.925743e-13 T1 = 0.00 T2 = 0.00 S = 1 N = 18 M = 3 P = 1
============================== a.out n=18 m=3 p=2 s=1 ===============
### Run  ./a.out 18 3 2 4 1
A:
 1.800e+01  1.700e+01  1.600e+01  1.500e+01 
 1.700e+01  1.700e+01  1.600e+01  1.500e+01 
 1.600e+01  1.600e+01  1.600e+01  1.500e+01 
 1.500e+01  1.500e+01  1.500e+01  1.500e+01 

b:
 9.000e+01  8.900e+01  8.800e+01  8.600e+01 

x:
 1.000e+00  0.000e+00  1.000e+00  1.030e-13 

./a.out : Task = 9 Res1 = 3.633826e-16 Res2 = 2.925743e-13 T1 = 0.00 T2 = 0.00 S = 1 N = 18 M = 3 P = 2
============================== a.out n=18 m=3 p=3 s=1 ===============
### Run  ./a.out 18 3 3 4 1
A:
 1.800e+01  1.700e+01  1.600e+01  1.500e+01 
 1.700e+01  1.700e+01  1.600e+01  1.500e+01 
 1.600e+01  1.600e+01  1.600e+01  1.500e+01 
 1.500e+01  1.500e+01  1.500e+01  1.500e+01 

b:
 9.000e+01  8.900e+01  8.800e+01  8.600e+01 

x:
 1.000e+00  0.000e+00  1.000e+00  1.030e-13 

./a.out : Task = 9 Res1 = 3.633826e-16 Res2 = 2.925743e-13 T1 = 0.00 T2 = 0.00 S = 1 N = 18 M = 3 P = 3
============================== a.out n=18 m=3 p=4 s=1 ===============
### Run  ./a.out 18 3 4 4 1
A:
 1.800e+01  1.700e+01  1.600e+01  1.500e+01 
 1.700e+01  1.700e+01  1.600e+01  1.500e+01 
 1.600e+01  1.600e+01  1.600e+01  1.500e+01 
 1.500e+01  1.500e+01  1.500e+01  1.500e+01 

b:
 9.000e+01  8.900e+01  8.800e+01  8.600e+01 

x:
 1.000e+00  0.000e+00  1.000e+00  1.030e-13 

./a.out : Task = 9 Res1 = 3.633826e-16 Res2 = 2.925743e-13 T1 = 0.00 T2 = 0.00 S = 1 N = 18 M = 3 P = 4
============================== a.out n=18 m=3 p=5 s=1 ===============
### Run  ./a.out 18 3 5 4 1
A:
 1.800e+01  1.700e+01  1.600e+01  1.500e+01 
 1.700e+01  1.700e+01  1.600e+01  1.500e+01 
 1.600e+01  1.600e+01  1.600e+01  1.500e+01 
 1.500e+01  1.500e+01  1.500e+01  1.500e+01 

b:
 9.000e+01  8.900e+01  8.800e+01  8.600e+01 

x:
 1.000e+00  0.000e+00  1.000e+00  1.030e-13 

./a.out : Task = 9 Res1 = 3.633826e-16 Res2 = 2.925743e-13 T1 = 0.00 T2 = 0.00 S = 1 N = 18 M = 3 P = 5
============================== a.out n=18 m=3 p=6 s=1 ===============
### Run  ./a.out 18 3 6 4 1
A:
 1.800e+01  1.700e+01  1.600e+01  1.500e+01 
 1.700e+01  1.700e+01  1.600e+01  1.500e+01 
 1.600e+01  1.600e+01  1.600e+01  1.500e+01 
 1.500e+01  1.500e+01  1.500e+01  1.500e+01 

b:
 9.000e+01  8.900e+01  8.800e+01  8.600e+01 

x:
 1.000e+00  0.000e+00  1.000e+00  1.030e-13 

./a.out : Task = 9 Res1 = 3.633826e-16 Res2 = 2.925743e-13 T1 = 0.00 T2 = 0.00 S = 1 N = 18 M = 3 P = 6
============================== a.out n=18 m=3 p=7 s=1 ===============
### Run  ./a.out 18 3 7 4 1
A:
 1.800e+01  1.700e+01  1.600e+01  1.500e+01 
 1.700e+01  1.700e+01  1.600e+01  1.500e+01 
 1.600e+01  1.600e+01  1.600e+01  1.500e+01 
 1.500e+01  1.500e+01  1.500e+01  1.500e+01 

b:
 9.000e+01  8.900e+01  8.800e+01  8.600e+01 

x:
 1.000e+00  0.000e+00  1.000e+00  1.030e-13 

./a.out : Task = 9 Res1 = 3.633826e-16 Res2 = 2.925743e-13 T1 = 0.00 T2 = 0.00 S = 1 N = 18 M = 3 P = 7
============================== a.out n=18 m=6 p=1 s=1 ===============
### Run  ./a.out 18 6 1 4 1
A:
 1.800e+01  1.700e+01  1.600e+01  1.500e+01 
 1.700e+01  1.700e+01  1.600e+01  1.500e+01 
 1.600e+01  1.600e+01  1.600e+01  1.500e+01 
 1.500e+01  1.500e+01  1.500e+01  1.500e+01 

b:
 9.000e+01  8.900e+01  8.800e+01  8.600e+01 

x:
 1.000e+00  1.097e-15  1.000e+00 -1.477e-14 

./a.out : Task = 9 Res1 = 3.164997e-15 Res2 = 1.080577e-12 T1 = 0.00 T2 = 0.00 S = 1 N = 18 M = 6 P = 1
============================== a.out n=18 m=6 p=2 s=1 ===============
### Run  ./a.out 18 6 2 4 1
A:
 1.800e+01  1.700e+01  1.600e+01  1.500e+01 
 1.700e+01  1.700e+01  1.600e+01  1.500e+01 
 1.600e+01  1.600e+01  1.600e+01  1.500e+01 
 1.500e+01  1.500e+01  1.500e+01  1.500e+01 

b:
 9.000e+01  8.900e+01  8.800e+01  8.600e+01 

x:
 1.000e+00  1.097e-15  1.000e+00 -1.477e-14 

./a.out : Task = 9 Res1 = 3.164997e-15 Res2 = 1.080577e-12 T1 = 0.00 T2 = 0.00 S = 1 N = 18 M = 6 P = 2
============================== a.out n=18 m=6 p=3 s=1 ===============
### Run  ./a.out 18 6 3 4 1
A:
 1.800e+01  1.700e+01  1.600e+01  1.500e+01 
 1.700e+01  1.700e+01  1.600e+01  1.500e+01 
 1.600e+01  1.600e+01  1.600e+01  1.500e+01 
 1.500e+01  1.500e+01  1.500e+01  1.500e+01 

b:
 9.000e+01  8.900e+01  8.800e+01  8.600e+01 

x:
 1.000e+00  1.097e-15  1.000e+00 -1.477e-14 

./a.out : Task = 9 Res1 = 3.164997e-15 Res2 = 1.080577e-12 T1 = 0.00 T2 = 0.00 S = 1 N = 18 M = 6 P = 3
============================== a.out n=18 m=6 p=4 s=1 ===============
### Run  ./a.out 18 6 4 4 1
A:
 1.800e+01  1.700e+01  1.600e+01  1.500e+01 
 1.700e+01  1.700e+01  1.600e+01  1.500e+01 
 1.600e+01  1.600e+01  1.600e+01  1.500e+01 
 1.500e+01  1.500e+01  1.500e+01  1.500e+01 

b:
 9.000e+01  8.900e+01  8.800e+01  8.600e+01 

x:
 1.000e+00  1.097e-15  1.000e+00 -1.477e-14 

./a.out : Task = 9 Res1 = 3.164997e-15 Res2 = 1.080577e-12 T1 = 0.00 T2 = 0.00 S = 1 N = 18 M = 6 P = 4
============================== a.out n=18 m=9 p=1 s=1 ===============
### Run  ./a.out 18 9 1 4 1
A:
 1.800e+01  1.700e+01  1.600e+01  1.500e+01 
 1.700e+01  1.700e+01  1.600e+01  1.500e+01 
 1.600e+01  1.600e+01  1.600e+01  1.500e+01 
 1.500e+01  1.500e+01  1.500e+01  1.500e+01 

b:
 9.000e+01  8.900e+01  8.800e+01  8.600e+01 

x:
 1.000e+00  4.611e-15  1.000e+00 -2.952e-14 

./a.out : Task = 9 Res1 = 3.027107e-15 Res2 = 7.518778e-13 T1 = 0.00 T2 = 0.00 S = 1 N = 18 M = 9 P = 1
============================== a.out n=18 m=9 p=2 s=1 ===============
### Run  ./a.out 18 9 2 4 1
A:
 1.800e+01  1.700e+01  1.600e+01  1.500e+01 
 1.700e+01  1.700e+01  1.600e+01  1.500e+01 
 1.600e+01  1.600e+01  1.600e+01  1.500e+01 
 1.500e+01  1.500e+01  1.500e+01  1.500e+01 

b:
 9.000e+01  8.900e+01  8.800e+01  8.600e+01 

x:
 1.000e+00  4.611e-15  1.000e+00 -2.952e-14 

./a.out : Task = 9 Res1 = 3.027107e-15 Res2 = 7.518778e-13 T1 = 0.00 T2 = 0.00 S = 1 N = 18 M = 9 P = 2
============================== a.out n=18 m=9 p=3 s=1 ===============
### Run  ./a.out 18 9 3 4 1
A:
 1.800e+01  1.700e+01  1.600e+01  1.500e+01 
 1.700e+01  1.700e+01  1.600e+01  1.500e+01 
 1.600e+01  1.600e+01  1.600e+01  1.500e+01 
 1.500e+01  1.500e+01  1.500e+01  1.500e+01 

b:
 9.000e+01  8.900e+01  8.800e+01  8.600e+01 

x:
 1.000e+00  4.611e-15  1.000e+00 -2.952e-14 

./a.out : Task = 9 Res1 = 3.027107e-15 Res2 = 7.518778e-13 T1 = 0.00 T2 = 0.00 S = 1 N = 18 M = 9 P = 3
============================== a.out n=18 m=12 p=1 s=1 ===============
### Run  ./a.out 18 12 1 4 1
A:
 1.800e+01  1.700e+01  1.600e+01  1.500e+01 
 1.700e+01  1.700e+01  1.600e+01  1.500e+01 
 1.600e+01  1.600e+01  1.600e+01  1.500e+01 
 1.500e+01  1.500e+01  1.500e+01  1.500e+01 

b:
 9.000e+01  8.900e+01  8.800e+01  8.600e+01 

x:
 1.000e+00 -4.434e-15  1.000e+00 -2.693e-14 

./a.out : Task = 9 Res1 = 2.485277e-15 Res2 = 5.284426e-13 T1 = 0.00 T2 = 0.00 S = 1 N = 18 M = 12 P = 1
============================== a.out n=18 m=12 p=2 s=1 ===============
### Run  ./a.out 18 12 2 4 1
A:
 1.800e+01  1.700e+01  1.600e+01  1.500e+01 
 1.700e+01  1.700e+01  1.600e+01  1.500e+01 
 1.600e+01  1.600e+01  1.600e+01  1.500e+01 
 1.500e+01  1.500e+01  1.500e+01  1.500e+01 

b:
 9.000e+01  8.900e+01  8.800e+01  8.600e+01 

x:
 1.000e+00 -4.434e-15  1.000e+00 -2.693e-14 

./a.out : Task = 9 Res1 = 2.485277e-15 Res2 = 5.284426e-13 T1 = 0.00 T2 = 0.00 S = 1 N = 18 M = 12 P = 2
============================== a.out n=18 m=15 p=1 s=1 ===============
### Run  ./a.out 18 15 1 4 1
A:
 1.800e+01  1.700e+01  1.600e+01  1.500e+01 
 1.700e+01  1.700e+01  1.600e+01  1.500e+01 
 1.600e+01  1.600e+01  1.600e+01  1.500e+01 
 1.500e+01  1.500e+01  1.500e+01  1.500e+01 

b:
 9.000e+01  8.900e+01  8.800e+01  8.600e+01 

x:
 1.000e+00 -9.385e-15  1.000e+00  1.322e-14 

./a.out : Task = 9 Res1 = 6.171015e-15 Res2 = 7.252650e-13 T1 = 0.00 T2 = 0.00 S = 1 N = 18 M = 15 P = 1
============================== a.out n=18 m=15 p=2 s=1 ===============
### Run  ./a.out 18 15 2 4 1
A:
 1.800e+01  1.700e+01  1.600e+01  1.500e+01 
 1.700e+01  1.700e+01  1.600e+01  1.500e+01 
 1.600e+01  1.600e+01  1.600e+01  1.500e+01 
 1.500e+01  1.500e+01  1.500e+01  1.500e+01 

b:
 9.000e+01  8.900e+01  8.800e+01  8.600e+01 

x:
 1.000e+00 -9.385e-15  1.000e+00  1.322e-14 

./a.out : Task = 9 Res1 = 6.171015e-15 Res2 = 7.252650e-13 T1 = 0.00 T2 = 0.00 S = 1 N = 18 M = 15 P = 2
============================== a.out n=18 m=18 p=1 s=1 ===============
### Run  ./a.out 18 18 1 4 1
A:
 1.800e+01  1.700e+01  1.600e+01  1.500e+01 
 1.700e+01  1.700e+01  1.600e+01  1.500e+01 
 1.600e+01  1.600e+01  1.600e+01  1.500e+01 
 1.500e+01  1.500e+01  1.500e+01  1.500e+01 

b:
 9.000e+01  8.900e+01  8.800e+01  8.600e+01 

x:
 1.000e+00  1.552e-14  1.000e+00 -4.991e-14 

./a.out : Task = 9 Res1 = 7.510988e-16 Res2 = 4.468689e-13 T1 = 0.00 T2 = 0.00 S = 1 N = 18 M = 18 P = 1
============================== a.out n=18 m=18 p=2 s=1 ===============
### Run  ./a.out 18 18 2 4 1
A:
 1.800e+01  1.700e+01  1.600e+01  1.500e+01 
 1.700e+01  1.700e+01  1.600e+01  1.500e+01 
 1.600e+01  1.600e+01  1.600e+01  1.500e+01 
 1.500e+01  1.500e+01  1.500e+01  1.500e+01 

b:
 9.000e+01  8.900e+01  8.800e+01  8.600e+01 

x:
 1.000e+00  1.552e-14  1.000e+00 -4.991e-14 

./a.out : Task = 9 Res1 = 7.510988e-16 Res2 = 4.468689e-13 T1 = 0.00 T2 = 0.00 S = 1 N = 18 M = 18 P = 2
============================== a.out n=19 m=3 p=1 s=1 ===============
### Run  ./a.out 19 3 1 4 1
A:
 1.900e+01  1.800e+01  1.700e+01  1.600e+01 
 1.800e+01  1.800e+01  1.700e+01  1.600e+01 
 1.700e+01  1.700e+01  1.700e+01  1.600e+01 
 1.600e+01  1.600e+01  1.600e+01  1.600e+01 

b:
 1.000e+02  9.900e+01  9.800e+01  9.600e+01 

x:
 1.000e+00  0.000e+00  1.000e+00  1.457e-13 

./a.out : Task = 9 Res1 = 4.700088e-16 Res2 = 3.571373e-13 T1 = 0.00 T2 = 0.00 S = 1 N = 19 M = 3 P = 1
============================== a.out n=19 m=3 p=2 s=1 ===============
### Run  ./a.out 19 3 2 4 1
A:
 1.900e+01  1.800e+01  1.700e+01  1.600e+01 
 1.800e+01  1.800e+01  1.700e+01  1.600e+01 
 1.700e+01  1.700e+01  1.700e+01  1.600e+01 
 1.600e+01  1.600e+01  1.600e+01  1.600e+01 

b:
 1.000e+02  9.900e+01  9.800e+01  9.600e+01 

x:
 1.000e+00  0.000e+00  1.000e+00  1.457e-13 

./a.out : Task = 9 Res1 = 5.197745e-16 Res2 = 3.575814e-13 T1 = 0.00 T2 = 0.00 S = 1 N = 19 M = 3 P = 2
============================== a.out n=19 m=3 p=3 s=1 ===============
### Run  ./a.out 19 3 3 4 1
A:
 1.900e+01  1.800e+01  1.700e+01  1.600e+01 
 1.800e+01  1.800e+01  1.700e+01  1.600e+01 
 1.700e+01  1.700e+01  1.700e+01  1.600e+01 
 1.600e+01  1.600e+01  1.600e+01  1.600e+01 

b:
 1.000e+02  9.900e+01  9.800e+01  9.600e+01 

x:
 1.000e+00  0.000e+00  1.000e+00  1.457e-13 

./a.out : Task = 9 Res1 = 4.700088e-16 Res2 = 3.566932e-13 T1 = 0.00 T2 = 0.00 S = 1 N = 19 M = 3 P = 3
============================== a.out n=19 m=3 p=4 s=1 ===============
### Run  ./a.out 19 3 4 4 1
A:
 1.900e+01  1.800e+01  1.700e+01  1.600e+01 
 1.800e+01  1.800e+01  1.700e+01  1.600e+01 
 1.700e+01  1.700e+01  1.700e+01  1.600e+01 
 1.600e+01  1.600e+01  1.600e+01  1.600e+01 

b:
 1.000e+02  9.900e+01  9.800e+01  9.600e+01 

x:
 1.000e+00  0.000e+00  1.000e+00  1.457e-13 

./a.out : Task = 9 Res1 = 4.700088e-16 Res2 = 3.566932e-13 T1 = 0.00 T2 = 0.00 S = 1 N = 19 M = 3 P = 4
============================== a.out n=19 m=3 p=5 s=1 ===============
### Run  ./a.out 19 3 5 4 1
A:
 1.900e+01  1.800e+01  1.700e+01  1.600e+01 
 1.800e+01  1.800e+01  1.700e+01  1.600e+01 
 1.700e+01  1.700e+01  1.700e+01  1.600e+01 
 1.600e+01  1.600e+01  1.600e+01  1.600e+01 

b:
 1.000e+02  9.900e+01  9.800e+01  9.600e+01 

x:
 1.000e+00  0.000e+00  1.000e+00  1.457e-13 

./a.out : Task = 9 Res1 = 4.700088e-16 Res2 = 3.566932e-13 T1 = 0.00 T2 = 0.00 S = 1 N = 19 M = 3 P = 5
============================== a.out n=19 m=3 p=6 s=1 ===============
### Run  ./a.out 19 3 6 4 1
A:
 1.900e+01  1.800e+01  1.700e+01  1.600e+01 
 1.800e+01  1.800e+01  1.700e+01  1.600e+01 
 1.700e+01  1.700e+01  1.700e+01  1.600e+01 
 1.600e+01  1.600e+01  1.600e+01  1.600e+01 

b:
 1.000e+02  9.900e+01  9.800e+01  9.600e+01 

x:
 1.000e+00  0.000e+00  1.000e+00  1.457e-13 

./a.out : Task = 9 Res1 = 4.700088e-16 Res2 = 3.566932e-13 T1 = 0.00 T2 = 0.00 S = 1 N = 19 M = 3 P = 6
============================== a.out n=19 m=3 p=7 s=1 ===============
### Run  ./a.out 19 3 7 4 1
A:
 1.900e+01  1.800e+01  1.700e+01  1.600e+01 
 1.800e+01  1.800e+01  1.700e+01  1.600e+01 
 1.700e+01  1.700e+01  1.700e+01  1.600e+01 
 1.600e+01  1.600e+01  1.600e+01  1.600e+01 

b:
 1.000e+02  9.900e+01  9.800e+01  9.600e+01 

x:
 1.000e+00  0.000e+00  1.000e+00  1.457e-13 

./a.out : Task = 9 Res1 = 5.197745e-16 Res2 = 3.575814e-13 T1 = 0.00 T2 = 0.00 S = 1 N = 19 M = 3 P = 7
============================== a.out n=19 m=6 p=1 s=1 ===============
### Run  ./a.out 19 6 1 4 1
A:
 1.900e+01  1.800e+01  1.700e+01  1.600e+01 
 1.800e+01  1.800e+01  1.700e+01  1.600e+01 
 1.700e+01  1.700e+01  1.700e+01  1.600e+01 
 1.600e+01  1.600e+01  1.600e+01  1.600e+01 

b:
 1.000e+02  9.900e+01  9.800e+01  9.600e+01 

x:
 1.000e+00 -4.903e-15  1.000e+00 -2.265e-14 

./a.out : Task = 9 Res1 = 4.172019e-15 Res2 = 1.576402e-12 T1 = 0.00 T2 = 0.00 S = 1 N = 19 M = 6 P = 1
============================== a.out n=19 m=6 p=2 s=1 ===============
### Run  ./a.out 19 6 2 4 1
A:
 1.900e+01  1.800e+01  1.700e+01  1.600e+01 
 1.800e+01  1.800e+01  1.700e+01  1.600e+01 
 1.700e+01  1.700e+01  1.700e+01  1.600e+01 
 1.600e+01  1.600e+01  1.600e+01  1.600e+01 

b:
 1.000e+02  9.900e+01  9.800e+01  9.600e+01 

x:
 1.000e+00 -4.903e-15  1.000e+00 -2.265e-14 

./a.out : Task = 9 Res1 = 4.083547e-15 Res2 = 1.575958e-12 T1 = 0.00 T2 = 0.00 S = 1 N = 19 M = 6 P = 2
============================== a.out n=19 m=6 p=3 s=1 ===============
### Run  ./a.out 19 6 3 4 1
A:
 1.900e+01  1.800e+01  1.700e+01  1.600e+01 
 1.800e+01  1.800e+01  1.700e+01  1.600e+01 
 1.700e+01  1.700e+01  1.700e+01  1.600e+01 
 1.600e+01  1.600e+01  1.600e+01  1.600e+01 

b:
 1.000e+02  9.900e+01  9.800e+01  9.600e+01 

x:
 1.000e+00 -4.903e-15  1.000e+00 -2.265e-14 

./a.out : Task = 9 Res1 = 4.172019e-15 Res2 = 1.576402e-12 T1 = 0.00 T2 = 0.00 S = 1 N = 19 M = 6 P = 3
============================== a.out n=19 m=6 p=4 s=1 ===============
### Run  ./a.out 19 6 4 4 1
A:
 1.900e+01  1.800e+01  1.700e+01  1.600e+01 
 1.800e+01  1.800e+01  1.700e+01  1.600e+01 
 1.700e+01  1.700e+01  1.700e+01  1.600e+01 
 1.600e+01  1.600e+01  1.600e+01  1.600e+01 

b:
 1.000e+02  9.900e+01  9.800e+01  9.600e+01 

x:
 1.000e+00 -4.903e-15  1.000e+00 -2.265e-14 

./a.out : Task = 9 Res1 = 4.083547e-15 Res2 = 1.575958e-12 T1 = 0.00 T2 = 0.00 S = 1 N = 19 M = 6 P = 4
============================== a.out n=19 m=9 p=1 s=1 ===============
### Run  ./a.out 19 9 1 4 1
A:
 1.900e+01  1.800e+01  1.700e+01  1.600e+01 
 1.800e+01  1.800e+01  1.700e+01  1.600e+01 
 1.700e+01  1.700e+01  1.700e+01  1.600e+01 
 1.600e+01  1.600e+01  1.600e+01  1.600e+01 

b:
 1.000e+02  9.900e+01  9.800e+01  9.600e+01 

x:
 1.000e+00 -1.036e-15  1.000e+00 -9.985e-15 

./a.out : Task = 9 Res1 = 5.020800e-15 Res2 = 1.172417e-12 T1 = 0.00 T2 = 0.00 S = 1 N = 19 M = 9 P = 1
============================== a.out n=19 m=9 p=2 s=1 ===============
### Run  ./a.out 19 9 2 4 1
A:
 1.900e+01  1.800e+01  1.700e+01  1.600e+01 
 1.800e+01  1.800e+01  1.700e+01  1.600e+01 
 1.700e+01  1.700e+01  1.700e+01  1.600e+01 
 1.600e+01  1.600e+01  1.600e+01  1.600e+01 

b:
 1.000e+02  9.900e+01  9.800e+01  9.600e+01 

x:
 1.000e+00 -1.036e-15  1.000e+00 -9.985e-15 

./a.out : Task = 9 Res1 = 5.020800e-15 Res2 = 1.172417e-12 T1 = 0.00 T2 = 0.00 S = 1 N = 19 M = 9 P = 2
============================== a.out n=19 m=9 p=3 s=1 ===============
### Run  ./a.out 19 9 3 4 1
A:
 1.900e+01  1.800e+01  1.700e+01  1.600e+01 
 1.800e+01  1.800e+01  1.700e+01  1.600e+01 
 1.700e+01  1.700e+01  1.700e+01  1.600e+01 
 1.600e+01  1.600e+01  1.600e+01  1.600e+01 

b:
 1.000e+02  9.900e+01  9.800e+01  9.600e+01 

x:
 1.000e+00 -1.036e-15  1.000e+00 -9.985e-15 

./a.out : Task = 9 Res1 = 5.020800e-15 Res2 = 1.172417e-12 T1 = 0.00 T2 = 0.00 S = 1 N = 19 M = 9 P = 3
============================== a.out n=19 m=12 p=1 s=1 ===============
### Run  ./a.out 19 12 1 4 1
A:
 1.900e+01  1.800e+01  1.700e+01  1.600e+01 
 1.800e+01  1.800e+01  1.700e+01  1.600e+01 
 1.700e+01  1.700e+01  1.700e+01  1.600e+01 
 1.600e+01  1.600e+01  1.600e+01  1.600e+01 

b:
 1.000e+02  9.900e+01  9.800e+01  9.600e+01 

x:
 1.000e+00 -3.458e-14  1.000e+00  5.326e-14 

./a.out : Task = 9 Res1 = 2.528371e-15 Res2 = 8.092508e-13 T1 = 0.00 T2 = 0.00 S = 1 N = 19 M = 12 P = 1
============================== a.out n=19 m=12 p=2 s=1 ===============
### Run  ./a.out 19 12 2 4 1
A:
 1.900e+01  1.800e+01  1.700e+01  1.600e+01 
 1.800e+01  1.800e+01  1.700e+01  1.600e+01 
 1.700e+01  1.700e+01  1.700e+01  1.600e+01 
 1.600e+01  1.600e+01  1.600e+01  1.600e+01 

b:
 1.000e+02  9.900e+01  9.800e+01  9.600e+01 

x:
 1.000e+00 -3.458e-14  1.000e+00  5.326e-14 

./a.out : Task = 9 Res1 = 2.528371e-15 Res2 = 8.092508e-13 T1 = 0.00 T2 = 0.00 S = 1 N = 19 M = 12 P = 2
============================== a.out n=19 m=15 p=1 s=1 ===============
### Run  ./a.out 19 15 1 4 1
A:
 1.900e+01  1.800e+01  1.700e+01  1.600e+01 
 1.800e+01  1.800e+01  1.700e+01  1.600e+01 
 1.700e+01  1.700e+01  1.700e+01  1.600e+01 
 1.600e+01  1.600e+01  1.600e+01  1.600e+01 

b:
 1.000e+02  9.900e+01  9.800e+01  9.600e+01 

x:
 1.000e+00 -8.259e-15  1.000e+00  5.095e-14 

./a.out : Task = 9 Res1 = 2.073568e-15 Res2 = 4.512266e-13 T1 = 0.00 T2 = 0.00 S = 1 N = 19 M = 15 P = 1
============================== a.out n=19 m=15 p=2 s=1 ===============
### Run  ./a.out 19 15 2 4 1
A:
 1.900e+01  1.800e+01  1.700e+01  1.600e+01 
 1.800e+01  1.800e+01  1.700e+01  1.600e+01 
 1.700e+01  1.700e+01  1.700e+01  1.600e+01 
 1.600e+01  1.600e+01  1.600e+01  1.600e+01 

b:
 1.000e+02  9.900e+01  9.800e+01  9.600e+01 

x:
 1.000e+00 -8.259e-15  1.000e+00  5.095e-14 

./a.out : Task = 9 Res1 = 2.073568e-15 Res2 = 4.512266e-13 T1 = 0.00 T2 = 0.00 S = 1 N = 19 M = 15 P = 2
============================== a.out n=19 m=18 p=1 s=1 ===============
### Run  ./a.out 19 18 1 4 1
A:
 1.900e+01  1.800e+01  1.700e+01  1.600e+01 
 1.800e+01  1.800e+01  1.700e+01  1.600e+01 
 1.700e+01  1.700e+01  1.700e+01  1.600e+01 
 1.600e+01  1.600e+01  1.600e+01  1.600e+01 

b:
 1.000e+02  9.900e+01  9.800e+01  9.600e+01 

x:
 1.000e+00 -1.187e-14  1.000e+00 -7.015e-15 

./a.out : Task = 9 Res1 = 3.082705e-15 Res2 = 6.622714e-13 T1 = 0.00 T2 = 0.00 S = 1 N = 19 M = 18 P = 1
============================== a.out n=19 m=18 p=2 s=1 ===============
### Run  ./a.out 19 18 2 4 1
A:
 1.900e+01  1.800e+01  1.700e+01  1.600e+01 
 1.800e+01  1.800e+01  1.700e+01  1.600e+01 
 1.700e+01  1.700e+01  1.700e+01  1.600e+01 
 1.600e+01  1.600e+01  1.600e+01  1.600e+01 

b:
 1.000e+02  9.900e+01  9.800e+01  9.600e+01 

x:
 1.000e+00 -1.187e-14  1.000e+00 -7.015e-15 

./a.out : Task = 9 Res1 = 3.082705e-15 Res2 = 6.622714e-13 T1 = 0.00 T2 = 0.00 S = 1 N = 19 M = 18 P = 2
============================== a.out n=20 m=3 p=1 s=1 ===============
### Run  ./a.out 20 3 1 4 1
A:
 2.000e+01  1.900e+01  1.800e+01  1.700e+01 
 1.900e+01  1.900e+01  1.800e+01  1.700e+01 
 1.800e+01  1.800e+01  1.800e+01  1.700e+01 
 1.700e+01  1.700e+01  1.700e+01  1.700e+01 

b:
 1.100e+02  1.090e+02  1.080e+02  1.060e+02 

x:
 1.000e+00 -1.132e-14  1.000e+00  2.455e-14 

./a.out : Task = 9 Res1 = 2.272780e-16 Res2 = 9.998484e-14 T1 = 0.00 T2 = 0.00 S = 1 N = 20 M = 3 P = 1
============================== a.out n=20 m=3 p=2 s=1 ===============
### Run  ./a.out 20 3 2 4 1
A:
 2.000e+01  1.900e+01  1.800e+01  1.700e+01 
 1.900e+01  1.900e+01  1.800e+01  1.700e+01 
 1.800e+01  1.800e+01  1.800e+01  1.700e+01 
 1.700e+01  1.700e+01  1.700e+01  1.700e+01 

b:
 1.100e+02  1.090e+02  1.080e+02  1.060e+02 

x:
 1.000e+00 -1.132e-14  1.000e+00  2.455e-14 

./a.out : Task = 9 Res1 = 1.818224e-16 Res2 = 1.004289e-13 T1 = 0.00 T2 = 0.00 S = 1 N = 20 M = 3 P = 2
============================== a.out n=20 m=3 p=3 s=1 ===============
### Run  ./a.out 20 3 3 4 1
A:
 2.000e+01  1.900e+01  1.800e+01  1.700e+01 
 1.900e+01  1.900e+01  1.800e+01  1.700e+01 
 1.800e+01  1.800e+01  1.800e+01  1.700e+01 
 1.700e+01  1.700e+01  1.700e+01  1.700e+01 

b:
 1.100e+02  1.090e+02  1.080e+02  1.060e+02 

x:
 1.000e+00 -1.132e-14  1.000e+00  2.455e-14 

./a.out : Task = 9 Res1 = 2.272780e-16 Res2 = 9.998484e-14 T1 = 0.00 T2 = 0.00 S = 1 N = 20 M = 3 P = 3
============================== a.out n=20 m=3 p=4 s=1 ===============
### Run  ./a.out 20 3 4 4 1
A:
 2.000e+01  1.900e+01  1.800e+01  1.700e+01 
 1.900e+01  1.900e+01  1.800e+01  1.700e+01 
 1.800e+01  1.800e+01  1.800e+01  1.700e+01 
 1.700e+01  1.700e+01  1.700e+01  1.700e+01 

b:
 1.100e+02  1.090e+02  1.080e+02  1.060e+02 

x:
 1.000e+00 -1.132e-14  1.000e+00  2.455e-14 

./a.out : Task = 9 Res1 = 1.913920e-16 Res2 = 9.909666e-14 T1 = 0.00 T2 = 0.00 S = 1 N = 20 M = 3 P = 4
============================== a.out n=20 m=3 p=5 s=1 ===============
### Run  ./a.out 20 3 5 4 1
A:
 2.000e+01  1.900e+01  1.800e+01  1.700e+01 
 1.900e+01  1.900e+01  1.800e+01  1.700e+01 
 1.800e+01  1.800e+01  1.800e+01  1.700e+01 
 1.700e+01  1.700e+01  1.700e+01  1.700e+01 

b:
 1.100e+02  1.090e+02  1.080e+02  1.060e+02 

x:
 1.000e+00 -1.132e-14  1.000e+00  2.455e-14 

./a.out : Task = 9 Res1 = 2.272780e-16 Res2 = 9.998484e-14 T1 = 0.00 T2 = 0.00 S = 1 N = 20 M = 3 P = 5
============================== a.out n=20 m=3 p=6 s=1 ===============
### Run  ./a.out 20 3 6 4 1
A:
 2.000e+01  1.900e+01  1.800e+01  1.700e+01 
 1.900e+01  1.900e+01  1.800e+01  1.700e+01 
 1.800e+01  1.800e+01  1.800e+01  1.700e+01 
 1.700e+01  1.700e+01  1.700e+01  1.700e+01 

b:
 1.100e+02  1.090e+02  1.080e+02  1.060e+02 

x:
 1.000e+00 -1.132e-14  1.000e+00  2.455e-14 

./a.out : Task = 9 Res1 = 1.722528e-16 Res2 = 9.820848e-14 T1 = 0.00 T2 = 0.00 S = 1 N = 20 M = 3 P = 6
============================== a.out n=20 m=3 p=7 s=1 ===============
### Run  ./a.out 20 3 7 4 1
A:
 2.000e+01  1.900e+01  1.800e+01  1.700e+01 
 1.900e+01  1.900e+01  1.800e+01  1.700e+01 
 1.800e+01  1.800e+01  1.800e+01  1.700e+01 
 1.700e+01  1.700e+01  1.700e+01  1.700e+01 

b:
 1.100e+02  1.090e+02  1.080e+02  1.060e+02 

x:
 1.000e+00 -1.132e-14  1.000e+00  2.455e-14 

./a.out : Task = 9 Res1 = 2.272780e-16 Res2 = 9.998484e-14 T1 = 0.00 T2 = 0.00 S = 1 N = 20 M = 3 P = 7
============================== a.out n=20 m=6 p=1 s=1 ===============
### Run  ./a.out 20 6 1 4 1
A:
 2.000e+01  1.900e+01  1.800e+01  1.700e+01 
 1.900e+01  1.900e+01  1.800e+01  1.700e+01 
 1.800e+01  1.800e+01  1.800e+01  1.700e+01 
 1.700e+01  1.700e+01  1.700e+01  1.700e+01 

b:
 1.100e+02  1.090e+02  1.080e+02  1.060e+02 

x:
 1.000e+00 -4.464e-15  1.000e+00  2.109e-15 

./a.out : Task = 9 Res1 = 4.617332e-16 Res2 = 3.643944e-13 T1 = 0.00 T2 = 0.00 S = 1 N = 20 M = 6 P = 1
============================== a.out n=20 m=6 p=2 s=1 ===============
### Run  ./a.out 20 6 2 4 1
A:
 2.000e+01  1.900e+01  1.800e+01  1.700e+01 
 1.900e+01  1.900e+01  1.800e+01  1.700e+01 
 1.800e+01  1.800e+01  1.800e+01  1.700e+01 
 1.700e+01  1.700e+01  1.700e+01  1.700e+01 

b:
 1.100e+02  1.090e+02  1.080e+02  1.060e+02 

x:
 1.000e+00 -4.464e-15  1.000e+00  2.109e-15 

./a.out : Task = 9 Res1 = 4.617332e-16 Res2 = 3.643944e-13 T1 = 0.00 T2 = 0.00 S = 1 N = 20 M = 6 P = 2
============================== a.out n=20 m=6 p=3 s=1 ===============
### Run  ./a.out 20 6 3 4 1
A:
 2.000e+01  1.900e+01  1.800e+01  1.700e+01 
 1.900e+01  1.900e+01  1.800e+01  1.700e+01 
 1.800e+01  1.800e+01  1.800e+01  1.700e+01 
 1.700e+01  1.700e+01  1.700e+01  1.700e+01 

b:
 1.100e+02  1.090e+02  1.080e+02  1.060e+02 

x:
 1.000e+00 -4.464e-15  1.000e+00  2.109e-15 

./a.out : Task = 9 Res1 = 4.617332e-16 Res2 = 3.643944e-13 T1 = 0.00 T2 = 0.00 S = 1 N = 20 M = 6 P = 3
============================== a.out n=20 m=6 p=4 s=1 ===============
### Run  ./a.out 20 6 4 4 1
A:
 2.000e+01  1.900e+01  1.800e+01  1.700e+01 
 1.900e+01  1.900e+01  1.800e+01  1.700e+01 
 1.800e+01  1.800e+01  1.800e+01  1.700e+01 
 1.700e+01  1.700e+01  1.700e+01  1.700e+01 

b:
 1.100e+02  1.090e+02  1.080e+02  1.060e+02 

x:
 1.000e+00 -4.464e-15  1.000e+00  2.109e-15 

./a.out : Task = 9 Res1 = 4.617332e-16 Res2 = 3.643944e-13 T1 = 0.00 T2 = 0.00 S = 1 N = 20 M = 6 P = 4
============================== a.out n=20 m=9 p=1 s=1 ===============
### Run  ./a.out 20 9 1 4 1
A:
 2.000e+01  1.900e+01  1.800e+01  1.700e+01 
 1.900e+01  1.900e+01  1.800e+01  1.700e+01 
 1.800e+01  1.800e+01  1.800e+01  1.700e+01 
 1.700e+01  1.700e+01  1.700e+01  1.700e+01 

b:
 1.100e+02  1.090e+02  1.080e+02  1.060e+02 

x:
 1.000e+00  2.396e-14  1.000e+00  2.289e-14 

./a.out : Task = 9 Res1 = 9.354283e-16 Res2 = 4.347370e-13 T1 = 0.00 T2 = 0.00 S = 1 N = 20 M = 9 P = 1
============================== a.out n=20 m=9 p=2 s=1 ===============
### Run  ./a.out 20 9 2 4 1
A:
 2.000e+01  1.900e+01  1.800e+01  1.700e+01 
 1.900e+01  1.900e+01  1.800e+01  1.700e+01 
 1.800e+01  1.800e+01  1.800e+01  1.700e+01 
 1.700e+01  1.700e+01  1.700e+01  1.700e+01 

b:
 1.100e+02  1.090e+02  1.080e+02  1.060e+02 

x:
 1.000e+00  2.396e-14  1.000e+00  2.289e-14 

./a.out : Task = 9 Res1 = 9.354283e-16 Res2 = 4.347370e-13 T1 = 0.00 T2 = 0.00 S = 1 N = 20 M = 9 P = 2
============================== a.out n=20 m=9 p=3 s=1 ===============
### Run  ./a.out 20 9 3 4 1
A:
 2.000e+01  1.900e+01  1.800e+01  1.700e+01 
 1.900e+01  1.900e+01  1.800e+01  1.700e+01 
 1.800e+01  1.800e+01  1.800e+01  1.700e+01 
 1.700e+01  1.700e+01  1.700e+01  1.700e+01 

b:
 1.100e+02  1.090e+02  1.080e+02  1.060e+02 

x:
 1.000e+00  2.396e-14  1.000e+00  2.289e-14 

./a.out : Task = 9 Res1 = 9.354283e-16 Res2 = 4.347370e-13 T1 = 0.00 T2 = 0.00 S = 1 N = 20 M = 9 P = 3
============================== a.out n=20 m=12 p=1 s=1 ===============
### Run  ./a.out 20 12 1 4 1
A:
 2.000e+01  1.900e+01  1.800e+01  1.700e+01 
 1.900e+01  1.900e+01  1.800e+01  1.700e+01 
 1.800e+01  1.800e+01  1.800e+01  1.700e+01 
 1.700e+01  1.700e+01  1.700e+01  1.700e+01 

b:
 1.100e+02  1.090e+02  1.080e+02  1.060e+02 

x:
 1.000e+00  5.259e-17  1.000e+00  1.456e-14 

./a.out : Task = 9 Res1 = 4.342206e-15 Res2 = 8.787715e-13 T1 = 0.00 T2 = 0.00 S = 1 N = 20 M = 12 P = 1
============================== a.out n=20 m=12 p=2 s=1 ===============
### Run  ./a.out 20 12 2 4 1
A:
 2.000e+01  1.900e+01  1.800e+01  1.700e+01 
 1.900e+01  1.900e+01  1.800e+01  1.700e+01 
 1.800e+01  1.800e+01  1.800e+01  1.700e+01 
 1.700e+01  1.700e+01  1.700e+01  1.700e+01 

b:
 1.100e+02  1.090e+02  1.080e+02  1.060e+02 

x:
 1.000e+00  5.259e-17  1.000e+00  1.456e-14 

./a.out : Task = 9 Res1 = 4.342206e-15 Res2 = 8.787715e-13 T1 = 0.00 T2 = 0.00 S = 1 N = 20 M = 12 P = 2
============================== a.out n=20 m=15 p=1 s=1 ===============
### Run  ./a.out 20 15 1 4 1
A:
 2.000e+01  1.900e+01  1.800e+01  1.700e+01 
 1.900e+01  1.900e+01  1.800e+01  1.700e+01 
 1.800e+01  1.800e+01  1.800e+01  1.700e+01 
 1.700e+01  1.700e+01  1.700e+01  1.700e+01 

b:
 1.100e+02  1.090e+02  1.080e+02  1.060e+02 

x:
 1.000e+00 -2.494e-14  1.000e+00  3.102e-14 

./a.out : Task = 9 Res1 = 4.874515e-15 Res2 = 8.744719e-13 T1 = 0.00 T2 = 0.00 S = 1 N = 20 M = 15 P = 1
============================== a.out n=20 m=15 p=2 s=1 ===============
### Run  ./a.out 20 15 2 4 1
A:
 2.000e+01  1.900e+01  1.800e+01  1.700e+01 
 1.900e+01  1.900e+01  1.800e+01  1.700e+01 
 1.800e+01  1.800e+01  1.800e+01  1.700e+01 
 1.700e+01  1.700e+01  1.700e+01  1.700e+01 

b:
 1.100e+02  1.090e+02  1.080e+02  1.060e+02 

x:
 1.000e+00 -2.494e-14  1.000e+00  3.102e-14 

./a.out : Task = 9 Res1 = 4.874515e-15 Res2 = 8.744719e-13 T1 = 0.00 T2 = 0.00 S = 1 N = 20 M = 15 P = 2
============================== a.out n=20 m=18 p=1 s=1 ===============
### Run  ./a.out 20 18 1 4 1
A:
 2.000e+01  1.900e+01  1.800e+01  1.700e+01 
 1.900e+01  1.900e+01  1.800e+01  1.700e+01 
 1.800e+01  1.800e+01  1.800e+01  1.700e+01 
 1.700e+01  1.700e+01  1.700e+01  1.700e+01 

b:
 1.100e+02  1.090e+02  1.080e+02  1.060e+02 

x:
 1.000e+00 -2.741e-14  1.000e+00  1.024e-15 

./a.out : Task = 9 Res1 = 1.514389e-14 Res2 = 1.125944e-12 T1 = 0.00 T2 = 0.00 S = 1 N = 20 M = 18 P = 1
============================== a.out n=20 m=18 p=2 s=1 ===============
### Run  ./a.out 20 18 2 4 1
A:
 2.000e+01  1.900e+01  1.800e+01  1.700e+01 
 1.900e+01  1.900e+01  1.800e+01  1.700e+01 
 1.800e+01  1.800e+01  1.800e+01  1.700e+01 
 1.700e+01  1.700e+01  1.700e+01  1.700e+01 

b:
 1.100e+02  1.090e+02  1.080e+02  1.060e+02 

x:
 1.000e+00 -2.741e-14  1.000e+00  1.024e-15 

./a.out : Task = 9 Res1 = 1.514389e-14 Res2 = 1.125944e-12 T1 = 0.00 T2 = 0.00 S = 1 N = 20 M = 18 P = 2
============================== a.out n=21 m=3 p=1 s=1 ===============
### Run  ./a.out 21 3 1 4 1
A:
 2.100e+01  2.000e+01  1.900e+01  1.800e+01 
 2.000e+01  2.000e+01  1.900e+01  1.800e+01 
 1.900e+01  1.900e+01  1.900e+01  1.800e+01 
 1.800e+01  1.800e+01  1.800e+01  1.800e+01 

b:
 1.210e+02  1.200e+02  1.190e+02  1.170e+02 

x:
 1.000e+00  1.221e-15  1.000e+00  3.890e-14 

./a.out : Task = 9 Res1 = 2.163512e-16 Res2 = 2.337330e-13 T1 = 0.00 T2 = 0.00 S = 1 N = 21 M = 3 P = 1
============================== a.out n=21 m=3 p=2 s=1 ===============
### Run  ./a.out 21 3 2 4 1
A:
 2.100e+01  2.000e+01  1.900e+01  1.800e+01 
 2.000e+01  2.000e+01  1.900e+01  1.800e+01 
 1.900e+01  1.900e+01  1.900e+01  1.800e+01 
 1.800e+01  1.800e+01  1.800e+01  1.800e+01 

b:
 1.210e+02  1.200e+02  1.190e+02  1.170e+02 

x:
 1.000e+00  1.221e-15  1.000e+00  3.890e-14 

./a.out : Task = 9 Res1 = 1.832256e-16 Res2 = 2.346212e-13 T1 = 0.00 T2 = 0.00 S = 1 N = 21 M = 3 P = 2
============================== a.out n=21 m=3 p=3 s=1 ===============
### Run  ./a.out 21 3 3 4 1
A:
 2.100e+01  2.000e+01  1.900e+01  1.800e+01 
 2.000e+01  2.000e+01  1.900e+01  1.800e+01 
 1.900e+01  1.900e+01  1.900e+01  1.800e+01 
 1.800e+01  1.800e+01  1.800e+01  1.800e+01 

b:
 1.210e+02  1.200e+02  1.190e+02  1.170e+02 

x:
 1.000e+00  1.221e-15  1.000e+00  3.890e-14 

./a.out : Task = 9 Res1 = 1.832256e-16 Res2 = 2.346212e-13 T1 = 0.00 T2 = 0.00 S = 1 N = 21 M = 3 P = 3
============================== a.out n=21 m=3 p=4 s=1 ===============
### Run  ./a.out 21 3 4 4 1
A:
 2.100e+01  2.000e+01  1.900e+01  1.800e+01 
 2.000e+01  2.000e+01  1.900e+01  1.800e+01 
 1.900e+01  1.900e+01  1.900e+01  1.800e+01 
 1.800e+01  1.800e+01  1.800e+01  1.800e+01 

b:
 1.210e+02  1.200e+02  1.190e+02  1.170e+02 

x:
 1.000e+00  1.221e-15  1.000e+00  3.890e-14 

./a.out : Task = 9 Res1 = 1.739091e-16 Res2 = 2.350653e-13 T1 = 0.00 T2 = 0.00 S = 1 N = 21 M = 3 P = 4
============================== a.out n=21 m=3 p=5 s=1 ===============
### Run  ./a.out 21 3 5 4 1
A:
 2.100e+01  2.000e+01  1.900e+01  1.800e+01 
 2.000e+01  2.000e+01  1.900e+01  1.800e+01 
 1.900e+01  1.900e+01  1.900e+01  1.800e+01 
 1.800e+01  1.800e+01  1.800e+01  1.800e+01 

b:
 1.210e+02  1.200e+02  1.190e+02  1.170e+02 

x:
 1.000e+00  1.221e-15  1.000e+00  3.890e-14 

./a.out : Task = 9 Res1 = 1.832256e-16 Res2 = 2.346212e-13 T1 = 0.00 T2 = 0.00 S = 1 N = 21 M = 3 P = 5
============================== a.out n=21 m=3 p=6 s=1 ===============
### Run  ./a.out 21 3 6 4 1
A:
 2.100e+01  2.000e+01  1.900e+01  1.800e+01 
 2.000e+01  2.000e+01  1.900e+01  1.800e+01 
 1.900e+01  1.900e+01  1.900e+01  1.800e+01 
 1.800e+01  1.800e+01  1.800e+01  1.800e+01 

b:
 1.210e+02  1.200e+02  1.190e+02  1.170e+02 

x:
 1.000e+00  1.221e-15  1.000e+00  3.890e-14 

./a.out : Task = 9 Res1 = 1.997884e-16 Res2 = 2.346212e-13 T1 = 0.00 T2 = 0.00 S = 1 N = 21 M = 3 P = 6
============================== a.out n=21 m=3 p=7 s=1 ===============
### Run  ./a.out 21 3 7 4 1
A:
 2.100e+01  2.000e+01  1.900e+01  1.800e+01 
 2.000e+01  2.000e+01  1.900e+01  1.800e+01 
 1.900e+01  1.900e+01  1.900e+01  1.800e+01 
 1.800e+01  1.800e+01  1.800e+01  1.800e+01 

b:
 1.210e+02  1.200e+02  1.190e+02  1.170e+02 

x:
 1.000e+00  1.221e-15  1.000e+00  3.890e-14 

./a.out : Task = 9 Res1 = 2.163512e-16 Res2 = 2.337330e-13 T1 = 0.00 T2 = 0.00 S = 1 N = 21 M = 3 P = 7
============================== a.out n=21 m=3 p=8 s=1 ===============
### Run  ./a.out 21 3 8 4 1
A:
 2.100e+01  2.000e+01  1.900e+01  1.800e+01 
 2.000e+01  2.000e+01  1.900e+01  1.800e+01 
 1.900e+01  1.900e+01  1.900e+01  1.800e+01 
 1.800e+01  1.800e+01  1.800e+01  1.800e+01 

b:
 1.210e+02  1.200e+02  1.190e+02  1.170e+02 

x:
 1.000e+00  1.221e-15  1.000e+00  3.890e-14 

./a.out : Task = 9 Res1 = 1.997884e-16 Res2 = 2.346212e-13 T1 = 0.00 T2 = 0.00 S = 1 N = 21 M = 3 P = 8
============================== a.out n=21 m=6 p=1 s=1 ===============
### Run  ./a.out 21 6 1 4 1
A:
 2.100e+01  2.000e+01  1.900e+01  1.800e+01 
 2.000e+01  2.000e+01  1.900e+01  1.800e+01 
 1.900e+01  1.900e+01  1.900e+01  1.800e+01 
 1.800e+01  1.800e+01  1.800e+01  1.800e+01 

b:
 1.210e+02  1.200e+02  1.190e+02  1.170e+02 

x:
 1.000e+00 -2.597e-14  1.000e+00  4.663e-15 

./a.out : Task = 9 Res1 = 2.165582e-15 Res2 = 1.206447e-12 T1 = 0.00 T2 = 0.00 S = 1 N = 21 M = 6 P = 1
============================== a.out n=21 m=6 p=2 s=1 ===============
### Run  ./a.out 21 6 2 4 1
A:
 2.100e+01  2.000e+01  1.900e+01  1.800e+01 
 2.000e+01  2.000e+01  1.900e+01  1.800e+01 
 1.900e+01  1.900e+01  1.900e+01  1.800e+01 
 1.800e+01  1.800e+01  1.800e+01  1.800e+01 

b:
 1.210e+02  1.200e+02  1.190e+02  1.170e+02 

x:
 1.000e+00 -2.597e-14  1.000e+00  4.663e-15 

./a.out : Task = 9 Res1 = 2.165582e-15 Res2 = 1.206447e-12 T1 = 0.00 T2 = 0.00 S = 1 N = 21 M = 6 P = 2
============================== a.out n=21 m=6 p=3 s=1 ===============
### Run  ./a.out 21 6 3 4 1
A:
 2.100e+01  2.000e+01  1.900e+01  1.800e+01 
 2.000e+01  2.000e+01  1.900e+01  1.800e+01 
 1.900e+01  1.900e+01  1.900e+01  1.800e+01 
 1.800e+01  1.800e+01  1.800e+01  1.800e+01 

b:
 1.210e+02  1.200e+02  1.190e+02  1.170e+02 

x:
 1.000e+00 -2.597e-14  1.000e+00  4.663e-15 

./a.out : Task = 9 Res1 = 2.165582e-15 Res2 = 1.206447e-12 T1 = 0.00 T2 = 0.00 S = 1 N = 21 M = 6 P = 3
============================== a.out n=21 m=6 p=4 s=1 ===============
### Run  ./a.out 21 6 4 4 1
A:
 2.100e+01  2.000e+01  1.900e+01  1.800e+01 
 2.000e+01  2.000e+01  1.900e+01  1.800e+01 
 1.900e+01  1.900e+01  1.900e+01  1.800e+01 
 1.800e+01  1.800e+01  1.800e+01  1.800e+01 

b:
 1.210e+02  1.200e+02  1.190e+02  1.170e+02 

x:
 1.000e+00 -2.597e-14  1.000e+00  4.663e-15 

./a.out : Task = 9 Res1 = 2.165582e-15 Res2 = 1.206447e-12 T1 = 0.00 T2 = 0.00 S = 1 N = 21 M = 6 P = 4
============================== a.out n=21 m=9 p=1 s=1 ===============
### Run  ./a.out 21 9 1 4 1
A:
 2.100e+01  2.000e+01  1.900e+01  1.800e+01 
 2.000e+01  2.000e+01  1.900e+01  1.800e+01 
 1.900e+01  1.900e+01  1.900e+01  1.800e+01 
 1.800e+01  1.800e+01  1.800e+01  1.800e+01 

b:
 1.210e+02  1.200e+02  1.190e+02  1.170e+02 

x:
 1.000e+00 -2.378e-14  1.000e+00 -8.364e-15 

./a.out : Task = 9 Res1 = 3.604472e-15 Res2 = 1.385308e-12 T1 = 0.00 T2 = 0.00 S = 1 N = 21 M = 9 P = 1
============================== a.out n=21 m=9 p=2 s=1 ===============
### Run  ./a.out 21 9 2 4 1
A:
 2.100e+01  2.000e+01  1.900e+01  1.800e+01 
 2.000e+01  2.000e+01  1.900e+01  1.800e+01 
 1.900e+01  1.900e+01  1.900e+01  1.800e+01 
 1.800e+01  1.800e+01  1.800e+01  1.800e+01 

b:
 1.210e+02  1.200e+02  1.190e+02  1.170e+02 

x:
 1.000e+00 -2.378e-14  1.000e+00 -8.364e-15 

./a.out : Task = 9 Res1 = 3.604472e-15 Res2 = 1.385308e-12 T1 = 0.00 T2 = 0.00 S = 1 N = 21 M = 9 P = 2
============================== a.out n=21 m=9 p=3 s=1 ===============
### Run  ./a.out 21 9 3 4 1
A:
 2.100e+01  2.000e+01  1.900e+01  1.800e+01 
 2.000e+01  2.000e+01  1.900e+01  1.800e+01 
 1.900e+01  1.900e+01  1.900e+01  1.800e+01 
 1.800e+01  1.800e+01  1.800e+01  1.800e+01 

b:
 1.210e+02  1.200e+02  1.190e+02  1.170e+02 

x:
 1.000e+00 -2.378e-14  1.000e+00 -8.364e-15 

./a.out : Task = 9 Res1 = 3.604472e-15 Res2 = 1.385308e-12 T1 = 0.00 T2 = 0.00 S = 1 N = 21 M = 9 P = 3
============================== a.out n=21 m=12 p=1 s=1 ===============
### Run  ./a.out 21 12 1 4 1
A:
 2.100e+01  2.000e+01  1.900e+01  1.800e+01 
 2.000e+01  2.000e+01  1.900e+01  1.800e+01 
 1.900e+01  1.900e+01  1.900e+01  1.800e+01 
 1.800e+01  1.800e+01  1.800e+01  1.800e+01 

b:
 1.210e+02  1.200e+02  1.190e+02  1.170e+02 

x:
 1.000e+00 -4.174e-14  1.000e+00 -1.221e-14 

./a.out : Task = 9 Res1 = 3.548573e-15 Res2 = 1.008647e-12 T1 = 0.00 T2 = 0.00 S = 1 N = 21 M = 12 P = 1
============================== a.out n=21 m=12 p=2 s=1 ===============
### Run  ./a.out 21 12 2 4 1
A:
 2.100e+01  2.000e+01  1.900e+01  1.800e+01 
 2.000e+01  2.000e+01  1.900e+01  1.800e+01 
 1.900e+01  1.900e+01  1.900e+01  1.800e+01 
 1.800e+01  1.800e+01  1.800e+01  1.800e+01 

b:
 1.210e+02  1.200e+02  1.190e+02  1.170e+02 

x:
 1.000e+00 -4.174e-14  1.000e+00 -1.221e-14 

./a.out : Task = 9 Res1 = 3.548573e-15 Res2 = 1.008647e-12 T1 = 0.00 T2 = 0.00 S = 1 N = 21 M = 12 P = 2
============================== a.out n=21 m=15 p=1 s=1 ===============
### Run  ./a.out 21 15 1 4 1
A:
 2.100e+01  2.000e+01  1.900e+01  1.800e+01 
 2.000e+01  2.000e+01  1.900e+01  1.800e+01 
 1.900e+01  1.900e+01  1.900e+01  1.800e+01 
 1.800e+01  1.800e+01  1.800e+01  1.800e+01 

b:
 1.210e+02  1.200e+02  1.190e+02  1.170e+02 

x:
 1.000e+00 -3.843e-14  1.000e+00  2.253e-14 

./a.out : Task = 9 Res1 = 2.651078e-15 Res2 = 5.879680e-13 T1 = 0.00 T2 = 0.00 S = 1 N = 21 M = 15 P = 1
============================== a.out n=21 m=15 p=2 s=1 ===============
### Run  ./a.out 21 15 2 4 1
A:
 2.100e+01  2.000e+01  1.900e+01  1.800e+01 
 2.000e+01  2.000e+01  1.900e+01  1.800e+01 
 1.900e+01  1.900e+01  1.900e+01  1.800e+01 
 1.800e+01  1.800e+01  1.800e+01  1.800e+01 

b:
 1.210e+02  1.200e+02  1.190e+02  1.170e+02 

x:
 1.000e+00 -3.843e-14  1.000e+00  2.253e-14 

./a.out : Task = 9 Res1 = 2.651078e-15 Res2 = 5.879680e-13 T1 = 0.00 T2 = 0.00 S = 1 N = 21 M = 15 P = 2
============================== a.out n=21 m=18 p=1 s=1 ===============
### Run  ./a.out 21 18 1 4 1
A:
 2.100e+01  2.000e+01  1.900e+01  1.800e+01 
 2.000e+01  2.000e+01  1.900e+01  1.800e+01 
 1.900e+01  1.900e+01  1.900e+01  1.800e+01 
 1.800e+01  1.800e+01  1.800e+01  1.800e+01 

b:
 1.210e+02  1.200e+02  1.190e+02  1.170e+02 

x:
 1.000e+00  5.382e-14  1.000e+00  1.150e-14 

./a.out : Task = 9 Res1 = 1.421293e-15 Res2 = 3.533561e-13 T1 = 0.00 T2 = 0.00 S = 1 N = 21 M = 18 P = 1
============================== a.out n=21 m=18 p=2 s=1 ===============
### Run  ./a.out 21 18 2 4 1
A:
 2.100e+01  2.000e+01  1.900e+01  1.800e+01 
 2.000e+01  2.000e+01  1.900e+01  1.800e+01 
 1.900e+01  1.900e+01  1.900e+01  1.800e+01 
 1.800e+01  1.800e+01  1.800e+01  1.800e+01 

b:
 1.210e+02  1.200e+02  1.190e+02  1.170e+02 

x:
 1.000e+00  5.382e-14  1.000e+00  1.150e-14 

./a.out : Task = 9 Res1 = 1.421293e-15 Res2 = 3.533561e-13 T1 = 0.00 T2 = 0.00 S = 1 N = 21 M = 18 P = 2
============================== a.out n=21 m=21 p=1 s=1 ===============
### Run  ./a.out 21 21 1 4 1
A:
 2.100e+01  2.000e+01  1.900e+01  1.800e+01 
 2.000e+01  2.000e+01  1.900e+01  1.800e+01 
 1.900e+01  1.900e+01  1.900e+01  1.800e+01 
 1.800e+01  1.800e+01  1.800e+01  1.800e+01 

b:
 1.210e+02  1.200e+02  1.190e+02  1.170e+02 

x:
 1.000e+00  1.650e-14  1.000e+00  5.192e-14 

./a.out : Task = 9 Res1 = 3.525799e-15 Res2 = 3.035713e-13 T1 = 0.00 T2 = 0.00 S = 1 N = 21 M = 21 P = 1
============================== a.out n=21 m=21 p=2 s=1 ===============
### Run  ./a.out 21 21 2 4 1
A:
 2.100e+01  2.000e+01  1.900e+01  1.800e+01 
 2.000e+01  2.000e+01  1.900e+01  1.800e+01 
 1.900e+01  1.900e+01  1.900e+01  1.800e+01 
 1.800e+01  1.800e+01  1.800e+01  1.800e+01 

b:
 1.210e+02  1.200e+02  1.190e+02  1.170e+02 

x:
 1.000e+00  1.650e-14  1.000e+00  5.192e-14 

./a.out : Task = 9 Res1 = 3.525799e-15 Res2 = 3.035713e-13 T1 = 0.00 T2 = 0.00 S = 1 N = 21 M = 21 P = 2
============================== a.out n=22 m=3 p=1 s=1 ===============
### Run  ./a.out 22 3 1 4 1
A:
 2.200e+01  2.100e+01  2.000e+01  1.900e+01 
 2.100e+01  2.100e+01  2.000e+01  1.900e+01 
 2.000e+01  2.000e+01  2.000e+01  1.900e+01 
 1.900e+01  1.900e+01  1.900e+01  1.900e+01 

b:
 1.320e+02  1.310e+02  1.300e+02  1.280e+02 

x:
 1.000e+00  1.021e-14  1.000e+00 -5.338e-14 

./a.out : Task = 9 Res1 = 1.986834e-16 Res2 = 2.422523e-13 T1 = 0.00 T2 = 0.00 S = 1 N = 22 M = 3 P = 1
============================== a.out n=22 m=3 p=2 s=1 ===============
### Run  ./a.out 22 3 2 4 1
A:
 2.200e+01  2.100e+01  2.000e+01  1.900e+01 
 2.100e+01  2.100e+01  2.000e+01  1.900e+01 
 2.000e+01  2.000e+01  2.000e+01  1.900e+01 
 1.900e+01  1.900e+01  1.900e+01  1.900e+01 

b:
 1.320e+02  1.310e+02  1.300e+02  1.280e+02 

x:
 1.000e+00  1.021e-14  1.000e+00 -5.338e-14 

./a.out : Task = 9 Res1 = 7.257842e-17 Res2 = 2.413641e-13 T1 = 0.00 T2 = 0.00 S = 1 N = 22 M = 3 P = 2
============================== a.out n=22 m=3 p=3 s=1 ===============
### Run  ./a.out 22 3 3 4 1
A:
 2.200e+01  2.100e+01  2.000e+01  1.900e+01 
 2.100e+01  2.100e+01  2.000e+01  1.900e+01 
 2.000e+01  2.000e+01  2.000e+01  1.900e+01 
 1.900e+01  1.900e+01  1.900e+01  1.900e+01 

b:
 1.320e+02  1.310e+02  1.300e+02  1.280e+02 

x:
 1.000e+00  1.021e-14  1.000e+00 -5.338e-14 

./a.out : Task = 9 Res1 = 7.257842e-17 Res2 = 2.413641e-13 T1 = 0.00 T2 = 0.00 S = 1 N = 22 M = 3 P = 3
============================== a.out n=22 m=3 p=4 s=1 ===============
### Run  ./a.out 22 3 4 4 1
A:
 2.200e+01  2.100e+01  2.000e+01  1.900e+01 
 2.100e+01  2.100e+01  2.000e+01  1.900e+01 
 2.000e+01  2.000e+01  2.000e+01  1.900e+01 
 1.900e+01  1.900e+01  1.900e+01  1.900e+01 

b:
 1.320e+02  1.310e+02  1.300e+02  1.280e+02 

x:
 1.000e+00  1.021e-14  1.000e+00 -5.338e-14 

./a.out : Task = 9 Res1 = 1.769099e-16 Res2 = 2.409200e-13 T1 = 0.00 T2 = 0.00 S = 1 N = 22 M = 3 P = 4
============================== a.out n=22 m=3 p=5 s=1 ===============
### Run  ./a.out 22 3 5 4 1
A:
 2.200e+01  2.100e+01  2.000e+01  1.900e+01 
 2.100e+01  2.100e+01  2.000e+01  1.900e+01 
 2.000e+01  2.000e+01  2.000e+01  1.900e+01 
 1.900e+01  1.900e+01  1.900e+01  1.900e+01 

b:
 1.320e+02  1.310e+02  1.300e+02  1.280e+02 

x:
 1.000e+00  1.021e-14  1.000e+00 -5.338e-14 

./a.out : Task = 9 Res1 = 7.257842e-17 Res2 = 2.413641e-13 T1 = 0.00 T2 = 0.00 S = 1 N = 22 M = 3 P = 5
============================== a.out n=22 m=3 p=6 s=1 ===============
### Run  ./a.out 22 3 6 4 1
A:
 2.200e+01  2.100e+01  2.000e+01  1.900e+01 
 2.100e+01  2.100e+01  2.000e+01  1.900e+01 
 2.000e+01  2.000e+01  2.000e+01  1.900e+01 
 1.900e+01  1.900e+01  1.900e+01  1.900e+01 

b:
 1.320e+02  1.310e+02  1.300e+02  1.280e+02 

x:
 1.000e+00  1.021e-14  1.000e+00 -5.338e-14 

./a.out : Task = 9 Res1 = 7.257842e-17 Res2 = 2.413641e-13 T1 = 0.00 T2 = 0.00 S = 1 N = 22 M = 3 P = 6
============================== a.out n=22 m=3 p=7 s=1 ===============
### Run  ./a.out 22 3 7 4 1
A:
 2.200e+01  2.100e+01  2.000e+01  1.900e+01 
 2.100e+01  2.100e+01  2.000e+01  1.900e+01 
 2.000e+01  2.000e+01  2.000e+01  1.900e+01 
 1.900e+01  1.900e+01  1.900e+01  1.900e+01 

b:
 1.320e+02  1.310e+02  1.300e+02  1.280e+02 

x:
 1.000e+00  1.021e-14  1.000e+00 -5.338e-14 

./a.out : Task = 9 Res1 = 1.986834e-16 Res2 = 2.422523e-13 T1 = 0.00 T2 = 0.00 S = 1 N = 22 M = 3 P = 7
============================== a.out n=22 m=3 p=8 s=1 ===============
### Run  ./a.out 22 3 8 4 1
A:
 2.200e+01  2.100e+01  2.000e+01  1.900e+01 
 2.100e+01  2.100e+01  2.000e+01  1.900e+01 
 2.000e+01  2.000e+01  2.000e+01  1.900e+01 
 1.900e+01  1.900e+01  1.900e+01  1.900e+01 

b:
 1.320e+02  1.310e+02  1.300e+02  1.280e+02 

x:
 1.000e+00  1.021e-14  1.000e+00 -5.338e-14 

./a.out : Task = 9 Res1 = 1.950545e-16 Res2 = 2.422523e-13 T1 = 0.00 T2 = 0.00 S = 1 N = 22 M = 3 P = 8
============================== a.out n=22 m=6 p=1 s=1 ===============
### Run  ./a.out 22 6 1 4 1
A:
 2.200e+01  2.100e+01  2.000e+01  1.900e+01 
 2.100e+01  2.100e+01  2.000e+01  1.900e+01 
 2.000e+01  2.000e+01  2.000e+01  1.900e+01 
 1.900e+01  1.900e+01  1.900e+01  1.900e+01 

b:
 1.320e+02  1.310e+02  1.300e+02  1.280e+02 

x:
 1.000e+00  6.669e-14  1.000e+00  1.610e-14 

./a.out : Task = 9 Res1 = 2.384201e-15 Res2 = 1.534031e-12 T1 = 0.00 T2 = 0.00 S = 1 N = 22 M = 6 P = 1
============================== a.out n=22 m=6 p=2 s=1 ===============
### Run  ./a.out 22 6 2 4 1
A:
 2.200e+01  2.100e+01  2.000e+01  1.900e+01 
 2.100e+01  2.100e+01  2.000e+01  1.900e+01 
 2.000e+01  2.000e+01  2.000e+01  1.900e+01 
 1.900e+01  1.900e+01  1.900e+01  1.900e+01 

b:
 1.320e+02  1.310e+02  1.300e+02  1.280e+02 

x:
 1.000e+00  6.669e-14  1.000e+00  1.610e-14 

./a.out : Task = 9 Res1 = 2.384201e-15 Res2 = 1.534031e-12 T1 = 0.00 T2 = 0.00 S = 1 N = 22 M = 6 P = 2
============================== a.out n=22 m=6 p=3 s=1 ===============
### Run  ./a.out 22 6 3 4 1
A:
 2.200e+01  2.100e+01  2.000e+01  1.900e+01 
 2.100e+01  2.100e+01  2.000e+01  1.900e+01 
 2.000e+01  2.000e+01  2.000e+01  1.900e+01 
 1.900e+01  1.900e+01  1.900e+01  1.900e+01 

b:
 1.320e+02  1.310e+02  1.300e+02  1.280e+02 

x:
 1.000e+00  6.669e-14  1.000e+00  1.610e-14 

./a.out : Task = 9 Res1 = 2.384201e-15 Res2 = 1.534031e-12 T1 = 0.00 T2 = 0.00 S = 1 N = 22 M = 6 P = 3
============================== a.out n=22 m=6 p=4 s=1 ===============
### Run  ./a.out 22 6 4 4 1
A:
 2.200e+01  2.100e+01  2.000e+01  1.900e+01 
 2.100e+01  2.100e+01  2.000e+01  1.900e+01 
 2.000e+01  2.000e+01  2.000e+01  1.900e+01 
 1.900e+01  1.900e+01  1.900e+01  1.900e+01 

b:
 1.320e+02  1.310e+02  1.300e+02  1.280e+02 

x:
 1.000e+00  6.669e-14  1.000e+00  1.610e-14 

./a.out : Task = 9 Res1 = 2.384201e-15 Res2 = 1.534031e-12 T1 = 0.00 T2 = 0.00 S = 1 N = 22 M = 6 P = 4
============================== a.out n=22 m=9 p=1 s=1 ===============
### Run  ./a.out 22 9 1 4 1
A:
 2.200e+01  2.100e+01  2.000e+01  1.900e+01 
 2.100e+01  2.100e+01  2.000e+01  1.900e+01 
 2.000e+01  2.000e+01  2.000e+01  1.900e+01 
 1.900e+01  1.900e+01  1.900e+01  1.900e+01 

b:
 1.320e+02  1.310e+02  1.300e+02  1.280e+02 

x:
 1.000e+00  1.079e-13  1.000e+00 -2.877e-14 

./a.out : Task = 9 Res1 = 2.089351e-15 Res2 = 1.048307e-12 T1 = 0.00 T2 = 0.00 S = 1 N = 22 M = 9 P = 1
============================== a.out n=22 m=9 p=2 s=1 ===============
### Run  ./a.out 22 9 2 4 1
A:
 2.200e+01  2.100e+01  2.000e+01  1.900e+01 
 2.100e+01  2.100e+01  2.000e+01  1.900e+01 
 2.000e+01  2.000e+01  2.000e+01  1.900e+01 
 1.900e+01  1.900e+01  1.900e+01  1.900e+01 

b:
 1.320e+02  1.310e+02  1.300e+02  1.280e+02 

x:
 1.000e+00  1.079e-13  1.000e+00 -2.877e-14 

./a.out : Task = 9 Res1 = 2.089351e-15 Res2 = 1.048307e-12 T1 = 0.00 T2 = 0.00 S = 1 N = 22 M = 9 P = 2
============================== a.out n=22 m=9 p=3 s=1 ===============
### Run  ./a.out 22 9 3 4 1
A:
 2.200e+01  2.100e+01  2.000e+01  1.900e+01 
 2.100e+01  2.100e+01  2.000e+01  1.900e+01 
 2.000e+01  2.000e+01  2.000e+01  1.900e+01 
 1.900e+01  1.900e+01  1.900e+01  1.900e+01 

b:
 1.320e+02  1.310e+02  1.300e+02  1.280e+02 

x:
 1.000e+00  1.079e-13  1.000e+00 -2.877e-14 

./a.out : Task = 9 Res1 = 2.089351e-15 Res2 = 1.048307e-12 T1 = 0.00 T2 = 0.00 S = 1 N = 22 M = 9 P = 3
============================== a.out n=22 m=12 p=1 s=1 ===============
### Run  ./a.out 22 12 1 4 1
A:
 2.200e+01  2.100e+01  2.000e+01  1.900e+01 
 2.100e+01  2.100e+01  2.000e+01  1.900e+01 
 2.000e+01  2.000e+01  2.000e+01  1.900e+01 
 1.900e+01  1.900e+01  1.900e+01  1.900e+01 

b:
 1.320e+02  1.310e+02  1.300e+02  1.280e+02 

x:
 1.000e+00  8.810e-14  1.000e+00 -6.388e-14 

./a.out : Task = 9 Res1 = 3.146275e-15 Res2 = 1.617146e-12 T1 = 0.00 T2 = 0.00 S = 1 N = 22 M = 12 P = 1
============================== a.out n=22 m=12 p=2 s=1 ===============
### Run  ./a.out 22 12 2 4 1
A:
 2.200e+01  2.100e+01  2.000e+01  1.900e+01 
 2.100e+01  2.100e+01  2.000e+01  1.900e+01 
 2.000e+01  2.000e+01  2.000e+01  1.900e+01 
 1.900e+01  1.900e+01  1.900e+01  1.900e+01 

b:
 1.320e+02  1.310e+02  1.300e+02  1.280e+02 

x:
 1.000e+00  8.810e-14  1.000e+00 -6.388e-14 

./a.out : Task = 9 Res1 = 3.146275e-15 Res2 = 1.617146e-12 T1 = 0.00 T2 = 0.00 S = 1 N = 22 M = 12 P = 2
============================== a.out n=22 m=15 p=1 s=1 ===============
### Run  ./a.out 22 15 1 4 1
A:
 2.200e+01  2.100e+01  2.000e+01  1.900e+01 
 2.100e+01  2.100e+01  2.000e+01  1.900e+01 
 2.000e+01  2.000e+01  2.000e+01  1.900e+01 
 1.900e+01  1.900e+01  1.900e+01  1.900e+01 

b:
 1.320e+02  1.310e+02  1.300e+02  1.280e+02 

x:
 1.000e+00  7.539e-14  1.000e+00 -1.263e-14 

./a.out : Task = 9 Res1 = 4.159651e-15 Res2 = 1.592400e-12 T1 = 0.00 T2 = 0.00 S = 1 N = 22 M = 15 P = 1
============================== a.out n=22 m=15 p=2 s=1 ===============
### Run  ./a.out 22 15 2 4 1
A:
 2.200e+01  2.100e+01  2.000e+01  1.900e+01 
 2.100e+01  2.100e+01  2.000e+01  1.900e+01 
 2.000e+01  2.000e+01  2.000e+01  1.900e+01 
 1.900e+01  1.900e+01  1.900e+01  1.900e+01 

b:
 1.320e+02  1.310e+02  1.300e+02  1.280e+02 

x:
 1.000e+00  7.539e-14  1.000e+00 -1.263e-14 

./a.out : Task = 9 Res1 = 4.159651e-15 Res2 = 1.592400e-12 T1 = 0.00 T2 = 0.00 S = 1 N = 22 M = 15 P = 2
============================== a.out n=22 m=18 p=1 s=1 ===============
### Run  ./a.out 22 18 1 4 1
A:
 2.200e+01  2.100e+01  2.000e+01  1.900e+01 
 2.100e+01  2.100e+01  2.000e+01  1.900e+01 
 2.000e+01  2.000e+01  2.000e+01  1.900e+01 
 1.900e+01  1.900e+01  1.900e+01  1.900e+01 

b:
 1.320e+02  1.310e+02  1.300e+02  1.280e+02 

x:
 1.000e+00  8.773e-14  1.000e+00 -4.025e-14 

./a.out : Task = 9 Res1 = 1.005393e-14 Res2 = 1.816930e-12 T1 = 0.00 T2 = 0.00 S = 1 N = 22 M = 18 P = 1
============================== a.out n=22 m=18 p=2 s=1 ===============
### Run  ./a.out 22 18 2 4 1
A:
 2.200e+01  2.100e+01  2.000e+01  1.900e+01 
 2.100e+01  2.100e+01  2.000e+01  1.900e+01 
 2.000e+01  2.000e+01  2.000e+01  1.900e+01 
 1.900e+01  1.900e+01  1.900e+01  1.900e+01 

b:
 1.320e+02  1.310e+02  1.300e+02  1.280e+02 

x:
 1.000e+00  8.773e-14  1.000e+00 -4.025e-14 

./a.out : Task = 9 Res1 = 1.005393e-14 Res2 = 1.816930e-12 T1 = 0.00 T2 = 0.00 S = 1 N = 22 M = 18 P = 2
============================== a.out n=22 m=21 p=1 s=1 ===============
### Run  ./a.out 22 21 1 4 1
A:
 2.200e+01  2.100e+01  2.000e+01  1.900e+01 
 2.100e+01  2.100e+01  2.000e+01  1.900e+01 
 2.000e+01  2.000e+01  2.000e+01  1.900e+01 
 1.900e+01  1.900e+01  1.900e+01  1.900e+01 

b:
 1.320e+02  1.310e+02  1.300e+02  1.280e+02 

x:
 1.000e+00  5.873e-14  1.000e+00 -3.585e-14 

./a.out : Task = 9 Res1 = 9.137623e-15 Res2 = 1.343990e-12 T1 = 0.00 T2 = 0.00 S = 1 N = 22 M = 21 P = 1
============================== a.out n=22 m=21 p=2 s=1 ===============
### Run  ./a.out 22 21 2 4 1
A:
 2.200e+01  2.100e+01  2.000e+01  1.900e+01 
 2.100e+01  2.100e+01  2.000e+01  1.900e+01 
 2.000e+01  2.000e+01  2.000e+01  1.900e+01 
 1.900e+01  1.900e+01  1.900e+01  1.900e+01 

b:
 1.320e+02  1.310e+02  1.300e+02  1.280e+02 

x:
 1.000e+00  5.873e-14  1.000e+00 -3.585e-14 

./a.out : Task = 9 Res1 = 9.137623e-15 Res2 = 1.343990e-12 T1 = 0.00 T2 = 0.00 S = 1 N = 22 M = 21 P = 2
============================== a.out n=23 m=3 p=1 s=1 ===============
### Run  ./a.out 23 3 1 4 1
A:
 2.300e+01  2.200e+01  2.100e+01  2.000e+01 
 2.200e+01  2.200e+01  2.100e+01  2.000e+01 
 2.100e+01  2.100e+01  2.100e+01  2.000e+01 
 2.000e+01  2.000e+01  2.000e+01  2.000e+01 

b:
 1.440e+02  1.430e+02  1.420e+02  1.400e+02 

x:
 1.000e+00 -4.441e-16  1.000e+00 -8.202e-14 

./a.out : Task = 9 Res1 = 1.741370e-16 Res2 = 2.911007e-13 T1 = 0.00 T2 = 0.00 S = 1 N = 23 M = 3 P = 1
============================== a.out n=23 m=3 p=2 s=1 ===============
### Run  ./a.out 23 3 2 4 1
A:
 2.300e+01  2.200e+01  2.100e+01  2.000e+01 
 2.200e+01  2.200e+01  2.100e+01  2.000e+01 
 2.100e+01  2.100e+01  2.100e+01  2.000e+01 
 2.000e+01  2.000e+01  2.000e+01  2.000e+01 

b:
 1.440e+02  1.430e+02  1.420e+02  1.400e+02 

x:
 1.000e+00 -4.441e-16  1.000e+00 -8.202e-14 

./a.out : Task = 9 Res1 = 1.359700e-16 Res2 = 2.906567e-13 T1 = 0.00 T2 = 0.00 S = 1 N = 23 M = 3 P = 2
============================== a.out n=23 m=3 p=3 s=1 ===============
### Run  ./a.out 23 3 3 4 1
A:
 2.300e+01  2.200e+01  2.100e+01  2.000e+01 
 2.200e+01  2.200e+01  2.100e+01  2.000e+01 
 2.100e+01  2.100e+01  2.100e+01  2.000e+01 
 2.000e+01  2.000e+01  2.000e+01  2.000e+01 

b:
 1.440e+02  1.430e+02  1.420e+02  1.400e+02 

x:
 1.000e+00 -4.441e-16  1.000e+00 -8.202e-14 

./a.out : Task = 9 Res1 = 2.091235e-16 Res2 = 2.902126e-13 T1 = 0.00 T2 = 0.00 S = 1 N = 23 M = 3 P = 3
============================== a.out n=23 m=3 p=4 s=1 ===============
### Run  ./a.out 23 3 4 4 1
A:
 2.300e+01  2.200e+01  2.100e+01  2.000e+01 
 2.200e+01  2.200e+01  2.100e+01  2.000e+01 
 2.100e+01  2.100e+01  2.100e+01  2.000e+01 
 2.000e+01  2.000e+01  2.000e+01  2.000e+01 

b:
 1.440e+02  1.430e+02  1.420e+02  1.400e+02 

x:
 1.000e+00 -4.441e-16  1.000e+00 -8.202e-14 

./a.out : Task = 9 Res1 = 1.868594e-16 Res2 = 2.897685e-13 T1 = 0.00 T2 = 0.00 S = 1 N = 23 M = 3 P = 4
============================== a.out n=23 m=3 p=5 s=1 ===============
### Run  ./a.out 23 3 5 4 1
A:
 2.300e+01  2.200e+01  2.100e+01  2.000e+01 
 2.200e+01  2.200e+01  2.100e+01  2.000e+01 
 2.100e+01  2.100e+01  2.100e+01  2.000e+01 
 2.000e+01  2.000e+01  2.000e+01  2.000e+01 

b:
 1.440e+02  1.430e+02  1.420e+02  1.400e+02 

x:
 1.000e+00 -4.441e-16  1.000e+00 -8.202e-14 

./a.out : Task = 9 Res1 = 2.091235e-16 Res2 = 2.902126e-13 T1 = 0.00 T2 = 0.00 S = 1 N = 23 M = 3 P = 5
============================== a.out n=23 m=3 p=6 s=1 ===============
### Run  ./a.out 23 3 6 4 1
A:
 2.300e+01  2.200e+01  2.100e+01  2.000e+01 
 2.200e+01  2.200e+01  2.100e+01  2.000e+01 
 2.100e+01  2.100e+01  2.100e+01  2.000e+01 
 2.000e+01  2.000e+01  2.000e+01  2.000e+01 

b:
 1.440e+02  1.430e+02  1.420e+02  1.400e+02 

x:
 1.000e+00 -4.441e-16  1.000e+00 -8.202e-14 

./a.out : Task = 9 Res1 = 2.663740e-16 Res2 = 2.906567e-13 T1 = 0.00 T2 = 0.00 S = 1 N = 23 M = 3 P = 6
============================== a.out n=23 m=3 p=7 s=1 ===============
### Run  ./a.out 23 3 7 4 1
A:
 2.300e+01  2.200e+01  2.100e+01  2.000e+01 
 2.200e+01  2.200e+01  2.100e+01  2.000e+01 
 2.100e+01  2.100e+01  2.100e+01  2.000e+01 
 2.000e+01  2.000e+01  2.000e+01  2.000e+01 

b:
 1.440e+02  1.430e+02  1.420e+02  1.400e+02 

x:
 1.000e+00 -4.441e-16  1.000e+00 -8.202e-14 

./a.out : Task = 9 Res1 = 2.282070e-16 Res2 = 2.902126e-13 T1 = 0.00 T2 = 0.00 S = 1 N = 23 M = 3 P = 7
============================== a.out n=23 m=3 p=8 s=1 ===============
### Run  ./a.out 23 3 8 4 1
A:
 2.300e+01  2.200e+01  2.100e+01  2.000e+01 
 2.200e+01  2.200e+01  2.100e+01  2.000e+01 
 2.100e+01  2.100e+01  2.100e+01  2.000e+01 
 2.000e+01  2.000e+01  2.000e+01  2.000e+01 

b:
 1.440e+02  1.430e+02  1.420e+02  1.400e+02 

x:
 1.000e+00 -4.441e-16  1.000e+00 -8.202e-14 

./a.out : Task = 9 Res1 = 1.868594e-16 Res2 = 2.897685e-13 T1 = 0.00 T2 = 0.00 S = 1 N = 23 M = 3 P = 8
============================== a.out n=23 m=6 p=1 s=1 ===============
### Run  ./a.out 23 6 1 4 1
A:
 2.300e+01  2.200e+01  2.100e+01  2.000e+01 
 2.200e+01  2.200e+01  2.100e+01  2.000e+01 
 2.100e+01  2.100e+01  2.100e+01  2.000e+01 
 2.000e+01  2.000e+01  2.000e+01  2.000e+01 

b:
 1.440e+02  1.430e+02  1.420e+02  1.400e+02 

x:
 1.000e+00 -3.212e-14  1.000e+00 -9.992e-15 

./a.out : Task = 9 Res1 = 1.370832e-15 Res2 = 1.105672e-12 T1 = 0.00 T2 = 0.00 S = 1 N = 23 M = 6 P = 1
============================== a.out n=23 m=6 p=2 s=1 ===============
### Run  ./a.out 23 6 2 4 1
A:
 2.300e+01  2.200e+01  2.100e+01  2.000e+01 
 2.200e+01  2.200e+01  2.100e+01  2.000e+01 
 2.100e+01  2.100e+01  2.100e+01  2.000e+01 
 2.000e+01  2.000e+01  2.000e+01  2.000e+01 

b:
 1.440e+02  1.430e+02  1.420e+02  1.400e+02 

x:
 1.000e+00 -3.212e-14  1.000e+00 -9.992e-15 

./a.out : Task = 9 Res1 = 1.370832e-15 Res2 = 1.105672e-12 T1 = 0.00 T2 = 0.00 S = 1 N = 23 M = 6 P = 2
============================== a.out n=23 m=6 p=3 s=1 ===============
### Run  ./a.out 23 6 3 4 1
A:
 2.300e+01  2.200e+01  2.100e+01  2.000e+01 
 2.200e+01  2.200e+01  2.100e+01  2.000e+01 
 2.100e+01  2.100e+01  2.100e+01  2.000e+01 
 2.000e+01  2.000e+01  2.000e+01  2.000e+01 

b:
 1.440e+02  1.430e+02  1.420e+02  1.400e+02 

x:
 1.000e+00 -3.212e-14  1.000e+00 -9.992e-15 

./a.out : Task = 9 Res1 = 1.482153e-15 Res2 = 1.106560e-12 T1 = 0.00 T2 = 0.00 S = 1 N = 23 M = 6 P = 3
============================== a.out n=23 m=6 p=4 s=1 ===============
### Run  ./a.out 23 6 4 4 1
A:
 2.300e+01  2.200e+01  2.100e+01  2.000e+01 
 2.200e+01  2.200e+01  2.100e+01  2.000e+01 
 2.100e+01  2.100e+01  2.100e+01  2.000e+01 
 2.000e+01  2.000e+01  2.000e+01  2.000e+01 

b:
 1.440e+02  1.430e+02  1.420e+02  1.400e+02 

x:
 1.000e+00 -3.212e-14  1.000e+00 -9.992e-15 

./a.out : Task = 9 Res1 = 1.482153e-15 Res2 = 1.106560e-12 T1 = 0.00 T2 = 0.00 S = 1 N = 23 M = 6 P = 4
============================== a.out n=23 m=9 p=1 s=1 ===============
### Run  ./a.out 23 9 1 4 1
A:
 2.300e+01  2.200e+01  2.100e+01  2.000e+01 
 2.200e+01  2.200e+01  2.100e+01  2.000e+01 
 2.100e+01  2.100e+01  2.100e+01  2.000e+01 
 2.000e+01  2.000e+01  2.000e+01  2.000e+01 

b:
 1.440e+02  1.430e+02  1.420e+02  1.400e+02 

x:
 1.000e+00 -2.060e-14  1.000e+00  8.660e-16 

./a.out : Task = 9 Res1 = 4.794732e-16 Res2 = 4.945771e-13 T1 = 0.00 T2 = 0.00 S = 1 N = 23 M = 9 P = 1
============================== a.out n=23 m=9 p=2 s=1 ===============
### Run  ./a.out 23 9 2 4 1
A:
 2.300e+01  2.200e+01  2.100e+01  2.000e+01 
 2.200e+01  2.200e+01  2.100e+01  2.000e+01 
 2.100e+01  2.100e+01  2.100e+01  2.000e+01 
 2.000e+01  2.000e+01  2.000e+01  2.000e+01 

b:
 1.440e+02  1.430e+02  1.420e+02  1.400e+02 

x:
 1.000e+00 -2.060e-14  1.000e+00  8.660e-16 

./a.out : Task = 9 Res1 = 4.794732e-16 Res2 = 4.945771e-13 T1 = 0.00 T2 = 0.00 S = 1 N = 23 M = 9 P = 2
============================== a.out n=23 m=9 p=3 s=1 ===============
### Run  ./a.out 23 9 3 4 1
A:
 2.300e+01  2.200e+01  2.100e+01  2.000e+01 
 2.200e+01  2.200e+01  2.100e+01  2.000e+01 
 2.100e+01  2.100e+01  2.100e+01  2.000e+01 
 2.000e+01  2.000e+01  2.000e+01  2.000e+01 

b:
 1.440e+02  1.430e+02  1.420e+02  1.400e+02 

x:
 1.000e+00 -2.060e-14  1.000e+00  8.660e-16 

./a.out : Task = 9 Res1 = 4.794732e-16 Res2 = 4.945771e-13 T1 = 0.00 T2 = 0.00 S = 1 N = 23 M = 9 P = 3
============================== a.out n=23 m=12 p=1 s=1 ===============
### Run  ./a.out 23 12 1 4 1
A:
 2.300e+01  2.200e+01  2.100e+01  2.000e+01 
 2.200e+01  2.200e+01  2.100e+01  2.000e+01 
 2.100e+01  2.100e+01  2.100e+01  2.000e+01 
 2.000e+01  2.000e+01  2.000e+01  2.000e+01 

b:
 1.440e+02  1.430e+02  1.420e+02  1.400e+02 

x:
 1.000e+00  1.322e-14  1.000e+00 -1.458e-13 

./a.out : Task = 9 Res1 = 4.255623e-15 Res2 = 1.850295e-12 T1 = 0.00 T2 = 0.00 S = 1 N = 23 M = 12 P = 1
============================== a.out n=23 m=12 p=2 s=1 ===============
### Run  ./a.out 23 12 2 4 1
A:
 2.300e+01  2.200e+01  2.100e+01  2.000e+01 
 2.200e+01  2.200e+01  2.100e+01  2.000e+01 
 2.100e+01  2.100e+01  2.100e+01  2.000e+01 
 2.000e+01  2.000e+01  2.000e+01  2.000e+01 

b:
 1.440e+02  1.430e+02  1.420e+02  1.400e+02 

x:
 1.000e+00  1.322e-14  1.000e+00 -1.458e-13 

./a.out : Task = 9 Res1 = 4.255623e-15 Res2 = 1.850295e-12 T1 = 0.00 T2 = 0.00 S = 1 N = 23 M = 12 P = 2
============================== a.out n=23 m=15 p=1 s=1 ===============
### Run  ./a.out 23 15 1 4 1
A:
 2.300e+01  2.200e+01  2.100e+01  2.000e+01 
 2.200e+01  2.200e+01  2.100e+01  2.000e+01 
 2.100e+01  2.100e+01  2.100e+01  2.000e+01 
 2.000e+01  2.000e+01  2.000e+01  2.000e+01 

b:
 1.440e+02  1.430e+02  1.420e+02  1.400e+02 

x:
 1.000e+00  1.387e-14  1.000e+00 -1.119e-13 

./a.out : Task = 9 Res1 = 3.530450e-16 Res2 = 1.034363e-12 T1 = 0.00 T2 = 0.00 S = 1 N = 23 M = 15 P = 1
============================== a.out n=23 m=15 p=2 s=1 ===============
### Run  ./a.out 23 15 2 4 1
A:
 2.300e+01  2.200e+01  2.100e+01  2.000e+01 
 2.200e+01  2.200e+01  2.100e+01  2.000e+01 
 2.100e+01  2.100e+01  2.100e+01  2.000e+01 
 2.000e+01  2.000e+01  2.000e+01  2.000e+01 

b:
 1.440e+02  1.430e+02  1.420e+02  1.400e+02 

x:
 1.000e+00  1.387e-14  1.000e+00 -1.119e-13 

./a.out : Task = 9 Res1 = 3.530450e-16 Res2 = 1.034363e-12 T1 = 0.00 T2 = 0.00 S = 1 N = 23 M = 15 P = 2
============================== a.out n=23 m=18 p=1 s=1 ===============
### Run  ./a.out 23 18 1 4 1
A:
 2.300e+01  2.200e+01  2.100e+01  2.000e+01 
 2.200e+01  2.200e+01  2.100e+01  2.000e+01 
 2.100e+01  2.100e+01  2.100e+01  2.000e+01 
 2.000e+01  2.000e+01  2.000e+01  2.000e+01 

b:
 1.440e+02  1.430e+02  1.420e+02  1.400e+02 

x:
 1.000e+00  5.508e-14  1.000e+00 -6.090e-14 

./a.out : Task = 9 Res1 = 4.473493e-15 Res2 = 1.435840e-12 T1 = 0.00 T2 = 0.00 S = 1 N = 23 M = 18 P = 1
============================== a.out n=23 m=18 p=2 s=1 ===============
### Run  ./a.out 23 18 2 4 1
A:
 2.300e+01  2.200e+01  2.100e+01  2.000e+01 
 2.200e+01  2.200e+01  2.100e+01  2.000e+01 
 2.100e+01  2.100e+01  2.100e+01  2.000e+01 
 2.000e+01  2.000e+01  2.000e+01  2.000e+01 

b:
 1.440e+02  1.430e+02  1.420e+02  1.400e+02 

x:
 1.000e+00  5.508e-14  1.000e+00 -6.090e-14 

./a.out : Task = 9 Res1 = 4.473493e-15 Res2 = 1.435840e-12 T1 = 0.00 T2 = 0.00 S = 1 N = 23 M = 18 P = 2
============================== a.out n=23 m=21 p=1 s=1 ===============
### Run  ./a.out 23 21 1 4 1
A:
 2.300e+01  2.200e+01  2.100e+01  2.000e+01 
 2.200e+01  2.200e+01  2.100e+01  2.000e+01 
 2.100e+01  2.100e+01  2.100e+01  2.000e+01 
 2.000e+01  2.000e+01  2.000e+01  2.000e+01 

b:
 1.440e+02  1.430e+02  1.420e+02  1.400e+02 

x:
 1.000e+00  1.138e-13  1.000e+00  2.204e-14 

./a.out : Task = 9 Res1 = 6.711035e-16 Res2 = 9.388912e-13 T1 = 0.00 T2 = 0.00 S = 1 N = 23 M = 21 P = 1
============================== a.out n=23 m=21 p=2 s=1 ===============
### Run  ./a.out 23 21 2 4 1
A:
 2.300e+01  2.200e+01  2.100e+01  2.000e+01 
 2.200e+01  2.200e+01  2.100e+01  2.000e+01 
 2.100e+01  2.100e+01  2.100e+01  2.000e+01 
 2.000e+01  2.000e+01  2.000e+01  2.000e+01 

b:
 1.440e+02  1.430e+02  1.420e+02  1.400e+02 

x:
 1.000e+00  1.138e-13  1.000e+00  2.204e-14 

./a.out : Task = 9 Res1 = 6.711035e-16 Res2 = 9.388912e-13 T1 = 0.00 T2 = 0.00 S = 1 N = 23 M = 21 P = 2
============================== a.out n=24 m=3 p=1 s=1 ===============
### Run  ./a.out 24 3 1 4 1
A:
 2.400e+01  2.300e+01  2.200e+01  2.100e+01 
 2.300e+01  2.300e+01  2.200e+01  2.100e+01 
 2.200e+01  2.200e+01  2.200e+01  2.100e+01 
 2.100e+01  2.100e+01  2.100e+01  2.100e+01 

b:
 1.560e+02  1.550e+02  1.540e+02  1.520e+02 

x:
 1.000e+00  1.665e-14  1.000e+00 -7.902e-13 

./a.out : Task = 9 Res1 = 1.083986e-15 Res2 = 1.773056e-12 T1 = 0.00 T2 = 0.00 S = 1 N = 24 M = 3 P = 1
============================== a.out n=24 m=3 p=2 s=1 ===============
### Run  ./a.out 24 3 2 4 1
A:
 2.400e+01  2.300e+01  2.200e+01  2.100e+01 
 2.300e+01  2.300e+01  2.200e+01  2.100e+01 
 2.200e+01  2.200e+01  2.200e+01  2.100e+01 
 2.100e+01  2.100e+01  2.100e+01  2.100e+01 

b:
 1.560e+02  1.550e+02  1.540e+02  1.520e+02 

x:
 1.000e+00  1.665e-14  1.000e+00 -7.902e-13 

./a.out : Task = 9 Res1 = 1.078351e-15 Res2 = 1.773056e-12 T1 = 0.00 T2 = 0.00 S = 1 N = 24 M = 3 P = 2
============================== a.out n=24 m=3 p=3 s=1 ===============
### Run  ./a.out 24 3 3 4 1
A:
 2.400e+01  2.300e+01  2.200e+01  2.100e+01 
 2.300e+01  2.300e+01  2.200e+01  2.100e+01 
 2.200e+01  2.200e+01  2.200e+01  2.100e+01 
 2.100e+01  2.100e+01  2.100e+01  2.100e+01 

b:
 1.560e+02  1.550e+02  1.540e+02  1.520e+02 

x:
 1.000e+00  1.665e-14  1.000e+00 -7.902e-13 

./a.out : Task = 9 Res1 = 1.078351e-15 Res2 = 1.773056e-12 T1 = 0.00 T2 = 0.00 S = 1 N = 24 M = 3 P = 3
============================== a.out n=24 m=3 p=4 s=1 ===============
### Run  ./a.out 24 3 4 4 1
A:
 2.400e+01  2.300e+01  2.200e+01  2.100e+01 
 2.300e+01  2.300e+01  2.200e+01  2.100e+01 
 2.200e+01  2.200e+01  2.200e+01  2.100e+01 
 2.100e+01  2.100e+01  2.100e+01  2.100e+01 

b:
 1.560e+02  1.550e+02  1.540e+02  1.520e+02 

x:
 1.000e+00  1.665e-14  1.000e+00 -7.902e-13 

./a.out : Task = 9 Res1 = 1.083986e-15 Res2 = 1.773056e-12 T1 = 0.00 T2 = 0.00 S = 1 N = 24 M = 3 P = 4
============================== a.out n=24 m=3 p=5 s=1 ===============
### Run  ./a.out 24 3 5 4 1
A:
 2.400e+01  2.300e+01  2.200e+01  2.100e+01 
 2.300e+01  2.300e+01  2.200e+01  2.100e+01 
 2.200e+01  2.200e+01  2.200e+01  2.100e+01 
 2.100e+01  2.100e+01  2.100e+01  2.100e+01 

b:
 1.560e+02  1.550e+02  1.540e+02  1.520e+02 

x:
 1.000e+00  1.665e-14  1.000e+00 -7.902e-13 

./a.out : Task = 9 Res1 = 1.109343e-15 Res2 = 1.772612e-12 T1 = 0.00 T2 = 0.00 S = 1 N = 24 M = 3 P = 5
============================== a.out n=24 m=3 p=6 s=1 ===============
### Run  ./a.out 24 3 6 4 1
A:
 2.400e+01  2.300e+01  2.200e+01  2.100e+01 
 2.300e+01  2.300e+01  2.200e+01  2.100e+01 
 2.200e+01  2.200e+01  2.200e+01  2.100e+01 
 2.100e+01  2.100e+01  2.100e+01  2.100e+01 

b:
 1.560e+02  1.550e+02  1.540e+02  1.520e+02 

x:
 1.000e+00  1.665e-14  1.000e+00 -7.902e-13 

./a.out : Task = 9 Res1 = 1.078351e-15 Res2 = 1.773056e-12 T1 = 0.00 T2 = 0.00 S = 1 N = 24 M = 3 P = 6
============================== a.out n=24 m=3 p=7 s=1 ===============
### Run  ./a.out 24 3 7 4 1
A:
 2.400e+01  2.300e+01  2.200e+01  2.100e+01 
 2.300e+01  2.300e+01  2.200e+01  2.100e+01 
 2.200e+01  2.200e+01  2.200e+01  2.100e+01 
 2.100e+01  2.100e+01  2.100e+01  2.100e+01 

b:
 1.560e+02  1.550e+02  1.540e+02  1.520e+02 

x:
 1.000e+00  1.665e-14  1.000e+00 -7.902e-13 

./a.out : Task = 9 Res1 = 1.103708e-15 Res2 = 1.772168e-12 T1 = 0.00 T2 = 0.00 S = 1 N = 24 M = 3 P = 7
============================== a.out n=24 m=3 p=8 s=1 ===============
### Run  ./a.out 24 3 8 4 1
A:
 2.400e+01  2.300e+01  2.200e+01  2.100e+01 
 2.300e+01  2.300e+01  2.200e+01  2.100e+01 
 2.200e+01  2.200e+01  2.200e+01  2.100e+01 
 2.100e+01  2.100e+01  2.100e+01  2.100e+01 

b:
 1.560e+02  1.550e+02  1.540e+02  1.520e+02 

x:
 1.000e+00  1.665e-14  1.000e+00 -7.902e-13 

./a.out : Task = 9 Res1 = 1.083986e-15 Res2 = 1.773056e-12 T1 = 0.00 T2 = 0.00 S = 1 N = 24 M = 3 P = 8
============================== a.out n=24 m=3 p=9 s=1 ===============
### Run  ./a.out 24 3 9 4 1
A:
 2.400e+01  2.300e+01  2.200e+01  2.100e+01 
 2.300e+01  2.300e+01  2.200e+01  2.100e+01 
 2.200e+01  2.200e+01  2.200e+01  2.100e+01 
 2.100e+01  2.100e+01  2.100e+01  2.100e+01 

b:
 1.560e+02  1.550e+02  1.540e+02  1.520e+02 

x:
 1.000e+00  1.665e-14  1.000e+00 -7.902e-13 

./a.out : Task = 9 Res1 = 1.103708e-15 Res2 = 1.772168e-12 T1 = 0.00 T2 = 0.00 S = 1 N = 24 M = 3 P = 9
============================== a.out n=24 m=6 p=1 s=1 ===============
### Run  ./a.out 24 6 1 4 1
A:
 2.400e+01  2.300e+01  2.200e+01  2.100e+01 
 2.300e+01  2.300e+01  2.200e+01  2.100e+01 
 2.200e+01  2.200e+01  2.200e+01  2.100e+01 
 2.100e+01  2.100e+01  2.100e+01  2.100e+01 

b:
 1.560e+02  1.550e+02  1.540e+02  1.520e+02 

x:
 1.000e+00  3.485e-15  1.000e+00  1.510e-14 

./a.out : Task = 9 Res1 = 3.589340e-15 Res2 = 2.880122e-12 T1 = 0.00 T2 = 0.00 S = 1 N = 24 M = 6 P = 1
============================== a.out n=24 m=6 p=2 s=1 ===============
### Run  ./a.out 24 6 2 4 1
A:
 2.400e+01  2.300e+01  2.200e+01  2.100e+01 
 2.300e+01  2.300e+01  2.200e+01  2.100e+01 
 2.200e+01  2.200e+01  2.200e+01  2.100e+01 
 2.100e+01  2.100e+01  2.100e+01  2.100e+01 

b:
 1.560e+02  1.550e+02  1.540e+02  1.520e+02 

x:
 1.000e+00  3.485e-15  1.000e+00  1.510e-14 

./a.out : Task = 9 Res1 = 3.555531e-15 Res2 = 2.879234e-12 T1 = 0.00 T2 = 0.00 S = 1 N = 24 M = 6 P = 2
============================== a.out n=24 m=6 p=3 s=1 ===============
### Run  ./a.out 24 6 3 4 1
A:
 2.400e+01  2.300e+01  2.200e+01  2.100e+01 
 2.300e+01  2.300e+01  2.200e+01  2.100e+01 
 2.200e+01  2.200e+01  2.200e+01  2.100e+01 
 2.100e+01  2.100e+01  2.100e+01  2.100e+01 

b:
 1.560e+02  1.550e+02  1.540e+02  1.520e+02 

x:
 1.000e+00  3.485e-15  1.000e+00  1.510e-14 

./a.out : Task = 9 Res1 = 3.589340e-15 Res2 = 2.880122e-12 T1 = 0.00 T2 = 0.00 S = 1 N = 24 M = 6 P = 3
============================== a.out n=24 m=6 p=4 s=1 ===============
### Run  ./a.out 24 6 4 4 1
A:
 2.400e+01  2.300e+01  2.200e+01  2.100e+01 
 2.300e+01  2.300e+01  2.200e+01  2.100e+01 
 2.200e+01  2.200e+01  2.200e+01  2.100e+01 
 2.100e+01  2.100e+01  2.100e+01  2.100e+01 

b:
 1.560e+02  1.550e+02  1.540e+02  1.520e+02 

x:
 1.000e+00  3.485e-15  1.000e+00  1.510e-14 

./a.out : Task = 9 Res1 = 3.589340e-15 Res2 = 2.880122e-12 T1 = 0.00 T2 = 0.00 S = 1 N = 24 M = 6 P = 4
============================== a.out n=24 m=6 p=5 s=1 ===============
### Run  ./a.out 24 6 5 4 1
A:
 2.400e+01  2.300e+01  2.200e+01  2.100e+01 
 2.300e+01  2.300e+01  2.200e+01  2.100e+01 
 2.200e+01  2.200e+01  2.200e+01  2.100e+01 
 2.100e+01  2.100e+01  2.100e+01  2.100e+01 

b:
 1.560e+02  1.550e+02  1.540e+02  1.520e+02 

x:
 1.000e+00  3.485e-15  1.000e+00  1.510e-14 

./a.out : Task = 9 Res1 = 3.589340e-15 Res2 = 2.880122e-12 T1 = 0.00 T2 = 0.00 S = 1 N = 24 M = 6 P = 5
============================== a.out n=24 m=9 p=1 s=1 ===============
### Run  ./a.out 24 9 1 4 1
A:
 2.400e+01  2.300e+01  2.200e+01  2.100e+01 
 2.300e+01  2.300e+01  2.200e+01  2.100e+01 
 2.200e+01  2.200e+01  2.200e+01  2.100e+01 
 2.100e+01  2.100e+01  2.100e+01  2.100e+01 

b:
 1.560e+02  1.550e+02  1.540e+02  1.520e+02 

x:
 1.000e+00 -1.960e-14  1.000e+00  9.844e-15 

./a.out : Task = 9 Res1 = 3.743591e-15 Res2 = 1.725360e-12 T1 = 0.00 T2 = 0.00 S = 1 N = 24 M = 9 P = 1
============================== a.out n=24 m=9 p=2 s=1 ===============
### Run  ./a.out 24 9 2 4 1
A:
 2.400e+01  2.300e+01  2.200e+01  2.100e+01 
 2.300e+01  2.300e+01  2.200e+01  2.100e+01 
 2.200e+01  2.200e+01  2.200e+01  2.100e+01 
 2.100e+01  2.100e+01  2.100e+01  2.100e+01 

b:
 1.560e+02  1.550e+02  1.540e+02  1.520e+02 

x:
 1.000e+00 -1.960e-14  1.000e+00  9.844e-15 

./a.out : Task = 9 Res1 = 3.743591e-15 Res2 = 1.725360e-12 T1 = 0.00 T2 = 0.00 S = 1 N = 24 M = 9 P = 2
============================== a.out n=24 m=9 p=3 s=1 ===============
### Run  ./a.out 24 9 3 4 1
A:
 2.400e+01  2.300e+01  2.200e+01  2.100e+01 
 2.300e+01  2.300e+01  2.200e+01  2.100e+01 
 2.200e+01  2.200e+01  2.200e+01  2.100e+01 
 2.100e+01  2.100e+01  2.100e+01  2.100e+01 

b:
 1.560e+02  1.550e+02  1.540e+02  1.520e+02 

x:
 1.000e+00 -1.960e-14  1.000e+00  9.844e-15 

./a.out : Task = 9 Res1 = 3.743591e-15 Res2 = 1.725360e-12 T1 = 0.00 T2 = 0.00 S = 1 N = 24 M = 9 P = 3
============================== a.out n=24 m=12 p=1 s=1 ===============
### Run  ./a.out 24 12 1 4 1
A:
 2.400e+01  2.300e+01  2.200e+01  2.100e+01 
 2.300e+01  2.300e+01  2.200e+01  2.100e+01 
 2.200e+01  2.200e+01  2.200e+01  2.100e+01 
 2.100e+01  2.100e+01  2.100e+01  2.100e+01 

b:
 1.560e+02  1.550e+02  1.540e+02  1.520e+02 

x:
 1.000e+00 -1.395e-15  1.000e+00  1.828e-14 

./a.out : Task = 9 Res1 = 1.679721e-14 Res2 = 5.485934e-12 T1 = 0.00 T2 = 0.00 S = 1 N = 24 M = 12 P = 1
============================== a.out n=24 m=12 p=2 s=1 ===============
### Run  ./a.out 24 12 2 4 1
A:
 2.400e+01  2.300e+01  2.200e+01  2.100e+01 
 2.300e+01  2.300e+01  2.200e+01  2.100e+01 
 2.200e+01  2.200e+01  2.200e+01  2.100e+01 
 2.100e+01  2.100e+01  2.100e+01  2.100e+01 

b:
 1.560e+02  1.550e+02  1.540e+02  1.520e+02 

x:
 1.000e+00 -1.395e-15  1.000e+00  1.828e-14 

./a.out : Task = 9 Res1 = 1.679721e-14 Res2 = 5.485934e-12 T1 = 0.00 T2 = 0.00 S = 1 N = 24 M = 12 P = 2
============================== a.out n=24 m=12 p=3 s=1 ===============
### Run  ./a.out 24 12 3 4 1
A:
 2.400e+01  2.300e+01  2.200e+01  2.100e+01 
 2.300e+01  2.300e+01  2.200e+01  2.100e+01 
 2.200e+01  2.200e+01  2.200e+01  2.100e+01 
 2.100e+01  2.100e+01  2.100e+01  2.100e+01 

b:
 1.560e+02  1.550e+02  1.540e+02  1.520e+02 

x:
 1.000e+00 -1.395e-15  1.000e+00  1.828e-14 

./a.out : Task = 9 Res1 = 1.679721e-14 Res2 = 5.485934e-12 T1 = 0.00 T2 = 0.00 S = 1 N = 24 M = 12 P = 3
============================== a.out n=24 m=15 p=1 s=1 ===============
### Run  ./a.out 24 15 1 4 1
A:
 2.400e+01  2.300e+01  2.200e+01  2.100e+01 
 2.300e+01  2.300e+01  2.200e+01  2.100e+01 
 2.200e+01  2.200e+01  2.200e+01  2.100e+01 
 2.100e+01  2.100e+01  2.100e+01  2.100e+01 

b:
 1.560e+02  1.550e+02  1.540e+02  1.520e+02 

x:
 1.000e+00  3.514e-14  1.000e+00  2.636e-14 

./a.out : Task = 9 Res1 = 8.128136e-15 Res2 = 2.275085e-12 T1 = 0.00 T2 = 0.00 S = 1 N = 24 M = 15 P = 1
============================== a.out n=24 m=15 p=2 s=1 ===============
### Run  ./a.out 24 15 2 4 1
A:
 2.400e+01  2.300e+01  2.200e+01  2.100e+01 
 2.300e+01  2.300e+01  2.200e+01  2.100e+01 
 2.200e+01  2.200e+01  2.200e+01  2.100e+01 
 2.100e+01  2.100e+01  2.100e+01  2.100e+01 

b:
 1.560e+02  1.550e+02  1.540e+02  1.520e+02 

x:
 1.000e+00  3.514e-14  1.000e+00  2.636e-14 

./a.out : Task = 9 Res1 = 8.128136e-15 Res2 = 2.275085e-12 T1 = 0.00 T2 = 0.00 S = 1 N = 24 M = 15 P = 2
============================== a.out n=24 m=18 p=1 s=1 ===============
### Run  ./a.out 24 18 1 4 1
A:
 2.400e+01  2.300e+01  2.200e+01  2.100e+01 
 2.300e+01  2.300e+01  2.200e+01  2.100e+01 
 2.200e+01  2.200e+01  2.200e+01  2.100e+01 
 2.100e+01  2.100e+01  2.100e+01  2.100e+01 

b:
 1.560e+02  1.550e+02  1.540e+02  1.520e+02 

x:
 1.000e+00  6.231e-14  1.000e+00  9.068e-14 

./a.out : Task = 9 Res1 = 1.034541e-14 Res2 = 2.029862e-12 T1 = 0.00 T2 = 0.00 S = 1 N = 24 M = 18 P = 1
============================== a.out n=24 m=18 p=2 s=1 ===============
### Run  ./a.out 24 18 2 4 1
A:
 2.400e+01  2.300e+01  2.200e+01  2.100e+01 
 2.300e+01  2.300e+01  2.200e+01  2.100e+01 
 2.200e+01  2.200e+01  2.200e+01  2.100e+01 
 2.100e+01  2.100e+01  2.100e+01  2.100e+01 

b:
 1.560e+02  1.550e+02  1.540e+02  1.520e+02 

x:
 1.000e+00  6.231e-14  1.000e+00  9.068e-14 

./a.out : Task = 9 Res1 = 1.034541e-14 Res2 = 2.029862e-12 T1 = 0.00 T2 = 0.00 S = 1 N = 24 M = 18 P = 2
============================== a.out n=24 m=21 p=1 s=1 ===============
### Run  ./a.out 24 21 1 4 1
A:
 2.400e+01  2.300e+01  2.200e+01  2.100e+01 
 2.300e+01  2.300e+01  2.200e+01  2.100e+01 
 2.200e+01  2.200e+01  2.200e+01  2.100e+01 
 2.100e+01  2.100e+01  2.100e+01  2.100e+01 

b:
 1.560e+02  1.550e+02  1.540e+02  1.520e+02 

x:
 1.000e+00  7.634e-14  1.000e+00  1.054e-13 

./a.out : Task = 9 Res1 = 7.505495e-15 Res2 = 1.449859e-12 T1 = 0.00 T2 = 0.00 S = 1 N = 24 M = 21 P = 1
============================== a.out n=24 m=21 p=2 s=1 ===============
### Run  ./a.out 24 21 2 4 1
A:
 2.400e+01  2.300e+01  2.200e+01  2.100e+01 
 2.300e+01  2.300e+01  2.200e+01  2.100e+01 
 2.200e+01  2.200e+01  2.200e+01  2.100e+01 
 2.100e+01  2.100e+01  2.100e+01  2.100e+01 

b:
 1.560e+02  1.550e+02  1.540e+02  1.520e+02 

x:
 1.000e+00  7.634e-14  1.000e+00  1.054e-13 

./a.out : Task = 9 Res1 = 7.505495e-15 Res2 = 1.449859e-12 T1 = 0.00 T2 = 0.00 S = 1 N = 24 M = 21 P = 2
============================== a.out n=24 m=24 p=1 s=1 ===============
### Run  ./a.out 24 24 1 4 1
A:
 2.400e+01  2.300e+01  2.200e+01  2.100e+01 
 2.300e+01  2.300e+01  2.200e+01  2.100e+01 
 2.200e+01  2.200e+01  2.200e+01  2.100e+01 
 2.100e+01  2.100e+01  2.100e+01  2.100e+01 

b:
 1.560e+02  1.550e+02  1.540e+02  1.520e+02 

x:
 1.000e+00  1.012e-13  1.000e+00  1.127e-13 

./a.out : Task = 9 Res1 = 5.581930e-15 Res2 = 1.091790e-12 T1 = 0.00 T2 = 0.00 S = 1 N = 24 M = 24 P = 1
============================== a.out n=24 m=24 p=2 s=1 ===============
### Run  ./a.out 24 24 2 4 1
A:
 2.400e+01  2.300e+01  2.200e+01  2.100e+01 
 2.300e+01  2.300e+01  2.200e+01  2.100e+01 
 2.200e+01  2.200e+01  2.200e+01  2.100e+01 
 2.100e+01  2.100e+01  2.100e+01  2.100e+01 

b:
 1.560e+02  1.550e+02  1.540e+02  1.520e+02 

x:
 1.000e+00  1.012e-13  1.000e+00  1.127e-13 

./a.out : Task = 9 Res1 = 5.581930e-15 Res2 = 1.091790e-12 T1 = 0.00 T2 = 0.00 S = 1 N = 24 M = 24 P = 2
============================== a.out n=25 m=3 p=1 s=1 ===============
### Run  ./a.out 25 3 1 4 1
A:
 2.500e+01  2.400e+01  2.300e+01  2.200e+01 
 2.400e+01  2.400e+01  2.300e+01  2.200e+01 
 2.300e+01  2.300e+01  2.300e+01  2.200e+01 
 2.200e+01  2.200e+01  2.200e+01  2.200e+01 

b:
 1.690e+02  1.680e+02  1.670e+02  1.650e+02 

x:
 1.000e+00  1.277e-14  1.000e+00  7.334e-13 

./a.out : Task = 9 Res1 = 8.473104e-16 Res2 = 1.737363e-12 T1 = 0.00 T2 = 0.00 S = 1 N = 25 M = 3 P = 1
============================== a.out n=25 m=3 p=2 s=1 ===============
### Run  ./a.out 25 3 2 4 1
A:
 2.500e+01  2.400e+01  2.300e+01  2.200e+01 
 2.400e+01  2.400e+01  2.300e+01  2.200e+01 
 2.300e+01  2.300e+01  2.300e+01  2.200e+01 
 2.200e+01  2.200e+01  2.200e+01  2.200e+01 

b:
 1.690e+02  1.680e+02  1.670e+02  1.650e+02 

x:
 1.000e+00  1.277e-14  1.000e+00  7.334e-13 

./a.out : Task = 9 Res1 = 8.198570e-16 Res2 = 1.736031e-12 T1 = 0.00 T2 = 0.00 S = 1 N = 25 M = 3 P = 2
============================== a.out n=25 m=3 p=3 s=1 ===============
### Run  ./a.out 25 3 3 4 1
A:
 2.500e+01  2.400e+01  2.300e+01  2.200e+01 
 2.400e+01  2.400e+01  2.300e+01  2.200e+01 
 2.300e+01  2.300e+01  2.300e+01  2.200e+01 
 2.200e+01  2.200e+01  2.200e+01  2.200e+01 

b:
 1.690e+02  1.680e+02  1.670e+02  1.650e+02 

x:
 1.000e+00  1.277e-14  1.000e+00  7.334e-13 

./a.out : Task = 9 Res1 = 8.348316e-16 Res2 = 1.736475e-12 T1 = 0.00 T2 = 0.00 S = 1 N = 25 M = 3 P = 3
============================== a.out n=25 m=3 p=4 s=1 ===============
### Run  ./a.out 25 3 4 4 1
A:
 2.500e+01  2.400e+01  2.300e+01  2.200e+01 
 2.400e+01  2.400e+01  2.300e+01  2.200e+01 
 2.300e+01  2.300e+01  2.300e+01  2.200e+01 
 2.200e+01  2.200e+01  2.200e+01  2.200e+01 

b:
 1.690e+02  1.680e+02  1.670e+02  1.650e+02 

x:
 1.000e+00  1.277e-14  1.000e+00  7.334e-13 

./a.out : Task = 9 Res1 = 8.273443e-16 Res2 = 1.736031e-12 T1 = 0.00 T2 = 0.00 S = 1 N = 25 M = 3 P = 4
============================== a.out n=25 m=3 p=5 s=1 ===============
### Run  ./a.out 25 3 5 4 1
A:
 2.500e+01  2.400e+01  2.300e+01  2.200e+01 
 2.400e+01  2.400e+01  2.300e+01  2.200e+01 
 2.300e+01  2.300e+01  2.300e+01  2.200e+01 
 2.200e+01  2.200e+01  2.200e+01  2.200e+01 

b:
 1.690e+02  1.680e+02  1.670e+02  1.650e+02 

x:
 1.000e+00  1.277e-14  1.000e+00  7.334e-13 

./a.out : Task = 9 Res1 = 8.223528e-16 Res2 = 1.737363e-12 T1 = 0.00 T2 = 0.00 S = 1 N = 25 M = 3 P = 5
============================== a.out n=25 m=3 p=6 s=1 ===============
### Run  ./a.out 25 3 6 4 1
A:
 2.500e+01  2.400e+01  2.300e+01  2.200e+01 
 2.400e+01  2.400e+01  2.300e+01  2.200e+01 
 2.300e+01  2.300e+01  2.300e+01  2.200e+01 
 2.200e+01  2.200e+01  2.200e+01  2.200e+01 

b:
 1.690e+02  1.680e+02  1.670e+02  1.650e+02 

x:
 1.000e+00  1.277e-14  1.000e+00  7.334e-13 

./a.out : Task = 9 Res1 = 8.223528e-16 Res2 = 1.737363e-12 T1 = 0.00 T2 = 0.00 S = 1 N = 25 M = 3 P = 6
============================== a.out n=25 m=3 p=7 s=1 ===============
### Run  ./a.out 25 3 7 4 1
A:
 2.500e+01  2.400e+01  2.300e+01  2.200e+01 
 2.400e+01  2.400e+01  2.300e+01  2.200e+01 
 2.300e+01  2.300e+01  2.300e+01  2.200e+01 
 2.200e+01  2.200e+01  2.200e+01  2.200e+01 

b:
 1.690e+02  1.680e+02  1.670e+02  1.650e+02 

x:
 1.000e+00  1.277e-14  1.000e+00  7.334e-13 

./a.out : Task = 9 Res1 = 8.672764e-16 Res2 = 1.736475e-12 T1 = 0.00 T2 = 0.00 S = 1 N = 25 M = 3 P = 7
============================== a.out n=25 m=3 p=8 s=1 ===============
### Run  ./a.out 25 3 8 4 1
A:
 2.500e+01  2.400e+01  2.300e+01  2.200e+01 
 2.400e+01  2.400e+01  2.300e+01  2.200e+01 
 2.300e+01  2.300e+01  2.300e+01  2.200e+01 
 2.200e+01  2.200e+01  2.200e+01  2.200e+01 

b:
 1.690e+02  1.680e+02  1.670e+02  1.650e+02 

x:
 1.000e+00  1.277e-14  1.000e+00  7.334e-13 

./a.out : Task = 9 Res1 = 8.822510e-16 Res2 = 1.737807e-12 T1 = 0.00 T2 = 0.00 S = 1 N = 25 M = 3 P = 8
============================== a.out n=25 m=3 p=9 s=1 ===============
### Run  ./a.out 25 3 9 4 1
A:
 2.500e+01  2.400e+01  2.300e+01  2.200e+01 
 2.400e+01  2.400e+01  2.300e+01  2.200e+01 
 2.300e+01  2.300e+01  2.300e+01  2.200e+01 
 2.200e+01  2.200e+01  2.200e+01  2.200e+01 

b:
 1.690e+02  1.680e+02  1.670e+02  1.650e+02 

x:
 1.000e+00  1.277e-14  1.000e+00  7.334e-13 

./a.out : Task = 9 Res1 = 8.672764e-16 Res2 = 1.736475e-12 T1 = 0.00 T2 = 0.00 S = 1 N = 25 M = 3 P = 9
============================== a.out n=25 m=6 p=1 s=1 ===============
### Run  ./a.out 25 6 1 4 1
A:
 2.500e+01  2.400e+01  2.300e+01  2.200e+01 
 2.400e+01  2.400e+01  2.300e+01  2.200e+01 
 2.300e+01  2.300e+01  2.300e+01  2.200e+01 
 2.200e+01  2.200e+01  2.200e+01  2.200e+01 

b:
 1.690e+02  1.680e+02  1.670e+02  1.650e+02 

x:
 1.000e+00  4.030e-14  1.000e+00  1.865e-14 

./a.out : Task = 9 Res1 = 1.536140e-15 Res2 = 1.413273e-12 T1 = 0.00 T2 = 0.00 S = 1 N = 25 M = 6 P = 1
============================== a.out n=25 m=6 p=2 s=1 ===============
### Run  ./a.out 25 6 2 4 1
A:
 2.500e+01  2.400e+01  2.300e+01  2.200e+01 
 2.400e+01  2.400e+01  2.300e+01  2.200e+01 
 2.300e+01  2.300e+01  2.300e+01  2.200e+01 
 2.200e+01  2.200e+01  2.200e+01  2.200e+01 

b:
 1.690e+02  1.680e+02  1.670e+02  1.650e+02 

x:
 1.000e+00  4.030e-14  1.000e+00  1.865e-14 

./a.out : Task = 9 Res1 = 1.536140e-15 Res2 = 1.413273e-12 T1 = 0.00 T2 = 0.00 S = 1 N = 25 M = 6 P = 2
============================== a.out n=25 m=6 p=3 s=1 ===============
### Run  ./a.out 25 6 3 4 1
A:
 2.500e+01  2.400e+01  2.300e+01  2.200e+01 
 2.400e+01  2.400e+01  2.300e+01  2.200e+01 
 2.300e+01  2.300e+01  2.300e+01  2.200e+01 
 2.200e+01  2.200e+01  2.200e+01  2.200e+01 

b:
 1.690e+02  1.680e+02  1.670e+02  1.650e+02 

x:
 1.000e+00  4.030e-14  1.000e+00  1.865e-14 

./a.out : Task = 9 Res1 = 1.536140e-15 Res2 = 1.413273e-12 T1 = 0.00 T2 = 0.00 S = 1 N = 25 M = 6 P = 3
============================== a.out n=25 m=6 p=4 s=1 ===============
### Run  ./a.out 25 6 4 4 1
A:
 2.500e+01  2.400e+01  2.300e+01  2.200e+01 
 2.400e+01  2.400e+01  2.300e+01  2.200e+01 
 2.300e+01  2.300e+01  2.300e+01  2.200e+01 
 2.200e+01  2.200e+01  2.200e+01  2.200e+01 

b:
 1.690e+02  1.680e+02  1.670e+02  1.650e+02 

x:
 1.000e+00  4.030e-14  1.000e+00  1.865e-14 

./a.out : Task = 9 Res1 = 1.536140e-15 Res2 = 1.413273e-12 T1 = 0.00 T2 = 0.00 S = 1 N = 25 M = 6 P = 4
============================== a.out n=25 m=6 p=5 s=1 ===============
### Run  ./a.out 25 6 5 4 1
A:
 2.500e+01  2.400e+01  2.300e+01  2.200e+01 
 2.400e+01  2.400e+01  2.300e+01  2.200e+01 
 2.300e+01  2.300e+01  2.300e+01  2.200e+01 
 2.200e+01  2.200e+01  2.200e+01  2.200e+01 

b:
 1.690e+02  1.680e+02  1.670e+02  1.650e+02 

x:
 1.000e+00  4.030e-14  1.000e+00  1.865e-14 

./a.out : Task = 9 Res1 = 1.536140e-15 Res2 = 1.413273e-12 T1 = 0.00 T2 = 0.00 S = 1 N = 25 M = 6 P = 5
============================== a.out n=25 m=9 p=1 s=1 ===============
### Run  ./a.out 25 9 1 4 1
A:
 2.500e+01  2.400e+01  2.300e+01  2.200e+01 
 2.400e+01  2.400e+01  2.300e+01  2.200e+01 
 2.300e+01  2.300e+01  2.300e+01  2.200e+01 
 2.200e+01  2.200e+01  2.200e+01  2.200e+01 

b:
 1.690e+02  1.680e+02  1.670e+02  1.650e+02 

x:
 1.000e+00 -4.321e-15  1.000e+00  1.459e-14 

./a.out : Task = 9 Res1 = 8.572934e-15 Res2 = 4.931643e-12 T1 = 0.00 T2 = 0.00 S = 1 N = 25 M = 9 P = 1
============================== a.out n=25 m=9 p=2 s=1 ===============
### Run  ./a.out 25 9 2 4 1
A:
 2.500e+01  2.400e+01  2.300e+01  2.200e+01 
 2.400e+01  2.400e+01  2.300e+01  2.200e+01 
 2.300e+01  2.300e+01  2.300e+01  2.200e+01 
 2.200e+01  2.200e+01  2.200e+01  2.200e+01 

b:
 1.690e+02  1.680e+02  1.670e+02  1.650e+02 

x:
 1.000e+00 -4.321e-15  1.000e+00  1.459e-14 

./a.out : Task = 9 Res1 = 8.572934e-15 Res2 = 4.931643e-12 T1 = 0.00 T2 = 0.00 S = 1 N = 25 M = 9 P = 2
============================== a.out n=25 m=9 p=3 s=1 ===============
### Run  ./a.out 25 9 3 4 1
A:
 2.500e+01  2.400e+01  2.300e+01  2.200e+01 
 2.400e+01  2.400e+01  2.300e+01  2.200e+01 
 2.300e+01  2.300e+01  2.300e+01  2.200e+01 
 2.200e+01  2.200e+01  2.200e+01  2.200e+01 

b:
 1.690e+02  1.680e+02  1.670e+02  1.650e+02 

x:
 1.000e+00 -4.321e-15  1.000e+00  1.459e-14 

./a.out : Task = 9 Res1 = 8.572934e-15 Res2 = 4.931643e-12 T1 = 0.00 T2 = 0.00 S = 1 N = 25 M = 9 P = 3
============================== a.out n=25 m=12 p=1 s=1 ===============
### Run  ./a.out 25 12 1 4 1
A:
 2.500e+01  2.400e+01  2.300e+01  2.200e+01 
 2.400e+01  2.400e+01  2.300e+01  2.200e+01 
 2.300e+01  2.300e+01  2.300e+01  2.200e+01 
 2.200e+01  2.200e+01  2.200e+01  2.200e+01 

b:
 1.690e+02  1.680e+02  1.670e+02  1.650e+02 

x:
 1.000e+00 -5.320e-15  1.000e+00  9.028e-15 

./a.out : Task = 9 Res1 = 1.000363e-14 Res2 = 4.136058e-12 T1 = 0.00 T2 = 0.00 S = 1 N = 25 M = 12 P = 1
============================== a.out n=25 m=12 p=2 s=1 ===============
### Run  ./a.out 25 12 2 4 1
A:
 2.500e+01  2.400e+01  2.300e+01  2.200e+01 
 2.400e+01  2.400e+01  2.300e+01  2.200e+01 
 2.300e+01  2.300e+01  2.300e+01  2.200e+01 
 2.200e+01  2.200e+01  2.200e+01  2.200e+01 

b:
 1.690e+02  1.680e+02  1.670e+02  1.650e+02 

x:
 1.000e+00 -5.320e-15  1.000e+00  9.028e-15 

./a.out : Task = 9 Res1 = 1.000363e-14 Res2 = 4.136058e-12 T1 = 0.00 T2 = 0.00 S = 1 N = 25 M = 12 P = 2
============================== a.out n=25 m=12 p=3 s=1 ===============
### Run  ./a.out 25 12 3 4 1
A:
 2.500e+01  2.400e+01  2.300e+01  2.200e+01 
 2.400e+01  2.400e+01  2.300e+01  2.200e+01 
 2.300e+01  2.300e+01  2.300e+01  2.200e+01 
 2.200e+01  2.200e+01  2.200e+01  2.200e+01 

b:
 1.690e+02  1.680e+02  1.670e+02  1.650e+02 

x:
 1.000e+00 -5.320e-15  1.000e+00  9.028e-15 

./a.out : Task = 9 Res1 = 1.000363e-14 Res2 = 4.136058e-12 T1 = 0.00 T2 = 0.00 S = 1 N = 25 M = 12 P = 3
============================== a.out n=25 m=15 p=1 s=1 ===============
### Run  ./a.out 25 15 1 4 1
A:
 2.500e+01  2.400e+01  2.300e+01  2.200e+01 
 2.400e+01  2.400e+01  2.300e+01  2.200e+01 
 2.300e+01  2.300e+01  2.300e+01  2.200e+01 
 2.200e+01  2.200e+01  2.200e+01  2.200e+01 

b:
 1.690e+02  1.680e+02  1.670e+02  1.650e+02 

x:
 1.000e+00 -7.630e-14  1.000e+00  6.745e-14 

./a.out : Task = 9 Res1 = 8.521771e-15 Res2 = 2.752423e-12 T1 = 0.00 T2 = 0.00 S = 1 N = 25 M = 15 P = 1
============================== a.out n=25 m=15 p=2 s=1 ===============
### Run  ./a.out 25 15 2 4 1
A:
 2.500e+01  2.400e+01  2.300e+01  2.200e+01 
 2.400e+01  2.400e+01  2.300e+01  2.200e+01 
 2.300e+01  2.300e+01  2.300e+01  2.200e+01 
 2.200e+01  2.200e+01  2.200e+01  2.200e+01 

b:
 1.690e+02  1.680e+02  1.670e+02  1.650e+02 

x:
 1.000e+00 -7.630e-14  1.000e+00  6.745e-14 

./a.out : Task = 9 Res1 = 8.521771e-15 Res2 = 2.752423e-12 T1 = 0.00 T2 = 0.00 S = 1 N = 25 M = 15 P = 2
============================== a.out n=25 m=18 p=1 s=1 ===============
### Run  ./a.out 25 18 1 4 1
A:
 2.500e+01  2.400e+01  2.300e+01  2.200e+01 
 2.400e+01  2.400e+01  2.300e+01  2.200e+01 
 2.300e+01  2.300e+01  2.300e+01  2.200e+01 
 2.200e+01  2.200e+01  2.200e+01  2.200e+01 

b:
 1.690e+02  1.680e+02  1.670e+02  1.650e+02 

x:
 1.000e+00  4.050e-15  1.000e+00  1.586e-13 

./a.out : Task = 9 Res1 = 1.093829e-14 Res2 = 2.425281e-12 T1 = 0.00 T2 = 0.00 S = 1 N = 25 M = 18 P = 1
============================== a.out n=25 m=18 p=2 s=1 ===============
### Run  ./a.out 25 18 2 4 1
A:
 2.500e+01  2.400e+01  2.300e+01  2.200e+01 
 2.400e+01  2.400e+01  2.300e+01  2.200e+01 
 2.300e+01  2.300e+01  2.300e+01  2.200e+01 
 2.200e+01  2.200e+01  2.200e+01  2.200e+01 

b:
 1.690e+02  1.680e+02  1.670e+02  1.650e+02 

x:
 1.000e+00  4.050e-15  1.000e+00  1.586e-13 

./a.out : Task = 9 Res1 = 1.093829e-14 Res2 = 2.425281e-12 T1 = 0.00 T2 = 0.00 S = 1 N = 25 M = 18 P = 2
============================== a.out n=25 m=21 p=1 s=1 ===============
### Run  ./a.out 25 21 1 4 1
A:
 2.500e+01  2.400e+01  2.300e+01  2.200e+01 
 2.400e+01  2.400e+01  2.300e+01  2.200e+01 
 2.300e+01  2.300e+01  2.300e+01  2.200e+01 
 2.200e+01  2.200e+01  2.200e+01  2.200e+01 

b:
 1.690e+02  1.680e+02  1.670e+02  1.650e+02 

x:
 1.000e+00  1.186e-14  1.000e+00  2.553e-13 

./a.out : Task = 9 Res1 = 9.057111e-15 Res2 = 1.996879e-12 T1 = 0.00 T2 = 0.00 S = 1 N = 25 M = 21 P = 1
============================== a.out n=25 m=21 p=2 s=1 ===============
### Run  ./a.out 25 21 2 4 1
A:
 2.500e+01  2.400e+01  2.300e+01  2.200e+01 
 2.400e+01  2.400e+01  2.300e+01  2.200e+01 
 2.300e+01  2.300e+01  2.300e+01  2.200e+01 
 2.200e+01  2.200e+01  2.200e+01  2.200e+01 

b:
 1.690e+02  1.680e+02  1.670e+02  1.650e+02 

x:
 1.000e+00  1.186e-14  1.000e+00  2.553e-13 

./a.out : Task = 9 Res1 = 9.057111e-15 Res2 = 1.996879e-12 T1 = 0.00 T2 = 0.00 S = 1 N = 25 M = 21 P = 2
============================== a.out n=25 m=24 p=1 s=1 ===============
### Run  ./a.out 25 24 1 4 1
A:
 2.500e+01  2.400e+01  2.300e+01  2.200e+01 
 2.400e+01  2.400e+01  2.300e+01  2.200e+01 
 2.300e+01  2.300e+01  2.300e+01  2.200e+01 
 2.200e+01  2.200e+01  2.200e+01  2.200e+01 

b:
 1.690e+02  1.680e+02  1.670e+02  1.650e+02 

x:
 1.000e+00 -2.659e-14  1.000e+00  1.300e-13 

./a.out : Task = 9 Res1 = 2.766549e-15 Res2 = 1.452445e-12 T1 = 0.00 T2 = 0.00 S = 1 N = 25 M = 24 P = 1
============================== a.out n=25 m=24 p=2 s=1 ===============
### Run  ./a.out 25 24 2 4 1
A:
 2.500e+01  2.400e+01  2.300e+01  2.200e+01 
 2.400e+01  2.400e+01  2.300e+01  2.200e+01 
 2.300e+01  2.300e+01  2.300e+01  2.200e+01 
 2.200e+01  2.200e+01  2.200e+01  2.200e+01 

b:
 1.690e+02  1.680e+02  1.670e+02  1.650e+02 

x:
 1.000e+00 -2.659e-14  1.000e+00  1.300e-13 

./a.out : Task = 9 Res1 = 2.766549e-15 Res2 = 1.452445e-12 T1 = 0.00 T2 = 0.00 S = 1 N = 25 M = 24 P = 2
============================== a.out n=26 m=3 p=1 s=1 ===============
### Run  ./a.out 26 3 1 4 1
A:
 2.600e+01  2.500e+01  2.400e+01  2.300e+01 
 2.500e+01  2.500e+01  2.400e+01  2.300e+01 
 2.400e+01  2.400e+01  2.400e+01  2.300e+01 
 2.300e+01  2.300e+01  2.300e+01  2.300e+01 

b:
 1.820e+02  1.810e+02  1.800e+02  1.780e+02 

x:
 1.000e+00  2.798e-14  1.000e+00 -2.398e-13 

./a.out : Task = 9 Res1 = 3.067492e-16 Res2 = 6.599166e-13 T1 = 0.00 T2 = 0.00 S = 1 N = 26 M = 3 P = 1
============================== a.out n=26 m=3 p=2 s=1 ===============
### Run  ./a.out 26 3 2 4 1
A:
 2.600e+01  2.500e+01  2.400e+01  2.300e+01 
 2.500e+01  2.500e+01  2.400e+01  2.300e+01 
 2.400e+01  2.400e+01  2.400e+01  2.300e+01 
 2.300e+01  2.300e+01  2.300e+01  2.300e+01 

b:
 1.820e+02  1.810e+02  1.800e+02  1.780e+02 

x:
 1.000e+00  2.798e-14  1.000e+00 -2.398e-13 

./a.out : Task = 9 Res1 = 3.112110e-16 Res2 = 6.590284e-13 T1 = 0.00 T2 = 0.00 S = 1 N = 26 M = 3 P = 2
============================== a.out n=26 m=3 p=3 s=1 ===============
### Run  ./a.out 26 3 3 4 1
A:
 2.600e+01  2.500e+01  2.400e+01  2.300e+01 
 2.500e+01  2.500e+01  2.400e+01  2.300e+01 
 2.400e+01  2.400e+01  2.400e+01  2.300e+01 
 2.300e+01  2.300e+01  2.300e+01  2.300e+01 

b:
 1.820e+02  1.810e+02  1.800e+02  1.780e+02 

x:
 1.000e+00  2.798e-14  1.000e+00 -2.398e-13 

./a.out : Task = 9 Res1 = 2.877865e-16 Res2 = 6.568079e-13 T1 = 0.00 T2 = 0.00 S = 1 N = 26 M = 3 P = 3
============================== a.out n=26 m=3 p=4 s=1 ===============
### Run  ./a.out 26 3 4 4 1
A:
 2.600e+01  2.500e+01  2.400e+01  2.300e+01 
 2.500e+01  2.500e+01  2.400e+01  2.300e+01 
 2.400e+01  2.400e+01  2.400e+01  2.300e+01 
 2.300e+01  2.300e+01  2.300e+01  2.300e+01 

b:
 1.820e+02  1.810e+02  1.800e+02  1.780e+02 

x:
 1.000e+00  2.798e-14  1.000e+00 -2.398e-13 

./a.out : Task = 9 Res1 = 3.413282e-16 Res2 = 6.572520e-13 T1 = 0.00 T2 = 0.00 S = 1 N = 26 M = 3 P = 4
============================== a.out n=26 m=3 p=5 s=1 ===============
### Run  ./a.out 26 3 5 4 1
A:
 2.600e+01  2.500e+01  2.400e+01  2.300e+01 
 2.500e+01  2.500e+01  2.400e+01  2.300e+01 
 2.400e+01  2.400e+01  2.400e+01  2.300e+01 
 2.300e+01  2.300e+01  2.300e+01  2.300e+01 

b:
 1.820e+02  1.810e+02  1.800e+02  1.780e+02 

x:
 1.000e+00  2.798e-14  1.000e+00 -2.398e-13 

./a.out : Task = 9 Res1 = 2.755166e-16 Res2 = 6.576961e-13 T1 = 0.00 T2 = 0.00 S = 1 N = 26 M = 3 P = 5
============================== a.out n=26 m=3 p=6 s=1 ===============
### Run  ./a.out 26 3 6 4 1
A:
 2.600e+01  2.500e+01  2.400e+01  2.300e+01 
 2.500e+01  2.500e+01  2.400e+01  2.300e+01 
 2.400e+01  2.400e+01  2.400e+01  2.300e+01 
 2.300e+01  2.300e+01  2.300e+01  2.300e+01 

b:
 1.820e+02  1.810e+02  1.800e+02  1.780e+02 

x:
 1.000e+00  2.798e-14  1.000e+00 -2.398e-13 

./a.out : Task = 9 Res1 = 3.245964e-16 Res2 = 6.599166e-13 T1 = 0.00 T2 = 0.00 S = 1 N = 26 M = 3 P = 6
============================== a.out n=26 m=3 p=7 s=1 ===============
### Run  ./a.out 26 3 7 4 1
A:
 2.600e+01  2.500e+01  2.400e+01  2.300e+01 
 2.500e+01  2.500e+01  2.400e+01  2.300e+01 
 2.400e+01  2.400e+01  2.400e+01  2.300e+01 
 2.300e+01  2.300e+01  2.300e+01  2.300e+01 

b:
 1.820e+02  1.810e+02  1.800e+02  1.780e+02 

x:
 1.000e+00  2.798e-14  1.000e+00 -2.398e-13 

./a.out : Task = 9 Res1 = 3.179037e-16 Res2 = 6.594725e-13 T1 = 0.00 T2 = 0.00 S = 1 N = 26 M = 3 P = 7
============================== a.out n=26 m=3 p=8 s=1 ===============
### Run  ./a.out 26 3 8 4 1
A:
 2.600e+01  2.500e+01  2.400e+01  2.300e+01 
 2.500e+01  2.500e+01  2.400e+01  2.300e+01 
 2.400e+01  2.400e+01  2.400e+01  2.300e+01 
 2.300e+01  2.300e+01  2.300e+01  2.300e+01 

b:
 1.820e+02  1.810e+02  1.800e+02  1.780e+02 

x:
 1.000e+00  2.798e-14  1.000e+00 -2.398e-13 

./a.out : Task = 9 Res1 = 2.933638e-16 Res2 = 6.581402e-13 T1 = 0.00 T2 = 0.00 S = 1 N = 26 M = 3 P = 8
============================== a.out n=26 m=3 p=9 s=1 ===============
### Run  ./a.out 26 3 9 4 1
A:
 2.600e+01  2.500e+01  2.400e+01  2.300e+01 
 2.500e+01  2.500e+01  2.400e+01  2.300e+01 
 2.400e+01  2.400e+01  2.400e+01  2.300e+01 
 2.300e+01  2.300e+01  2.300e+01  2.300e+01 

b:
 1.820e+02  1.810e+02  1.800e+02  1.780e+02 

x:
 1.000e+00  2.798e-14  1.000e+00 -2.398e-13 

./a.out : Task = 9 Res1 = 2.755166e-16 Res2 = 6.590284e-13 T1 = 0.00 T2 = 0.00 S = 1 N = 26 M = 3 P = 9
============================== a.out n=26 m=6 p=1 s=1 ===============
### Run  ./a.out 26 6 1 4 1
A:
 2.600e+01  2.500e+01  2.400e+01  2.300e+01 
 2.500e+01  2.500e+01  2.400e+01  2.300e+01 
 2.400e+01  2.400e+01  2.400e+01  2.300e+01 
 2.300e+01  2.300e+01  2.300e+01  2.300e+01 

b:
 1.820e+02  1.810e+02  1.800e+02  1.780e+02 

x:
 1.000e+00  1.853e-14  1.000e+00 -9.992e-16 

./a.out : Task = 9 Res1 = 6.034594e-16 Res2 = 7.977308e-13 T1 = 0.00 T2 = 0.00 S = 1 N = 26 M = 6 P = 1
============================== a.out n=26 m=6 p=2 s=1 ===============
### Run  ./a.out 26 6 2 4 1
A:
 2.600e+01  2.500e+01  2.400e+01  2.300e+01 
 2.500e+01  2.500e+01  2.400e+01  2.300e+01 
 2.400e+01  2.400e+01  2.400e+01  2.300e+01 
 2.300e+01  2.300e+01  2.300e+01  2.300e+01 

b:
 1.820e+02  1.810e+02  1.800e+02  1.780e+02 

x:
 1.000e+00  1.853e-14  1.000e+00 -9.992e-16 

./a.out : Task = 9 Res1 = 6.034594e-16 Res2 = 7.977308e-13 T1 = 0.00 T2 = 0.00 S = 1 N = 26 M = 6 P = 2
============================== a.out n=26 m=6 p=3 s=1 ===============
### Run  ./a.out 26 6 3 4 1
A:
 2.600e+01  2.500e+01  2.400e+01  2.300e+01 
 2.500e+01  2.500e+01  2.400e+01  2.300e+01 
 2.400e+01  2.400e+01  2.400e+01  2.300e+01 
 2.300e+01  2.300e+01  2.300e+01  2.300e+01 

b:
 1.820e+02  1.810e+02  1.800e+02  1.780e+02 

x:
 1.000e+00  1.853e-14  1.000e+00 -9.992e-16 

./a.out : Task = 9 Res1 = 6.034594e-16 Res2 = 7.977308e-13 T1 = 0.00 T2 = 0.00 S = 1 N = 26 M = 6 P = 3
============================== a.out n=26 m=6 p=4 s=1 ===============
### Run  ./a.out 26 6 4 4 1
A:
 2.600e+01  2.500e+01  2.400e+01  2.300e+01 
 2.500e+01  2.500e+01  2.400e+01  2.300e+01 
 2.400e+01  2.400e+01  2.400e+01  2.300e+01 
 2.300e+01  2.300e+01  2.300e+01  2.300e+01 

b:
 1.820e+02  1.810e+02  1.800e+02  1.780e+02 

x:
 1.000e+00  1.853e-14  1.000e+00 -9.992e-16 

./a.out : Task = 9 Res1 = 6.034594e-16 Res2 = 7.977308e-13 T1 = 0.00 T2 = 0.00 S = 1 N = 26 M = 6 P = 4
============================== a.out n=26 m=6 p=5 s=1 ===============
### Run  ./a.out 26 6 5 4 1
A:
 2.600e+01  2.500e+01  2.400e+01  2.300e+01 
 2.500e+01  2.500e+01  2.400e+01  2.300e+01 
 2.400e+01  2.400e+01  2.400e+01  2.300e+01 
 2.300e+01  2.300e+01  2.300e+01  2.300e+01 

b:
 1.820e+02  1.810e+02  1.800e+02  1.780e+02 

x:
 1.000e+00  1.853e-14  1.000e+00 -9.992e-16 

./a.out : Task = 9 Res1 = 6.034594e-16 Res2 = 7.977308e-13 T1 = 0.00 T2 = 0.00 S = 1 N = 26 M = 6 P = 5
============================== a.out n=26 m=9 p=1 s=1 ===============
### Run  ./a.out 26 9 1 4 1
A:
 2.600e+01  2.500e+01  2.400e+01  2.300e+01 
 2.500e+01  2.500e+01  2.400e+01  2.300e+01 
 2.400e+01  2.400e+01  2.400e+01  2.300e+01 
 2.300e+01  2.300e+01  2.300e+01  2.300e+01 

b:
 1.820e+02  1.810e+02  1.800e+02  1.780e+02 

x:
 1.000e+00 -9.304e-15  1.000e+00  4.159e-14 

./a.out : Task = 9 Res1 = 3.852770e-15 Res2 = 2.653770e-12 T1 = 0.00 T2 = 0.00 S = 1 N = 26 M = 9 P = 1
============================== a.out n=26 m=9 p=2 s=1 ===============
### Run  ./a.out 26 9 2 4 1
A:
 2.600e+01  2.500e+01  2.400e+01  2.300e+01 
 2.500e+01  2.500e+01  2.400e+01  2.300e+01 
 2.400e+01  2.400e+01  2.400e+01  2.300e+01 
 2.300e+01  2.300e+01  2.300e+01  2.300e+01 

b:
 1.820e+02  1.810e+02  1.800e+02  1.780e+02 

x:
 1.000e+00 -9.304e-15  1.000e+00  4.159e-14 

./a.out : Task = 9 Res1 = 3.852770e-15 Res2 = 2.653770e-12 T1 = 0.00 T2 = 0.00 S = 1 N = 26 M = 9 P = 2
============================== a.out n=26 m=9 p=3 s=1 ===============
### Run  ./a.out 26 9 3 4 1
A:
 2.600e+01  2.500e+01  2.400e+01  2.300e+01 
 2.500e+01  2.500e+01  2.400e+01  2.300e+01 
 2.400e+01  2.400e+01  2.400e+01  2.300e+01 
 2.300e+01  2.300e+01  2.300e+01  2.300e+01 

b:
 1.820e+02  1.810e+02  1.800e+02  1.780e+02 

x:
 1.000e+00 -9.304e-15  1.000e+00  4.159e-14 

./a.out : Task = 9 Res1 = 3.852770e-15 Res2 = 2.653770e-12 T1 = 0.00 T2 = 0.00 S = 1 N = 26 M = 9 P = 3
============================== a.out n=26 m=12 p=1 s=1 ===============
### Run  ./a.out 26 12 1 4 1
A:
 2.600e+01  2.500e+01  2.400e+01  2.300e+01 
 2.500e+01  2.500e+01  2.400e+01  2.300e+01 
 2.400e+01  2.400e+01  2.400e+01  2.300e+01 
 2.300e+01  2.300e+01  2.300e+01  2.300e+01 

b:
 1.820e+02  1.810e+02  1.800e+02  1.780e+02 

x:
 1.000e+00  5.991e-14  1.000e+00 -8.790e-14 

./a.out : Task = 9 Res1 = 8.624115e-15 Res2 = 3.942200e-12 T1 = 0.00 T2 = 0.00 S = 1 N = 26 M = 12 P = 1
============================== a.out n=26 m=12 p=2 s=1 ===============
### Run  ./a.out 26 12 2 4 1
A:
 2.600e+01  2.500e+01  2.400e+01  2.300e+01 
 2.500e+01  2.500e+01  2.400e+01  2.300e+01 
 2.400e+01  2.400e+01  2.400e+01  2.300e+01 
 2.300e+01  2.300e+01  2.300e+01  2.300e+01 

b:
 1.820e+02  1.810e+02  1.800e+02  1.780e+02 

x:
 1.000e+00  5.991e-14  1.000e+00 -8.790e-14 

./a.out : Task = 9 Res1 = 8.624115e-15 Res2 = 3.942200e-12 T1 = 0.00 T2 = 0.00 S = 1 N = 26 M = 12 P = 2
============================== a.out n=26 m=12 p=3 s=1 ===============
### Run  ./a.out 26 12 3 4 1
A:
 2.600e+01  2.500e+01  2.400e+01  2.300e+01 
 2.500e+01  2.500e+01  2.400e+01  2.300e+01 
 2.400e+01  2.400e+01  2.400e+01  2.300e+01 
 2.300e+01  2.300e+01  2.300e+01  2.300e+01 

b:
 1.820e+02  1.810e+02  1.800e+02  1.780e+02 

x:
 1.000e+00  5.991e-14  1.000e+00 -8.790e-14 

./a.out : Task = 9 Res1 = 8.624115e-15 Res2 = 3.942200e-12 T1 = 0.00 T2 = 0.00 S = 1 N = 26 M = 12 P = 3
============================== a.out n=26 m=15 p=1 s=1 ===============
### Run  ./a.out 26 15 1 4 1
A:
 2.600e+01  2.500e+01  2.400e+01  2.300e+01 
 2.500e+01  2.500e+01  2.400e+01  2.300e+01 
 2.400e+01  2.400e+01  2.400e+01  2.300e+01 
 2.300e+01  2.300e+01  2.300e+01  2.300e+01 

b:
 1.820e+02  1.810e+02  1.800e+02  1.780e+02 

x:
 1.000e+00 -3.316e-14  1.000e+00 -1.374e-13 

./a.out : Task = 9 Res1 = 7.612958e-15 Res2 = 3.357098e-12 T1 = 0.00 T2 = 0.00 S = 1 N = 26 M = 15 P = 1
============================== a.out n=26 m=15 p=2 s=1 ===============
### Run  ./a.out 26 15 2 4 1
A:
 2.600e+01  2.500e+01  2.400e+01  2.300e+01 
 2.500e+01  2.500e+01  2.400e+01  2.300e+01 
 2.400e+01  2.400e+01  2.400e+01  2.300e+01 
 2.300e+01  2.300e+01  2.300e+01  2.300e+01 

b:
 1.820e+02  1.810e+02  1.800e+02  1.780e+02 

x:
 1.000e+00 -3.316e-14  1.000e+00 -1.374e-13 

./a.out : Task = 9 Res1 = 7.612958e-15 Res2 = 3.357098e-12 T1 = 0.00 T2 = 0.00 S = 1 N = 26 M = 15 P = 2
============================== a.out n=26 m=18 p=1 s=1 ===============
### Run  ./a.out 26 18 1 4 1
A:
 2.600e+01  2.500e+01  2.400e+01  2.300e+01 
 2.500e+01  2.500e+01  2.400e+01  2.300e+01 
 2.400e+01  2.400e+01  2.400e+01  2.300e+01 
 2.300e+01  2.300e+01  2.300e+01  2.300e+01 

b:
 1.820e+02  1.810e+02  1.800e+02  1.780e+02 

x:
 1.000e+00  2.156e-14  1.000e+00 -8.472e-14 

./a.out : Task = 9 Res1 = 3.596216e-15 Res2 = 1.990501e-12 T1 = 0.00 T2 = 0.00 S = 1 N = 26 M = 18 P = 1
============================== a.out n=26 m=18 p=2 s=1 ===============
### Run  ./a.out 26 18 2 4 1
A:
 2.600e+01  2.500e+01  2.400e+01  2.300e+01 
 2.500e+01  2.500e+01  2.400e+01  2.300e+01 
 2.400e+01  2.400e+01  2.400e+01  2.300e+01 
 2.300e+01  2.300e+01  2.300e+01  2.300e+01 

b:
 1.820e+02  1.810e+02  1.800e+02  1.780e+02 

x:
 1.000e+00  2.156e-14  1.000e+00 -8.472e-14 

./a.out : Task = 9 Res1 = 3.596216e-15 Res2 = 1.990501e-12 T1 = 0.00 T2 = 0.00 S = 1 N = 26 M = 18 P = 2
============================== a.out n=26 m=21 p=1 s=1 ===============
### Run  ./a.out 26 21 1 4 1
A:
 2.600e+01  2.500e+01  2.400e+01  2.300e+01 
 2.500e+01  2.500e+01  2.400e+01  2.300e+01 
 2.400e+01  2.400e+01  2.400e+01  2.300e+01 
 2.300e+01  2.300e+01  2.300e+01  2.300e+01 

b:
 1.820e+02  1.810e+02  1.800e+02  1.780e+02 

x:
 1.000e+00  1.219e-14  1.000e+00 -4.291e-14 

./a.out : Task = 9 Res1 = 2.655891e-15 Res2 = 1.220935e-12 T1 = 0.00 T2 = 0.00 S = 1 N = 26 M = 21 P = 1
============================== a.out n=26 m=21 p=2 s=1 ===============
### Run  ./a.out 26 21 2 4 1
A:
 2.600e+01  2.500e+01  2.400e+01  2.300e+01 
 2.500e+01  2.500e+01  2.400e+01  2.300e+01 
 2.400e+01  2.400e+01  2.400e+01  2.300e+01 
 2.300e+01  2.300e+01  2.300e+01  2.300e+01 

b:
 1.820e+02  1.810e+02  1.800e+02  1.780e+02 

x:
 1.000e+00  1.219e-14  1.000e+00 -4.291e-14 

./a.out : Task = 9 Res1 = 2.655891e-15 Res2 = 1.220935e-12 T1 = 0.00 T2 = 0.00 S = 1 N = 26 M = 21 P = 2
============================== a.out n=26 m=24 p=1 s=1 ===============
### Run  ./a.out 26 24 1 4 1
A:
 2.600e+01  2.500e+01  2.400e+01  2.300e+01 
 2.500e+01  2.500e+01  2.400e+01  2.300e+01 
 2.400e+01  2.400e+01  2.400e+01  2.300e+01 
 2.300e+01  2.300e+01  2.300e+01  2.300e+01 

b:
 1.820e+02  1.810e+02  1.800e+02  1.780e+02 

x:
 1.000e+00  7.667e-14  1.000e+00  6.732e-14 

./a.out : Task = 9 Res1 = 3.491364e-15 Res2 = 1.848446e-12 T1 = 0.00 T2 = 0.00 S = 1 N = 26 M = 24 P = 1
============================== a.out n=26 m=24 p=2 s=1 ===============
### Run  ./a.out 26 24 2 4 1
A:
 2.600e+01  2.500e+01  2.400e+01  2.300e+01 
 2.500e+01  2.500e+01  2.400e+01  2.300e+01 
 2.400e+01  2.400e+01  2.400e+01  2.300e+01 
 2.300e+01  2.300e+01  2.300e+01  2.300e+01 

b:
 1.820e+02  1.810e+02  1.800e+02  1.780e+02 

x:
 1.000e+00  7.667e-14  1.000e+00  6.732e-14 

./a.out : Task = 9 Res1 = 3.491364e-15 Res2 = 1.848446e-12 T1 = 0.00 T2 = 0.00 S = 1 N = 26 M = 24 P = 2
============================== a.out n=27 m=3 p=1 s=1 ===============
### Run  ./a.out 27 3 1 4 1
A:
 2.700e+01  2.600e+01  2.500e+01  2.400e+01 
 2.600e+01  2.600e+01  2.500e+01  2.400e+01 
 2.500e+01  2.500e+01  2.500e+01  2.400e+01 
 2.400e+01  2.400e+01  2.400e+01  2.400e+01 

b:
 1.960e+02  1.950e+02  1.940e+02  1.920e+02 

x:
 1.000e+00 -2.343e-14  1.000e+00  7.836e-13 

./a.out : Task = 9 Res1 = 7.313824e-16 Res2 = 1.892599e-12 T1 = 0.00 T2 = 0.00 S = 1 N = 27 M = 3 P = 1
============================== a.out n=27 m=3 p=2 s=1 ===============
### Run  ./a.out 27 3 2 4 1
A:
 2.700e+01  2.600e+01  2.500e+01  2.400e+01 
 2.600e+01  2.600e+01  2.500e+01  2.400e+01 
 2.500e+01  2.500e+01  2.500e+01  2.400e+01 
 2.400e+01  2.400e+01  2.400e+01  2.400e+01 

b:
 1.960e+02  1.950e+02  1.940e+02  1.920e+02 

x:
 1.000e+00 -2.343e-14  1.000e+00  7.836e-13 

./a.out : Task = 9 Res1 = 7.712669e-16 Res2 = 1.890378e-12 T1 = 0.00 T2 = 0.00 S = 1 N = 27 M = 3 P = 2
============================== a.out n=27 m=3 p=3 s=1 ===============
### Run  ./a.out 27 3 3 4 1
A:
 2.700e+01  2.600e+01  2.500e+01  2.400e+01 
 2.600e+01  2.600e+01  2.500e+01  2.400e+01 
 2.500e+01  2.500e+01  2.500e+01  2.400e+01 
 2.400e+01  2.400e+01  2.400e+01  2.400e+01 

b:
 1.960e+02  1.950e+02  1.940e+02  1.920e+02 

x:
 1.000e+00 -2.343e-14  1.000e+00  7.836e-13 

./a.out : Task = 9 Res1 = 7.672785e-16 Res2 = 1.890378e-12 T1 = 0.00 T2 = 0.00 S = 1 N = 27 M = 3 P = 3
============================== a.out n=27 m=3 p=4 s=1 ===============
### Run  ./a.out 27 3 4 4 1
A:
 2.700e+01  2.600e+01  2.500e+01  2.400e+01 
 2.600e+01  2.600e+01  2.500e+01  2.400e+01 
 2.500e+01  2.500e+01  2.500e+01  2.400e+01 
 2.400e+01  2.400e+01  2.400e+01  2.400e+01 

b:
 1.960e+02  1.950e+02  1.940e+02  1.920e+02 

x:
 1.000e+00 -2.343e-14  1.000e+00  7.836e-13 

./a.out : Task = 9 Res1 = 7.433478e-16 Res2 = 1.891266e-12 T1 = 0.00 T2 = 0.00 S = 1 N = 27 M = 3 P = 4
============================== a.out n=27 m=3 p=5 s=1 ===============
### Run  ./a.out 27 3 5 4 1
A:
 2.700e+01  2.600e+01  2.500e+01  2.400e+01 
 2.600e+01  2.600e+01  2.500e+01  2.400e+01 
 2.500e+01  2.500e+01  2.500e+01  2.400e+01 
 2.400e+01  2.400e+01  2.400e+01  2.400e+01 

b:
 1.960e+02  1.950e+02  1.940e+02  1.920e+02 

x:
 1.000e+00 -2.343e-14  1.000e+00  7.836e-13 

./a.out : Task = 9 Res1 = 7.712669e-16 Res2 = 1.890378e-12 T1 = 0.00 T2 = 0.00 S = 1 N = 27 M = 3 P = 5
============================== a.out n=27 m=3 p=6 s=1 ===============
### Run  ./a.out 27 3 6 4 1
A:
 2.700e+01  2.600e+01  2.500e+01  2.400e+01 
 2.600e+01  2.600e+01  2.500e+01  2.400e+01 
 2.500e+01  2.500e+01  2.500e+01  2.400e+01 
 2.400e+01  2.400e+01  2.400e+01  2.400e+01 

b:
 1.960e+02  1.950e+02  1.940e+02  1.920e+02 

x:
 1.000e+00 -2.343e-14  1.000e+00  7.836e-13 

./a.out : Task = 9 Res1 = 7.712669e-16 Res2 = 1.890378e-12 T1 = 0.00 T2 = 0.00 S = 1 N = 27 M = 3 P = 6
============================== a.out n=27 m=3 p=7 s=1 ===============
### Run  ./a.out 27 3 7 4 1
A:
 2.700e+01  2.600e+01  2.500e+01  2.400e+01 
 2.600e+01  2.600e+01  2.500e+01  2.400e+01 
 2.500e+01  2.500e+01  2.500e+01  2.400e+01 
 2.400e+01  2.400e+01  2.400e+01  2.400e+01 

b:
 1.960e+02  1.950e+02  1.940e+02  1.920e+02 

x:
 1.000e+00 -2.343e-14  1.000e+00  7.836e-13 

./a.out : Task = 9 Res1 = 7.712669e-16 Res2 = 1.890378e-12 T1 = 0.00 T2 = 0.00 S = 1 N = 27 M = 3 P = 7
============================== a.out n=27 m=3 p=8 s=1 ===============
### Run  ./a.out 27 3 8 4 1
A:
 2.700e+01  2.600e+01  2.500e+01  2.400e+01 
 2.600e+01  2.600e+01  2.500e+01  2.400e+01 
 2.500e+01  2.500e+01  2.500e+01  2.400e+01 
 2.400e+01  2.400e+01  2.400e+01  2.400e+01 

b:
 1.960e+02  1.950e+02  1.940e+02  1.920e+02 

x:
 1.000e+00 -2.343e-14  1.000e+00  7.836e-13 

./a.out : Task = 9 Res1 = 7.672785e-16 Res2 = 1.890378e-12 T1 = 0.00 T2 = 0.00 S = 1 N = 27 M = 3 P = 8
============================== a.out n=27 m=3 p=9 s=1 ===============
### Run  ./a.out 27 3 9 4 1
A:
 2.700e+01  2.600e+01  2.500e+01  2.400e+01 
 2.600e+01  2.600e+01  2.500e+01  2.400e+01 
 2.500e+01  2.500e+01  2.500e+01  2.400e+01 
 2.400e+01  2.400e+01  2.400e+01  2.400e+01 

b:
 1.960e+02  1.950e+02  1.940e+02  1.920e+02 

x:
 1.000e+00 -2.343e-14  1.000e+00  7.836e-13 

./a.out : Task = 9 Res1 = 7.433478e-16 Res2 = 1.891266e-12 T1 = 0.00 T2 = 0.00 S = 1 N = 27 M = 3 P = 9
============================== a.out n=27 m=3 p=10 s=1 ===============
### Run  ./a.out 27 3 10 4 1
A:
 2.700e+01  2.600e+01  2.500e+01  2.400e+01 
 2.600e+01  2.600e+01  2.500e+01  2.400e+01 
 2.500e+01  2.500e+01  2.500e+01  2.400e+01 
 2.400e+01  2.400e+01  2.400e+01  2.400e+01 

b:
 1.960e+02  1.950e+02  1.940e+02  1.920e+02 

x:
 1.000e+00 -2.343e-14  1.000e+00  7.836e-13 

./a.out : Task = 9 Res1 = 7.637886e-16 Res2 = 1.889934e-12 T1 = 0.00 T2 = 0.00 S = 1 N = 27 M = 3 P = 10
============================== a.out n=27 m=6 p=1 s=1 ===============
### Run  ./a.out 27 6 1 4 1
A:
 2.700e+01  2.600e+01  2.500e+01  2.400e+01 
 2.600e+01  2.600e+01  2.500e+01  2.400e+01 
 2.500e+01  2.500e+01  2.500e+01  2.400e+01 
 2.400e+01  2.400e+01  2.400e+01  2.400e+01 

b:
 1.960e+02  1.950e+02  1.940e+02  1.920e+02 

x:
 1.000e+00  2.429e-14  1.000e+00 -6.217e-15 

./a.out : Task = 9 Res1 = 1.726501e-15 Res2 = 2.085192e-12 T1 = 0.00 T2 = 0.00 S = 1 N = 27 M = 6 P = 1
============================== a.out n=27 m=6 p=2 s=1 ===============
### Run  ./a.out 27 6 2 4 1
A:
 2.700e+01  2.600e+01  2.500e+01  2.400e+01 
 2.600e+01  2.600e+01  2.500e+01  2.400e+01 
 2.500e+01  2.500e+01  2.500e+01  2.400e+01 
 2.400e+01  2.400e+01  2.400e+01  2.400e+01 

b:
 1.960e+02  1.950e+02  1.940e+02  1.920e+02 

x:
 1.000e+00  2.429e-14  1.000e+00 -6.217e-15 

./a.out : Task = 9 Res1 = 1.756415e-15 Res2 = 2.086081e-12 T1 = 0.00 T2 = 0.00 S = 1 N = 27 M = 6 P = 2
============================== a.out n=27 m=6 p=3 s=1 ===============
### Run  ./a.out 27 6 3 4 1
A:
 2.700e+01  2.600e+01  2.500e+01  2.400e+01 
 2.600e+01  2.600e+01  2.500e+01  2.400e+01 
 2.500e+01  2.500e+01  2.500e+01  2.400e+01 
 2.400e+01  2.400e+01  2.400e+01  2.400e+01 

b:
 1.960e+02  1.950e+02  1.940e+02  1.920e+02 

x:
 1.000e+00  2.429e-14  1.000e+00 -6.217e-15 

./a.out : Task = 9 Res1 = 1.788322e-15 Res2 = 2.086969e-12 T1 = 0.00 T2 = 0.00 S = 1 N = 27 M = 6 P = 3
============================== a.out n=27 m=6 p=4 s=1 ===============
### Run  ./a.out 27 6 4 4 1
A:
 2.700e+01  2.600e+01  2.500e+01  2.400e+01 
 2.600e+01  2.600e+01  2.500e+01  2.400e+01 
 2.500e+01  2.500e+01  2.500e+01  2.400e+01 
 2.400e+01  2.400e+01  2.400e+01  2.400e+01 

b:
 1.960e+02  1.950e+02  1.940e+02  1.920e+02 

x:
 1.000e+00  2.429e-14  1.000e+00 -6.217e-15 

./a.out : Task = 9 Res1 = 1.756415e-15 Res2 = 2.086081e-12 T1 = 0.00 T2 = 0.00 S = 1 N = 27 M = 6 P = 4
============================== a.out n=27 m=6 p=5 s=1 ===============
### Run  ./a.out 27 6 5 4 1
A:
 2.700e+01  2.600e+01  2.500e+01  2.400e+01 
 2.600e+01  2.600e+01  2.500e+01  2.400e+01 
 2.500e+01  2.500e+01  2.500e+01  2.400e+01 
 2.400e+01  2.400e+01  2.400e+01  2.400e+01 

b:
 1.960e+02  1.950e+02  1.940e+02  1.920e+02 

x:
 1.000e+00  2.429e-14  1.000e+00 -6.217e-15 

./a.out : Task = 9 Res1 = 1.726501e-15 Res2 = 2.085192e-12 T1 = 0.00 T2 = 0.00 S = 1 N = 27 M = 6 P = 5
============================== a.out n=27 m=9 p=1 s=1 ===============
### Run  ./a.out 27 9 1 4 1
A:
 2.700e+01  2.600e+01  2.500e+01  2.400e+01 
 2.600e+01  2.600e+01  2.500e+01  2.400e+01 
 2.500e+01  2.500e+01  2.500e+01  2.400e+01 
 2.400e+01  2.400e+01  2.400e+01  2.400e+01 

b:
 1.960e+02  1.950e+02  1.940e+02  1.920e+02 

x:
 1.000e+00  4.316e-14  1.000e+00  3.583e-14 

./a.out : Task = 9 Res1 = 4.076198e-15 Res2 = 3.451043e-12 T1 = 0.00 T2 = 0.00 S = 1 N = 27 M = 9 P = 1
============================== a.out n=27 m=9 p=2 s=1 ===============
### Run  ./a.out 27 9 2 4 1
A:
 2.700e+01  2.600e+01  2.500e+01  2.400e+01 
 2.600e+01  2.600e+01  2.500e+01  2.400e+01 
 2.500e+01  2.500e+01  2.500e+01  2.400e+01 
 2.400e+01  2.400e+01  2.400e+01  2.400e+01 

b:
 1.960e+02  1.950e+02  1.940e+02  1.920e+02 

x:
 1.000e+00  4.316e-14  1.000e+00  3.583e-14 

./a.out : Task = 9 Res1 = 4.076198e-15 Res2 = 3.451043e-12 T1 = 0.00 T2 = 0.00 S = 1 N = 27 M = 9 P = 2
============================== a.out n=27 m=9 p=3 s=1 ===============
### Run  ./a.out 27 9 3 4 1
A:
 2.700e+01  2.600e+01  2.500e+01  2.400e+01 
 2.600e+01  2.600e+01  2.500e+01  2.400e+01 
 2.500e+01  2.500e+01  2.500e+01  2.400e+01 
 2.400e+01  2.400e+01  2.400e+01  2.400e+01 

b:
 1.960e+02  1.950e+02  1.940e+02  1.920e+02 

x:
 1.000e+00  4.316e-14  1.000e+00  3.583e-14 

./a.out : Task = 9 Res1 = 4.076198e-15 Res2 = 3.451043e-12 T1 = 0.00 T2 = 0.00 S = 1 N = 27 M = 9 P = 3
============================== a.out n=27 m=9 p=4 s=1 ===============
### Run  ./a.out 27 9 4 4 1
A:
 2.700e+01  2.600e+01  2.500e+01  2.400e+01 
 2.600e+01  2.600e+01  2.500e+01  2.400e+01 
 2.500e+01  2.500e+01  2.500e+01  2.400e+01 
 2.400e+01  2.400e+01  2.400e+01  2.400e+01 

b:
 1.960e+02  1.950e+02  1.940e+02  1.920e+02 

x:
 1.000e+00  4.316e-14  1.000e+00  3.583e-14 

./a.out : Task = 9 Res1 = 4.076198e-15 Res2 = 3.451043e-12 T1 = 0.00 T2 = 0.00 S = 1 N = 27 M = 9 P = 4
============================== a.out n=27 m=12 p=1 s=1 ===============
### Run  ./a.out 27 12 1 4 1
A:
 2.700e+01  2.600e+01  2.500e+01  2.400e+01 
 2.600e+01  2.600e+01  2.500e+01  2.400e+01 
 2.500e+01  2.500e+01  2.500e+01  2.400e+01 
 2.400e+01  2.400e+01  2.400e+01  2.400e+01 

b:
 1.960e+02  1.950e+02  1.940e+02  1.920e+02 

x:
 1.000e+00  1.026e-13  1.000e+00  1.337e-13 

./a.out : Task = 9 Res1 = 6.079897e-15 Res2 = 3.492411e-12 T1 = 0.00 T2 = 0.00 S = 1 N = 27 M = 12 P = 1
============================== a.out n=27 m=12 p=2 s=1 ===============
### Run  ./a.out 27 12 2 4 1
A:
 2.700e+01  2.600e+01  2.500e+01  2.400e+01 
 2.600e+01  2.600e+01  2.500e+01  2.400e+01 
 2.500e+01  2.500e+01  2.500e+01  2.400e+01 
 2.400e+01  2.400e+01  2.400e+01  2.400e+01 

b:
 1.960e+02  1.950e+02  1.940e+02  1.920e+02 

x:
 1.000e+00  1.026e-13  1.000e+00  1.337e-13 

./a.out : Task = 9 Res1 = 6.079897e-15 Res2 = 3.492411e-12 T1 = 0.00 T2 = 0.00 S = 1 N = 27 M = 12 P = 2
============================== a.out n=27 m=12 p=3 s=1 ===============
### Run  ./a.out 27 12 3 4 1
A:
 2.700e+01  2.600e+01  2.500e+01  2.400e+01 
 2.600e+01  2.600e+01  2.500e+01  2.400e+01 
 2.500e+01  2.500e+01  2.500e+01  2.400e+01 
 2.400e+01  2.400e+01  2.400e+01  2.400e+01 

b:
 1.960e+02  1.950e+02  1.940e+02  1.920e+02 

x:
 1.000e+00  1.026e-13  1.000e+00  1.337e-13 

./a.out : Task = 9 Res1 = 6.079897e-15 Res2 = 3.492411e-12 T1 = 0.00 T2 = 0.00 S = 1 N = 27 M = 12 P = 3
============================== a.out n=27 m=15 p=1 s=1 ===============
### Run  ./a.out 27 15 1 4 1
A:
 2.700e+01  2.600e+01  2.500e+01  2.400e+01 
 2.600e+01  2.600e+01  2.500e+01  2.400e+01 
 2.500e+01  2.500e+01  2.500e+01  2.400e+01 
 2.400e+01  2.400e+01  2.400e+01  2.400e+01 

b:
 1.960e+02  1.950e+02  1.940e+02  1.920e+02 

x:
 1.000e+00  2.764e-14  1.000e+00  1.963e-13 

./a.out : Task = 9 Res1 = 3.860822e-15 Res2 = 2.463688e-12 T1 = 0.00 T2 = 0.00 S = 1 N = 27 M = 15 P = 1
============================== a.out n=27 m=15 p=2 s=1 ===============
### Run  ./a.out 27 15 2 4 1
A:
 2.700e+01  2.600e+01  2.500e+01  2.400e+01 
 2.600e+01  2.600e+01  2.500e+01  2.400e+01 
 2.500e+01  2.500e+01  2.500e+01  2.400e+01 
 2.400e+01  2.400e+01  2.400e+01  2.400e+01 

b:
 1.960e+02  1.950e+02  1.940e+02  1.920e+02 

x:
 1.000e+00  2.764e-14  1.000e+00  1.963e-13 

./a.out : Task = 9 Res1 = 3.860822e-15 Res2 = 2.463688e-12 T1 = 0.00 T2 = 0.00 S = 1 N = 27 M = 15 P = 2
============================== a.out n=27 m=18 p=1 s=1 ===============
### Run  ./a.out 27 18 1 4 1
A:
 2.700e+01  2.600e+01  2.500e+01  2.400e+01 
 2.600e+01  2.600e+01  2.500e+01  2.400e+01 
 2.500e+01  2.500e+01  2.500e+01  2.400e+01 
 2.400e+01  2.400e+01  2.400e+01  2.400e+01 

b:
 1.960e+02  1.950e+02  1.940e+02  1.920e+02 

x:
 1.000e+00  1.223e-13  1.000e+00  1.392e-13 

./a.out : Task = 9 Res1 = 2.477826e-15 Res2 = 1.941804e-12 T1 = 0.00 T2 = 0.00 S = 1 N = 27 M = 18 P = 1
============================== a.out n=27 m=18 p=2 s=1 ===============
### Run  ./a.out 27 18 2 4 1
A:
 2.700e+01  2.600e+01  2.500e+01  2.400e+01 
 2.600e+01  2.600e+01  2.500e+01  2.400e+01 
 2.500e+01  2.500e+01  2.500e+01  2.400e+01 
 2.400e+01  2.400e+01  2.400e+01  2.400e+01 

b:
 1.960e+02  1.950e+02  1.940e+02  1.920e+02 

x:
 1.000e+00  1.223e-13  1.000e+00  1.392e-13 

./a.out : Task = 9 Res1 = 2.477826e-15 Res2 = 1.941804e-12 T1 = 0.00 T2 = 0.00 S = 1 N = 27 M = 18 P = 2
============================== a.out n=27 m=21 p=1 s=1 ===============
### Run  ./a.out 27 21 1 4 1
A:
 2.700e+01  2.600e+01  2.500e+01  2.400e+01 
 2.600e+01  2.600e+01  2.500e+01  2.400e+01 
 2.500e+01  2.500e+01  2.500e+01  2.400e+01 
 2.400e+01  2.400e+01  2.400e+01  2.400e+01 

b:
 1.960e+02  1.950e+02  1.940e+02  1.920e+02 

x:
 1.000e+00  1.028e-13  1.000e+00  4.013e-14 

./a.out : Task = 9 Res1 = 6.485722e-15 Res2 = 2.439963e-12 T1 = 0.00 T2 = 0.00 S = 1 N = 27 M = 21 P = 1
============================== a.out n=27 m=21 p=2 s=1 ===============
### Run  ./a.out 27 21 2 4 1
A:
 2.700e+01  2.600e+01  2.500e+01  2.400e+01 
 2.600e+01  2.600e+01  2.500e+01  2.400e+01 
 2.500e+01  2.500e+01  2.500e+01  2.400e+01 
 2.400e+01  2.400e+01  2.400e+01  2.400e+01 

b:
 1.960e+02  1.950e+02  1.940e+02  1.920e+02 

x:
 1.000e+00  1.028e-13  1.000e+00  4.013e-14 

./a.out : Task = 9 Res1 = 6.485722e-15 Res2 = 2.439963e-12 T1 = 0.00 T2 = 0.00 S = 1 N = 27 M = 21 P = 2
============================== a.out n=27 m=24 p=1 s=1 ===============
### Run  ./a.out 27 24 1 4 1
A:
 2.700e+01  2.600e+01  2.500e+01  2.400e+01 
 2.600e+01  2.600e+01  2.500e+01  2.400e+01 
 2.500e+01  2.500e+01  2.500e+01  2.400e+01 
 2.400e+01  2.400e+01  2.400e+01  2.400e+01 

b:
 1.960e+02  1.950e+02  1.940e+02  1.920e+02 

x:
 1.000e+00  1.867e-13  1.000e+00  1.063e-13 

./a.out : Task = 9 Res1 = 8.659927e-16 Res2 = 1.869128e-12 T1 = 0.00 T2 = 0.00 S = 1 N = 27 M = 24 P = 1
============================== a.out n=27 m=24 p=2 s=1 ===============
### Run  ./a.out 27 24 2 4 1
A:
 2.700e+01  2.600e+01  2.500e+01  2.400e+01 
 2.600e+01  2.600e+01  2.500e+01  2.400e+01 
 2.500e+01  2.500e+01  2.500e+01  2.400e+01 
 2.400e+01  2.400e+01  2.400e+01  2.400e+01 

b:
 1.960e+02  1.950e+02  1.940e+02  1.920e+02 

x:
 1.000e+00  1.867e-13  1.000e+00  1.063e-13 

./a.out : Task = 9 Res1 = 8.659927e-16 Res2 = 1.869128e-12 T1 = 0.00 T2 = 0.00 S = 1 N = 27 M = 24 P = 2
============================== a.out n=27 m=27 p=1 s=1 ===============
### Run  ./a.out 27 27 1 4 1
A:
 2.700e+01  2.600e+01  2.500e+01  2.400e+01 
 2.600e+01  2.600e+01  2.500e+01  2.400e+01 
 2.500e+01  2.500e+01  2.500e+01  2.400e+01 
 2.400e+01  2.400e+01  2.400e+01  2.400e+01 

b:
 1.960e+02  1.950e+02  1.940e+02  1.920e+02 

x:
 1.000e+00  1.974e-13  1.000e+00  1.126e-13 

./a.out : Task = 9 Res1 = 1.250878e-15 Res2 = 1.508461e-12 T1 = 0.00 T2 = 0.00 S = 1 N = 27 M = 27 P = 1
============================== a.out n=27 m=27 p=2 s=1 ===============
### Run  ./a.out 27 27 2 4 1
A:
 2.700e+01  2.600e+01  2.500e+01  2.400e+01 
 2.600e+01  2.600e+01  2.500e+01  2.400e+01 
 2.500e+01  2.500e+01  2.500e+01  2.400e+01 
 2.400e+01  2.400e+01  2.400e+01  2.400e+01 

b:
 1.960e+02  1.950e+02  1.940e+02  1.920e+02 

x:
 1.000e+00  1.974e-13  1.000e+00  1.126e-13 

./a.out : Task = 9 Res1 = 1.250878e-15 Res2 = 1.508461e-12 T1 = 0.00 T2 = 0.00 S = 1 N = 27 M = 27 P = 2
============================== a.out n=28 m=3 p=1 s=1 ===============
### Run  ./a.out 28 3 1 4 1
A:
 2.800e+01  2.700e+01  2.600e+01  2.500e+01 
 2.700e+01  2.700e+01  2.600e+01  2.500e+01 
 2.600e+01  2.600e+01  2.600e+01  2.500e+01 
 2.500e+01  2.500e+01  2.500e+01  2.500e+01 

b:
 2.100e+02  2.090e+02  2.080e+02  2.060e+02 

x:
 1.000e+00  2.176e-14  1.000e+00 -1.880e-13 

./a.out : Task = 9 Res1 = 3.584154e-16 Res2 = 6.020727e-13 T1 = 0.00 T2 = 0.00 S = 1 N = 28 M = 3 P = 1
============================== a.out n=28 m=3 p=2 s=1 ===============
### Run  ./a.out 28 3 2 4 1
A:
 2.800e+01  2.700e+01  2.600e+01  2.500e+01 
 2.700e+01  2.700e+01  2.600e+01  2.500e+01 
 2.600e+01  2.600e+01  2.600e+01  2.500e+01 
 2.500e+01  2.500e+01  2.500e+01  2.500e+01 

b:
 2.100e+02  2.090e+02  2.080e+02  2.060e+02 

x:
 1.000e+00  2.176e-14  1.000e+00 -1.880e-13 

./a.out : Task = 9 Res1 = 2.263676e-16 Res2 = 6.020727e-13 T1 = 0.00 T2 = 0.00 S = 1 N = 28 M = 3 P = 2
============================== a.out n=28 m=3 p=3 s=1 ===============
### Run  ./a.out 28 3 3 4 1
A:
 2.800e+01  2.700e+01  2.600e+01  2.500e+01 
 2.700e+01  2.700e+01  2.600e+01  2.500e+01 
 2.600e+01  2.600e+01  2.600e+01  2.500e+01 
 2.500e+01  2.500e+01  2.500e+01  2.500e+01 

b:
 2.100e+02  2.090e+02  2.080e+02  2.060e+02 

x:
 1.000e+00  2.176e-14  1.000e+00 -1.880e-13 

./a.out : Task = 9 Res1 = 2.335539e-16 Res2 = 6.020727e-13 T1 = 0.00 T2 = 0.00 S = 1 N = 28 M = 3 P = 3
============================== a.out n=28 m=3 p=4 s=1 ===============
### Run  ./a.out 28 3 4 4 1
A:
 2.800e+01  2.700e+01  2.600e+01  2.500e+01 
 2.700e+01  2.700e+01  2.600e+01  2.500e+01 
 2.600e+01  2.600e+01  2.600e+01  2.500e+01 
 2.500e+01  2.500e+01  2.500e+01  2.500e+01 

b:
 2.100e+02  2.090e+02  2.080e+02  2.060e+02 

x:
 1.000e+00  2.176e-14  1.000e+00 -1.880e-13 

./a.out : Task = 9 Res1 = 2.263676e-16 Res2 = 6.020727e-13 T1 = 0.00 T2 = 0.00 S = 1 N = 28 M = 3 P = 4
============================== a.out n=28 m=3 p=5 s=1 ===============
### Run  ./a.out 28 3 5 4 1
A:
 2.800e+01  2.700e+01  2.600e+01  2.500e+01 
 2.700e+01  2.700e+01  2.600e+01  2.500e+01 
 2.600e+01  2.600e+01  2.600e+01  2.500e+01 
 2.500e+01  2.500e+01  2.500e+01  2.500e+01 

b:
 2.100e+02  2.090e+02  2.080e+02  2.060e+02 

x:
 1.000e+00  2.176e-14  1.000e+00 -1.880e-13 

./a.out : Task = 9 Res1 = 2.883492e-16 Res2 = 6.029608e-13 T1 = 0.00 T2 = 0.00 S = 1 N = 28 M = 3 P = 5
============================== a.out n=28 m=3 p=6 s=1 ===============
### Run  ./a.out 28 3 6 4 1
A:
 2.800e+01  2.700e+01  2.600e+01  2.500e+01 
 2.700e+01  2.700e+01  2.600e+01  2.500e+01 
 2.600e+01  2.600e+01  2.600e+01  2.500e+01 
 2.500e+01  2.500e+01  2.500e+01  2.500e+01 

b:
 2.100e+02  2.090e+02  2.080e+02  2.060e+02 

x:
 1.000e+00  2.176e-14  1.000e+00 -1.880e-13 

./a.out : Task = 9 Res1 = 2.263676e-16 Res2 = 6.020727e-13 T1 = 0.00 T2 = 0.00 S = 1 N = 28 M = 3 P = 6
============================== a.out n=28 m=3 p=7 s=1 ===============
### Run  ./a.out 28 3 7 4 1
A:
 2.800e+01  2.700e+01  2.600e+01  2.500e+01 
 2.700e+01  2.700e+01  2.600e+01  2.500e+01 
 2.600e+01  2.600e+01  2.600e+01  2.500e+01 
 2.500e+01  2.500e+01  2.500e+01  2.500e+01 

b:
 2.100e+02  2.090e+02  2.080e+02  2.060e+02 

x:
 1.000e+00  2.176e-14  1.000e+00 -1.880e-13 

./a.out : Task = 9 Res1 = 2.883492e-16 Res2 = 6.011845e-13 T1 = 0.00 T2 = 0.00 S = 1 N = 28 M = 3 P = 7
============================== a.out n=28 m=3 p=8 s=1 ===============
### Run  ./a.out 28 3 8 4 1
A:
 2.800e+01  2.700e+01  2.600e+01  2.500e+01 
 2.700e+01  2.700e+01  2.600e+01  2.500e+01 
 2.600e+01  2.600e+01  2.600e+01  2.500e+01 
 2.500e+01  2.500e+01  2.500e+01  2.500e+01 

b:
 2.100e+02  2.090e+02  2.080e+02  2.060e+02 

x:
 1.000e+00  2.176e-14  1.000e+00 -1.880e-13 

./a.out : Task = 9 Res1 = 2.883492e-16 Res2 = 6.029608e-13 T1 = 0.00 T2 = 0.00 S = 1 N = 28 M = 3 P = 8
============================== a.out n=28 m=3 p=9 s=1 ===============
### Run  ./a.out 28 3 9 4 1
A:
 2.800e+01  2.700e+01  2.600e+01  2.500e+01 
 2.700e+01  2.700e+01  2.600e+01  2.500e+01 
 2.600e+01  2.600e+01  2.600e+01  2.500e+01 
 2.500e+01  2.500e+01  2.500e+01  2.500e+01 

b:
 2.100e+02  2.090e+02  2.080e+02  2.060e+02 

x:
 1.000e+00  2.176e-14  1.000e+00 -1.880e-13 

./a.out : Task = 9 Res1 = 2.883492e-16 Res2 = 6.029608e-13 T1 = 0.00 T2 = 0.00 S = 1 N = 28 M = 3 P = 9
============================== a.out n=28 m=3 p=10 s=1 ===============
### Run  ./a.out 28 3 10 4 1
A:
 2.800e+01  2.700e+01  2.600e+01  2.500e+01 
 2.700e+01  2.700e+01  2.600e+01  2.500e+01 
 2.600e+01  2.600e+01  2.600e+01  2.500e+01 
 2.500e+01  2.500e+01  2.500e+01  2.500e+01 

b:
 2.100e+02  2.090e+02  2.080e+02  2.060e+02 

x:
 1.000e+00  2.176e-14  1.000e+00 -1.880e-13 

./a.out : Task = 9 Res1 = 2.335539e-16 Res2 = 6.002963e-13 T1 = 0.00 T2 = 0.00 S = 1 N = 28 M = 3 P = 10
============================== a.out n=28 m=6 p=1 s=1 ===============
### Run  ./a.out 28 6 1 4 1
A:
 2.800e+01  2.700e+01  2.600e+01  2.500e+01 
 2.700e+01  2.700e+01  2.600e+01  2.500e+01 
 2.600e+01  2.600e+01  2.600e+01  2.500e+01 
 2.500e+01  2.500e+01  2.500e+01  2.500e+01 

b:
 2.100e+02  2.090e+02  2.080e+02  2.060e+02 

x:
 1.000e+00  2.230e-14  1.000e+00 -6.661e-15 

./a.out : Task = 9 Res1 = 6.701200e-16 Res2 = 9.444749e-13 T1 = 0.00 T2 = 0.00 S = 1 N = 28 M = 6 P = 1
============================== a.out n=28 m=6 p=2 s=1 ===============
### Run  ./a.out 28 6 2 4 1
A:
 2.800e+01  2.700e+01  2.600e+01  2.500e+01 
 2.700e+01  2.700e+01  2.600e+01  2.500e+01 
 2.600e+01  2.600e+01  2.600e+01  2.500e+01 
 2.500e+01  2.500e+01  2.500e+01  2.500e+01 

b:
 2.100e+02  2.090e+02  2.080e+02  2.060e+02 

x:
 1.000e+00  2.230e-14  1.000e+00 -6.661e-15 

./a.out : Task = 9 Res1 = 7.235679e-16 Res2 = 9.453631e-13 T1 = 0.00 T2 = 0.00 S = 1 N = 28 M = 6 P = 2
============================== a.out n=28 m=6 p=3 s=1 ===============
### Run  ./a.out 28 6 3 4 1
A:
 2.800e+01  2.700e+01  2.600e+01  2.500e+01 
 2.700e+01  2.700e+01  2.600e+01  2.500e+01 
 2.600e+01  2.600e+01  2.600e+01  2.500e+01 
 2.500e+01  2.500e+01  2.500e+01  2.500e+01 

b:
 2.100e+02  2.090e+02  2.080e+02  2.060e+02 

x:
 1.000e+00  2.230e-14  1.000e+00 -6.661e-15 

./a.out : Task = 9 Res1 = 7.235679e-16 Res2 = 9.453631e-13 T1 = 0.00 T2 = 0.00 S = 1 N = 28 M = 6 P = 3
============================== a.out n=28 m=6 p=4 s=1 ===============
### Run  ./a.out 28 6 4 4 1
A:
 2.800e+01  2.700e+01  2.600e+01  2.500e+01 
 2.700e+01  2.700e+01  2.600e+01  2.500e+01 
 2.600e+01  2.600e+01  2.600e+01  2.500e+01 
 2.500e+01  2.500e+01  2.500e+01  2.500e+01 

b:
 2.100e+02  2.090e+02  2.080e+02  2.060e+02 

x:
 1.000e+00  2.230e-14  1.000e+00 -6.661e-15 

./a.out : Task = 9 Res1 = 7.235679e-16 Res2 = 9.453631e-13 T1 = 0.00 T2 = 0.00 S = 1 N = 28 M = 6 P = 4
============================== a.out n=28 m=6 p=5 s=1 ===============
### Run  ./a.out 28 6 5 4 1
A:
 2.800e+01  2.700e+01  2.600e+01  2.500e+01 
 2.700e+01  2.700e+01  2.600e+01  2.500e+01 
 2.600e+01  2.600e+01  2.600e+01  2.500e+01 
 2.500e+01  2.500e+01  2.500e+01  2.500e+01 

b:
 2.100e+02  2.090e+02  2.080e+02  2.060e+02 

x:
 1.000e+00  2.230e-14  1.000e+00 -6.661e-15 

./a.out : Task = 9 Res1 = 7.235679e-16 Res2 = 9.453631e-13 T1 = 0.00 T2 = 0.00 S = 1 N = 28 M = 6 P = 5
============================== a.out n=28 m=9 p=1 s=1 ===============
### Run  ./a.out 28 9 1 4 1
A:
 2.800e+01  2.700e+01  2.600e+01  2.500e+01 
 2.700e+01  2.700e+01  2.600e+01  2.500e+01 
 2.600e+01  2.600e+01  2.600e+01  2.500e+01 
 2.500e+01  2.500e+01  2.500e+01  2.500e+01 

b:
 2.100e+02  2.090e+02  2.080e+02  2.060e+02 

x:
 1.000e+00  4.234e-14  1.000e+00 -4.572e-14 

./a.out : Task = 9 Res1 = 1.130940e-15 Res2 = 1.491674e-12 T1 = 0.00 T2 = 0.00 S = 1 N = 28 M = 9 P = 1
============================== a.out n=28 m=9 p=2 s=1 ===============
### Run  ./a.out 28 9 2 4 1
A:
 2.800e+01  2.700e+01  2.600e+01  2.500e+01 
 2.700e+01  2.700e+01  2.600e+01  2.500e+01 
 2.600e+01  2.600e+01  2.600e+01  2.500e+01 
 2.500e+01  2.500e+01  2.500e+01  2.500e+01 

b:
 2.100e+02  2.090e+02  2.080e+02  2.060e+02 

x:
 1.000e+00  4.234e-14  1.000e+00 -4.572e-14 

./a.out : Task = 9 Res1 = 1.173159e-15 Res2 = 1.492562e-12 T1 = 0.00 T2 = 0.00 S = 1 N = 28 M = 9 P = 2
============================== a.out n=28 m=9 p=3 s=1 ===============
### Run  ./a.out 28 9 3 4 1
A:
 2.800e+01  2.700e+01  2.600e+01  2.500e+01 
 2.700e+01  2.700e+01  2.600e+01  2.500e+01 
 2.600e+01  2.600e+01  2.600e+01  2.500e+01 
 2.500e+01  2.500e+01  2.500e+01  2.500e+01 

b:
 2.100e+02  2.090e+02  2.080e+02  2.060e+02 

x:
 1.000e+00  4.234e-14  1.000e+00 -4.572e-14 

./a.out : Task = 9 Res1 = 1.130940e-15 Res2 = 1.491674e-12 T1 = 0.00 T2 = 0.00 S = 1 N = 28 M = 9 P = 3
============================== a.out n=28 m=9 p=4 s=1 ===============
### Run  ./a.out 28 9 4 4 1
A:
 2.800e+01  2.700e+01  2.600e+01  2.500e+01 
 2.700e+01  2.700e+01  2.600e+01  2.500e+01 
 2.600e+01  2.600e+01  2.600e+01  2.500e+01 
 2.500e+01  2.500e+01  2.500e+01  2.500e+01 

b:
 2.100e+02  2.090e+02  2.080e+02  2.060e+02 

x:
 1.000e+00  4.234e-14  1.000e+00 -4.572e-14 

./a.out : Task = 9 Res1 = 1.173159e-15 Res2 = 1.492562e-12 T1 = 0.00 T2 = 0.00 S = 1 N = 28 M = 9 P = 4
============================== a.out n=28 m=12 p=1 s=1 ===============
### Run  ./a.out 28 12 1 4 1
A:
 2.800e+01  2.700e+01  2.600e+01  2.500e+01 
 2.700e+01  2.700e+01  2.600e+01  2.500e+01 
 2.600e+01  2.600e+01  2.600e+01  2.500e+01 
 2.500e+01  2.500e+01  2.500e+01  2.500e+01 

b:
 2.100e+02  2.090e+02  2.080e+02  2.060e+02 

x:
 1.000e+00  6.255e-14  1.000e+00  5.105e-14 

./a.out : Task = 9 Res1 = 5.618767e-16 Res2 = 6.017976e-13 T1 = 0.00 T2 = 0.00 S = 1 N = 28 M = 12 P = 1
============================== a.out n=28 m=12 p=2 s=1 ===============
### Run  ./a.out 28 12 2 4 1
A:
 2.800e+01  2.700e+01  2.600e+01  2.500e+01 
 2.700e+01  2.700e+01  2.600e+01  2.500e+01 
 2.600e+01  2.600e+01  2.600e+01  2.500e+01 
 2.500e+01  2.500e+01  2.500e+01  2.500e+01 

b:
 2.100e+02  2.090e+02  2.080e+02  2.060e+02 

x:
 1.000e+00  6.255e-14  1.000e+00  5.105e-14 

./a.out : Task = 9 Res1 = 5.618767e-16 Res2 = 6.017976e-13 T1 = 0.00 T2 = 0.00 S = 1 N = 28 M = 12 P = 2
============================== a.out n=28 m=12 p=3 s=1 ===============
### Run  ./a.out 28 12 3 4 1
A:
 2.800e+01  2.700e+01  2.600e+01  2.500e+01 
 2.700e+01  2.700e+01  2.600e+01  2.500e+01 
 2.600e+01  2.600e+01  2.600e+01  2.500e+01 
 2.500e+01  2.500e+01  2.500e+01  2.500e+01 

b:
 2.100e+02  2.090e+02  2.080e+02  2.060e+02 

x:
 1.000e+00  6.255e-14  1.000e+00  5.105e-14 

./a.out : Task = 9 Res1 = 5.618767e-16 Res2 = 6.017976e-13 T1 = 0.00 T2 = 0.00 S = 1 N = 28 M = 12 P = 3
============================== a.out n=28 m=15 p=1 s=1 ===============
### Run  ./a.out 28 15 1 4 1
A:
 2.800e+01  2.700e+01  2.600e+01  2.500e+01 
 2.700e+01  2.700e+01  2.600e+01  2.500e+01 
 2.600e+01  2.600e+01  2.600e+01  2.500e+01 
 2.500e+01  2.500e+01  2.500e+01  2.500e+01 

b:
 2.100e+02  2.090e+02  2.080e+02  2.060e+02 

x:
 1.000e+00  1.007e-13  1.000e+00  6.211e-14 

./a.out : Task = 9 Res1 = 7.222204e-15 Res2 = 3.721216e-12 T1 = 0.00 T2 = 0.00 S = 1 N = 28 M = 15 P = 1
============================== a.out n=28 m=15 p=2 s=1 ===============
### Run  ./a.out 28 15 2 4 1
A:
 2.800e+01  2.700e+01  2.600e+01  2.500e+01 
 2.700e+01  2.700e+01  2.600e+01  2.500e+01 
 2.600e+01  2.600e+01  2.600e+01  2.500e+01 
 2.500e+01  2.500e+01  2.500e+01  2.500e+01 

b:
 2.100e+02  2.090e+02  2.080e+02  2.060e+02 

x:
 1.000e+00  1.007e-13  1.000e+00  6.211e-14 

./a.out : Task = 9 Res1 = 7.222204e-15 Res2 = 3.721216e-12 T1 = 0.00 T2 = 0.00 S = 1 N = 28 M = 15 P = 2
============================== a.out n=28 m=18 p=1 s=1 ===============
### Run  ./a.out 28 18 1 4 1
A:
 2.800e+01  2.700e+01  2.600e+01  2.500e+01 
 2.700e+01  2.700e+01  2.600e+01  2.500e+01 
 2.600e+01  2.600e+01  2.600e+01  2.500e+01 
 2.500e+01  2.500e+01  2.500e+01  2.500e+01 

b:
 2.100e+02  2.090e+02  2.080e+02  2.060e+02 

x:
 1.000e+00  2.083e-13  1.000e+00  2.185e-14 

./a.out : Task = 9 Res1 = 6.359852e-16 Res2 = 1.721351e-12 T1 = 0.00 T2 = 0.00 S = 1 N = 28 M = 18 P = 1
============================== a.out n=28 m=18 p=2 s=1 ===============
### Run  ./a.out 28 18 2 4 1
A:
 2.800e+01  2.700e+01  2.600e+01  2.500e+01 
 2.700e+01  2.700e+01  2.600e+01  2.500e+01 
 2.600e+01  2.600e+01  2.600e+01  2.500e+01 
 2.500e+01  2.500e+01  2.500e+01  2.500e+01 

b:
 2.100e+02  2.090e+02  2.080e+02  2.060e+02 

x:
 1.000e+00  2.083e-13  1.000e+00  2.185e-14 

./a.out : Task = 9 Res1 = 6.359852e-16 Res2 = 1.721351e-12 T1 = 0.00 T2 = 0.00 S = 1 N = 28 M = 18 P = 2
============================== a.out n=28 m=21 p=1 s=1 ===============
### Run  ./a.out 28 21 1 4 1
A:
 2.800e+01  2.700e+01  2.600e+01  2.500e+01 
 2.700e+01  2.700e+01  2.600e+01  2.500e+01 
 2.600e+01  2.600e+01  2.600e+01  2.500e+01 
 2.500e+01  2.500e+01  2.500e+01  2.500e+01 

b:
 2.100e+02  2.090e+02  2.080e+02  2.060e+02 

x:
 1.000e+00  7.481e-14  1.000e+00  1.431e-13 

./a.out : Task = 9 Res1 = 1.427823e-15 Res2 = 1.590953e-12 T1 = 0.00 T2 = 0.00 S = 1 N = 28 M = 21 P = 1
============================== a.out n=28 m=21 p=2 s=1 ===============
### Run  ./a.out 28 21 2 4 1
A:
 2.800e+01  2.700e+01  2.600e+01  2.500e+01 
 2.700e+01  2.700e+01  2.600e+01  2.500e+01 
 2.600e+01  2.600e+01  2.600e+01  2.500e+01 
 2.500e+01  2.500e+01  2.500e+01  2.500e+01 

b:
 2.100e+02  2.090e+02  2.080e+02  2.060e+02 

x:
 1.000e+00  7.481e-14  1.000e+00  1.431e-13 

./a.out : Task = 9 Res1 = 1.427823e-15 Res2 = 1.590953e-12 T1 = 0.00 T2 = 0.00 S = 1 N = 28 M = 21 P = 2
============================== a.out n=28 m=24 p=1 s=1 ===============
### Run  ./a.out 28 24 1 4 1
A:
 2.800e+01  2.700e+01  2.600e+01  2.500e+01 
 2.700e+01  2.700e+01  2.600e+01  2.500e+01 
 2.600e+01  2.600e+01  2.600e+01  2.500e+01 
 2.500e+01  2.500e+01  2.500e+01  2.500e+01 

b:
 2.100e+02  2.090e+02  2.080e+02  2.060e+02 

x:
 1.000e+00  1.445e-14  1.000e+00  1.718e-13 

./a.out : Task = 9 Res1 = 2.771206e-15 Res2 = 2.064039e-12 T1 = 0.00 T2 = 0.00 S = 1 N = 28 M = 24 P = 1
============================== a.out n=28 m=24 p=2 s=1 ===============
### Run  ./a.out 28 24 2 4 1
A:
 2.800e+01  2.700e+01  2.600e+01  2.500e+01 
 2.700e+01  2.700e+01  2.600e+01  2.500e+01 
 2.600e+01  2.600e+01  2.600e+01  2.500e+01 
 2.500e+01  2.500e+01  2.500e+01  2.500e+01 

b:
 2.100e+02  2.090e+02  2.080e+02  2.060e+02 

x:
 1.000e+00  1.445e-14  1.000e+00  1.718e-13 

./a.out : Task = 9 Res1 = 2.771206e-15 Res2 = 2.064039e-12 T1 = 0.00 T2 = 0.00 S = 1 N = 28 M = 24 P = 2
============================== a.out n=28 m=27 p=1 s=1 ===============
### Run  ./a.out 28 27 1 4 1
A:
 2.800e+01  2.700e+01  2.600e+01  2.500e+01 
 2.700e+01  2.700e+01  2.600e+01  2.500e+01 
 2.600e+01  2.600e+01  2.600e+01  2.500e+01 
 2.500e+01  2.500e+01  2.500e+01  2.500e+01 

b:
 2.100e+02  2.090e+02  2.080e+02  2.060e+02 

x:
 1.000e+00  6.247e-14  1.000e+00  1.180e-13 

./a.out : Task = 9 Res1 = 4.464472e-15 Res2 = 2.127027e-12 T1 = 0.00 T2 = 0.00 S = 1 N = 28 M = 27 P = 1
============================== a.out n=28 m=27 p=2 s=1 ===============
### Run  ./a.out 28 27 2 4 1
A:
 2.800e+01  2.700e+01  2.600e+01  2.500e+01 
 2.700e+01  2.700e+01  2.600e+01  2.500e+01 
 2.600e+01  2.600e+01  2.600e+01  2.500e+01 
 2.500e+01  2.500e+01  2.500e+01  2.500e+01 

b:
 2.100e+02  2.090e+02  2.080e+02  2.060e+02 

x:
 1.000e+00  6.247e-14  1.000e+00  1.180e-13 

./a.out : Task = 9 Res1 = 4.464472e-15 Res2 = 2.127027e-12 T1 = 0.00 T2 = 0.00 S = 1 N = 28 M = 27 P = 2
============================== a.out n=29 m=3 p=1 s=1 ===============
### Run  ./a.out 29 3 1 4 1
A:
 2.900e+01  2.800e+01  2.700e+01  2.600e+01 
 2.800e+01  2.800e+01  2.700e+01  2.600e+01 
 2.700e+01  2.700e+01  2.700e+01  2.600e+01 
 2.600e+01  2.600e+01  2.600e+01  2.600e+01 

b:
 2.250e+02  2.240e+02  2.230e+02  2.210e+02 

x:
 1.000e+00 -2.331e-14  1.000e+00  1.222e-12 

./a.out : Task = 9 Res1 = 9.221679e-16 Res2 = 2.696717e-12 T1 = 0.00 T2 = 0.00 S = 1 N = 29 M = 3 P = 1
============================== a.out n=29 m=3 p=2 s=1 ===============
### Run  ./a.out 29 3 2 4 1
A:
 2.900e+01  2.800e+01  2.700e+01  2.600e+01 
 2.800e+01  2.800e+01  2.700e+01  2.600e+01 
 2.700e+01  2.700e+01  2.700e+01  2.600e+01 
 2.600e+01  2.600e+01  2.600e+01  2.600e+01 

b:
 2.250e+02  2.240e+02  2.230e+02  2.210e+02 

x:
 1.000e+00 -2.331e-14  1.000e+00  1.222e-12 

./a.out : Task = 9 Res1 = 9.351163e-16 Res2 = 2.694941e-12 T1 = 0.00 T2 = 0.00 S = 1 N = 29 M = 3 P = 2
============================== a.out n=29 m=3 p=3 s=1 ===============
### Run  ./a.out 29 3 3 4 1
A:
 2.900e+01  2.800e+01  2.700e+01  2.600e+01 
 2.800e+01  2.800e+01  2.700e+01  2.600e+01 
 2.700e+01  2.700e+01  2.700e+01  2.600e+01 
 2.600e+01  2.600e+01  2.600e+01  2.600e+01 

b:
 2.250e+02  2.240e+02  2.230e+02  2.210e+02 

x:
 1.000e+00 -2.331e-14  1.000e+00  1.222e-12 

./a.out : Task = 9 Res1 = 9.351163e-16 Res2 = 2.694941e-12 T1 = 0.00 T2 = 0.00 S = 1 N = 29 M = 3 P = 3
============================== a.out n=29 m=3 p=4 s=1 ===============
### Run  ./a.out 29 3 4 4 1
A:
 2.900e+01  2.800e+01  2.700e+01  2.600e+01 
 2.800e+01  2.800e+01  2.700e+01  2.600e+01 
 2.700e+01  2.700e+01  2.700e+01  2.600e+01 
 2.600e+01  2.600e+01  2.600e+01  2.600e+01 

b:
 2.250e+02  2.240e+02  2.230e+02  2.210e+02 

x:
 1.000e+00 -2.331e-14  1.000e+00  1.222e-12 

./a.out : Task = 9 Res1 = 9.351163e-16 Res2 = 2.694941e-12 T1 = 0.00 T2 = 0.00 S = 1 N = 29 M = 3 P = 4
============================== a.out n=29 m=3 p=5 s=1 ===============
### Run  ./a.out 29 3 5 4 1
A:
 2.900e+01  2.800e+01  2.700e+01  2.600e+01 
 2.800e+01  2.800e+01  2.700e+01  2.600e+01 
 2.700e+01  2.700e+01  2.700e+01  2.600e+01 
 2.600e+01  2.600e+01  2.600e+01  2.600e+01 

b:
 2.250e+02  2.240e+02  2.230e+02  2.210e+02 

x:
 1.000e+00 -2.331e-14  1.000e+00  1.222e-12 

./a.out : Task = 9 Res1 = 9.302607e-16 Res2 = 2.696717e-12 T1 = 0.00 T2 = 0.00 S = 1 N = 29 M = 3 P = 5
============================== a.out n=29 m=3 p=6 s=1 ===============
### Run  ./a.out 29 3 6 4 1
A:
 2.900e+01  2.800e+01  2.700e+01  2.600e+01 
 2.800e+01  2.800e+01  2.700e+01  2.600e+01 
 2.700e+01  2.700e+01  2.700e+01  2.600e+01 
 2.600e+01  2.600e+01  2.600e+01  2.600e+01 

b:
 2.250e+02  2.240e+02  2.230e+02  2.210e+02 

x:
 1.000e+00 -2.331e-14  1.000e+00  1.222e-12 

./a.out : Task = 9 Res1 = 9.221679e-16 Res2 = 2.694941e-12 T1 = 0.00 T2 = 0.00 S = 1 N = 29 M = 3 P = 6
============================== a.out n=29 m=3 p=7 s=1 ===============
### Run  ./a.out 29 3 7 4 1
A:
 2.900e+01  2.800e+01  2.700e+01  2.600e+01 
 2.800e+01  2.800e+01  2.700e+01  2.600e+01 
 2.700e+01  2.700e+01  2.700e+01  2.600e+01 
 2.600e+01  2.600e+01  2.600e+01  2.600e+01 

b:
 2.250e+02  2.240e+02  2.230e+02  2.210e+02 

x:
 1.000e+00 -2.331e-14  1.000e+00  1.222e-12 

./a.out : Task = 9 Res1 = 9.480647e-16 Res2 = 2.695829e-12 T1 = 0.00 T2 = 0.00 S = 1 N = 29 M = 3 P = 7
============================== a.out n=29 m=3 p=8 s=1 ===============
### Run  ./a.out 29 3 8 4 1
A:
 2.900e+01  2.800e+01  2.700e+01  2.600e+01 
 2.800e+01  2.800e+01  2.700e+01  2.600e+01 
 2.700e+01  2.700e+01  2.700e+01  2.600e+01 
 2.600e+01  2.600e+01  2.600e+01  2.600e+01 

b:
 2.250e+02  2.240e+02  2.230e+02  2.210e+02 

x:
 1.000e+00 -2.331e-14  1.000e+00  1.222e-12 

./a.out : Task = 9 Res1 = 9.173123e-16 Res2 = 2.696717e-12 T1 = 0.00 T2 = 0.00 S = 1 N = 29 M = 3 P = 8
============================== a.out n=29 m=3 p=9 s=1 ===============
### Run  ./a.out 29 3 9 4 1
A:
 2.900e+01  2.800e+01  2.700e+01  2.600e+01 
 2.800e+01  2.800e+01  2.700e+01  2.600e+01 
 2.700e+01  2.700e+01  2.700e+01  2.600e+01 
 2.600e+01  2.600e+01  2.600e+01  2.600e+01 

b:
 2.250e+02  2.240e+02  2.230e+02  2.210e+02 

x:
 1.000e+00 -2.331e-14  1.000e+00  1.222e-12 

./a.out : Task = 9 Res1 = 9.351163e-16 Res2 = 2.694941e-12 T1 = 0.00 T2 = 0.00 S = 1 N = 29 M = 3 P = 9
============================== a.out n=29 m=3 p=10 s=1 ===============
### Run  ./a.out 29 3 10 4 1
A:
 2.900e+01  2.800e+01  2.700e+01  2.600e+01 
 2.800e+01  2.800e+01  2.700e+01  2.600e+01 
 2.700e+01  2.700e+01  2.700e+01  2.600e+01 
 2.600e+01  2.600e+01  2.600e+01  2.600e+01 

b:
 2.250e+02  2.240e+02  2.230e+02  2.210e+02 

x:
 1.000e+00 -2.331e-14  1.000e+00  1.222e-12 

./a.out : Task = 9 Res1 = 9.869099e-16 Res2 = 2.695829e-12 T1 = 0.00 T2 = 0.00 S = 1 N = 29 M = 3 P = 10
============================== a.out n=29 m=6 p=1 s=1 ===============
### Run  ./a.out 29 6 1 4 1
A:
 2.900e+01  2.800e+01  2.700e+01  2.600e+01 
 2.800e+01  2.800e+01  2.700e+01  2.600e+01 
 2.700e+01  2.700e+01  2.700e+01  2.600e+01 
 2.600e+01  2.600e+01  2.600e+01  2.600e+01 

b:
 2.250e+02  2.240e+02  2.230e+02  2.210e+02 

x:
 1.000e+00  2.802e-14  1.000e+00 -9.215e-15 

./a.out : Task = 9 Res1 = 4.082788e-16 Res2 = 6.852519e-13 T1 = 0.00 T2 = 0.00 S = 1 N = 29 M = 6 P = 1
============================== a.out n=29 m=6 p=2 s=1 ===============
### Run  ./a.out 29 6 2 4 1
A:
 2.900e+01  2.800e+01  2.700e+01  2.600e+01 
 2.800e+01  2.800e+01  2.700e+01  2.600e+01 
 2.700e+01  2.700e+01  2.700e+01  2.600e+01 
 2.600e+01  2.600e+01  2.600e+01  2.600e+01 

b:
 2.250e+02  2.240e+02  2.230e+02  2.210e+02 

x:
 1.000e+00  2.802e-14  1.000e+00 -9.215e-15 

./a.out : Task = 9 Res1 = 3.969490e-16 Res2 = 6.843637e-13 T1 = 0.00 T2 = 0.00 S = 1 N = 29 M = 6 P = 2
============================== a.out n=29 m=6 p=3 s=1 ===============
### Run  ./a.out 29 6 3 4 1
A:
 2.900e+01  2.800e+01  2.700e+01  2.600e+01 
 2.800e+01  2.800e+01  2.700e+01  2.600e+01 
 2.700e+01  2.700e+01  2.700e+01  2.600e+01 
 2.600e+01  2.600e+01  2.600e+01  2.600e+01 

b:
 2.250e+02  2.240e+02  2.230e+02  2.210e+02 

x:
 1.000e+00  2.802e-14  1.000e+00 -9.215e-15 

./a.out : Task = 9 Res1 = 4.082788e-16 Res2 = 6.852519e-13 T1 = 0.00 T2 = 0.00 S = 1 N = 29 M = 6 P = 3
============================== a.out n=29 m=6 p=4 s=1 ===============
### Run  ./a.out 29 6 4 4 1
A:
 2.900e+01  2.800e+01  2.700e+01  2.600e+01 
 2.800e+01  2.800e+01  2.700e+01  2.600e+01 
 2.700e+01  2.700e+01  2.700e+01  2.600e+01 
 2.600e+01  2.600e+01  2.600e+01  2.600e+01 

b:
 2.250e+02  2.240e+02  2.230e+02  2.210e+02 

x:
 1.000e+00  2.802e-14  1.000e+00 -9.215e-15 

./a.out : Task = 9 Res1 = 4.082788e-16 Res2 = 6.852519e-13 T1 = 0.00 T2 = 0.00 S = 1 N = 29 M = 6 P = 4
============================== a.out n=29 m=6 p=5 s=1 ===============
### Run  ./a.out 29 6 5 4 1
A:
 2.900e+01  2.800e+01  2.700e+01  2.600e+01 
 2.800e+01  2.800e+01  2.700e+01  2.600e+01 
 2.700e+01  2.700e+01  2.700e+01  2.600e+01 
 2.600e+01  2.600e+01  2.600e+01  2.600e+01 

b:
 2.250e+02  2.240e+02  2.230e+02  2.210e+02 

x:
 1.000e+00  2.802e-14  1.000e+00 -9.215e-15 

./a.out : Task = 9 Res1 = 3.969490e-16 Res2 = 6.843637e-13 T1 = 0.00 T2 = 0.00 S = 1 N = 29 M = 6 P = 5
============================== a.out n=29 m=9 p=1 s=1 ===============
### Run  ./a.out 29 9 1 4 1
A:
 2.900e+01  2.800e+01  2.700e+01  2.600e+01 
 2.800e+01  2.800e+01  2.700e+01  2.600e+01 
 2.700e+01  2.700e+01  2.700e+01  2.600e+01 
 2.600e+01  2.600e+01  2.600e+01  2.600e+01 

b:
 2.250e+02  2.240e+02  2.230e+02  2.210e+02 

x:
 1.000e+00  1.226e-13  1.000e+00  2.274e-14 

./a.out : Task = 9 Res1 = 1.483804e-15 Res2 = 1.931607e-12 T1 = 0.00 T2 = 0.00 S = 1 N = 29 M = 9 P = 1
============================== a.out n=29 m=9 p=2 s=1 ===============
### Run  ./a.out 29 9 2 4 1
A:
 2.900e+01  2.800e+01  2.700e+01  2.600e+01 
 2.800e+01  2.800e+01  2.700e+01  2.600e+01 
 2.700e+01  2.700e+01  2.700e+01  2.600e+01 
 2.600e+01  2.600e+01  2.600e+01  2.600e+01 

b:
 2.250e+02  2.240e+02  2.230e+02  2.210e+02 

x:
 1.000e+00  1.226e-13  1.000e+00  2.274e-14 

./a.out : Task = 9 Res1 = 1.503227e-15 Res2 = 1.930719e-12 T1 = 0.00 T2 = 0.00 S = 1 N = 29 M = 9 P = 2
============================== a.out n=29 m=9 p=3 s=1 ===============
### Run  ./a.out 29 9 3 4 1
A:
 2.900e+01  2.800e+01  2.700e+01  2.600e+01 
 2.800e+01  2.800e+01  2.700e+01  2.600e+01 
 2.700e+01  2.700e+01  2.700e+01  2.600e+01 
 2.600e+01  2.600e+01  2.600e+01  2.600e+01 

b:
 2.250e+02  2.240e+02  2.230e+02  2.210e+02 

x:
 1.000e+00  1.226e-13  1.000e+00  2.274e-14 

./a.out : Task = 9 Res1 = 1.503227e-15 Res2 = 1.930719e-12 T1 = 0.00 T2 = 0.00 S = 1 N = 29 M = 9 P = 3
============================== a.out n=29 m=9 p=4 s=1 ===============
### Run  ./a.out 29 9 4 4 1
A:
 2.900e+01  2.800e+01  2.700e+01  2.600e+01 
 2.800e+01  2.800e+01  2.700e+01  2.600e+01 
 2.700e+01  2.700e+01  2.700e+01  2.600e+01 
 2.600e+01  2.600e+01  2.600e+01  2.600e+01 

b:
 2.250e+02  2.240e+02  2.230e+02  2.210e+02 

x:
 1.000e+00  1.226e-13  1.000e+00  2.274e-14 

./a.out : Task = 9 Res1 = 1.503227e-15 Res2 = 1.930719e-12 T1 = 0.00 T2 = 0.00 S = 1 N = 29 M = 9 P = 4
============================== a.out n=29 m=12 p=1 s=1 ===============
### Run  ./a.out 29 12 1 4 1
A:
 2.900e+01  2.800e+01  2.700e+01  2.600e+01 
 2.800e+01  2.800e+01  2.700e+01  2.600e+01 
 2.700e+01  2.700e+01  2.700e+01  2.600e+01 
 2.600e+01  2.600e+01  2.600e+01  2.600e+01 

b:
 2.250e+02  2.240e+02  2.230e+02  2.210e+02 

x:
 1.000e+00  2.144e-13  1.000e+00  1.799e-14 

./a.out : Task = 9 Res1 = 7.655329e-15 Res2 = 5.655327e-12 T1 = 0.00 T2 = 0.00 S = 1 N = 29 M = 12 P = 1
============================== a.out n=29 m=12 p=2 s=1 ===============
### Run  ./a.out 29 12 2 4 1
A:
 2.900e+01  2.800e+01  2.700e+01  2.600e+01 
 2.800e+01  2.800e+01  2.700e+01  2.600e+01 
 2.700e+01  2.700e+01  2.700e+01  2.600e+01 
 2.600e+01  2.600e+01  2.600e+01  2.600e+01 

b:
 2.250e+02  2.240e+02  2.230e+02  2.210e+02 

x:
 1.000e+00  2.144e-13  1.000e+00  1.799e-14 

./a.out : Task = 9 Res1 = 7.655329e-15 Res2 = 5.655327e-12 T1 = 0.00 T2 = 0.00 S = 1 N = 29 M = 12 P = 2
============================== a.out n=29 m=12 p=3 s=1 ===============
### Run  ./a.out 29 12 3 4 1
A:
 2.900e+01  2.800e+01  2.700e+01  2.600e+01 
 2.800e+01  2.800e+01  2.700e+01  2.600e+01 
 2.700e+01  2.700e+01  2.700e+01  2.600e+01 
 2.600e+01  2.600e+01  2.600e+01  2.600e+01 

b:
 2.250e+02  2.240e+02  2.230e+02  2.210e+02 

x:
 1.000e+00  2.144e-13  1.000e+00  1.799e-14 

./a.out : Task = 9 Res1 = 7.655329e-15 Res2 = 5.655327e-12 T1 = 0.00 T2 = 0.00 S = 1 N = 29 M = 12 P = 3
============================== a.out n=29 m=15 p=1 s=1 ===============
### Run  ./a.out 29 15 1 4 1
A:
 2.900e+01  2.800e+01  2.700e+01  2.600e+01 
 2.800e+01  2.800e+01  2.700e+01  2.600e+01 
 2.700e+01  2.700e+01  2.700e+01  2.600e+01 
 2.600e+01  2.600e+01  2.600e+01  2.600e+01 

b:
 2.250e+02  2.240e+02  2.230e+02  2.210e+02 

x:
 1.000e+00  3.161e-13  1.000e+00 -1.086e-13 

./a.out : Task = 9 Res1 = 4.120824e-15 Res2 = 3.805341e-12 T1 = 0.00 T2 = 0.00 S = 1 N = 29 M = 15 P = 1
============================== a.out n=29 m=15 p=2 s=1 ===============
### Run  ./a.out 29 15 2 4 1
A:
 2.900e+01  2.800e+01  2.700e+01  2.600e+01 
 2.800e+01  2.800e+01  2.700e+01  2.600e+01 
 2.700e+01  2.700e+01  2.700e+01  2.600e+01 
 2.600e+01  2.600e+01  2.600e+01  2.600e+01 

b:
 2.250e+02  2.240e+02  2.230e+02  2.210e+02 

x:
 1.000e+00  3.161e-13  1.000e+00 -1.086e-13 

./a.out : Task = 9 Res1 = 4.120824e-15 Res2 = 3.805341e-12 T1 = 0.00 T2 = 0.00 S = 1 N = 29 M = 15 P = 2
============================== a.out n=29 m=18 p=1 s=1 ===============
### Run  ./a.out 29 18 1 4 1
A:
 2.900e+01  2.800e+01  2.700e+01  2.600e+01 
 2.800e+01  2.800e+01  2.700e+01  2.600e+01 
 2.700e+01  2.700e+01  2.700e+01  2.600e+01 
 2.600e+01  2.600e+01  2.600e+01  2.600e+01 

b:
 2.250e+02  2.240e+02  2.230e+02  2.210e+02 

x:
 1.000e+00  3.183e-13  1.000e+00 -1.153e-13 

./a.out : Task = 9 Res1 = 1.620167e-15 Res2 = 2.555967e-12 T1 = 0.00 T2 = 0.00 S = 1 N = 29 M = 18 P = 1
============================== a.out n=29 m=18 p=2 s=1 ===============
### Run  ./a.out 29 18 2 4 1
A:
 2.900e+01  2.800e+01  2.700e+01  2.600e+01 
 2.800e+01  2.800e+01  2.700e+01  2.600e+01 
 2.700e+01  2.700e+01  2.700e+01  2.600e+01 
 2.600e+01  2.600e+01  2.600e+01  2.600e+01 

b:
 2.250e+02  2.240e+02  2.230e+02  2.210e+02 

x:
 1.000e+00  3.183e-13  1.000e+00 -1.153e-13 

./a.out : Task = 9 Res1 = 1.620167e-15 Res2 = 2.555967e-12 T1 = 0.00 T2 = 0.00 S = 1 N = 29 M = 18 P = 2
============================== a.out n=29 m=21 p=1 s=1 ===============
### Run  ./a.out 29 21 1 4 1
A:
 2.900e+01  2.800e+01  2.700e+01  2.600e+01 
 2.800e+01  2.800e+01  2.700e+01  2.600e+01 
 2.700e+01  2.700e+01  2.700e+01  2.600e+01 
 2.600e+01  2.600e+01  2.600e+01  2.600e+01 

b:
 2.250e+02  2.240e+02  2.230e+02  2.210e+02 

x:
 1.000e+00  2.882e-13  1.000e+00 -9.965e-14 

./a.out : Task = 9 Res1 = 7.367632e-15 Res2 = 4.175261e-12 T1 = 0.00 T2 = 0.00 S = 1 N = 29 M = 21 P = 1
============================== a.out n=29 m=21 p=2 s=1 ===============
### Run  ./a.out 29 21 2 4 1
A:
 2.900e+01  2.800e+01  2.700e+01  2.600e+01 
 2.800e+01  2.800e+01  2.700e+01  2.600e+01 
 2.700e+01  2.700e+01  2.700e+01  2.600e+01 
 2.600e+01  2.600e+01  2.600e+01  2.600e+01 

b:
 2.250e+02  2.240e+02  2.230e+02  2.210e+02 

x:
 1.000e+00  2.882e-13  1.000e+00 -9.965e-14 

./a.out : Task = 9 Res1 = 7.367632e-15 Res2 = 4.175261e-12 T1 = 0.00 T2 = 0.00 S = 1 N = 29 M = 21 P = 2
============================== a.out n=29 m=24 p=1 s=1 ===============
### Run  ./a.out 29 24 1 4 1
A:
 2.900e+01  2.800e+01  2.700e+01  2.600e+01 
 2.800e+01  2.800e+01  2.700e+01  2.600e+01 
 2.700e+01  2.700e+01  2.700e+01  2.600e+01 
 2.600e+01  2.600e+01  2.600e+01  2.600e+01 

b:
 2.250e+02  2.240e+02  2.230e+02  2.210e+02 

x:
 1.000e+00  2.262e-13  1.000e+00 -2.487e-13 

./a.out : Task = 9 Res1 = 6.450725e-15 Res2 = 3.873498e-12 T1 = 0.00 T2 = 0.00 S = 1 N = 29 M = 24 P = 1
============================== a.out n=29 m=24 p=2 s=1 ===============
### Run  ./a.out 29 24 2 4 1
A:
 2.900e+01  2.800e+01  2.700e+01  2.600e+01 
 2.800e+01  2.800e+01  2.700e+01  2.600e+01 
 2.700e+01  2.700e+01  2.700e+01  2.600e+01 
 2.600e+01  2.600e+01  2.600e+01  2.600e+01 

b:
 2.250e+02  2.240e+02  2.230e+02  2.210e+02 

x:
 1.000e+00  2.262e-13  1.000e+00 -2.487e-13 

./a.out : Task = 9 Res1 = 6.450725e-15 Res2 = 3.873498e-12 T1 = 0.00 T2 = 0.00 S = 1 N = 29 M = 24 P = 2
============================== a.out n=29 m=27 p=1 s=1 ===============
### Run  ./a.out 29 27 1 4 1
A:
 2.900e+01  2.800e+01  2.700e+01  2.600e+01 
 2.800e+01  2.800e+01  2.700e+01  2.600e+01 
 2.700e+01  2.700e+01  2.700e+01  2.600e+01 
 2.600e+01  2.600e+01  2.600e+01  2.600e+01 

b:
 2.250e+02  2.240e+02  2.230e+02  2.210e+02 

x:
 1.000e+00  2.401e-13  1.000e+00 -3.276e-13 

./a.out : Task = 9 Res1 = 4.414995e-15 Res2 = 3.086053e-12 T1 = 0.00 T2 = 0.00 S = 1 N = 29 M = 27 P = 1
============================== a.out n=29 m=27 p=2 s=1 ===============
### Run  ./a.out 29 27 2 4 1
A:
 2.900e+01  2.800e+01  2.700e+01  2.600e+01 
 2.800e+01  2.800e+01  2.700e+01  2.600e+01 
 2.700e+01  2.700e+01  2.700e+01  2.600e+01 
 2.600e+01  2.600e+01  2.600e+01  2.600e+01 

b:
 2.250e+02  2.240e+02  2.230e+02  2.210e+02 

x:
 1.000e+00  2.401e-13  1.000e+00 -3.276e-13 

./a.out : Task = 9 Res1 = 4.414995e-15 Res2 = 3.086053e-12 T1 = 0.00 T2 = 0.00 S = 1 N = 29 M = 27 P = 2
============================== a.out n=30 m=3 p=1 s=1 ===============
### Run  ./a.out 30 3 1 4 1
A:
 3.000e+01  2.900e+01  2.800e+01  2.700e+01 
 2.900e+01  2.900e+01  2.800e+01  2.700e+01 
 2.800e+01  2.800e+01  2.800e+01  2.700e+01 
 2.700e+01  2.700e+01  2.700e+01  2.700e+01 

b:
 2.400e+02  2.390e+02  2.380e+02  2.360e+02 

x:
 1.000e+00 -1.465e-14  1.000e+00 -2.134e-13 

./a.out : Task = 9 Res1 = 2.517729e-16 Res2 = 7.454824e-13 T1 = 0.00 T2 = 0.00 S = 1 N = 30 M = 3 P = 1
============================== a.out n=30 m=3 p=2 s=1 ===============
### Run  ./a.out 30 3 2 4 1
A:
 3.000e+01  2.900e+01  2.800e+01  2.700e+01 
 2.900e+01  2.900e+01  2.800e+01  2.700e+01 
 2.800e+01  2.800e+01  2.800e+01  2.700e+01 
 2.700e+01  2.700e+01  2.700e+01  2.700e+01 

b:
 2.400e+02  2.390e+02  2.380e+02  2.360e+02 

x:
 1.000e+00 -1.465e-14  1.000e+00 -2.134e-13 

./a.out : Task = 9 Res1 = 2.139703e-16 Res2 = 7.463706e-13 T1 = 0.00 T2 = 0.00 S = 1 N = 30 M = 3 P = 2
============================== a.out n=30 m=3 p=3 s=1 ===============
### Run  ./a.out 30 3 3 4 1
A:
 3.000e+01  2.900e+01  2.800e+01  2.700e+01 
 2.900e+01  2.900e+01  2.800e+01  2.700e+01 
 2.800e+01  2.800e+01  2.800e+01  2.700e+01 
 2.700e+01  2.700e+01  2.700e+01  2.700e+01 

b:
 2.400e+02  2.390e+02  2.380e+02  2.360e+02 

x:
 1.000e+00 -1.465e-14  1.000e+00 -2.134e-13 

./a.out : Task = 9 Res1 = 2.080980e-16 Res2 = 7.472588e-13 T1 = 0.00 T2 = 0.00 S = 1 N = 30 M = 3 P = 3
============================== a.out n=30 m=3 p=4 s=1 ===============
### Run  ./a.out 30 3 4 4 1
A:
 3.000e+01  2.900e+01  2.800e+01  2.700e+01 
 2.900e+01  2.900e+01  2.800e+01  2.700e+01 
 2.800e+01  2.800e+01  2.800e+01  2.700e+01 
 2.700e+01  2.700e+01  2.700e+01  2.700e+01 

b:
 2.400e+02  2.390e+02  2.380e+02  2.360e+02 

x:
 1.000e+00 -1.465e-14  1.000e+00 -2.134e-13 

./a.out : Task = 9 Res1 = 2.139703e-16 Res2 = 7.463706e-13 T1 = 0.00 T2 = 0.00 S = 1 N = 30 M = 3 P = 4
============================== a.out n=30 m=3 p=5 s=1 ===============
### Run  ./a.out 30 3 5 4 1
A:
 3.000e+01  2.900e+01  2.800e+01  2.700e+01 
 2.900e+01  2.900e+01  2.800e+01  2.700e+01 
 2.800e+01  2.800e+01  2.800e+01  2.700e+01 
 2.700e+01  2.700e+01  2.700e+01  2.700e+01 

b:
 2.400e+02  2.390e+02  2.380e+02  2.360e+02 

x:
 1.000e+00 -1.465e-14  1.000e+00 -2.134e-13 

./a.out : Task = 9 Res1 = 2.139703e-16 Res2 = 7.481470e-13 T1 = 0.00 T2 = 0.00 S = 1 N = 30 M = 3 P = 5
============================== a.out n=30 m=3 p=6 s=1 ===============
### Run  ./a.out 30 3 6 4 1
A:
 3.000e+01  2.900e+01  2.800e+01  2.700e+01 
 2.900e+01  2.900e+01  2.800e+01  2.700e+01 
 2.800e+01  2.800e+01  2.800e+01  2.700e+01 
 2.700e+01  2.700e+01  2.700e+01  2.700e+01 

b:
 2.400e+02  2.390e+02  2.380e+02  2.360e+02 

x:
 1.000e+00 -1.465e-14  1.000e+00 -2.134e-13 

./a.out : Task = 9 Res1 = 2.139703e-16 Res2 = 7.463706e-13 T1 = 0.00 T2 = 0.00 S = 1 N = 30 M = 3 P = 6
============================== a.out n=30 m=3 p=7 s=1 ===============
### Run  ./a.out 30 3 7 4 1
A:
 3.000e+01  2.900e+01  2.800e+01  2.700e+01 
 2.900e+01  2.900e+01  2.800e+01  2.700e+01 
 2.800e+01  2.800e+01  2.800e+01  2.700e+01 
 2.700e+01  2.700e+01  2.700e+01  2.700e+01 

b:
 2.400e+02  2.390e+02  2.380e+02  2.360e+02 

x:
 1.000e+00 -1.465e-14  1.000e+00 -2.134e-13 

./a.out : Task = 9 Res1 = 2.198425e-16 Res2 = 7.463706e-13 T1 = 0.00 T2 = 0.00 S = 1 N = 30 M = 3 P = 7
============================== a.out n=30 m=3 p=8 s=1 ===============
### Run  ./a.out 30 3 8 4 1
A:
 3.000e+01  2.900e+01  2.800e+01  2.700e+01 
 2.900e+01  2.900e+01  2.800e+01  2.700e+01 
 2.800e+01  2.800e+01  2.800e+01  2.700e+01 
 2.700e+01  2.700e+01  2.700e+01  2.700e+01 

b:
 2.400e+02  2.390e+02  2.380e+02  2.360e+02 

x:
 1.000e+00 -1.465e-14  1.000e+00 -2.134e-13 

./a.out : Task = 9 Res1 = 2.139703e-16 Res2 = 7.463706e-13 T1 = 0.00 T2 = 0.00 S = 1 N = 30 M = 3 P = 8
============================== a.out n=30 m=3 p=9 s=1 ===============
### Run  ./a.out 30 3 9 4 1
A:
 3.000e+01  2.900e+01  2.800e+01  2.700e+01 
 2.900e+01  2.900e+01  2.800e+01  2.700e+01 
 2.800e+01  2.800e+01  2.800e+01  2.700e+01 
 2.700e+01  2.700e+01  2.700e+01  2.700e+01 

b:
 2.400e+02  2.390e+02  2.380e+02  2.360e+02 

x:
 1.000e+00 -1.465e-14  1.000e+00 -2.134e-13 

./a.out : Task = 9 Res1 = 2.139703e-16 Res2 = 7.463706e-13 T1 = 0.00 T2 = 0.00 S = 1 N = 30 M = 3 P = 9
============================== a.out n=30 m=3 p=10 s=1 ===============
### Run  ./a.out 30 3 10 4 1
A:
 3.000e+01  2.900e+01  2.800e+01  2.700e+01 
 2.900e+01  2.900e+01  2.800e+01  2.700e+01 
 2.800e+01  2.800e+01  2.800e+01  2.700e+01 
 2.700e+01  2.700e+01  2.700e+01  2.700e+01 

b:
 2.400e+02  2.390e+02  2.380e+02  2.360e+02 

x:
 1.000e+00 -1.465e-14  1.000e+00 -2.134e-13 

./a.out : Task = 9 Res1 = 2.022257e-16 Res2 = 7.463706e-13 T1 = 0.00 T2 = 0.00 S = 1 N = 30 M = 3 P = 10
============================== a.out n=30 m=3 p=11 s=1 ===============
### Run  ./a.out 30 3 11 4 1
A:
 3.000e+01  2.900e+01  2.800e+01  2.700e+01 
 2.900e+01  2.900e+01  2.800e+01  2.700e+01 
 2.800e+01  2.800e+01  2.800e+01  2.700e+01 
 2.700e+01  2.700e+01  2.700e+01  2.700e+01 

b:
 2.400e+02  2.390e+02  2.380e+02  2.360e+02 

x:
 1.000e+00 -1.465e-14  1.000e+00 -2.134e-13 

./a.out : Task = 9 Res1 = 2.517729e-16 Res2 = 7.454824e-13 T1 = 0.00 T2 = 0.00 S = 1 N = 30 M = 3 P = 11
============================== a.out n=30 m=6 p=1 s=1 ===============
### Run  ./a.out 30 6 1 4 1
A:
 3.000e+01  2.900e+01  2.800e+01  2.700e+01 
 2.900e+01  2.900e+01  2.800e+01  2.700e+01 
 2.800e+01  2.800e+01  2.800e+01  2.700e+01 
 2.700e+01  2.700e+01  2.700e+01  2.700e+01 

b:
 2.400e+02  2.390e+02  2.380e+02  2.360e+02 

x:
 1.000e+00 -2.923e-14  1.000e+00 -3.486e-14 

./a.out : Task = 9 Res1 = 5.094180e-16 Res2 = 1.317898e-12 T1 = 0.00 T2 = 0.00 S = 1 N = 30 M = 6 P = 1
============================== a.out n=30 m=6 p=2 s=1 ===============
### Run  ./a.out 30 6 2 4 1
A:
 3.000e+01  2.900e+01  2.800e+01  2.700e+01 
 2.900e+01  2.900e+01  2.800e+01  2.700e+01 
 2.800e+01  2.800e+01  2.800e+01  2.700e+01 
 2.700e+01  2.700e+01  2.700e+01  2.700e+01 

b:
 2.400e+02  2.390e+02  2.380e+02  2.360e+02 

x:
 1.000e+00 -2.923e-14  1.000e+00 -3.486e-14 

./a.out : Task = 9 Res1 = 5.094180e-16 Res2 = 1.317898e-12 T1 = 0.00 T2 = 0.00 S = 1 N = 30 M = 6 P = 2
============================== a.out n=30 m=6 p=3 s=1 ===============
### Run  ./a.out 30 6 3 4 1
A:
 3.000e+01  2.900e+01  2.800e+01  2.700e+01 
 2.900e+01  2.900e+01  2.800e+01  2.700e+01 
 2.800e+01  2.800e+01  2.800e+01  2.700e+01 
 2.700e+01  2.700e+01  2.700e+01  2.700e+01 

b:
 2.400e+02  2.390e+02  2.380e+02  2.360e+02 

x:
 1.000e+00 -2.923e-14  1.000e+00 -3.486e-14 

./a.out : Task = 9 Res1 = 5.094180e-16 Res2 = 1.317898e-12 T1 = 0.00 T2 = 0.00 S = 1 N = 30 M = 6 P = 3
============================== a.out n=30 m=6 p=4 s=1 ===============
### Run  ./a.out 30 6 4 4 1
A:
 3.000e+01  2.900e+01  2.800e+01  2.700e+01 
 2.900e+01  2.900e+01  2.800e+01  2.700e+01 
 2.800e+01  2.800e+01  2.800e+01  2.700e+01 
 2.700e+01  2.700e+01  2.700e+01  2.700e+01 

b:
 2.400e+02  2.390e+02  2.380e+02  2.360e+02 

x:
 1.000e+00 -2.923e-14  1.000e+00 -3.486e-14 

./a.out : Task = 9 Res1 = 5.094180e-16 Res2 = 1.317898e-12 T1 = 0.00 T2 = 0.00 S = 1 N = 30 M = 6 P = 4
============================== a.out n=30 m=6 p=5 s=1 ===============
### Run  ./a.out 30 6 5 4 1
A:
 3.000e+01  2.900e+01  2.800e+01  2.700e+01 
 2.900e+01  2.900e+01  2.800e+01  2.700e+01 
 2.800e+01  2.800e+01  2.800e+01  2.700e+01 
 2.700e+01  2.700e+01  2.700e+01  2.700e+01 

b:
 2.400e+02  2.390e+02  2.380e+02  2.360e+02 

x:
 1.000e+00 -2.923e-14  1.000e+00 -3.486e-14 

./a.out : Task = 9 Res1 = 5.373112e-16 Res2 = 1.319674e-12 T1 = 0.00 T2 = 0.00 S = 1 N = 30 M = 6 P = 5
============================== a.out n=30 m=6 p=6 s=1 ===============
### Run  ./a.out 30 6 6 4 1
A:
 3.000e+01  2.900e+01  2.800e+01  2.700e+01 
 2.900e+01  2.900e+01  2.800e+01  2.700e+01 
 2.800e+01  2.800e+01  2.800e+01  2.700e+01 
 2.700e+01  2.700e+01  2.700e+01  2.700e+01 

b:
 2.400e+02  2.390e+02  2.380e+02  2.360e+02 

x:
 1.000e+00 -2.923e-14  1.000e+00 -3.486e-14 

./a.out : Task = 9 Res1 = 5.094180e-16 Res2 = 1.317898e-12 T1 = 0.00 T2 = 0.00 S = 1 N = 30 M = 6 P = 6
============================== a.out n=30 m=9 p=1 s=1 ===============
### Run  ./a.out 30 9 1 4 1
A:
 3.000e+01  2.900e+01  2.800e+01  2.700e+01 
 2.900e+01  2.900e+01  2.800e+01  2.700e+01 
 2.800e+01  2.800e+01  2.800e+01  2.700e+01 
 2.700e+01  2.700e+01  2.700e+01  2.700e+01 

b:
 2.400e+02  2.390e+02  2.380e+02  2.360e+02 

x:
 1.000e+00 -2.035e-14  1.000e+00  2.871e-14 

./a.out : Task = 9 Res1 = 5.107393e-15 Res2 = 5.284732e-12 T1 = 0.00 T2 = 0.00 S = 1 N = 30 M = 9 P = 1
============================== a.out n=30 m=9 p=2 s=1 ===============
### Run  ./a.out 30 9 2 4 1
A:
 3.000e+01  2.900e+01  2.800e+01  2.700e+01 
 2.900e+01  2.900e+01  2.800e+01  2.700e+01 
 2.800e+01  2.800e+01  2.800e+01  2.700e+01 
 2.700e+01  2.700e+01  2.700e+01  2.700e+01 

b:
 2.400e+02  2.390e+02  2.380e+02  2.360e+02 

x:
 1.000e+00 -2.035e-14  1.000e+00  2.871e-14 

./a.out : Task = 9 Res1 = 5.107393e-15 Res2 = 5.284732e-12 T1 = 0.00 T2 = 0.00 S = 1 N = 30 M = 9 P = 2
============================== a.out n=30 m=9 p=3 s=1 ===============
### Run  ./a.out 30 9 3 4 1
A:
 3.000e+01  2.900e+01  2.800e+01  2.700e+01 
 2.900e+01  2.900e+01  2.800e+01  2.700e+01 
 2.800e+01  2.800e+01  2.800e+01  2.700e+01 
 2.700e+01  2.700e+01  2.700e+01  2.700e+01 

b:
 2.400e+02  2.390e+02  2.380e+02  2.360e+02 

x:
 1.000e+00 -2.035e-14  1.000e+00  2.871e-14 

./a.out : Task = 9 Res1 = 5.107393e-15 Res2 = 5.284732e-12 T1 = 0.00 T2 = 0.00 S = 1 N = 30 M = 9 P = 3
============================== a.out n=30 m=9 p=4 s=1 ===============
### Run  ./a.out 30 9 4 4 1
A:
 3.000e+01  2.900e+01  2.800e+01  2.700e+01 
 2.900e+01  2.900e+01  2.800e+01  2.700e+01 
 2.800e+01  2.800e+01  2.800e+01  2.700e+01 
 2.700e+01  2.700e+01  2.700e+01  2.700e+01 

b:
 2.400e+02  2.390e+02  2.380e+02  2.360e+02 

x:
 1.000e+00 -2.035e-14  1.000e+00  2.871e-14 

./a.out : Task = 9 Res1 = 5.107393e-15 Res2 = 5.284732e-12 T1 = 0.00 T2 = 0.00 S = 1 N = 30 M = 9 P = 4
============================== a.out n=30 m=12 p=1 s=1 ===============
### Run  ./a.out 30 12 1 4 1
A:
 3.000e+01  2.900e+01  2.800e+01  2.700e+01 
 2.900e+01  2.900e+01  2.800e+01  2.700e+01 
 2.800e+01  2.800e+01  2.800e+01  2.700e+01 
 2.700e+01  2.700e+01  2.700e+01  2.700e+01 

b:
 2.400e+02  2.390e+02  2.380e+02  2.360e+02 

x:
 1.000e+00 -7.511e-14  1.000e+00  5.853e-14 

./a.out : Task = 9 Res1 = 1.486414e-15 Res2 = 1.553045e-12 T1 = 0.00 T2 = 0.00 S = 1 N = 30 M = 12 P = 1
============================== a.out n=30 m=12 p=2 s=1 ===============
### Run  ./a.out 30 12 2 4 1
A:
 3.000e+01  2.900e+01  2.800e+01  2.700e+01 
 2.900e+01  2.900e+01  2.800e+01  2.700e+01 
 2.800e+01  2.800e+01  2.800e+01  2.700e+01 
 2.700e+01  2.700e+01  2.700e+01  2.700e+01 

b:
 2.400e+02  2.390e+02  2.380e+02  2.360e+02 

x:
 1.000e+00 -7.511e-14  1.000e+00  5.853e-14 

./a.out : Task = 9 Res1 = 1.486414e-15 Res2 = 1.553045e-12 T1 = 0.00 T2 = 0.00 S = 1 N = 30 M = 12 P = 2
============================== a.out n=30 m=12 p=3 s=1 ===============
### Run  ./a.out 30 12 3 4 1
A:
 3.000e+01  2.900e+01  2.800e+01  2.700e+01 
 2.900e+01  2.900e+01  2.800e+01  2.700e+01 
 2.800e+01  2.800e+01  2.800e+01  2.700e+01 
 2.700e+01  2.700e+01  2.700e+01  2.700e+01 

b:
 2.400e+02  2.390e+02  2.380e+02  2.360e+02 

x:
 1.000e+00 -7.511e-14  1.000e+00  5.853e-14 

./a.out : Task = 9 Res1 = 1.486414e-15 Res2 = 1.553045e-12 T1 = 0.00 T2 = 0.00 S = 1 N = 30 M = 12 P = 3
============================== a.out n=30 m=15 p=1 s=1 ===============
### Run  ./a.out 30 15 1 4 1
A:
 3.000e+01  2.900e+01  2.800e+01  2.700e+01 
 2.900e+01  2.900e+01  2.800e+01  2.700e+01 
 2.800e+01  2.800e+01  2.800e+01  2.700e+01 
 2.700e+01  2.700e+01  2.700e+01  2.700e+01 

b:
 2.400e+02  2.390e+02  2.380e+02  2.360e+02 

x:
 1.000e+00 -2.134e-14  1.000e+00 -6.325e-14 

./a.out : Task = 9 Res1 = 1.948120e-15 Res2 = 2.270483e-12 T1 = 0.00 T2 = 0.00 S = 1 N = 30 M = 15 P = 1
============================== a.out n=30 m=15 p=2 s=1 ===============
### Run  ./a.out 30 15 2 4 1
A:
 3.000e+01  2.900e+01  2.800e+01  2.700e+01 
 2.900e+01  2.900e+01  2.800e+01  2.700e+01 
 2.800e+01  2.800e+01  2.800e+01  2.700e+01 
 2.700e+01  2.700e+01  2.700e+01  2.700e+01 

b:
 2.400e+02  2.390e+02  2.380e+02  2.360e+02 

x:
 1.000e+00 -2.134e-14  1.000e+00 -6.325e-14 

./a.out : Task = 9 Res1 = 1.948120e-15 Res2 = 2.270483e-12 T1 = 0.00 T2 = 0.00 S = 1 N = 30 M = 15 P = 2
============================== a.out n=30 m=15 p=3 s=1 ===============
### Run  ./a.out 30 15 3 4 1
A:
 3.000e+01  2.900e+01  2.800e+01  2.700e+01 
 2.900e+01  2.900e+01  2.800e+01  2.700e+01 
 2.800e+01  2.800e+01  2.800e+01  2.700e+01 
 2.700e+01  2.700e+01  2.700e+01  2.700e+01 

b:
 2.400e+02  2.390e+02  2.380e+02  2.360e+02 

x:
 1.000e+00 -2.134e-14  1.000e+00 -6.325e-14 

./a.out : Task = 9 Res1 = 1.948120e-15 Res2 = 2.270483e-12 T1 = 0.00 T2 = 0.00 S = 1 N = 30 M = 15 P = 3
============================== a.out n=30 m=18 p=1 s=1 ===============
### Run  ./a.out 30 18 1 4 1
A:
 3.000e+01  2.900e+01  2.800e+01  2.700e+01 
 2.900e+01  2.900e+01  2.800e+01  2.700e+01 
 2.800e+01  2.800e+01  2.800e+01  2.700e+01 
 2.700e+01  2.700e+01  2.700e+01  2.700e+01 

b:
 2.400e+02  2.390e+02  2.380e+02  2.360e+02 

x:
 1.000e+00 -4.364e-15  1.000e+00  5.266e-14 

./a.out : Task = 9 Res1 = 8.718095e-15 Res2 = 3.978135e-12 T1 = 0.00 T2 = 0.00 S = 1 N = 30 M = 18 P = 1
============================== a.out n=30 m=18 p=2 s=1 ===============
### Run  ./a.out 30 18 2 4 1
A:
 3.000e+01  2.900e+01  2.800e+01  2.700e+01 
 2.900e+01  2.900e+01  2.800e+01  2.700e+01 
 2.800e+01  2.800e+01  2.800e+01  2.700e+01 
 2.700e+01  2.700e+01  2.700e+01  2.700e+01 

b:
 2.400e+02  2.390e+02  2.380e+02  2.360e+02 

x:
 1.000e+00 -4.364e-15  1.000e+00  5.266e-14 

./a.out : Task = 9 Res1 = 8.718095e-15 Res2 = 3.978135e-12 T1 = 0.00 T2 = 0.00 S = 1 N = 30 M = 18 P = 2
============================== a.out n=30 m=21 p=1 s=1 ===============
### Run  ./a.out 30 21 1 4 1
A:
 3.000e+01  2.900e+01  2.800e+01  2.700e+01 
 2.900e+01  2.900e+01  2.800e+01  2.700e+01 
 2.800e+01  2.800e+01  2.800e+01  2.700e+01 
 2.700e+01  2.700e+01  2.700e+01  2.700e+01 

b:
 2.400e+02  2.390e+02  2.380e+02  2.360e+02 

x:
 1.000e+00 -1.973e-14  1.000e+00 -1.270e-13 

./a.out : Task = 9 Res1 = 4.082685e-15 Res2 = 1.639310e-12 T1 = 0.00 T2 = 0.00 S = 1 N = 30 M = 21 P = 1
============================== a.out n=30 m=21 p=2 s=1 ===============
### Run  ./a.out 30 21 2 4 1
A:
 3.000e+01  2.900e+01  2.800e+01  2.700e+01 
 2.900e+01  2.900e+01  2.800e+01  2.700e+01 
 2.800e+01  2.800e+01  2.800e+01  2.700e+01 
 2.700e+01  2.700e+01  2.700e+01  2.700e+01 

b:
 2.400e+02  2.390e+02  2.380e+02  2.360e+02 

x:
 1.000e+00 -1.973e-14  1.000e+00 -1.270e-13 

./a.out : Task = 9 Res1 = 4.082685e-15 Res2 = 1.639310e-12 T1 = 0.00 T2 = 0.00 S = 1 N = 30 M = 21 P = 2
============================== a.out n=30 m=24 p=1 s=1 ===============
### Run  ./a.out 30 24 1 4 1
A:
 3.000e+01  2.900e+01  2.800e+01  2.700e+01 
 2.900e+01  2.900e+01  2.800e+01  2.700e+01 
 2.800e+01  2.800e+01  2.800e+01  2.700e+01 
 2.700e+01  2.700e+01  2.700e+01  2.700e+01 

b:
 2.400e+02  2.390e+02  2.380e+02  2.360e+02 

x:
 1.000e+00 -2.389e-14  1.000e+00 -1.326e-13 

./a.out : Task = 9 Res1 = 1.076825e-15 Res2 = 2.206518e-12 T1 = 0.00 T2 = 0.00 S = 1 N = 30 M = 24 P = 1
============================== a.out n=30 m=24 p=2 s=1 ===============
### Run  ./a.out 30 24 2 4 1
A:
 3.000e+01  2.900e+01  2.800e+01  2.700e+01 
 2.900e+01  2.900e+01  2.800e+01  2.700e+01 
 2.800e+01  2.800e+01  2.800e+01  2.700e+01 
 2.700e+01  2.700e+01  2.700e+01  2.700e+01 

b:
 2.400e+02  2.390e+02  2.380e+02  2.360e+02 

x:
 1.000e+00 -2.389e-14  1.000e+00 -1.326e-13 

./a.out : Task = 9 Res1 = 1.076825e-15 Res2 = 2.206518e-12 T1 = 0.00 T2 = 0.00 S = 1 N = 30 M = 24 P = 2
============================== a.out n=30 m=27 p=1 s=1 ===============
### Run  ./a.out 30 27 1 4 1
A:
 3.000e+01  2.900e+01  2.800e+01  2.700e+01 
 2.900e+01  2.900e+01  2.800e+01  2.700e+01 
 2.800e+01  2.800e+01  2.800e+01  2.700e+01 
 2.700e+01  2.700e+01  2.700e+01  2.700e+01 

b:
 2.400e+02  2.390e+02  2.380e+02  2.360e+02 

x:
 1.000e+00 -7.788e-14  1.000e+00 -1.854e-13 

./a.out : Task = 9 Res1 = 7.293339e-15 Res2 = 2.555187e-12 T1 = 0.00 T2 = 0.00 S = 1 N = 30 M = 27 P = 1
============================== a.out n=30 m=27 p=2 s=1 ===============
### Run  ./a.out 30 27 2 4 1
A:
 3.000e+01  2.900e+01  2.800e+01  2.700e+01 
 2.900e+01  2.900e+01  2.800e+01  2.700e+01 
 2.800e+01  2.800e+01  2.800e+01  2.700e+01 
 2.700e+01  2.700e+01  2.700e+01  2.700e+01 

b:
 2.400e+02  2.390e+02  2.380e+02  2.360e+02 

x:
 1.000e+00 -7.788e-14  1.000e+00 -1.854e-13 

./a.out : Task = 9 Res1 = 7.293339e-15 Res2 = 2.555187e-12 T1 = 0.00 T2 = 0.00 S = 1 N = 30 M = 27 P = 2
============================== a.out n=30 m=30 p=1 s=1 ===============
### Run  ./a.out 30 30 1 4 1
A:
 3.000e+01  2.900e+01  2.800e+01  2.700e+01 
 2.900e+01  2.900e+01  2.800e+01  2.700e+01 
 2.800e+01  2.800e+01  2.800e+01  2.700e+01 
 2.700e+01  2.700e+01  2.700e+01  2.700e+01 

b:
 2.400e+02  2.390e+02  2.380e+02  2.360e+02 

x:
 1.000e+00 -2.867e-15  1.000e+00 -1.238e-13 

./a.out : Task = 9 Res1 = 5.620848e-15 Res2 = 1.940215e-12 T1 = 0.00 T2 = 0.00 S = 1 N = 30 M = 30 P = 1
============================== a.out n=30 m=30 p=2 s=1 ===============
### Run  ./a.out 30 30 2 4 1
A:
 3.000e+01  2.900e+01  2.800e+01  2.700e+01 
 2.900e+01  2.900e+01  2.800e+01  2.700e+01 
 2.800e+01  2.800e+01  2.800e+01  2.700e+01 
 2.700e+01  2.700e+01  2.700e+01  2.700e+01 

b:
 2.400e+02  2.390e+02  2.380e+02  2.360e+02 

x:
 1.000e+00 -2.867e-15  1.000e+00 -1.238e-13 

./a.out : Task = 9 Res1 = 5.620848e-15 Res2 = 1.940215e-12 T1 = 0.00 T2 = 0.00 S = 1 N = 30 M = 30 P = 2
============================== a.out n=3 m=3 p=1 s=2 ===============
### Run  ./a.out 3 3 1 4 2
A:
 1.000e+00  2.000e+00  3.000e+00 
 2.000e+00  2.000e+00  3.000e+00 
 3.000e+00  3.000e+00  3.000e+00 

b:
 4.000e+00  5.000e+00  6.000e+00 

x:
 1.000e+00  0.000e+00  1.000e+00 

./a.out : Task = 9 Res1 = 0.000000e+00 Res2 = 0.000000e+00 T1 = 0.00 T2 = 0.00 S = 2 N = 3 M = 3 P = 1
============================== a.out n=3 m=3 p=2 s=2 ===============
### Run  ./a.out 3 3 2 4 2
A:
 1.000e+00  2.000e+00  3.000e+00 
 2.000e+00  2.000e+00  3.000e+00 
 3.000e+00  3.000e+00  3.000e+00 

b:
 4.000e+00  5.000e+00  6.000e+00 

x:
 1.000e+00  0.000e+00  1.000e+00 

./a.out : Task = 9 Res1 = 0.000000e+00 Res2 = 0.000000e+00 T1 = 0.00 T2 = 0.00 S = 2 N = 3 M = 3 P = 2
============================== a.out n=4 m=3 p=1 s=2 ===============
### Run  ./a.out 4 3 1 4 2
A:
 1.000e+00  2.000e+00  3.000e+00  4.000e+00 
 2.000e+00  2.000e+00  3.000e+00  4.000e+00 
 3.000e+00  3.000e+00  3.000e+00  4.000e+00 
 4.000e+00  4.000e+00  4.000e+00  4.000e+00 

b:
 4.000e+00  5.000e+00  6.000e+00  8.000e+00 

x:
 1.000e+00  0.000e+00  1.000e+00  0.000e+00 

./a.out : Task = 9 Res1 = 0.000000e+00 Res2 = 0.000000e+00 T1 = 0.00 T2 = 0.00 S = 2 N = 4 M = 3 P = 1
============================== a.out n=4 m=3 p=2 s=2 ===============
### Run  ./a.out 4 3 2 4 2
A:
 1.000e+00  2.000e+00  3.000e+00  4.000e+00 
 2.000e+00  2.000e+00  3.000e+00  4.000e+00 
 3.000e+00  3.000e+00  3.000e+00  4.000e+00 
 4.000e+00  4.000e+00  4.000e+00  4.000e+00 

b:
 4.000e+00  5.000e+00  6.000e+00  8.000e+00 

x:
 1.000e+00  0.000e+00  1.000e+00  0.000e+00 

./a.out : Task = 9 Res1 = 0.000000e+00 Res2 = 0.000000e+00 T1 = 0.00 T2 = 0.00 S = 2 N = 4 M = 3 P = 2
============================== a.out n=5 m=3 p=1 s=2 ===============
### Run  ./a.out 5 3 1 4 2
A:
 1.000e+00  2.000e+00  3.000e+00  4.000e+00 
 2.000e+00  2.000e+00  3.000e+00  4.000e+00 
 3.000e+00  3.000e+00  3.000e+00  4.000e+00 
 4.000e+00  4.000e+00  4.000e+00  4.000e+00 

b:
 9.000e+00  1.000e+01  1.100e+01  1.300e+01 

x:
 1.000e+00  0.000e+00  1.000e+00 -4.441e-16 

./a.out : Task = 9 Res1 = 0.000000e+00 Res2 = 8.881784e-16 T1 = 0.00 T2 = 0.00 S = 2 N = 5 M = 3 P = 1
============================== a.out n=5 m=3 p=2 s=2 ===============
### Run  ./a.out 5 3 2 4 2
A:
 1.000e+00  2.000e+00  3.000e+00  4.000e+00 
 2.000e+00  2.000e+00  3.000e+00  4.000e+00 
 3.000e+00  3.000e+00  3.000e+00  4.000e+00 
 4.000e+00  4.000e+00  4.000e+00  4.000e+00 

b:
 9.000e+00  1.000e+01  1.100e+01  1.300e+01 

x:
 1.000e+00  0.000e+00  1.000e+00 -4.441e-16 

./a.out : Task = 9 Res1 = 0.000000e+00 Res2 = 8.881784e-16 T1 = 0.00 T2 = 0.00 S = 2 N = 5 M = 3 P = 2
============================== a.out n=6 m=3 p=1 s=2 ===============
### Run  ./a.out 6 3 1 4 2
A:
 1.000e+00  2.000e+00  3.000e+00  4.000e+00 
 2.000e+00  2.000e+00  3.000e+00  4.000e+00 
 3.000e+00  3.000e+00  3.000e+00  4.000e+00 
 4.000e+00  4.000e+00  4.000e+00  4.000e+00 

b:
 9.000e+00  1.000e+01  1.100e+01  1.300e+01 

x:
 1.000e+00  0.000e+00  1.000e+00  4.441e-16 

./a.out : Task = 9 Res1 = 0.000000e+00 Res2 = 4.440892e-15 T1 = 0.00 T2 = 0.00 S = 2 N = 6 M = 3 P = 1
============================== a.out n=6 m=3 p=2 s=2 ===============
### Run  ./a.out 6 3 2 4 2
A:
 1.000e+00  2.000e+00  3.000e+00  4.000e+00 
 2.000e+00  2.000e+00  3.000e+00  4.000e+00 
 3.000e+00  3.000e+00  3.000e+00  4.000e+00 
 4.000e+00  4.000e+00  4.000e+00  4.000e+00 

b:
 9.000e+00  1.000e+01  1.100e+01  1.300e+01 

x:
 1.000e+00  0.000e+00  1.000e+00  4.441e-16 

./a.out : Task = 9 Res1 = 0.000000e+00 Res2 = 4.440892e-15 T1 = 0.00 T2 = 0.00 S = 2 N = 6 M = 3 P = 2
============================== a.out n=6 m=3 p=3 s=2 ===============
### Run  ./a.out 6 3 3 4 2
A:
 1.000e+00  2.000e+00  3.000e+00  4.000e+00 
 2.000e+00  2.000e+00  3.000e+00  4.000e+00 
 3.000e+00  3.000e+00  3.000e+00  4.000e+00 
 4.000e+00  4.000e+00  4.000e+00  4.000e+00 

b:
 9.000e+00  1.000e+01  1.100e+01  1.300e+01 

x:
 1.000e+00  0.000e+00  1.000e+00  4.441e-16 

./a.out : Task = 9 Res1 = 0.000000e+00 Res2 = 4.440892e-15 T1 = 0.00 T2 = 0.00 S = 2 N = 6 M = 3 P = 3
============================== a.out n=6 m=6 p=1 s=2 ===============
### Run  ./a.out 6 6 1 4 2
A:
 1.000e+00  2.000e+00  3.000e+00  4.000e+00 
 2.000e+00  2.000e+00  3.000e+00  4.000e+00 
 3.000e+00  3.000e+00  3.000e+00  4.000e+00 
 4.000e+00  4.000e+00  4.000e+00  4.000e+00 

b:
 9.000e+00  1.000e+01  1.100e+01  1.300e+01 

x:
 1.000e+00  3.997e-15  1.000e+00  3.997e-15 

./a.out : Task = 9 Res1 = 5.843279e-16 Res2 = 2.131628e-14 T1 = 0.00 T2 = 0.00 S = 2 N = 6 M = 6 P = 1
============================== a.out n=6 m=6 p=2 s=2 ===============
### Run  ./a.out 6 6 2 4 2
A:
 1.000e+00  2.000e+00  3.000e+00  4.000e+00 
 2.000e+00  2.000e+00  3.000e+00  4.000e+00 
 3.000e+00  3.000e+00  3.000e+00  4.000e+00 
 4.000e+00  4.000e+00  4.000e+00  4.000e+00 

b:
 9.000e+00  1.000e+01  1.100e+01  1.300e+01 

x:
 1.000e+00  3.997e-15  1.000e+00  3.997e-15 

./a.out : Task = 9 Res1 = 5.843279e-16 Res2 = 2.131628e-14 T1 = 0.00 T2 = 0.00 S = 2 N = 6 M = 6 P = 2
============================== a.out n=7 m=3 p=1 s=2 ===============
### Run  ./a.out 7 3 1 4 2
A:
 1.000e+00  2.000e+00  3.000e+00  4.000e+00 
 2.000e+00  2.000e+00  3.000e+00  4.000e+00 
 3.000e+00  3.000e+00  3.000e+00  4.000e+00 
 4.000e+00  4.000e+00  4.000e+00  4.000e+00 

b:
 1.600e+01  1.700e+01  1.800e+01  2.000e+01 

x:
 1.000e+00  0.000e+00  1.000e+00 -1.776e-15 

./a.out : Task = 9 Res1 = 1.216683e-16 Res2 = 1.276756e-14 T1 = 0.00 T2 = 0.00 S = 2 N = 7 M = 3 P = 1
============================== a.out n=7 m=3 p=2 s=2 ===============
### Run  ./a.out 7 3 2 4 2
A:
 1.000e+00  2.000e+00  3.000e+00  4.000e+00 
 2.000e+00  2.000e+00  3.000e+00  4.000e+00 
 3.000e+00  3.000e+00  3.000e+00  4.000e+00 
 4.000e+00  4.000e+00  4.000e+00  4.000e+00 

b:
 1.600e+01  1.700e+01  1.800e+01  2.000e+01 

x:
 1.000e+00  0.000e+00  1.000e+00 -1.776e-15 

./a.out : Task = 9 Res1 = 1.216683e-16 Res2 = 1.276756e-14 T1 = 0.00 T2 = 0.00 S = 2 N = 7 M = 3 P = 2
============================== a.out n=7 m=3 p=3 s=2 ===============
### Run  ./a.out 7 3 3 4 2
A:
 1.000e+00  2.000e+00  3.000e+00  4.000e+00 
 2.000e+00  2.000e+00  3.000e+00  4.000e+00 
 3.000e+00  3.000e+00  3.000e+00  4.000e+00 
 4.000e+00  4.000e+00  4.000e+00  4.000e+00 

b:
 1.600e+01  1.700e+01  1.800e+01  2.000e+01 

x:
 1.000e+00  0.000e+00  1.000e+00 -1.776e-15 

./a.out : Task = 9 Res1 = 1.216683e-16 Res2 = 1.276756e-14 T1 = 0.00 T2 = 0.00 S = 2 N = 7 M = 3 P = 3
============================== a.out n=7 m=6 p=1 s=2 ===============
### Run  ./a.out 7 6 1 4 2
A:
 1.000e+00  2.000e+00  3.000e+00  4.000e+00 
 2.000e+00  2.000e+00  3.000e+00  4.000e+00 
 3.000e+00  3.000e+00  3.000e+00  4.000e+00 
 4.000e+00  4.000e+00  4.000e+00  4.000e+00 

b:
 1.600e+01  1.700e+01  1.800e+01  2.000e+01 

x:
 1.000e+00  3.997e-15  1.000e+00  3.997e-15 

./a.out : Task = 9 Res1 = 3.041707e-16 Res2 = 3.930190e-14 T1 = 0.00 T2 = 0.00 S = 2 N = 7 M = 6 P = 1
============================== a.out n=7 m=6 p=2 s=2 ===============
### Run  ./a.out 7 6 2 4 2
A:
 1.000e+00  2.000e+00  3.000e+00  4.000e+00 
 2.000e+00  2.000e+00  3.000e+00  4.000e+00 
 3.000e+00  3.000e+00  3.000e+00  4.000e+00 
 4.000e+00  4.000e+00  4.000e+00  4.000e+00 

b:
 1.600e+01  1.700e+01  1.800e+01  2.000e+01 

x:
 1.000e+00  3.997e-15  1.000e+00  3.997e-15 

./a.out : Task = 9 Res1 = 3.041707e-16 Res2 = 3.930190e-14 T1 = 0.00 T2 = 0.00 S = 2 N = 7 M = 6 P = 2
============================== a.out n=8 m=3 p=1 s=2 ===============
### Run  ./a.out 8 3 1 4 2
A:
 1.000e+00  2.000e+00  3.000e+00  4.000e+00 
 2.000e+00  2.000e+00  3.000e+00  4.000e+00 
 3.000e+00  3.000e+00  3.000e+00  4.000e+00 
 4.000e+00  4.000e+00  4.000e+00  4.000e+00 

b:
 1.600e+01  1.700e+01  1.800e+01  2.000e+01 

x:
 1.000e+00  0.000e+00  1.000e+00 -1.776e-15 

./a.out : Task = 9 Res1 = 9.979533e-17 Res2 = 1.243450e-14 T1 = 0.00 T2 = 0.00 S = 2 N = 8 M = 3 P = 1
============================== a.out n=8 m=3 p=2 s=2 ===============
### Run  ./a.out 8 3 2 4 2
A:
 1.000e+00  2.000e+00  3.000e+00  4.000e+00 
 2.000e+00  2.000e+00  3.000e+00  4.000e+00 
 3.000e+00  3.000e+00  3.000e+00  4.000e+00 
 4.000e+00  4.000e+00  4.000e+00  4.000e+00 

b:
 1.600e+01  1.700e+01  1.800e+01  2.000e+01 

x:
 1.000e+00  0.000e+00  1.000e+00 -1.776e-15 

./a.out : Task = 9 Res1 = 9.979533e-17 Res2 = 1.243450e-14 T1 = 0.00 T2 = 0.00 S = 2 N = 8 M = 3 P = 2
============================== a.out n=8 m=3 p=3 s=2 ===============
### Run  ./a.out 8 3 3 4 2
A:
 1.000e+00  2.000e+00  3.000e+00  4.000e+00 
 2.000e+00  2.000e+00  3.000e+00  4.000e+00 
 3.000e+00  3.000e+00  3.000e+00  4.000e+00 
 4.000e+00  4.000e+00  4.000e+00  4.000e+00 

b:
 1.600e+01  1.700e+01  1.800e+01  2.000e+01 

x:
 1.000e+00  0.000e+00  1.000e+00 -1.776e-15 

./a.out : Task = 9 Res1 = 9.979533e-17 Res2 = 1.243450e-14 T1 = 0.00 T2 = 0.00 S = 2 N = 8 M = 3 P = 3
============================== a.out n=8 m=6 p=1 s=2 ===============
### Run  ./a.out 8 6 1 4 2
A:
 1.000e+00  2.000e+00  3.000e+00  4.000e+00 
 2.000e+00  2.000e+00  3.000e+00  4.000e+00 
 3.000e+00  3.000e+00  3.000e+00  4.000e+00 
 4.000e+00  4.000e+00  4.000e+00  4.000e+00 

b:
 1.600e+01  1.700e+01  1.800e+01  2.000e+01 

x:
 1.000e+00  3.997e-15  1.000e+00  3.997e-15 

./a.out : Task = 9 Res1 = 2.395088e-16 Res2 = 3.974598e-14 T1 = 0.00 T2 = 0.00 S = 2 N = 8 M = 6 P = 1
============================== a.out n=8 m=6 p=2 s=2 ===============
### Run  ./a.out 8 6 2 4 2
A:
 1.000e+00  2.000e+00  3.000e+00  4.000e+00 
 2.000e+00  2.000e+00  3.000e+00  4.000e+00 
 3.000e+00  3.000e+00  3.000e+00  4.000e+00 
 4.000e+00  4.000e+00  4.000e+00  4.000e+00 

b:
 1.600e+01  1.700e+01  1.800e+01  2.000e+01 

x:
 1.000e+00  3.997e-15  1.000e+00  3.997e-15 

./a.out : Task = 9 Res1 = 2.395088e-16 Res2 = 3.974598e-14 T1 = 0.00 T2 = 0.00 S = 2 N = 8 M = 6 P = 2
============================== a.out n=9 m=3 p=1 s=2 ===============
### Run  ./a.out 9 3 1 4 2
A:
 1.000e+00  2.000e+00  3.000e+00  4.000e+00 
 2.000e+00  2.000e+00  3.000e+00  4.000e+00 
 3.000e+00  3.000e+00  3.000e+00  4.000e+00 
 4.000e+00  4.000e+00  4.000e+00  4.000e+00 

b:
 2.500e+01  2.600e+01  2.700e+01  2.900e+01 

x:
 1.000e+00  0.000e+00  1.000e+00 -1.776e-15 

./a.out : Task = 9 Res1 = 1.686034e-16 Res2 = 4.707346e-14 T1 = 0.00 T2 = 0.00 S = 2 N = 9 M = 3 P = 1
============================== a.out n=9 m=3 p=2 s=2 ===============
### Run  ./a.out 9 3 2 4 2
A:
 1.000e+00  2.000e+00  3.000e+00  4.000e+00 
 2.000e+00  2.000e+00  3.000e+00  4.000e+00 
 3.000e+00  3.000e+00  3.000e+00  4.000e+00 
 4.000e+00  4.000e+00  4.000e+00  4.000e+00 

b:
 2.500e+01  2.600e+01  2.700e+01  2.900e+01 

x:
 1.000e+00  0.000e+00  1.000e+00 -1.776e-15 

./a.out : Task = 9 Res1 = 1.686034e-16 Res2 = 4.707346e-14 T1 = 0.00 T2 = 0.00 S = 2 N = 9 M = 3 P = 2
============================== a.out n=9 m=3 p=3 s=2 ===============
### Run  ./a.out 9 3 3 4 2
A:
 1.000e+00  2.000e+00  3.000e+00  4.000e+00 
 2.000e+00  2.000e+00  3.000e+00  4.000e+00 
 3.000e+00  3.000e+00  3.000e+00  4.000e+00 
 4.000e+00  4.000e+00  4.000e+00  4.000e+00 

b:
 2.500e+01  2.600e+01  2.700e+01  2.900e+01 

x:
 1.000e+00  0.000e+00  1.000e+00 -1.776e-15 

./a.out : Task = 9 Res1 = 1.686034e-16 Res2 = 4.707346e-14 T1 = 0.00 T2 = 0.00 S = 2 N = 9 M = 3 P = 3
============================== a.out n=9 m=3 p=4 s=2 ===============
### Run  ./a.out 9 3 4 4 2
A:
 1.000e+00  2.000e+00  3.000e+00  4.000e+00 
 2.000e+00  2.000e+00  3.000e+00  4.000e+00 
 3.000e+00  3.000e+00  3.000e+00  4.000e+00 
 4.000e+00  4.000e+00  4.000e+00  4.000e+00 

b:
 2.500e+01  2.600e+01  2.700e+01  2.900e+01 

x:
 1.000e+00  0.000e+00  1.000e+00 -1.776e-15 

./a.out : Task = 9 Res1 = 1.686034e-16 Res2 = 4.707346e-14 T1 = 0.00 T2 = 0.00 S = 2 N = 9 M = 3 P = 4
============================== a.out n=9 m=6 p=1 s=2 ===============
### Run  ./a.out 9 6 1 4 2
A:
 1.000e+00  2.000e+00  3.000e+00  4.000e+00 
 2.000e+00  2.000e+00  3.000e+00  4.000e+00 
 3.000e+00  3.000e+00  3.000e+00  4.000e+00 
 4.000e+00  4.000e+00  4.000e+00  4.000e+00 

b:
 2.500e+01  2.600e+01  2.700e+01  2.900e+01 

x:
 1.000e+00  3.997e-15  1.000e+00  3.997e-15 

./a.out : Task = 9 Res1 = 4.937670e-16 Res2 = 7.016610e-14 T1 = 0.00 T2 = 0.00 S = 2 N = 9 M = 6 P = 1
============================== a.out n=9 m=6 p=2 s=2 ===============
### Run  ./a.out 9 6 2 4 2
A:
 1.000e+00  2.000e+00  3.000e+00  4.000e+00 
 2.000e+00  2.000e+00  3.000e+00  4.000e+00 
 3.000e+00  3.000e+00  3.000e+00  4.000e+00 
 4.000e+00  4.000e+00  4.000e+00  4.000e+00 

b:
 2.500e+01  2.600e+01  2.700e+01  2.900e+01 

x:
 1.000e+00  3.997e-15  1.000e+00  3.997e-15 

./a.out : Task = 9 Res1 = 4.937670e-16 Res2 = 7.016610e-14 T1 = 0.00 T2 = 0.00 S = 2 N = 9 M = 6 P = 2
============================== a.out n=9 m=9 p=1 s=2 ===============
### Run  ./a.out 9 9 1 4 2
A:
 1.000e+00  2.000e+00  3.000e+00  4.000e+00 
 2.000e+00  2.000e+00  3.000e+00  4.000e+00 
 3.000e+00  3.000e+00  3.000e+00  4.000e+00 
 4.000e+00  4.000e+00  4.000e+00  4.000e+00 

b:
 2.500e+01  2.600e+01  2.700e+01  2.900e+01 

x:
 1.000e+00  7.994e-14  1.000e+00  0.000e+00 

./a.out : Task = 9 Res1 = 1.324741e-16 Res2 = 1.598721e-13 T1 = 0.00 T2 = 0.00 S = 2 N = 9 M = 9 P = 1
============================== a.out n=9 m=9 p=2 s=2 ===============
### Run  ./a.out 9 9 2 4 2
A:
 1.000e+00  2.000e+00  3.000e+00  4.000e+00 
 2.000e+00  2.000e+00  3.000e+00  4.000e+00 
 3.000e+00  3.000e+00  3.000e+00  4.000e+00 
 4.000e+00  4.000e+00  4.000e+00  4.000e+00 

b:
 2.500e+01  2.600e+01  2.700e+01  2.900e+01 

x:
 1.000e+00  7.994e-14  1.000e+00  0.000e+00 

./a.out : Task = 9 Res1 = 1.324741e-16 Res2 = 1.598721e-13 T1 = 0.00 T2 = 0.00 S = 2 N = 9 M = 9 P = 2
============================== a.out n=10 m=3 p=1 s=2 ===============
### Run  ./a.out 10 3 1 4 2
A:
 1.000e+00  2.000e+00  3.000e+00  4.000e+00 
 2.000e+00  2.000e+00  3.000e+00  4.000e+00 
 3.000e+00  3.000e+00  3.000e+00  4.000e+00 
 4.000e+00  4.000e+00  4.000e+00  4.000e+00 

b:
 2.500e+01  2.600e+01  2.700e+01  2.900e+01 

x:
 1.000e+00  0.000e+00  1.000e+00 -1.776e-15 

./a.out : Task = 9 Res1 = 1.853590e-16 Res2 = 5.382361e-14 T1 = 0.00 T2 = 0.00 S = 2 N = 10 M = 3 P = 1
============================== a.out n=10 m=3 p=2 s=2 ===============
### Run  ./a.out 10 3 2 4 2
A:
 1.000e+00  2.000e+00  3.000e+00  4.000e+00 
 2.000e+00  2.000e+00  3.000e+00  4.000e+00 
 3.000e+00  3.000e+00  3.000e+00  4.000e+00 
 4.000e+00  4.000e+00  4.000e+00  4.000e+00 

b:
 2.500e+01  2.600e+01  2.700e+01  2.900e+01 

x:
 1.000e+00  0.000e+00  1.000e+00 -1.776e-15 

./a.out : Task = 9 Res1 = 1.853590e-16 Res2 = 5.382361e-14 T1 = 0.00 T2 = 0.00 S = 2 N = 10 M = 3 P = 2
============================== a.out n=10 m=3 p=3 s=2 ===============
### Run  ./a.out 10 3 3 4 2
A:
 1.000e+00  2.000e+00  3.000e+00  4.000e+00 
 2.000e+00  2.000e+00  3.000e+00  4.000e+00 
 3.000e+00  3.000e+00  3.000e+00  4.000e+00 
 4.000e+00  4.000e+00  4.000e+00  4.000e+00 

b:
 2.500e+01  2.600e+01  2.700e+01  2.900e+01 

x:
 1.000e+00  0.000e+00  1.000e+00 -1.776e-15 

./a.out : Task = 9 Res1 = 1.853590e-16 Res2 = 5.382361e-14 T1 = 0.00 T2 = 0.00 S = 2 N = 10 M = 3 P = 3
============================== a.out n=10 m=3 p=4 s=2 ===============
### Run  ./a.out 10 3 4 4 2
A:
 1.000e+00  2.000e+00  3.000e+00  4.000e+00 
 2.000e+00  2.000e+00  3.000e+00  4.000e+00 
 3.000e+00  3.000e+00  3.000e+00  4.000e+00 
 4.000e+00  4.000e+00  4.000e+00  4.000e+00 

b:
 2.500e+01  2.600e+01  2.700e+01  2.900e+01 

x:
 1.000e+00  0.000e+00  1.000e+00 -1.776e-15 

./a.out : Task = 9 Res1 = 1.853590e-16 Res2 = 5.382361e-14 T1 = 0.00 T2 = 0.00 S = 2 N = 10 M = 3 P = 4
============================== a.out n=10 m=6 p=1 s=2 ===============
### Run  ./a.out 10 6 1 4 2
A:
 1.000e+00  2.000e+00  3.000e+00  4.000e+00 
 2.000e+00  2.000e+00  3.000e+00  4.000e+00 
 3.000e+00  3.000e+00  3.000e+00  4.000e+00 
 4.000e+00  4.000e+00  4.000e+00  4.000e+00 

b:
 2.500e+01  2.600e+01  2.700e+01  2.900e+01 

x:
 1.000e+00  3.997e-15  1.000e+00  3.997e-15 

./a.out : Task = 9 Res1 = 3.913134e-16 Res2 = 8.004708e-14 T1 = 0.00 T2 = 0.00 S = 2 N = 10 M = 6 P = 1
============================== a.out n=10 m=6 p=2 s=2 ===============
### Run  ./a.out 10 6 2 4 2
A:
 1.000e+00  2.000e+00  3.000e+00  4.000e+00 
 2.000e+00  2.000e+00  3.000e+00  4.000e+00 
 3.000e+00  3.000e+00  3.000e+00  4.000e+00 
 4.000e+00  4.000e+00  4.000e+00  4.000e+00 

b:
 2.500e+01  2.600e+01  2.700e+01  2.900e+01 

x:
 1.000e+00  3.997e-15  1.000e+00  3.997e-15 

./a.out : Task = 9 Res1 = 3.913134e-16 Res2 = 8.004708e-14 T1 = 0.00 T2 = 0.00 S = 2 N = 10 M = 6 P = 2
============================== a.out n=10 m=9 p=1 s=2 ===============
### Run  ./a.out 10 9 1 4 2
A:
 1.000e+00  2.000e+00  3.000e+00  4.000e+00 
 2.000e+00  2.000e+00  3.000e+00  4.000e+00 
 3.000e+00  3.000e+00  3.000e+00  4.000e+00 
 4.000e+00  4.000e+00  4.000e+00  4.000e+00 

b:
 2.500e+01  2.600e+01  2.700e+01  2.900e+01 

x:
 1.000e+00  7.994e-14  1.000e+00  0.000e+00 

./a.out : Task = 9 Res1 = 1.132749e-16 Res2 = 1.598721e-13 T1 = 0.00 T2 = 0.00 S = 2 N = 10 M = 9 P = 1
============================== a.out n=10 m=9 p=2 s=2 ===============
### Run  ./a.out 10 9 2 4 2
A:
 1.000e+00  2.000e+00  3.000e+00  4.000e+00 
 2.000e+00  2.000e+00  3.000e+00  4.000e+00 
 3.000e+00  3.000e+00  3.000e+00  4.000e+00 
 4.000e+00  4.000e+00  4.000e+00  4.000e+00 

b:
 2.500e+01  2.600e+01  2.700e+01  2.900e+01 

x:
 1.000e+00  7.994e-14  1.000e+00  0.000e+00 

./a.out : Task = 9 Res1 = 1.132749e-16 Res2 = 1.598721e-13 T1 = 0.00 T2 = 0.00 S = 2 N = 10 M = 9 P = 2
============================== a.out n=11 m=3 p=1 s=2 ===============
### Run  ./a.out 11 3 1 4 2
A:
 1.000e+00  2.000e+00  3.000e+00  4.000e+00 
 2.000e+00  2.000e+00  3.000e+00  4.000e+00 
 3.000e+00  3.000e+00  3.000e+00  4.000e+00 
 4.000e+00  4.000e+00  4.000e+00  4.000e+00 

b:
 3.600e+01  3.700e+01  3.800e+01  4.000e+01 

x:
 1.000e+00  0.000e+00  1.000e+00 -8.882e-16 

./a.out : Task = 9 Res1 = 5.455223e-17 Res2 = 5.462297e-14 T1 = 0.00 T2 = 0.00 S = 2 N = 11 M = 3 P = 1
============================== a.out n=11 m=3 p=2 s=2 ===============
### Run  ./a.out 11 3 2 4 2
A:
 1.000e+00  2.000e+00  3.000e+00  4.000e+00 
 2.000e+00  2.000e+00  3.000e+00  4.000e+00 
 3.000e+00  3.000e+00  3.000e+00  4.000e+00 
 4.000e+00  4.000e+00  4.000e+00  4.000e+00 

b:
 3.600e+01  3.700e+01  3.800e+01  4.000e+01 

x:
 1.000e+00  0.000e+00  1.000e+00 -8.882e-16 

./a.out : Task = 9 Res1 = 1.909328e-16 Res2 = 5.639933e-14 T1 = 0.00 T2 = 0.00 S = 2 N = 11 M = 3 P = 2
============================== a.out n=11 m=3 p=3 s=2 ===============
### Run  ./a.out 11 3 3 4 2
A:
 1.000e+00  2.000e+00  3.000e+00  4.000e+00 
 2.000e+00  2.000e+00  3.000e+00  4.000e+00 
 3.000e+00  3.000e+00  3.000e+00  4.000e+00 
 4.000e+00  4.000e+00  4.000e+00  4.000e+00 

b:
 3.600e+01  3.700e+01  3.800e+01  4.000e+01 

x:
 1.000e+00  0.000e+00  1.000e+00 -8.882e-16 

./a.out : Task = 9 Res1 = 5.455223e-17 Res2 = 5.462297e-14 T1 = 0.00 T2 = 0.00 S = 2 N = 11 M = 3 P = 3
============================== a.out n=11 m=3 p=4 s=2 ===============
### Run  ./a.out 11 3 4 4 2
A:
 1.000e+00  2.000e+00  3.000e+00  4.000e+00 
 2.000e+00  2.000e+00  3.000e+00  4.000e+00 
 3.000e+00  3.000e+00  3.000e+00  4.000e+00 
 4.000e+00  4.000e+00  4.000e+00  4.000e+00 

b:
 3.600e+01  3.700e+01  3.800e+01  4.000e+01 

x:
 1.000e+00  0.000e+00  1.000e+00 -8.882e-16 

./a.out : Task = 9 Res1 = 5.455223e-17 Res2 = 5.462297e-14 T1 = 0.00 T2 = 0.00 S = 2 N = 11 M = 3 P = 4
============================== a.out n=11 m=6 p=1 s=2 ===============
### Run  ./a.out 11 6 1 4 2
A:
 1.000e+00  2.000e+00  3.000e+00  4.000e+00 
 2.000e+00  2.000e+00  3.000e+00  4.000e+00 
 3.000e+00  3.000e+00  3.000e+00  4.000e+00 
 4.000e+00  4.000e+00  4.000e+00  4.000e+00 

b:
 3.600e+01  3.700e+01  3.800e+01  4.000e+01 

x:
 1.000e+00  3.997e-15  1.000e+00  3.997e-15 

./a.out : Task = 9 Res1 = 3.682275e-16 Res2 = 8.082424e-14 T1 = 0.00 T2 = 0.00 S = 2 N = 11 M = 6 P = 1
============================== a.out n=11 m=6 p=2 s=2 ===============
### Run  ./a.out 11 6 2 4 2
A:
 1.000e+00  2.000e+00  3.000e+00  4.000e+00 
 2.000e+00  2.000e+00  3.000e+00  4.000e+00 
 3.000e+00  3.000e+00  3.000e+00  4.000e+00 
 4.000e+00  4.000e+00  4.000e+00  4.000e+00 

b:
 3.600e+01  3.700e+01  3.800e+01  4.000e+01 

x:
 1.000e+00  3.997e-15  1.000e+00  3.997e-15 

./a.out : Task = 9 Res1 = 3.682275e-16 Res2 = 8.082424e-14 T1 = 0.00 T2 = 0.00 S = 2 N = 11 M = 6 P = 2
============================== a.out n=11 m=9 p=1 s=2 ===============
### Run  ./a.out 11 9 1 4 2
A:
 1.000e+00  2.000e+00  3.000e+00  4.000e+00 
 2.000e+00  2.000e+00  3.000e+00  4.000e+00 
 3.000e+00  3.000e+00  3.000e+00  4.000e+00 
 4.000e+00  4.000e+00  4.000e+00  4.000e+00 

b:
 3.600e+01  3.700e+01  3.800e+01  4.000e+01 

x:
 1.000e+00  7.994e-14  1.000e+00  0.000e+00 

./a.out : Task = 9 Res1 = 6.819028e-16 Res2 = 2.557954e-13 T1 = 0.00 T2 = 0.00 S = 2 N = 11 M = 9 P = 1
============================== a.out n=11 m=9 p=2 s=2 ===============
### Run  ./a.out 11 9 2 4 2
A:
 1.000e+00  2.000e+00  3.000e+00  4.000e+00 
 2.000e+00  2.000e+00  3.000e+00  4.000e+00 
 3.000e+00  3.000e+00  3.000e+00  4.000e+00 
 4.000e+00  4.000e+00  4.000e+00  4.000e+00 

b:
 3.600e+01  3.700e+01  3.800e+01  4.000e+01 

x:
 1.000e+00  7.994e-14  1.000e+00  0.000e+00 

./a.out : Task = 9 Res1 = 6.819028e-16 Res2 = 2.557954e-13 T1 = 0.00 T2 = 0.00 S = 2 N = 11 M = 9 P = 2
============================== a.out n=12 m=3 p=1 s=2 ===============
### Run  ./a.out 12 3 1 4 2
A:
 1.000e+00  2.000e+00  3.000e+00  4.000e+00 
 2.000e+00  2.000e+00  3.000e+00  4.000e+00 
 3.000e+00  3.000e+00  3.000e+00  4.000e+00 
 4.000e+00  4.000e+00  4.000e+00  4.000e+00 

b:
 3.600e+01  3.700e+01  3.800e+01  4.000e+01 

x:
 1.000e+00  0.000e+00  1.000e+00 -8.882e-16 

./a.out : Task = 9 Res1 = 1.677504e-16 Res2 = 7.349676e-14 T1 = 0.00 T2 = 0.00 S = 2 N = 12 M = 3 P = 1
============================== a.out n=12 m=3 p=2 s=2 ===============
### Run  ./a.out 12 3 2 4 2
A:
 1.000e+00  2.000e+00  3.000e+00  4.000e+00 
 2.000e+00  2.000e+00  3.000e+00  4.000e+00 
 3.000e+00  3.000e+00  3.000e+00  4.000e+00 
 4.000e+00  4.000e+00  4.000e+00  4.000e+00 

b:
 3.600e+01  3.700e+01  3.800e+01  4.000e+01 

x:
 1.000e+00  0.000e+00  1.000e+00 -8.882e-16 

./a.out : Task = 9 Res1 = 1.677504e-16 Res2 = 7.349676e-14 T1 = 0.00 T2 = 0.00 S = 2 N = 12 M = 3 P = 2
============================== a.out n=12 m=3 p=3 s=2 ===============
### Run  ./a.out 12 3 3 4 2
A:
 1.000e+00  2.000e+00  3.000e+00  4.000e+00 
 2.000e+00  2.000e+00  3.000e+00  4.000e+00 
 3.000e+00  3.000e+00  3.000e+00  4.000e+00 
 4.000e+00  4.000e+00  4.000e+00  4.000e+00 

b:
 3.600e+01  3.700e+01  3.800e+01  4.000e+01 

x:
 1.000e+00  0.000e+00  1.000e+00 -8.882e-16 

./a.out : Task = 9 Res1 = 1.677504e-16 Res2 = 7.349676e-14 T1 = 0.00 T2 = 0.00 S = 2 N = 12 M = 3 P = 3
============================== a.out n=12 m=3 p=4 s=2 ===============
### Run  ./a.out 12 3 4 4 2
A:
 1.000e+00  2.000e+00  3.000e+00  4.000e+00 
 2.000e+00  2.000e+00  3.000e+00  4.000e+00 
 3.000e+00  3.000e+00  3.000e+00  4.000e+00 
 4.000e+00  4.000e+00  4.000e+00  4.000e+00 

b:
 3.600e+01  3.700e+01  3.800e+01  4.000e+01 

x:
 1.000e+00  0.000e+00  1.000e+00 -8.882e-16 

./a.out : Task = 9 Res1 = 1.677504e-16 Res2 = 7.349676e-14 T1 = 0.00 T2 = 0.00 S = 2 N = 12 M = 3 P = 4
============================== a.out n=12 m=3 p=5 s=2 ===============
### Run  ./a.out 12 3 5 4 2
A:
 1.000e+00  2.000e+00  3.000e+00  4.000e+00 
 2.000e+00  2.000e+00  3.000e+00  4.000e+00 
 3.000e+00  3.000e+00  3.000e+00  4.000e+00 
 4.000e+00  4.000e+00  4.000e+00  4.000e+00 

b:
 3.600e+01  3.700e+01  3.800e+01  4.000e+01 

x:
 1.000e+00  0.000e+00  1.000e+00 -8.882e-16 

./a.out : Task = 9 Res1 = 1.677504e-16 Res2 = 7.349676e-14 T1 = 0.00 T2 = 0.00 S = 2 N = 12 M = 3 P = 5
============================== a.out n=12 m=6 p=1 s=2 ===============
### Run  ./a.out 12 6 1 4 2
A:
 1.000e+00  2.000e+00  3.000e+00  4.000e+00 
 2.000e+00  2.000e+00  3.000e+00  4.000e+00 
 3.000e+00  3.000e+00  3.000e+00  4.000e+00 
 4.000e+00  4.000e+00  4.000e+00  4.000e+00 

b:
 3.600e+01  3.700e+01  3.800e+01  4.000e+01 

x:
 1.000e+00  3.997e-15  1.000e+00  3.997e-15 

./a.out : Task = 9 Res1 = 6.710016e-16 Res2 = 8.437695e-14 T1 = 0.00 T2 = 0.00 S = 2 N = 12 M = 6 P = 1
============================== a.out n=12 m=6 p=2 s=2 ===============
### Run  ./a.out 12 6 2 4 2
A:
 1.000e+00  2.000e+00  3.000e+00  4.000e+00 
 2.000e+00  2.000e+00  3.000e+00  4.000e+00 
 3.000e+00  3.000e+00  3.000e+00  4.000e+00 
 4.000e+00  4.000e+00  4.000e+00  4.000e+00 

b:
 3.600e+01  3.700e+01  3.800e+01  4.000e+01 

x:
 1.000e+00  3.997e-15  1.000e+00  3.997e-15 

./a.out : Task = 9 Res1 = 6.710016e-16 Res2 = 8.437695e-14 T1 = 0.00 T2 = 0.00 S = 2 N = 12 M = 6 P = 2
============================== a.out n=12 m=6 p=3 s=2 ===============
### Run  ./a.out 12 6 3 4 2
A:
 1.000e+00  2.000e+00  3.000e+00  4.000e+00 
 2.000e+00  2.000e+00  3.000e+00  4.000e+00 
 3.000e+00  3.000e+00  3.000e+00  4.000e+00 
 4.000e+00  4.000e+00  4.000e+00  4.000e+00 

b:
 3.600e+01  3.700e+01  3.800e+01  4.000e+01 

x:
 1.000e+00  3.997e-15  1.000e+00  3.997e-15 

./a.out : Task = 9 Res1 = 6.710016e-16 Res2 = 8.437695e-14 T1 = 0.00 T2 = 0.00 S = 2 N = 12 M = 6 P = 3
============================== a.out n=12 m=9 p=1 s=2 ===============
### Run  ./a.out 12 9 1 4 2
A:
 1.000e+00  2.000e+00  3.000e+00  4.000e+00 
 2.000e+00  2.000e+00  3.000e+00  4.000e+00 
 3.000e+00  3.000e+00  3.000e+00  4.000e+00 
 4.000e+00  4.000e+00  4.000e+00  4.000e+00 

b:
 3.600e+01  3.700e+01  3.800e+01  4.000e+01 

x:
 1.000e+00  7.994e-14  1.000e+00  0.000e+00 

./a.out : Task = 9 Res1 = 7.069481e-16 Res2 = 2.541671e-13 T1 = 0.00 T2 = 0.00 S = 2 N = 12 M = 9 P = 1
============================== a.out n=12 m=9 p=2 s=2 ===============
### Run  ./a.out 12 9 2 4 2
A:
 1.000e+00  2.000e+00  3.000e+00  4.000e+00 
 2.000e+00  2.000e+00  3.000e+00  4.000e+00 
 3.000e+00  3.000e+00  3.000e+00  4.000e+00 
 4.000e+00  4.000e+00  4.000e+00  4.000e+00 

b:
 3.600e+01  3.700e+01  3.800e+01  4.000e+01 

x:
 1.000e+00  7.994e-14  1.000e+00  0.000e+00 

./a.out : Task = 9 Res1 = 7.069481e-16 Res2 = 2.541671e-13 T1 = 0.00 T2 = 0.00 S = 2 N = 12 M = 9 P = 2
============================== a.out n=12 m=12 p=1 s=2 ===============
### Run  ./a.out 12 12 1 4 2
A:
 1.000e+00  2.000e+00  3.000e+00  4.000e+00 
 2.000e+00  2.000e+00  3.000e+00  4.000e+00 
 3.000e+00  3.000e+00  3.000e+00  4.000e+00 
 4.000e+00  4.000e+00  4.000e+00  4.000e+00 

b:
 3.600e+01  3.700e+01  3.800e+01  4.000e+01 

x:
 1.000e+00 -1.279e-13  1.000e+00 -6.395e-14 

./a.out : Task = 9 Res1 = 3.235186e-16 Res2 = 5.115908e-13 T1 = 0.00 T2 = 0.00 S = 2 N = 12 M = 12 P = 1
============================== a.out n=12 m=12 p=2 s=2 ===============
### Run  ./a.out 12 12 2 4 2
A:
 1.000e+00  2.000e+00  3.000e+00  4.000e+00 
 2.000e+00  2.000e+00  3.000e+00  4.000e+00 
 3.000e+00  3.000e+00  3.000e+00  4.000e+00 
 4.000e+00  4.000e+00  4.000e+00  4.000e+00 

b:
 3.600e+01  3.700e+01  3.800e+01  4.000e+01 

x:
 1.000e+00 -1.279e-13  1.000e+00 -6.395e-14 

./a.out : Task = 9 Res1 = 3.235186e-16 Res2 = 5.115908e-13 T1 = 0.00 T2 = 0.00 S = 2 N = 12 M = 12 P = 2
============================== a.out n=13 m=3 p=1 s=2 ===============
### Run  ./a.out 13 3 1 4 2
A:
 1.000e+00  2.000e+00  3.000e+00  4.000e+00 
 2.000e+00  2.000e+00  3.000e+00  4.000e+00 
 3.000e+00  3.000e+00  3.000e+00  4.000e+00 
 4.000e+00  4.000e+00  4.000e+00  4.000e+00 

b:
 4.900e+01  5.000e+01  5.100e+01  5.300e+01 

x:
 1.000e+00  0.000e+00  1.000e+00  8.882e-16 

./a.out : Task = 9 Res1 = 2.791418e-16 Res2 = 2.444711e-13 T1 = 0.00 T2 = 0.00 S = 2 N = 13 M = 3 P = 1
============================== a.out n=13 m=3 p=2 s=2 ===============
### Run  ./a.out 13 3 2 4 2
A:
 1.000e+00  2.000e+00  3.000e+00  4.000e+00 
 2.000e+00  2.000e+00  3.000e+00  4.000e+00 
 3.000e+00  3.000e+00  3.000e+00  4.000e+00 
 4.000e+00  4.000e+00  4.000e+00  4.000e+00 

b:
 4.900e+01  5.000e+01  5.100e+01  5.300e+01 

x:
 1.000e+00  0.000e+00  1.000e+00  8.882e-16 

./a.out : Task = 9 Res1 = 2.791418e-16 Res2 = 2.444711e-13 T1 = 0.00 T2 = 0.00 S = 2 N = 13 M = 3 P = 2
============================== a.out n=13 m=3 p=3 s=2 ===============
### Run  ./a.out 13 3 3 4 2
A:
 1.000e+00  2.000e+00  3.000e+00  4.000e+00 
 2.000e+00  2.000e+00  3.000e+00  4.000e+00 
 3.000e+00  3.000e+00  3.000e+00  4.000e+00 
 4.000e+00  4.000e+00  4.000e+00  4.000e+00 

b:
 4.900e+01  5.000e+01  5.100e+01  5.300e+01 

x:
 1.000e+00  0.000e+00  1.000e+00  8.882e-16 

./a.out : Task = 9 Res1 = 2.791418e-16 Res2 = 2.444711e-13 T1 = 0.00 T2 = 0.00 S = 2 N = 13 M = 3 P = 3
============================== a.out n=13 m=3 p=4 s=2 ===============
### Run  ./a.out 13 3 4 4 2
A:
 1.000e+00  2.000e+00  3.000e+00  4.000e+00 
 2.000e+00  2.000e+00  3.000e+00  4.000e+00 
 3.000e+00  3.000e+00  3.000e+00  4.000e+00 
 4.000e+00  4.000e+00  4.000e+00  4.000e+00 

b:
 4.900e+01  5.000e+01  5.100e+01  5.300e+01 

x:
 1.000e+00  0.000e+00  1.000e+00  8.882e-16 

./a.out : Task = 9 Res1 = 2.791418e-16 Res2 = 2.444711e-13 T1 = 0.00 T2 = 0.00 S = 2 N = 13 M = 3 P = 4
============================== a.out n=13 m=3 p=5 s=2 ===============
### Run  ./a.out 13 3 5 4 2
A:
 1.000e+00  2.000e+00  3.000e+00  4.000e+00 
 2.000e+00  2.000e+00  3.000e+00  4.000e+00 
 3.000e+00  3.000e+00  3.000e+00  4.000e+00 
 4.000e+00  4.000e+00  4.000e+00  4.000e+00 

b:
 4.900e+01  5.000e+01  5.100e+01  5.300e+01 

x:
 1.000e+00  0.000e+00  1.000e+00  8.882e-16 

./a.out : Task = 9 Res1 = 2.791418e-16 Res2 = 2.444711e-13 T1 = 0.00 T2 = 0.00 S = 2 N = 13 M = 3 P = 5
============================== a.out n=13 m=6 p=1 s=2 ===============
### Run  ./a.out 13 6 1 4 2
A:
 1.000e+00  2.000e+00  3.000e+00  4.000e+00 
 2.000e+00  2.000e+00  3.000e+00  4.000e+00 
 3.000e+00  3.000e+00  3.000e+00  4.000e+00 
 4.000e+00  4.000e+00  4.000e+00  4.000e+00 

b:
 4.900e+01  5.000e+01  5.100e+01  5.300e+01 

x:
 1.000e+00  3.997e-15  1.000e+00  3.997e-15 

./a.out : Task = 9 Res1 = 2.114711e-16 Res2 = 1.296740e-13 T1 = 0.00 T2 = 0.00 S = 2 N = 13 M = 6 P = 1
============================== a.out n=13 m=6 p=2 s=2 ===============
### Run  ./a.out 13 6 2 4 2
A:
 1.000e+00  2.000e+00  3.000e+00  4.000e+00 
 2.000e+00  2.000e+00  3.000e+00  4.000e+00 
 3.000e+00  3.000e+00  3.000e+00  4.000e+00 
 4.000e+00  4.000e+00  4.000e+00  4.000e+00 

b:
 4.900e+01  5.000e+01  5.100e+01  5.300e+01 

x:
 1.000e+00  3.997e-15  1.000e+00  3.997e-15 

./a.out : Task = 9 Res1 = 2.114711e-16 Res2 = 1.296740e-13 T1 = 0.00 T2 = 0.00 S = 2 N = 13 M = 6 P = 2
============================== a.out n=13 m=6 p=3 s=2 ===============
### Run  ./a.out 13 6 3 4 2
A:
 1.000e+00  2.000e+00  3.000e+00  4.000e+00 
 2.000e+00  2.000e+00  3.000e+00  4.000e+00 
 3.000e+00  3.000e+00  3.000e+00  4.000e+00 
 4.000e+00  4.000e+00  4.000e+00  4.000e+00 

b:
 4.900e+01  5.000e+01  5.100e+01  5.300e+01 

x:
 1.000e+00  3.997e-15  1.000e+00  3.997e-15 

./a.out : Task = 9 Res1 = 2.114711e-16 Res2 = 1.296740e-13 T1 = 0.00 T2 = 0.00 S = 2 N = 13 M = 6 P = 3
============================== a.out n=13 m=9 p=1 s=2 ===============
### Run  ./a.out 13 9 1 4 2
A:
 1.000e+00  2.000e+00  3.000e+00  4.000e+00 
 2.000e+00  2.000e+00  3.000e+00  4.000e+00 
 3.000e+00  3.000e+00  3.000e+00  4.000e+00 
 4.000e+00  4.000e+00  4.000e+00  4.000e+00 

b:
 4.900e+01  5.000e+01  5.100e+01  5.300e+01 

x:
 1.000e+00  7.994e-14  1.000e+00  0.000e+00 

./a.out : Task = 9 Res1 = 4.314009e-16 Res2 = 2.323697e-13 T1 = 0.00 T2 = 0.00 S = 2 N = 13 M = 9 P = 1
============================== a.out n=13 m=9 p=2 s=2 ===============
### Run  ./a.out 13 9 2 4 2
A:
 1.000e+00  2.000e+00  3.000e+00  4.000e+00 
 2.000e+00  2.000e+00  3.000e+00  4.000e+00 
 3.000e+00  3.000e+00  3.000e+00  4.000e+00 
 4.000e+00  4.000e+00  4.000e+00  4.000e+00 

b:
 4.900e+01  5.000e+01  5.100e+01  5.300e+01 

x:
 1.000e+00  7.994e-14  1.000e+00  0.000e+00 

./a.out : Task = 9 Res1 = 4.314009e-16 Res2 = 2.323697e-13 T1 = 0.00 T2 = 0.00 S = 2 N = 13 M = 9 P = 2
============================== a.out n=13 m=12 p=1 s=2 ===============
### Run  ./a.out 13 12 1 4 2
A:
 1.000e+00  2.000e+00  3.000e+00  4.000e+00 
 2.000e+00  2.000e+00  3.000e+00  4.000e+00 
 3.000e+00  3.000e+00  3.000e+00  4.000e+00 
 4.000e+00  4.000e+00  4.000e+00  4.000e+00 

b:
 4.900e+01  5.000e+01  5.100e+01  5.300e+01 

x:
 1.000e+00 -1.279e-13  1.000e+00 -6.395e-14 

./a.out : Task = 9 Res1 = 1.387250e-15 Res2 = 7.247536e-13 T1 = 0.00 T2 = 0.00 S = 2 N = 13 M = 12 P = 1
============================== a.out n=13 m=12 p=2 s=2 ===============
### Run  ./a.out 13 12 2 4 2
A:
 1.000e+00  2.000e+00  3.000e+00  4.000e+00 
 2.000e+00  2.000e+00  3.000e+00  4.000e+00 
 3.000e+00  3.000e+00  3.000e+00  4.000e+00 
 4.000e+00  4.000e+00  4.000e+00  4.000e+00 

b:
 4.900e+01  5.000e+01  5.100e+01  5.300e+01 

x:
 1.000e+00 -1.279e-13  1.000e+00 -6.395e-14 

./a.out : Task = 9 Res1 = 1.387250e-15 Res2 = 7.247536e-13 T1 = 0.00 T2 = 0.00 S = 2 N = 13 M = 12 P = 2
============================== a.out n=14 m=3 p=1 s=2 ===============
### Run  ./a.out 14 3 1 4 2
A:
 1.000e+00  2.000e+00  3.000e+00  4.000e+00 
 2.000e+00  2.000e+00  3.000e+00  4.000e+00 
 3.000e+00  3.000e+00  3.000e+00  4.000e+00 
 4.000e+00  4.000e+00  4.000e+00  4.000e+00 

b:
 4.900e+01  5.000e+01  5.100e+01  5.300e+01 

x:
 1.000e+00  0.000e+00  1.000e+00  8.882e-16 

./a.out : Task = 9 Res1 = 2.272525e-16 Res2 = 2.553513e-13 T1 = 0.00 T2 = 0.00 S = 2 N = 14 M = 3 P = 1
============================== a.out n=14 m=3 p=2 s=2 ===============
### Run  ./a.out 14 3 2 4 2
A:
 1.000e+00  2.000e+00  3.000e+00  4.000e+00 
 2.000e+00  2.000e+00  3.000e+00  4.000e+00 
 3.000e+00  3.000e+00  3.000e+00  4.000e+00 
 4.000e+00  4.000e+00  4.000e+00  4.000e+00 

b:
 4.900e+01  5.000e+01  5.100e+01  5.300e+01 

x:
 1.000e+00  0.000e+00  1.000e+00  8.882e-16 

./a.out : Task = 9 Res1 = 2.272525e-16 Res2 = 2.553513e-13 T1 = 0.00 T2 = 0.00 S = 2 N = 14 M = 3 P = 2
============================== a.out n=14 m=3 p=3 s=2 ===============
### Run  ./a.out 14 3 3 4 2
A:
 1.000e+00  2.000e+00  3.000e+00  4.000e+00 
 2.000e+00  2.000e+00  3.000e+00  4.000e+00 
 3.000e+00  3.000e+00  3.000e+00  4.000e+00 
 4.000e+00  4.000e+00  4.000e+00  4.000e+00 

b:
 4.900e+01  5.000e+01  5.100e+01  5.300e+01 

x:
 1.000e+00  0.000e+00  1.000e+00  8.882e-16 

./a.out : Task = 9 Res1 = 2.272525e-16 Res2 = 2.553513e-13 T1 = 0.00 T2 = 0.00 S = 2 N = 14 M = 3 P = 3
============================== a.out n=14 m=3 p=4 s=2 ===============
### Run  ./a.out 14 3 4 4 2
A:
 1.000e+00  2.000e+00  3.000e+00  4.000e+00 
 2.000e+00  2.000e+00  3.000e+00  4.000e+00 
 3.000e+00  3.000e+00  3.000e+00  4.000e+00 
 4.000e+00  4.000e+00  4.000e+00  4.000e+00 

b:
 4.900e+01  5.000e+01  5.100e+01  5.300e+01 

x:
 1.000e+00  0.000e+00  1.000e+00  8.882e-16 

./a.out : Task = 9 Res1 = 2.272525e-16 Res2 = 2.553513e-13 T1 = 0.00 T2 = 0.00 S = 2 N = 14 M = 3 P = 4
============================== a.out n=14 m=3 p=5 s=2 ===============
### Run  ./a.out 14 3 5 4 2
A:
 1.000e+00  2.000e+00  3.000e+00  4.000e+00 
 2.000e+00  2.000e+00  3.000e+00  4.000e+00 
 3.000e+00  3.000e+00  3.000e+00  4.000e+00 
 4.000e+00  4.000e+00  4.000e+00  4.000e+00 

b:
 4.900e+01  5.000e+01  5.100e+01  5.300e+01 

x:
 1.000e+00  0.000e+00  1.000e+00  8.882e-16 

./a.out : Task = 9 Res1 = 2.272525e-16 Res2 = 2.553513e-13 T1 = 0.00 T2 = 0.00 S = 2 N = 14 M = 3 P = 5
============================== a.out n=14 m=6 p=1 s=2 ===============
### Run  ./a.out 14 6 1 4 2
A:
 1.000e+00  2.000e+00  3.000e+00  4.000e+00 
 2.000e+00  2.000e+00  3.000e+00  4.000e+00 
 3.000e+00  3.000e+00  3.000e+00  4.000e+00 
 4.000e+00  4.000e+00  4.000e+00  4.000e+00 

b:
 4.900e+01  5.000e+01  5.100e+01  5.300e+01 

x:
 1.000e+00  3.997e-15  1.000e+00  3.997e-15 

./a.out : Task = 9 Res1 = 2.348276e-16 Res2 = 1.887379e-13 T1 = 0.00 T2 = 0.00 S = 2 N = 14 M = 6 P = 1
============================== a.out n=14 m=6 p=2 s=2 ===============
### Run  ./a.out 14 6 2 4 2
A:
 1.000e+00  2.000e+00  3.000e+00  4.000e+00 
 2.000e+00  2.000e+00  3.000e+00  4.000e+00 
 3.000e+00  3.000e+00  3.000e+00  4.000e+00 
 4.000e+00  4.000e+00  4.000e+00  4.000e+00 

b:
 4.900e+01  5.000e+01  5.100e+01  5.300e+01 

x:
 1.000e+00  3.997e-15  1.000e+00  3.997e-15 

./a.out : Task = 9 Res1 = 2.348276e-16 Res2 = 1.887379e-13 T1 = 0.00 T2 = 0.00 S = 2 N = 14 M = 6 P = 2
============================== a.out n=14 m=6 p=3 s=2 ===============
### Run  ./a.out 14 6 3 4 2
A:
 1.000e+00  2.000e+00  3.000e+00  4.000e+00 
 2.000e+00  2.000e+00  3.000e+00  4.000e+00 
 3.000e+00  3.000e+00  3.000e+00  4.000e+00 
 4.000e+00  4.000e+00  4.000e+00  4.000e+00 

b:
 4.900e+01  5.000e+01  5.100e+01  5.300e+01 

x:
 1.000e+00  3.997e-15  1.000e+00  3.997e-15 

./a.out : Task = 9 Res1 = 2.348276e-16 Res2 = 1.887379e-13 T1 = 0.00 T2 = 0.00 S = 2 N = 14 M = 6 P = 3
============================== a.out n=14 m=9 p=1 s=2 ===============
### Run  ./a.out 14 9 1 4 2
A:
 1.000e+00  2.000e+00  3.000e+00  4.000e+00 
 2.000e+00  2.000e+00  3.000e+00  4.000e+00 
 3.000e+00  3.000e+00  3.000e+00  4.000e+00 
 4.000e+00  4.000e+00  4.000e+00  4.000e+00 

b:
 4.900e+01  5.000e+01  5.100e+01  5.300e+01 

x:
 1.000e+00  7.994e-14  1.000e+00  0.000e+00 

./a.out : Task = 9 Res1 = 2.802781e-16 Res2 = 2.187880e-13 T1 = 0.00 T2 = 0.00 S = 2 N = 14 M = 9 P = 1
============================== a.out n=14 m=9 p=2 s=2 ===============
### Run  ./a.out 14 9 2 4 2
A:
 1.000e+00  2.000e+00  3.000e+00  4.000e+00 
 2.000e+00  2.000e+00  3.000e+00  4.000e+00 
 3.000e+00  3.000e+00  3.000e+00  4.000e+00 
 4.000e+00  4.000e+00  4.000e+00  4.000e+00 

b:
 4.900e+01  5.000e+01  5.100e+01  5.300e+01 

x:
 1.000e+00  7.994e-14  1.000e+00  0.000e+00 

./a.out : Task = 9 Res1 = 2.802781e-16 Res2 = 2.187880e-13 T1 = 0.00 T2 = 0.00 S = 2 N = 14 M = 9 P = 2
============================== a.out n=14 m=12 p=1 s=2 ===============
### Run  ./a.out 14 12 1 4 2
A:
 1.000e+00  2.000e+00  3.000e+00  4.000e+00 
 2.000e+00  2.000e+00  3.000e+00  4.000e+00 
 3.000e+00  3.000e+00  3.000e+00  4.000e+00 
 4.000e+00  4.000e+00  4.000e+00  4.000e+00 

b:
 4.900e+01  5.000e+01  5.100e+01  5.300e+01 

x:
 1.000e+00 -1.279e-13  1.000e+00 -6.395e-14 

./a.out : Task = 9 Res1 = 1.136262e-15 Res2 = 7.243095e-13 T1 = 0.00 T2 = 0.00 S = 2 N = 14 M = 12 P = 1
============================== a.out n=14 m=12 p=2 s=2 ===============
### Run  ./a.out 14 12 2 4 2
A:
 1.000e+00  2.000e+00  3.000e+00  4.000e+00 
 2.000e+00  2.000e+00  3.000e+00  4.000e+00 
 3.000e+00  3.000e+00  3.000e+00  4.000e+00 
 4.000e+00  4.000e+00  4.000e+00  4.000e+00 

b:
 4.900e+01  5.000e+01  5.100e+01  5.300e+01 

x:
 1.000e+00 -1.279e-13  1.000e+00 -6.395e-14 

./a.out : Task = 9 Res1 = 1.136262e-15 Res2 = 7.243095e-13 T1 = 0.00 T2 = 0.00 S = 2 N = 14 M = 12 P = 2
============================== a.out n=15 m=3 p=1 s=2 ===============
### Run  ./a.out 15 3 1 4 2
A:
 1.000e+00  2.000e+00  3.000e+00  4.000e+00 
 2.000e+00  2.000e+00  3.000e+00  4.000e+00 
 3.000e+00  3.000e+00  3.000e+00  4.000e+00 
 4.000e+00  4.000e+00  4.000e+00  4.000e+00 

b:
 6.400e+01  6.500e+01  6.600e+01  6.800e+01 

x:
 1.000e+00  0.000e+00  1.000e+00  8.882e-16 

./a.out : Task = 9 Res1 = 1.625058e-16 Res2 = 1.745271e-13 T1 = 0.00 T2 = 0.00 S = 2 N = 15 M = 3 P = 1
============================== a.out n=15 m=3 p=2 s=2 ===============
### Run  ./a.out 15 3 2 4 2
A:
 1.000e+00  2.000e+00  3.000e+00  4.000e+00 
 2.000e+00  2.000e+00  3.000e+00  4.000e+00 
 3.000e+00  3.000e+00  3.000e+00  4.000e+00 
 4.000e+00  4.000e+00  4.000e+00  4.000e+00 

b:
 6.400e+01  6.500e+01  6.600e+01  6.800e+01 

x:
 1.000e+00  0.000e+00  1.000e+00  8.882e-16 

./a.out : Task = 9 Res1 = 1.625058e-16 Res2 = 1.745271e-13 T1 = 0.00 T2 = 0.00 S = 2 N = 15 M = 3 P = 2
============================== a.out n=15 m=3 p=3 s=2 ===============
### Run  ./a.out 15 3 3 4 2
A:
 1.000e+00  2.000e+00  3.000e+00  4.000e+00 
 2.000e+00  2.000e+00  3.000e+00  4.000e+00 
 3.000e+00  3.000e+00  3.000e+00  4.000e+00 
 4.000e+00  4.000e+00  4.000e+00  4.000e+00 

b:
 6.400e+01  6.500e+01  6.600e+01  6.800e+01 

x:
 1.000e+00  0.000e+00  1.000e+00  8.882e-16 

./a.out : Task = 9 Res1 = 1.625058e-16 Res2 = 1.745271e-13 T1 = 0.00 T2 = 0.00 S = 2 N = 15 M = 3 P = 3
============================== a.out n=15 m=3 p=4 s=2 ===============
### Run  ./a.out 15 3 4 4 2
A:
 1.000e+00  2.000e+00  3.000e+00  4.000e+00 
 2.000e+00  2.000e+00  3.000e+00  4.000e+00 
 3.000e+00  3.000e+00  3.000e+00  4.000e+00 
 4.000e+00  4.000e+00  4.000e+00  4.000e+00 

b:
 6.400e+01  6.500e+01  6.600e+01  6.800e+01 

x:
 1.000e+00  0.000e+00  1.000e+00  8.882e-16 

./a.out : Task = 9 Res1 = 1.625058e-16 Res2 = 1.745271e-13 T1 = 0.00 T2 = 0.00 S = 2 N = 15 M = 3 P = 4
============================== a.out n=15 m=3 p=5 s=2 ===============
### Run  ./a.out 15 3 5 4 2
A:
 1.000e+00  2.000e+00  3.000e+00  4.000e+00 
 2.000e+00  2.000e+00  3.000e+00  4.000e+00 
 3.000e+00  3.000e+00  3.000e+00  4.000e+00 
 4.000e+00  4.000e+00  4.000e+00  4.000e+00 

b:
 6.400e+01  6.500e+01  6.600e+01  6.800e+01 

x:
 1.000e+00  0.000e+00  1.000e+00  8.882e-16 

./a.out : Task = 9 Res1 = 1.625058e-16 Res2 = 1.745271e-13 T1 = 0.00 T2 = 0.00 S = 2 N = 15 M = 3 P = 5
============================== a.out n=15 m=3 p=6 s=2 ===============
### Run  ./a.out 15 3 6 4 2
A:
 1.000e+00  2.000e+00  3.000e+00  4.000e+00 
 2.000e+00  2.000e+00  3.000e+00  4.000e+00 
 3.000e+00  3.000e+00  3.000e+00  4.000e+00 
 4.000e+00  4.000e+00  4.000e+00  4.000e+00 

b:
 6.400e+01  6.500e+01  6.600e+01  6.800e+01 

x:
 1.000e+00  0.000e+00  1.000e+00  8.882e-16 

./a.out : Task = 9 Res1 = 1.625058e-16 Res2 = 1.745271e-13 T1 = 0.00 T2 = 0.00 S = 2 N = 15 M = 3 P = 6
============================== a.out n=15 m=6 p=1 s=2 ===============
### Run  ./a.out 15 6 1 4 2
A:
 1.000e+00  2.000e+00  3.000e+00  4.000e+00 
 2.000e+00  2.000e+00  3.000e+00  4.000e+00 
 3.000e+00  3.000e+00  3.000e+00  4.000e+00 
 4.000e+00  4.000e+00  4.000e+00  4.000e+00 

b:
 6.400e+01  6.500e+01  6.600e+01  6.800e+01 

x:
 1.000e+00  3.997e-15  1.000e+00  3.997e-15 

./a.out : Task = 9 Res1 = 4.426883e-16 Res2 = 3.460565e-13 T1 = 0.00 T2 = 0.00 S = 2 N = 15 M = 6 P = 1
============================== a.out n=15 m=6 p=2 s=2 ===============
### Run  ./a.out 15 6 2 4 2
A:
 1.000e+00  2.000e+00  3.000e+00  4.000e+00 
 2.000e+00  2.000e+00  3.000e+00  4.000e+00 
 3.000e+00  3.000e+00  3.000e+00  4.000e+00 
 4.000e+00  4.000e+00  4.000e+00  4.000e+00 

b:
 6.400e+01  6.500e+01  6.600e+01  6.800e+01 

x:
 1.000e+00  3.997e-15  1.000e+00  3.997e-15 

./a.out : Task = 9 Res1 = 4.426883e-16 Res2 = 3.460565e-13 T1 = 0.00 T2 = 0.00 S = 2 N = 15 M = 6 P = 2
============================== a.out n=15 m=6 p=3 s=2 ===============
### Run  ./a.out 15 6 3 4 2
A:
 1.000e+00  2.000e+00  3.000e+00  4.000e+00 
 2.000e+00  2.000e+00  3.000e+00  4.000e+00 
 3.000e+00  3.000e+00  3.000e+00  4.000e+00 
 4.000e+00  4.000e+00  4.000e+00  4.000e+00 

b:
 6.400e+01  6.500e+01  6.600e+01  6.800e+01 

x:
 1.000e+00  3.997e-15  1.000e+00  3.997e-15 

./a.out : Task = 9 Res1 = 4.426883e-16 Res2 = 3.460565e-13 T1 = 0.00 T2 = 0.00 S = 2 N = 15 M = 6 P = 3
============================== a.out n=15 m=9 p=1 s=2 ===============
### Run  ./a.out 15 9 1 4 2
A:
 1.000e+00  2.000e+00  3.000e+00  4.000e+00 
 2.000e+00  2.000e+00  3.000e+00  4.000e+00 
 3.000e+00  3.000e+00  3.000e+00  4.000e+00 
 4.000e+00  4.000e+00  4.000e+00  4.000e+00 

b:
 6.400e+01  6.500e+01  6.600e+01  6.800e+01 

x:
 1.000e+00  7.994e-14  1.000e+00  0.000e+00 

./a.out : Task = 9 Res1 = 4.931211e-16 Res2 = 3.144892e-13 T1 = 0.00 T2 = 0.00 S = 2 N = 15 M = 9 P = 1
============================== a.out n=15 m=9 p=2 s=2 ===============
### Run  ./a.out 15 9 2 4 2
A:
 1.000e+00  2.000e+00  3.000e+00  4.000e+00 
 2.000e+00  2.000e+00  3.000e+00  4.000e+00 
 3.000e+00  3.000e+00  3.000e+00  4.000e+00 
 4.000e+00  4.000e+00  4.000e+00  4.000e+00 

b:
 6.400e+01  6.500e+01  6.600e+01  6.800e+01 

x:
 1.000e+00  7.994e-14  1.000e+00  0.000e+00 

./a.out : Task = 9 Res1 = 4.931211e-16 Res2 = 3.144892e-13 T1 = 0.00 T2 = 0.00 S = 2 N = 15 M = 9 P = 2
============================== a.out n=15 m=12 p=1 s=2 ===============
### Run  ./a.out 15 12 1 4 2
A:
 1.000e+00  2.000e+00  3.000e+00  4.000e+00 
 2.000e+00  2.000e+00  3.000e+00  4.000e+00 
 3.000e+00  3.000e+00  3.000e+00  4.000e+00 
 4.000e+00  4.000e+00  4.000e+00  4.000e+00 

b:
 6.400e+01  6.500e+01  6.600e+01  6.800e+01 

x:
 1.000e+00 -1.279e-13  1.000e+00 -6.395e-14 

./a.out : Task = 9 Res1 = 9.077912e-16 Res2 = 7.265299e-13 T1 = 0.00 T2 = 0.00 S = 2 N = 15 M = 12 P = 1
============================== a.out n=15 m=12 p=2 s=2 ===============
### Run  ./a.out 15 12 2 4 2
A:
 1.000e+00  2.000e+00  3.000e+00  4.000e+00 
 2.000e+00  2.000e+00  3.000e+00  4.000e+00 
 3.000e+00  3.000e+00  3.000e+00  4.000e+00 
 4.000e+00  4.000e+00  4.000e+00  4.000e+00 

b:
 6.400e+01  6.500e+01  6.600e+01  6.800e+01 

x:
 1.000e+00 -1.279e-13  1.000e+00 -6.395e-14 

./a.out : Task = 9 Res1 = 9.077912e-16 Res2 = 7.265299e-13 T1 = 0.00 T2 = 0.00 S = 2 N = 15 M = 12 P = 2
============================== a.out n=15 m=15 p=1 s=2 ===============
### Run  ./a.out 15 15 1 4 2
A:
 1.000e+00  2.000e+00  3.000e+00  4.000e+00 
 2.000e+00  2.000e+00  3.000e+00  4.000e+00 
 3.000e+00  3.000e+00  3.000e+00  4.000e+00 
 4.000e+00  4.000e+00  4.000e+00  4.000e+00 

b:
 6.400e+01  6.500e+01  6.600e+01  6.800e+01 

x:
 1.000e+00  0.000e+00  1.000e+00  0.000e+00 

./a.out : Task = 9 Res1 = 2.241460e-17 Res2 = 1.065814e-13 T1 = 0.00 T2 = 0.00 S = 2 N = 15 M = 15 P = 1
============================== a.out n=15 m=15 p=2 s=2 ===============
### Run  ./a.out 15 15 2 4 2
A:
 1.000e+00  2.000e+00  3.000e+00  4.000e+00 
 2.000e+00  2.000e+00  3.000e+00  4.000e+00 
 3.000e+00  3.000e+00  3.000e+00  4.000e+00 
 4.000e+00  4.000e+00  4.000e+00  4.000e+00 

b:
 6.400e+01  6.500e+01  6.600e+01  6.800e+01 

x:
 1.000e+00  0.000e+00  1.000e+00  0.000e+00 

./a.out : Task = 9 Res1 = 2.241460e-17 Res2 = 1.065814e-13 T1 = 0.00 T2 = 0.00 S = 2 N = 15 M = 15 P = 2
============================== a.out n=16 m=3 p=1 s=2 ===============
### Run  ./a.out 16 3 1 4 2
A:
 1.000e+00  2.000e+00  3.000e+00  4.000e+00 
 2.000e+00  2.000e+00  3.000e+00  4.000e+00 
 3.000e+00  3.000e+00  3.000e+00  4.000e+00 
 4.000e+00  4.000e+00  4.000e+00  4.000e+00 

b:
 6.400e+01  6.500e+01  6.600e+01  6.800e+01 

x:
 1.000e+00  0.000e+00  1.000e+00  8.882e-16 

./a.out : Task = 9 Res1 = 2.290431e-16 Res2 = 1.711409e-13 T1 = 0.00 T2 = 0.00 S = 2 N = 16 M = 3 P = 1
============================== a.out n=16 m=3 p=2 s=2 ===============
### Run  ./a.out 16 3 2 4 2
A:
 1.000e+00  2.000e+00  3.000e+00  4.000e+00 
 2.000e+00  2.000e+00  3.000e+00  4.000e+00 
 3.000e+00  3.000e+00  3.000e+00  4.000e+00 
 4.000e+00  4.000e+00  4.000e+00  4.000e+00 

b:
 6.400e+01  6.500e+01  6.600e+01  6.800e+01 

x:
 1.000e+00  0.000e+00  1.000e+00  8.882e-16 

./a.out : Task = 9 Res1 = 2.290431e-16 Res2 = 1.711409e-13 T1 = 0.00 T2 = 0.00 S = 2 N = 16 M = 3 P = 2
============================== a.out n=16 m=3 p=3 s=2 ===============
### Run  ./a.out 16 3 3 4 2
A:
 1.000e+00  2.000e+00  3.000e+00  4.000e+00 
 2.000e+00  2.000e+00  3.000e+00  4.000e+00 
 3.000e+00  3.000e+00  3.000e+00  4.000e+00 
 4.000e+00  4.000e+00  4.000e+00  4.000e+00 

b:
 6.400e+01  6.500e+01  6.600e+01  6.800e+01 

x:
 1.000e+00  0.000e+00  1.000e+00  8.882e-16 

./a.out : Task = 9 Res1 = 1.679650e-16 Res2 = 1.746936e-13 T1 = 0.00 T2 = 0.00 S = 2 N = 16 M = 3 P = 3
============================== a.out n=16 m=3 p=4 s=2 ===============
### Run  ./a.out 16 3 4 4 2
A:
 1.000e+00  2.000e+00  3.000e+00  4.000e+00 
 2.000e+00  2.000e+00  3.000e+00  4.000e+00 
 3.000e+00  3.000e+00  3.000e+00  4.000e+00 
 4.000e+00  4.000e+00  4.000e+00  4.000e+00 

b:
 6.400e+01  6.500e+01  6.600e+01  6.800e+01 

x:
 1.000e+00  0.000e+00  1.000e+00  8.882e-16 

./a.out : Task = 9 Res1 = 1.679650e-16 Res2 = 1.746936e-13 T1 = 0.00 T2 = 0.00 S = 2 N = 16 M = 3 P = 4
============================== a.out n=16 m=3 p=5 s=2 ===============
### Run  ./a.out 16 3 5 4 2
A:
 1.000e+00  2.000e+00  3.000e+00  4.000e+00 
 2.000e+00  2.000e+00  3.000e+00  4.000e+00 
 3.000e+00  3.000e+00  3.000e+00  4.000e+00 
 4.000e+00  4.000e+00  4.000e+00  4.000e+00 

b:
 6.400e+01  6.500e+01  6.600e+01  6.800e+01 

x:
 1.000e+00  0.000e+00  1.000e+00  8.882e-16 

./a.out : Task = 9 Res1 = 1.679650e-16 Res2 = 1.746936e-13 T1 = 0.00 T2 = 0.00 S = 2 N = 16 M = 3 P = 5
============================== a.out n=16 m=3 p=6 s=2 ===============
### Run  ./a.out 16 3 6 4 2
A:
 1.000e+00  2.000e+00  3.000e+00  4.000e+00 
 2.000e+00  2.000e+00  3.000e+00  4.000e+00 
 3.000e+00  3.000e+00  3.000e+00  4.000e+00 
 4.000e+00  4.000e+00  4.000e+00  4.000e+00 

b:
 6.400e+01  6.500e+01  6.600e+01  6.800e+01 

x:
 1.000e+00  0.000e+00  1.000e+00  8.882e-16 

./a.out : Task = 9 Res1 = 2.290431e-16 Res2 = 1.711409e-13 T1 = 0.00 T2 = 0.00 S = 2 N = 16 M = 3 P = 6
============================== a.out n=16 m=6 p=1 s=2 ===============
### Run  ./a.out 16 6 1 4 2
A:
 1.000e+00  2.000e+00  3.000e+00  4.000e+00 
 2.000e+00  2.000e+00  3.000e+00  4.000e+00 
 3.000e+00  3.000e+00  3.000e+00  4.000e+00 
 4.000e+00  4.000e+00  4.000e+00  4.000e+00 

b:
 6.400e+01  6.500e+01  6.600e+01  6.800e+01 

x:
 1.000e+00  3.997e-15  1.000e+00  3.997e-15 

./a.out : Task = 9 Res1 = 2.646721e-16 Res2 = 3.701854e-13 T1 = 0.00 T2 = 0.00 S = 2 N = 16 M = 6 P = 1
============================== a.out n=16 m=6 p=2 s=2 ===============
### Run  ./a.out 16 6 2 4 2
A:
 1.000e+00  2.000e+00  3.000e+00  4.000e+00 
 2.000e+00  2.000e+00  3.000e+00  4.000e+00 
 3.000e+00  3.000e+00  3.000e+00  4.000e+00 
 4.000e+00  4.000e+00  4.000e+00  4.000e+00 

b:
 6.400e+01  6.500e+01  6.600e+01  6.800e+01 

x:
 1.000e+00  3.997e-15  1.000e+00  3.997e-15 

./a.out : Task = 9 Res1 = 2.646721e-16 Res2 = 3.701854e-13 T1 = 0.00 T2 = 0.00 S = 2 N = 16 M = 6 P = 2
============================== a.out n=16 m=6 p=3 s=2 ===============
### Run  ./a.out 16 6 3 4 2
A:
 1.000e+00  2.000e+00  3.000e+00  4.000e+00 
 2.000e+00  2.000e+00  3.000e+00  4.000e+00 
 3.000e+00  3.000e+00  3.000e+00  4.000e+00 
 4.000e+00  4.000e+00  4.000e+00  4.000e+00 

b:
 6.400e+01  6.500e+01  6.600e+01  6.800e+01 

x:
 1.000e+00  3.997e-15  1.000e+00  3.997e-15 

./a.out : Task = 9 Res1 = 2.646721e-16 Res2 = 3.701854e-13 T1 = 0.00 T2 = 0.00 S = 2 N = 16 M = 6 P = 3
============================== a.out n=16 m=9 p=1 s=2 ===============
### Run  ./a.out 16 9 1 4 2
A:
 1.000e+00  2.000e+00  3.000e+00  4.000e+00 
 2.000e+00  2.000e+00  3.000e+00  4.000e+00 
 3.000e+00  3.000e+00  3.000e+00  4.000e+00 
 4.000e+00  4.000e+00  4.000e+00  4.000e+00 

b:
 6.400e+01  6.500e+01  6.600e+01  6.800e+01 

x:
 1.000e+00  7.994e-14  1.000e+00  0.000e+00 

./a.out : Task = 9 Res1 = 5.293442e-16 Res2 = 2.726708e-13 T1 = 0.00 T2 = 0.00 S = 2 N = 16 M = 9 P = 1
============================== a.out n=16 m=9 p=2 s=2 ===============
### Run  ./a.out 16 9 2 4 2
A:
 1.000e+00  2.000e+00  3.000e+00  4.000e+00 
 2.000e+00  2.000e+00  3.000e+00  4.000e+00 
 3.000e+00  3.000e+00  3.000e+00  4.000e+00 
 4.000e+00  4.000e+00  4.000e+00  4.000e+00 

b:
 6.400e+01  6.500e+01  6.600e+01  6.800e+01 

x:
 1.000e+00  7.994e-14  1.000e+00  0.000e+00 

./a.out : Task = 9 Res1 = 5.293442e-16 Res2 = 2.726708e-13 T1 = 0.00 T2 = 0.00 S = 2 N = 16 M = 9 P = 2
============================== a.out n=16 m=12 p=1 s=2 ===============
### Run  ./a.out 16 12 1 4 2
A:
 1.000e+00  2.000e+00  3.000e+00  4.000e+00 
 2.000e+00  2.000e+00  3.000e+00  4.000e+00 
 3.000e+00  3.000e+00  3.000e+00  4.000e+00 
 4.000e+00  4.000e+00  4.000e+00  4.000e+00 

b:
 6.400e+01  6.500e+01  6.600e+01  6.800e+01 

x:
 1.000e+00 -1.279e-13  1.000e+00 -6.395e-14 

./a.out : Task = 9 Res1 = 8.754538e-16 Res2 = 7.343015e-13 T1 = 0.00 T2 = 0.00 S = 2 N = 16 M = 12 P = 1
============================== a.out n=16 m=12 p=2 s=2 ===============
### Run  ./a.out 16 12 2 4 2
A:
 1.000e+00  2.000e+00  3.000e+00  4.000e+00 
 2.000e+00  2.000e+00  3.000e+00  4.000e+00 
 3.000e+00  3.000e+00  3.000e+00  4.000e+00 
 4.000e+00  4.000e+00  4.000e+00  4.000e+00 

b:
 6.400e+01  6.500e+01  6.600e+01  6.800e+01 

x:
 1.000e+00 -1.279e-13  1.000e+00 -6.395e-14 

./a.out : Task = 9 Res1 = 8.754538e-16 Res2 = 7.343015e-13 T1 = 0.00 T2 = 0.00 S = 2 N = 16 M = 12 P = 2
============================== a.out n=16 m=15 p=1 s=2 ===============
### Run  ./a.out 16 15 1 4 2
A:
 1.000e+00  2.000e+00  3.000e+00  4.000e+00 
 2.000e+00  2.000e+00  3.000e+00  4.000e+00 
 3.000e+00  3.000e+00  3.000e+00  4.000e+00 
 4.000e+00  4.000e+00  4.000e+00  4.000e+00 

b:
 6.400e+01  6.500e+01  6.600e+01  6.800e+01 

x:
 1.000e+00  0.000e+00  1.000e+00  0.000e+00 

./a.out : Task = 9 Res1 = 2.035939e-17 Res2 = 1.065814e-13 T1 = 0.00 T2 = 0.00 S = 2 N = 16 M = 15 P = 1
============================== a.out n=16 m=15 p=2 s=2 ===============
### Run  ./a.out 16 15 2 4 2
A:
 1.000e+00  2.000e+00  3.000e+00  4.000e+00 
 2.000e+00  2.000e+00  3.000e+00  4.000e+00 
 3.000e+00  3.000e+00  3.000e+00  4.000e+00 
 4.000e+00  4.000e+00  4.000e+00  4.000e+00 

b:
 6.400e+01  6.500e+01  6.600e+01  6.800e+01 

x:
 1.000e+00  0.000e+00  1.000e+00  0.000e+00 

./a.out : Task = 9 Res1 = 2.035939e-17 Res2 = 1.065814e-13 T1 = 0.00 T2 = 0.00 S = 2 N = 16 M = 15 P = 2
============================== a.out n=17 m=3 p=1 s=2 ===============
### Run  ./a.out 17 3 1 4 2
A:
 1.000e+00  2.000e+00  3.000e+00  4.000e+00 
 2.000e+00  2.000e+00  3.000e+00  4.000e+00 
 3.000e+00  3.000e+00  3.000e+00  4.000e+00 
 4.000e+00  4.000e+00  4.000e+00  4.000e+00 

b:
 8.100e+01  8.200e+01  8.300e+01  8.500e+01 

x:
 1.000e+00  0.000e+00  1.000e+00 -1.155e-14 

./a.out : Task = 9 Res1 = 2.653317e-16 Res2 = 2.461364e-13 T1 = 0.00 T2 = 0.00 S = 2 N = 17 M = 3 P = 1
============================== a.out n=17 m=3 p=2 s=2 ===============
### Run  ./a.out 17 3 2 4 2
A:
 1.000e+00  2.000e+00  3.000e+00  4.000e+00 
 2.000e+00  2.000e+00  3.000e+00  4.000e+00 
 3.000e+00  3.000e+00  3.000e+00  4.000e+00 
 4.000e+00  4.000e+00  4.000e+00  4.000e+00 

b:
 8.100e+01  8.200e+01  8.300e+01  8.500e+01 

x:
 1.000e+00  0.000e+00  1.000e+00 -1.155e-14 

./a.out : Task = 9 Res1 = 2.653317e-16 Res2 = 2.461364e-13 T1 = 0.00 T2 = 0.00 S = 2 N = 17 M = 3 P = 2
============================== a.out n=17 m=3 p=3 s=2 ===============
### Run  ./a.out 17 3 3 4 2
A:
 1.000e+00  2.000e+00  3.000e+00  4.000e+00 
 2.000e+00  2.000e+00  3.000e+00  4.000e+00 
 3.000e+00  3.000e+00  3.000e+00  4.000e+00 
 4.000e+00  4.000e+00  4.000e+00  4.000e+00 

b:
 8.100e+01  8.200e+01  8.300e+01  8.500e+01 

x:
 1.000e+00  0.000e+00  1.000e+00 -1.155e-14 

./a.out : Task = 9 Res1 = 2.653317e-16 Res2 = 2.461364e-13 T1 = 0.00 T2 = 0.00 S = 2 N = 17 M = 3 P = 3
============================== a.out n=17 m=3 p=4 s=2 ===============
### Run  ./a.out 17 3 4 4 2
A:
 1.000e+00  2.000e+00  3.000e+00  4.000e+00 
 2.000e+00  2.000e+00  3.000e+00  4.000e+00 
 3.000e+00  3.000e+00  3.000e+00  4.000e+00 
 4.000e+00  4.000e+00  4.000e+00  4.000e+00 

b:
 8.100e+01  8.200e+01  8.300e+01  8.500e+01 

x:
 1.000e+00  0.000e+00  1.000e+00 -1.155e-14 

./a.out : Task = 9 Res1 = 2.653317e-16 Res2 = 2.461364e-13 T1 = 0.00 T2 = 0.00 S = 2 N = 17 M = 3 P = 4
============================== a.out n=17 m=3 p=5 s=2 ===============
### Run  ./a.out 17 3 5 4 2
A:
 1.000e+00  2.000e+00  3.000e+00  4.000e+00 
 2.000e+00  2.000e+00  3.000e+00  4.000e+00 
 3.000e+00  3.000e+00  3.000e+00  4.000e+00 
 4.000e+00  4.000e+00  4.000e+00  4.000e+00 

b:
 8.100e+01  8.200e+01  8.300e+01  8.500e+01 

x:
 1.000e+00  0.000e+00  1.000e+00 -1.155e-14 

./a.out : Task = 9 Res1 = 1.560775e-16 Res2 = 2.425837e-13 T1 = 0.00 T2 = 0.00 S = 2 N = 17 M = 3 P = 5
============================== a.out n=17 m=3 p=6 s=2 ===============
### Run  ./a.out 17 3 6 4 2
A:
 1.000e+00  2.000e+00  3.000e+00  4.000e+00 
 2.000e+00  2.000e+00  3.000e+00  4.000e+00 
 3.000e+00  3.000e+00  3.000e+00  4.000e+00 
 4.000e+00  4.000e+00  4.000e+00  4.000e+00 

b:
 8.100e+01  8.200e+01  8.300e+01  8.500e+01 

x:
 1.000e+00  0.000e+00  1.000e+00 -1.155e-14 

./a.out : Task = 9 Res1 = 2.653317e-16 Res2 = 2.461364e-13 T1 = 0.00 T2 = 0.00 S = 2 N = 17 M = 3 P = 6
============================== a.out n=17 m=6 p=1 s=2 ===============
### Run  ./a.out 17 6 1 4 2
A:
 1.000e+00  2.000e+00  3.000e+00  4.000e+00 
 2.000e+00  2.000e+00  3.000e+00  4.000e+00 
 3.000e+00  3.000e+00  3.000e+00  4.000e+00 
 4.000e+00  4.000e+00  4.000e+00  4.000e+00 

b:
 8.100e+01  8.200e+01  8.300e+01  8.500e+01 

x:
 1.000e+00  3.997e-15  1.000e+00  3.997e-15 

./a.out : Task = 9 Res1 = 4.526247e-16 Res2 = 3.990142e-13 T1 = 0.00 T2 = 0.00 S = 2 N = 17 M = 6 P = 1
============================== a.out n=17 m=6 p=2 s=2 ===============
### Run  ./a.out 17 6 2 4 2
A:
 1.000e+00  2.000e+00  3.000e+00  4.000e+00 
 2.000e+00  2.000e+00  3.000e+00  4.000e+00 
 3.000e+00  3.000e+00  3.000e+00  4.000e+00 
 4.000e+00  4.000e+00  4.000e+00  4.000e+00 

b:
 8.100e+01  8.200e+01  8.300e+01  8.500e+01 

x:
 1.000e+00  3.997e-15  1.000e+00  3.997e-15 

./a.out : Task = 9 Res1 = 4.526247e-16 Res2 = 3.990142e-13 T1 = 0.00 T2 = 0.00 S = 2 N = 17 M = 6 P = 2
============================== a.out n=17 m=6 p=3 s=2 ===============
### Run  ./a.out 17 6 3 4 2
A:
 1.000e+00  2.000e+00  3.000e+00  4.000e+00 
 2.000e+00  2.000e+00  3.000e+00  4.000e+00 
 3.000e+00  3.000e+00  3.000e+00  4.000e+00 
 4.000e+00  4.000e+00  4.000e+00  4.000e+00 

b:
 8.100e+01  8.200e+01  8.300e+01  8.500e+01 

x:
 1.000e+00  3.997e-15  1.000e+00  3.997e-15 

./a.out : Task = 9 Res1 = 4.526247e-16 Res2 = 3.990142e-13 T1 = 0.00 T2 = 0.00 S = 2 N = 17 M = 6 P = 3
============================== a.out n=17 m=9 p=1 s=2 ===============
### Run  ./a.out 17 9 1 4 2
A:
 1.000e+00  2.000e+00  3.000e+00  4.000e+00 
 2.000e+00  2.000e+00  3.000e+00  4.000e+00 
 3.000e+00  3.000e+00  3.000e+00  4.000e+00 
 4.000e+00  4.000e+00  4.000e+00  4.000e+00 

b:
 8.100e+01  8.200e+01  8.300e+01  8.500e+01 

x:
 1.000e+00  7.994e-14  1.000e+00  0.000e+00 

./a.out : Task = 9 Res1 = 2.887433e-16 Res2 = 3.565543e-13 T1 = 0.00 T2 = 0.00 S = 2 N = 17 M = 9 P = 1
============================== a.out n=17 m=9 p=2 s=2 ===============
### Run  ./a.out 17 9 2 4 2
A:
 1.000e+00  2.000e+00  3.000e+00  4.000e+00 
 2.000e+00  2.000e+00  3.000e+00  4.000e+00 
 3.000e+00  3.000e+00  3.000e+00  4.000e+00 
 4.000e+00  4.000e+00  4.000e+00  4.000e+00 

b:
 8.100e+01  8.200e+01  8.300e+01  8.500e+01 

x:
 1.000e+00  7.994e-14  1.000e+00  0.000e+00 

./a.out : Task = 9 Res1 = 2.887433e-16 Res2 = 3.565543e-13 T1 = 0.00 T2 = 0.00 S = 2 N = 17 M = 9 P = 2
============================== a.out n=17 m=12 p=1 s=2 ===============
### Run  ./a.out 17 12 1 4 2
A:
 1.000e+00  2.000e+00  3.000e+00  4.000e+00 
 2.000e+00  2.000e+00  3.000e+00  4.000e+00 
 3.000e+00  3.000e+00  3.000e+00  4.000e+00 
 4.000e+00  4.000e+00  4.000e+00  4.000e+00 

b:
 8.100e+01  8.200e+01  8.300e+01  8.500e+01 

x:
 1.000e+00 -1.279e-13  1.000e+00 -6.395e-14 

./a.out : Task = 9 Res1 = 2.575278e-16 Res2 = 5.823120e-13 T1 = 0.00 T2 = 0.00 S = 2 N = 17 M = 12 P = 1
============================== a.out n=17 m=12 p=2 s=2 ===============
### Run  ./a.out 17 12 2 4 2
A:
 1.000e+00  2.000e+00  3.000e+00  4.000e+00 
 2.000e+00  2.000e+00  3.000e+00  4.000e+00 
 3.000e+00  3.000e+00  3.000e+00  4.000e+00 
 4.000e+00  4.000e+00  4.000e+00  4.000e+00 

b:
 8.100e+01  8.200e+01  8.300e+01  8.500e+01 

x:
 1.000e+00 -1.279e-13  1.000e+00 -6.395e-14 

./a.out : Task = 9 Res1 = 2.575278e-16 Res2 = 5.823120e-13 T1 = 0.00 T2 = 0.00 S = 2 N = 17 M = 12 P = 2
============================== a.out n=17 m=15 p=1 s=2 ===============
### Run  ./a.out 17 15 1 4 2
A:
 1.000e+00  2.000e+00  3.000e+00  4.000e+00 
 2.000e+00  2.000e+00  3.000e+00  4.000e+00 
 3.000e+00  3.000e+00  3.000e+00  4.000e+00 
 4.000e+00  4.000e+00  4.000e+00  4.000e+00 

b:
 8.100e+01  8.200e+01  8.300e+01  8.500e+01 

x:
 1.000e+00  0.000e+00  1.000e+00  0.000e+00 

./a.out : Task = 9 Res1 = 9.754843e-16 Res2 = 3.224088e-13 T1 = 0.00 T2 = 0.00 S = 2 N = 17 M = 15 P = 1
============================== a.out n=17 m=15 p=2 s=2 ===============
### Run  ./a.out 17 15 2 4 2
A:
 1.000e+00  2.000e+00  3.000e+00  4.000e+00 
 2.000e+00  2.000e+00  3.000e+00  4.000e+00 
 3.000e+00  3.000e+00  3.000e+00  4.000e+00 
 4.000e+00  4.000e+00  4.000e+00  4.000e+00 

b:
 8.100e+01  8.200e+01  8.300e+01  8.500e+01 

x:
 1.000e+00  0.000e+00  1.000e+00  0.000e+00 

./a.out : Task = 9 Res1 = 9.754843e-16 Res2 = 3.224088e-13 T1 = 0.00 T2 = 0.00 S = 2 N = 17 M = 15 P = 2
============================== a.out n=18 m=3 p=1 s=2 ===============
### Run  ./a.out 18 3 1 4 2
A:
 1.000e+00  2.000e+00  3.000e+00  4.000e+00 
 2.000e+00  2.000e+00  3.000e+00  4.000e+00 
 3.000e+00  3.000e+00  3.000e+00  4.000e+00 
 4.000e+00  4.000e+00  4.000e+00  4.000e+00 

b:
 8.100e+01  8.200e+01  8.300e+01  8.500e+01 

x:
 1.000e+00  0.000e+00  1.000e+00 -1.155e-14 

./a.out : Task = 9 Res1 = 2.651546e-16 Res2 = 2.675415e-13 T1 = 0.00 T2 = 0.00 S = 2 N = 18 M = 3 P = 1
============================== a.out n=18 m=3 p=2 s=2 ===============
### Run  ./a.out 18 3 2 4 2
A:
 1.000e+00  2.000e+00  3.000e+00  4.000e+00 
 2.000e+00  2.000e+00  3.000e+00  4.000e+00 
 3.000e+00  3.000e+00  3.000e+00  4.000e+00 
 4.000e+00  4.000e+00  4.000e+00  4.000e+00 

b:
 8.100e+01  8.200e+01  8.300e+01  8.500e+01 

x:
 1.000e+00  0.000e+00  1.000e+00 -1.155e-14 

./a.out : Task = 9 Res1 = 3.439844e-16 Res2 = 2.684297e-13 T1 = 0.00 T2 = 0.00 S = 2 N = 18 M = 3 P = 2
============================== a.out n=18 m=3 p=3 s=2 ===============
### Run  ./a.out 18 3 3 4 2
A:
 1.000e+00  2.000e+00  3.000e+00  4.000e+00 
 2.000e+00  2.000e+00  3.000e+00  4.000e+00 
 3.000e+00  3.000e+00  3.000e+00  4.000e+00 
 4.000e+00  4.000e+00  4.000e+00  4.000e+00 

b:
 8.100e+01  8.200e+01  8.300e+01  8.500e+01 

x:
 1.000e+00  0.000e+00  1.000e+00 -1.155e-14 

./a.out : Task = 9 Res1 = 1.289941e-16 Res2 = 2.719824e-13 T1 = 0.00 T2 = 0.00 S = 2 N = 18 M = 3 P = 3
============================== a.out n=18 m=3 p=4 s=2 ===============
### Run  ./a.out 18 3 4 4 2
A:
 1.000e+00  2.000e+00  3.000e+00  4.000e+00 
 2.000e+00  2.000e+00  3.000e+00  4.000e+00 
 3.000e+00  3.000e+00  3.000e+00  4.000e+00 
 4.000e+00  4.000e+00  4.000e+00  4.000e+00 

b:
 8.100e+01  8.200e+01  8.300e+01  8.500e+01 

x:
 1.000e+00  0.000e+00  1.000e+00 -1.155e-14 

./a.out : Task = 9 Res1 = 2.651546e-16 Res2 = 2.675415e-13 T1 = 0.00 T2 = 0.00 S = 2 N = 18 M = 3 P = 4
============================== a.out n=18 m=3 p=5 s=2 ===============
### Run  ./a.out 18 3 5 4 2
A:
 1.000e+00  2.000e+00  3.000e+00  4.000e+00 
 2.000e+00  2.000e+00  3.000e+00  4.000e+00 
 3.000e+00  3.000e+00  3.000e+00  4.000e+00 
 4.000e+00  4.000e+00  4.000e+00  4.000e+00 

b:
 8.100e+01  8.200e+01  8.300e+01  8.500e+01 

x:
 1.000e+00  0.000e+00  1.000e+00 -1.155e-14 

./a.out : Task = 9 Res1 = 3.296517e-16 Res2 = 2.755352e-13 T1 = 0.00 T2 = 0.00 S = 2 N = 18 M = 3 P = 5
============================== a.out n=18 m=3 p=6 s=2 ===============
### Run  ./a.out 18 3 6 4 2
A:
 1.000e+00  2.000e+00  3.000e+00  4.000e+00 
 2.000e+00  2.000e+00  3.000e+00  4.000e+00 
 3.000e+00  3.000e+00  3.000e+00  4.000e+00 
 4.000e+00  4.000e+00  4.000e+00  4.000e+00 

b:
 8.100e+01  8.200e+01  8.300e+01  8.500e+01 

x:
 1.000e+00  0.000e+00  1.000e+00 -1.155e-14 

./a.out : Task = 9 Res1 = 1.289941e-16 Res2 = 2.719824e-13 T1 = 0.00 T2 = 0.00 S = 2 N = 18 M = 3 P = 6
============================== a.out n=18 m=3 p=7 s=2 ===============
### Run  ./a.out 18 3 7 4 2
A:
 1.000e+00  2.000e+00  3.000e+00  4.000e+00 
 2.000e+00  2.000e+00  3.000e+00  4.000e+00 
 3.000e+00  3.000e+00  3.000e+00  4.000e+00 
 4.000e+00  4.000e+00  4.000e+00  4.000e+00 

b:
 8.100e+01  8.200e+01  8.300e+01  8.500e+01 

x:
 1.000e+00  0.000e+00  1.000e+00 -1.155e-14 

./a.out : Task = 9 Res1 = 1.289941e-16 Res2 = 2.719824e-13 T1 = 0.00 T2 = 0.00 S = 2 N = 18 M = 3 P = 7
============================== a.out n=18 m=6 p=1 s=2 ===============
### Run  ./a.out 18 6 1 4 2
A:
 1.000e+00  2.000e+00  3.000e+00  4.000e+00 
 2.000e+00  2.000e+00  3.000e+00  4.000e+00 
 3.000e+00  3.000e+00  3.000e+00  4.000e+00 
 4.000e+00  4.000e+00  4.000e+00  4.000e+00 

b:
 8.100e+01  8.200e+01  8.300e+01  8.500e+01 

x:
 1.000e+00  3.997e-15  1.000e+00  3.997e-15 

./a.out : Task = 9 Res1 = 4.013151e-16 Res2 = 4.626299e-13 T1 = 0.00 T2 = 0.00 S = 2 N = 18 M = 6 P = 1
============================== a.out n=18 m=6 p=2 s=2 ===============
### Run  ./a.out 18 6 2 4 2
A:
 1.000e+00  2.000e+00  3.000e+00  4.000e+00 
 2.000e+00  2.000e+00  3.000e+00  4.000e+00 
 3.000e+00  3.000e+00  3.000e+00  4.000e+00 
 4.000e+00  4.000e+00  4.000e+00  4.000e+00 

b:
 8.100e+01  8.200e+01  8.300e+01  8.500e+01 

x:
 1.000e+00  3.997e-15  1.000e+00  3.997e-15 

./a.out : Task = 9 Res1 = 4.013151e-16 Res2 = 4.626299e-13 T1 = 0.00 T2 = 0.00 S = 2 N = 18 M = 6 P = 2
============================== a.out n=18 m=6 p=3 s=2 ===============
### Run  ./a.out 18 6 3 4 2
A:
 1.000e+00  2.000e+00  3.000e+00  4.000e+00 
 2.000e+00  2.000e+00  3.000e+00  4.000e+00 
 3.000e+00  3.000e+00  3.000e+00  4.000e+00 
 4.000e+00  4.000e+00  4.000e+00  4.000e+00 

b:
 8.100e+01  8.200e+01  8.300e+01  8.500e+01 

x:
 1.000e+00  3.997e-15  1.000e+00  3.997e-15 

./a.out : Task = 9 Res1 = 4.013151e-16 Res2 = 4.626299e-13 T1 = 0.00 T2 = 0.00 S = 2 N = 18 M = 6 P = 3
============================== a.out n=18 m=6 p=4 s=2 ===============
### Run  ./a.out 18 6 4 4 2
A:
 1.000e+00  2.000e+00  3.000e+00  4.000e+00 
 2.000e+00  2.000e+00  3.000e+00  4.000e+00 
 3.000e+00  3.000e+00  3.000e+00  4.000e+00 
 4.000e+00  4.000e+00  4.000e+00  4.000e+00 

b:
 8.100e+01  8.200e+01  8.300e+01  8.500e+01 

x:
 1.000e+00  3.997e-15  1.000e+00  3.997e-15 

./a.out : Task = 9 Res1 = 4.013151e-16 Res2 = 4.626299e-13 T1 = 0.00 T2 = 0.00 S = 2 N = 18 M = 6 P = 4
============================== a.out n=18 m=9 p=1 s=2 ===============
### Run  ./a.out 18 9 1 4 2
A:
 1.000e+00  2.000e+00  3.000e+00  4.000e+00 
 2.000e+00  2.000e+00  3.000e+00  4.000e+00 
 3.000e+00  3.000e+00  3.000e+00  4.000e+00 
 4.000e+00  4.000e+00  4.000e+00  4.000e+00 

b:
 8.100e+01  8.200e+01  8.300e+01  8.500e+01 

x:
 1.000e+00  7.994e-14  1.000e+00  0.000e+00 

./a.out : Task = 9 Res1 = 1.504932e-16 Res2 = 4.660963e-13 T1 = 0.00 T2 = 0.00 S = 2 N = 18 M = 9 P = 1
============================== a.out n=18 m=9 p=2 s=2 ===============
### Run  ./a.out 18 9 2 4 2
A:
 1.000e+00  2.000e+00  3.000e+00  4.000e+00 
 2.000e+00  2.000e+00  3.000e+00  4.000e+00 
 3.000e+00  3.000e+00  3.000e+00  4.000e+00 
 4.000e+00  4.000e+00  4.000e+00  4.000e+00 

b:
 8.100e+01  8.200e+01  8.300e+01  8.500e+01 

x:
 1.000e+00  7.994e-14  1.000e+00  0.000e+00 

./a.out : Task = 9 Res1 = 1.504932e-16 Res2 = 4.660963e-13 T1 = 0.00 T2 = 0.00 S = 2 N = 18 M = 9 P = 2
============================== a.out n=18 m=9 p=3 s=2 ===============
### Run  ./a.out 18 9 3 4 2
A:
 1.000e+00  2.000e+00  3.000e+00  4.000e+00 
 2.000e+00  2.000e+00  3.000e+00  4.000e+00 
 3.000e+00  3.000e+00  3.000e+00  4.000e+00 
 4.000e+00  4.000e+00  4.000e+00  4.000e+00 

b:
 8.100e+01  8.200e+01  8.300e+01  8.500e+01 

x:
 1.000e+00  7.994e-14  1.000e+00  0.000e+00 

./a.out : Task = 9 Res1 = 1.504932e-16 Res2 = 4.660963e-13 T1 = 0.00 T2 = 0.00 S = 2 N = 18 M = 9 P = 3
============================== a.out n=18 m=12 p=1 s=2 ===============
### Run  ./a.out 18 12 1 4 2
A:
 1.000e+00  2.000e+00  3.000e+00  4.000e+00 
 2.000e+00  2.000e+00  3.000e+00  4.000e+00 
 3.000e+00  3.000e+00  3.000e+00  4.000e+00 
 4.000e+00  4.000e+00  4.000e+00  4.000e+00 

b:
 8.100e+01  8.200e+01  8.300e+01  8.500e+01 

x:
 1.000e+00 -1.279e-13  1.000e+00 -6.395e-14 

./a.out : Task = 9 Res1 = 2.938200e-16 Res2 = 5.730971e-13 T1 = 0.00 T2 = 0.00 S = 2 N = 18 M = 12 P = 1
============================== a.out n=18 m=12 p=2 s=2 ===============
### Run  ./a.out 18 12 2 4 2
A:
 1.000e+00  2.000e+00  3.000e+00  4.000e+00 
 2.000e+00  2.000e+00  3.000e+00  4.000e+00 
 3.000e+00  3.000e+00  3.000e+00  4.000e+00 
 4.000e+00  4.000e+00  4.000e+00  4.000e+00 

b:
 8.100e+01  8.200e+01  8.300e+01  8.500e+01 

x:
 1.000e+00 -1.279e-13  1.000e+00 -6.395e-14 

./a.out : Task = 9 Res1 = 2.938200e-16 Res2 = 5.730971e-13 T1 = 0.00 T2 = 0.00 S = 2 N = 18 M = 12 P = 2
============================== a.out n=18 m=15 p=1 s=2 ===============
### Run  ./a.out 18 15 1 4 2
A:
 1.000e+00  2.000e+00  3.000e+00  4.000e+00 
 2.000e+00  2.000e+00  3.000e+00  4.000e+00 
 3.000e+00  3.000e+00  3.000e+00  4.000e+00 
 4.000e+00  4.000e+00  4.000e+00  4.000e+00 

b:
 8.100e+01  8.200e+01  8.300e+01  8.500e+01 

x:
 1.000e+00  0.000e+00  1.000e+00  0.000e+00 

./a.out : Task = 9 Res1 = 8.599610e-16 Res2 = 3.189449e-13 T1 = 0.00 T2 = 0.00 S = 2 N = 18 M = 15 P = 1
============================== a.out n=18 m=15 p=2 s=2 ===============
### Run  ./a.out 18 15 2 4 2
A:
 1.000e+00  2.000e+00  3.000e+00  4.000e+00 
 2.000e+00  2.000e+00  3.000e+00  4.000e+00 
 3.000e+00  3.000e+00  3.000e+00  4.000e+00 
 4.000e+00  4.000e+00  4.000e+00  4.000e+00 

b:
 8.100e+01  8.200e+01  8.300e+01  8.500e+01 

x:
 1.000e+00  0.000e+00  1.000e+00  0.000e+00 

./a.out : Task = 9 Res1 = 8.599610e-16 Res2 = 3.189449e-13 T1 = 0.00 T2 = 0.00 S = 2 N = 18 M = 15 P = 2
============================== a.out n=18 m=18 p=1 s=2 ===============
### Run  ./a.out 18 18 1 4 2
A:
 1.000e+00  2.000e+00  3.000e+00  4.000e+00 
 2.000e+00  2.000e+00  3.000e+00  4.000e+00 
 3.000e+00  3.000e+00  3.000e+00  4.000e+00 
 4.000e+00  4.000e+00  4.000e+00  4.000e+00 

b:
 8.100e+01  8.200e+01  8.300e+01  8.500e+01 

x:
 1.000e+00 -2.878e-13  1.000e+00 -2.878e-13 

./a.out : Task = 9 Res1 = 5.303093e-16 Res2 = 2.446043e-12 T1 = 0.00 T2 = 0.00 S = 2 N = 18 M = 18 P = 1
============================== a.out n=18 m=18 p=2 s=2 ===============
### Run  ./a.out 18 18 2 4 2
A:
 1.000e+00  2.000e+00  3.000e+00  4.000e+00 
 2.000e+00  2.000e+00  3.000e+00  4.000e+00 
 3.000e+00  3.000e+00  3.000e+00  4.000e+00 
 4.000e+00  4.000e+00  4.000e+00  4.000e+00 

b:
 8.100e+01  8.200e+01  8.300e+01  8.500e+01 

x:
 1.000e+00 -2.878e-13  1.000e+00 -2.878e-13 

./a.out : Task = 9 Res1 = 5.303093e-16 Res2 = 2.446043e-12 T1 = 0.00 T2 = 0.00 S = 2 N = 18 M = 18 P = 2
============================== a.out n=19 m=3 p=1 s=2 ===============
### Run  ./a.out 19 3 1 4 2
A:
 1.000e+00  2.000e+00  3.000e+00  4.000e+00 
 2.000e+00  2.000e+00  3.000e+00  4.000e+00 
 3.000e+00  3.000e+00  3.000e+00  4.000e+00 
 4.000e+00  4.000e+00  4.000e+00  4.000e+00 

b:
 1.000e+02  1.010e+02  1.020e+02  1.040e+02 

x:
 1.000e+00  0.000e+00  1.000e+00 -4.441e-15 

./a.out : Task = 9 Res1 = 1.017079e-16 Res2 = 7.046363e-13 T1 = 0.00 T2 = 0.00 S = 2 N = 19 M = 3 P = 1
============================== a.out n=19 m=3 p=2 s=2 ===============
### Run  ./a.out 19 3 2 4 2
A:
 1.000e+00  2.000e+00  3.000e+00  4.000e+00 
 2.000e+00  2.000e+00  3.000e+00  4.000e+00 
 3.000e+00  3.000e+00  3.000e+00  4.000e+00 
 4.000e+00  4.000e+00  4.000e+00  4.000e+00 

b:
 1.000e+02  1.010e+02  1.020e+02  1.040e+02 

x:
 1.000e+00  0.000e+00  1.000e+00 -4.441e-15 

./a.out : Task = 9 Res1 = 1.017079e-16 Res2 = 7.046363e-13 T1 = 0.00 T2 = 0.00 S = 2 N = 19 M = 3 P = 2
============================== a.out n=19 m=3 p=3 s=2 ===============
### Run  ./a.out 19 3 3 4 2
A:
 1.000e+00  2.000e+00  3.000e+00  4.000e+00 
 2.000e+00  2.000e+00  3.000e+00  4.000e+00 
 3.000e+00  3.000e+00  3.000e+00  4.000e+00 
 4.000e+00  4.000e+00  4.000e+00  4.000e+00 

b:
 1.000e+02  1.010e+02  1.020e+02  1.040e+02 

x:
 1.000e+00  0.000e+00  1.000e+00 -4.441e-15 

./a.out : Task = 9 Res1 = 1.017079e-16 Res2 = 7.046363e-13 T1 = 0.00 T2 = 0.00 S = 2 N = 19 M = 3 P = 3
============================== a.out n=19 m=3 p=4 s=2 ===============
### Run  ./a.out 19 3 4 4 2
A:
 1.000e+00  2.000e+00  3.000e+00  4.000e+00 
 2.000e+00  2.000e+00  3.000e+00  4.000e+00 
 3.000e+00  3.000e+00  3.000e+00  4.000e+00 
 4.000e+00  4.000e+00  4.000e+00  4.000e+00 

b:
 1.000e+02  1.010e+02  1.020e+02  1.040e+02 

x:
 1.000e+00  0.000e+00  1.000e+00 -4.441e-15 

./a.out : Task = 9 Res1 = 1.469114e-16 Res2 = 7.028600e-13 T1 = 0.00 T2 = 0.00 S = 2 N = 19 M = 3 P = 4
============================== a.out n=19 m=3 p=5 s=2 ===============
### Run  ./a.out 19 3 5 4 2
A:
 1.000e+00  2.000e+00  3.000e+00  4.000e+00 
 2.000e+00  2.000e+00  3.000e+00  4.000e+00 
 3.000e+00  3.000e+00  3.000e+00  4.000e+00 
 4.000e+00  4.000e+00  4.000e+00  4.000e+00 

b:
 1.000e+02  1.010e+02  1.020e+02  1.040e+02 

x:
 1.000e+00  0.000e+00  1.000e+00 -4.441e-15 

./a.out : Task = 9 Res1 = 1.017079e-16 Res2 = 7.046363e-13 T1 = 0.00 T2 = 0.00 S = 2 N = 19 M = 3 P = 5
============================== a.out n=19 m=3 p=6 s=2 ===============
### Run  ./a.out 19 3 6 4 2
A:
 1.000e+00  2.000e+00  3.000e+00  4.000e+00 
 2.000e+00  2.000e+00  3.000e+00  4.000e+00 
 3.000e+00  3.000e+00  3.000e+00  4.000e+00 
 4.000e+00  4.000e+00  4.000e+00  4.000e+00 

b:
 1.000e+02  1.010e+02  1.020e+02  1.040e+02 

x:
 1.000e+00  0.000e+00  1.000e+00 -4.441e-15 

./a.out : Task = 9 Res1 = 1.017079e-16 Res2 = 7.046363e-13 T1 = 0.00 T2 = 0.00 S = 2 N = 19 M = 3 P = 6
============================== a.out n=19 m=3 p=7 s=2 ===============
### Run  ./a.out 19 3 7 4 2
A:
 1.000e+00  2.000e+00  3.000e+00  4.000e+00 
 2.000e+00  2.000e+00  3.000e+00  4.000e+00 
 3.000e+00  3.000e+00  3.000e+00  4.000e+00 
 4.000e+00  4.000e+00  4.000e+00  4.000e+00 

b:
 1.000e+02  1.010e+02  1.020e+02  1.040e+02 

x:
 1.000e+00  0.000e+00  1.000e+00 -4.441e-15 

./a.out : Task = 9 Res1 = 1.017079e-16 Res2 = 7.046363e-13 T1 = 0.00 T2 = 0.00 S = 2 N = 19 M = 3 P = 7
============================== a.out n=19 m=6 p=1 s=2 ===============
### Run  ./a.out 19 6 1 4 2
A:
 1.000e+00  2.000e+00  3.000e+00  4.000e+00 
 2.000e+00  2.000e+00  3.000e+00  4.000e+00 
 3.000e+00  3.000e+00  3.000e+00  4.000e+00 
 4.000e+00  4.000e+00  4.000e+00  4.000e+00 

b:
 1.000e+02  1.010e+02  1.020e+02  1.040e+02 

x:
 1.000e+00  3.997e-15  1.000e+00  3.997e-15 

./a.out : Task = 9 Res1 = 2.260176e-16 Res2 = 4.392042e-13 T1 = 0.00 T2 = 0.00 S = 2 N = 19 M = 6 P = 1
============================== a.out n=19 m=6 p=2 s=2 ===============
### Run  ./a.out 19 6 2 4 2
A:
 1.000e+00  2.000e+00  3.000e+00  4.000e+00 
 2.000e+00  2.000e+00  3.000e+00  4.000e+00 
 3.000e+00  3.000e+00  3.000e+00  4.000e+00 
 4.000e+00  4.000e+00  4.000e+00  4.000e+00 

b:
 1.000e+02  1.010e+02  1.020e+02  1.040e+02 

x:
 1.000e+00  3.997e-15  1.000e+00  3.997e-15 

./a.out : Task = 9 Res1 = 1.017079e-16 Res2 = 4.374279e-13 T1 = 0.00 T2 = 0.00 S = 2 N = 19 M = 6 P = 2
============================== a.out n=19 m=6 p=3 s=2 ===============
### Run  ./a.out 19 6 3 4 2
A:
 1.000e+00  2.000e+00  3.000e+00  4.000e+00 
 2.000e+00  2.000e+00  3.000e+00  4.000e+00 
 3.000e+00  3.000e+00  3.000e+00  4.000e+00 
 4.000e+00  4.000e+00  4.000e+00  4.000e+00 

b:
 1.000e+02  1.010e+02  1.020e+02  1.040e+02 

x:
 1.000e+00  3.997e-15  1.000e+00  3.997e-15 

./a.out : Task = 9 Res1 = 1.017079e-16 Res2 = 4.374279e-13 T1 = 0.00 T2 = 0.00 S = 2 N = 19 M = 6 P = 3
============================== a.out n=19 m=6 p=4 s=2 ===============
### Run  ./a.out 19 6 4 4 2
A:
 1.000e+00  2.000e+00  3.000e+00  4.000e+00 
 2.000e+00  2.000e+00  3.000e+00  4.000e+00 
 3.000e+00  3.000e+00  3.000e+00  4.000e+00 
 4.000e+00  4.000e+00  4.000e+00  4.000e+00 

b:
 1.000e+02  1.010e+02  1.020e+02  1.040e+02 

x:
 1.000e+00  3.997e-15  1.000e+00  3.997e-15 

./a.out : Task = 9 Res1 = 1.017079e-16 Res2 = 4.374279e-13 T1 = 0.00 T2 = 0.00 S = 2 N = 19 M = 6 P = 4
============================== a.out n=19 m=9 p=1 s=2 ===============
### Run  ./a.out 19 9 1 4 2
A:
 1.000e+00  2.000e+00  3.000e+00  4.000e+00 
 2.000e+00  2.000e+00  3.000e+00  4.000e+00 
 3.000e+00  3.000e+00  3.000e+00  4.000e+00 
 4.000e+00  4.000e+00  4.000e+00  4.000e+00 

b:
 1.000e+02  1.010e+02  1.020e+02  1.040e+02 

x:
 1.000e+00  7.994e-14  1.000e+00  0.000e+00 

./a.out : Task = 9 Res1 = 2.881724e-16 Res2 = 5.622416e-13 T1 = 0.00 T2 = 0.00 S = 2 N = 19 M = 9 P = 1
============================== a.out n=19 m=9 p=2 s=2 ===============
### Run  ./a.out 19 9 2 4 2
A:
 1.000e+00  2.000e+00  3.000e+00  4.000e+00 
 2.000e+00  2.000e+00  3.000e+00  4.000e+00 
 3.000e+00  3.000e+00  3.000e+00  4.000e+00 
 4.000e+00  4.000e+00  4.000e+00  4.000e+00 

b:
 1.000e+02  1.010e+02  1.020e+02  1.040e+02 

x:
 1.000e+00  7.994e-14  1.000e+00  0.000e+00 

./a.out : Task = 9 Res1 = 2.881724e-16 Res2 = 5.622416e-13 T1 = 0.00 T2 = 0.00 S = 2 N = 19 M = 9 P = 2
============================== a.out n=19 m=9 p=3 s=2 ===============
### Run  ./a.out 19 9 3 4 2
A:
 1.000e+00  2.000e+00  3.000e+00  4.000e+00 
 2.000e+00  2.000e+00  3.000e+00  4.000e+00 
 3.000e+00  3.000e+00  3.000e+00  4.000e+00 
 4.000e+00  4.000e+00  4.000e+00  4.000e+00 

b:
 1.000e+02  1.010e+02  1.020e+02  1.040e+02 

x:
 1.000e+00  7.994e-14  1.000e+00  0.000e+00 

./a.out : Task = 9 Res1 = 2.881724e-16 Res2 = 5.622416e-13 T1 = 0.00 T2 = 0.00 S = 2 N = 19 M = 9 P = 3
============================== a.out n=19 m=12 p=1 s=2 ===============
### Run  ./a.out 19 12 1 4 2
A:
 1.000e+00  2.000e+00  3.000e+00  4.000e+00 
 2.000e+00  2.000e+00  3.000e+00  4.000e+00 
 3.000e+00  3.000e+00  3.000e+00  4.000e+00 
 4.000e+00  4.000e+00  4.000e+00  4.000e+00 

b:
 1.000e+02  1.010e+02  1.020e+02  1.040e+02 

x:
 1.000e+00 -1.279e-13  1.000e+00 -6.395e-14 

./a.out : Task = 9 Res1 = 3.051237e-16 Res2 = 7.385574e-13 T1 = 0.00 T2 = 0.00 S = 2 N = 19 M = 12 P = 1
============================== a.out n=19 m=12 p=2 s=2 ===============
### Run  ./a.out 19 12 2 4 2
A:
 1.000e+00  2.000e+00  3.000e+00  4.000e+00 
 2.000e+00  2.000e+00  3.000e+00  4.000e+00 
 3.000e+00  3.000e+00  3.000e+00  4.000e+00 
 4.000e+00  4.000e+00  4.000e+00  4.000e+00 

b:
 1.000e+02  1.010e+02  1.020e+02  1.040e+02 

x:
 1.000e+00 -1.279e-13  1.000e+00 -6.395e-14 

./a.out : Task = 9 Res1 = 3.051237e-16 Res2 = 7.385574e-13 T1 = 0.00 T2 = 0.00 S = 2 N = 19 M = 12 P = 2
============================== a.out n=19 m=15 p=1 s=2 ===============
### Run  ./a.out 19 15 1 4 2
A:
 1.000e+00  2.000e+00  3.000e+00  4.000e+00 
 2.000e+00  2.000e+00  3.000e+00  4.000e+00 
 3.000e+00  3.000e+00  3.000e+00  4.000e+00 
 4.000e+00  4.000e+00  4.000e+00  4.000e+00 

b:
 1.000e+02  1.010e+02  1.020e+02  1.040e+02 

x:
 1.000e+00  0.000e+00  1.000e+00  0.000e+00 

./a.out : Task = 9 Res1 = 7.063049e-16 Res2 = 3.263834e-13 T1 = 0.00 T2 = 0.00 S = 2 N = 19 M = 15 P = 1
============================== a.out n=19 m=15 p=2 s=2 ===============
### Run  ./a.out 19 15 2 4 2
A:
 1.000e+00  2.000e+00  3.000e+00  4.000e+00 
 2.000e+00  2.000e+00  3.000e+00  4.000e+00 
 3.000e+00  3.000e+00  3.000e+00  4.000e+00 
 4.000e+00  4.000e+00  4.000e+00  4.000e+00 

b:
 1.000e+02  1.010e+02  1.020e+02  1.040e+02 

x:
 1.000e+00  0.000e+00  1.000e+00  0.000e+00 

./a.out : Task = 9 Res1 = 7.063049e-16 Res2 = 3.263834e-13 T1 = 0.00 T2 = 0.00 S = 2 N = 19 M = 15 P = 2
============================== a.out n=19 m=18 p=1 s=2 ===============
### Run  ./a.out 19 18 1 4 2
A:
 1.000e+00  2.000e+00  3.000e+00  4.000e+00 
 2.000e+00  2.000e+00  3.000e+00  4.000e+00 
 3.000e+00  3.000e+00  3.000e+00  4.000e+00 
 4.000e+00  4.000e+00  4.000e+00  4.000e+00 

b:
 1.000e+02  1.010e+02  1.020e+02  1.040e+02 

x:
 1.000e+00 -2.878e-13  1.000e+00 -2.878e-13 

./a.out : Task = 9 Res1 = 1.508667e-15 Res2 = 2.957634e-12 T1 = 0.00 T2 = 0.00 S = 2 N = 19 M = 18 P = 1
============================== a.out n=19 m=18 p=2 s=2 ===============
### Run  ./a.out 19 18 2 4 2
A:
 1.000e+00  2.000e+00  3.000e+00  4.000e+00 
 2.000e+00  2.000e+00  3.000e+00  4.000e+00 
 3.000e+00  3.000e+00  3.000e+00  4.000e+00 
 4.000e+00  4.000e+00  4.000e+00  4.000e+00 

b:
 1.000e+02  1.010e+02  1.020e+02  1.040e+02 

x:
 1.000e+00 -2.878e-13  1.000e+00 -2.878e-13 

./a.out : Task = 9 Res1 = 1.508667e-15 Res2 = 2.957634e-12 T1 = 0.00 T2 = 0.00 S = 2 N = 19 M = 18 P = 2
============================== a.out n=20 m=3 p=1 s=2 ===============
### Run  ./a.out 20 3 1 4 2
A:
 1.000e+00  2.000e+00  3.000e+00  4.000e+00 
 2.000e+00  2.000e+00  3.000e+00  4.000e+00 
 3.000e+00  3.000e+00  3.000e+00  4.000e+00 
 4.000e+00  4.000e+00  4.000e+00  4.000e+00 

b:
 1.000e+02  1.010e+02  1.020e+02  1.040e+02 

x:
 1.000e+00  0.000e+00  1.000e+00 -4.441e-15 

./a.out : Task = 9 Res1 = 2.617100e-16 Res2 = 6.997514e-13 T1 = 0.00 T2 = 0.00 S = 2 N = 20 M = 3 P = 1
============================== a.out n=20 m=3 p=2 s=2 ===============
### Run  ./a.out 20 3 2 4 2
A:
 1.000e+00  2.000e+00  3.000e+00  4.000e+00 
 2.000e+00  2.000e+00  3.000e+00  4.000e+00 
 3.000e+00  3.000e+00  3.000e+00  4.000e+00 
 4.000e+00  4.000e+00  4.000e+00  4.000e+00 

b:
 1.000e+02  1.010e+02  1.020e+02  1.040e+02 

x:
 1.000e+00  0.000e+00  1.000e+00 -4.441e-15 

./a.out : Task = 9 Res1 = 1.570260e-16 Res2 = 7.033041e-13 T1 = 0.00 T2 = 0.00 S = 2 N = 20 M = 3 P = 2
============================== a.out n=20 m=3 p=3 s=2 ===============
### Run  ./a.out 20 3 3 4 2
A:
 1.000e+00  2.000e+00  3.000e+00  4.000e+00 
 2.000e+00  2.000e+00  3.000e+00  4.000e+00 
 3.000e+00  3.000e+00  3.000e+00  4.000e+00 
 4.000e+00  4.000e+00  4.000e+00  4.000e+00 

b:
 1.000e+02  1.010e+02  1.020e+02  1.040e+02 

x:
 1.000e+00  0.000e+00  1.000e+00 -4.441e-15 

./a.out : Task = 9 Res1 = 1.570260e-16 Res2 = 7.033041e-13 T1 = 0.00 T2 = 0.00 S = 2 N = 20 M = 3 P = 3
============================== a.out n=20 m=3 p=4 s=2 ===============
### Run  ./a.out 20 3 4 4 2
A:
 1.000e+00  2.000e+00  3.000e+00  4.000e+00 
 2.000e+00  2.000e+00  3.000e+00  4.000e+00 
 3.000e+00  3.000e+00  3.000e+00  4.000e+00 
 4.000e+00  4.000e+00  4.000e+00  4.000e+00 

b:
 1.000e+02  1.010e+02  1.020e+02  1.040e+02 

x:
 1.000e+00  0.000e+00  1.000e+00 -4.441e-15 

./a.out : Task = 9 Res1 = 1.570260e-16 Res2 = 7.033041e-13 T1 = 0.00 T2 = 0.00 S = 2 N = 20 M = 3 P = 4
============================== a.out n=20 m=3 p=5 s=2 ===============
### Run  ./a.out 20 3 5 4 2
A:
 1.000e+00  2.000e+00  3.000e+00  4.000e+00 
 2.000e+00  2.000e+00  3.000e+00  4.000e+00 
 3.000e+00  3.000e+00  3.000e+00  4.000e+00 
 4.000e+00  4.000e+00  4.000e+00  4.000e+00 

b:
 1.000e+02  1.010e+02  1.020e+02  1.040e+02 

x:
 1.000e+00  0.000e+00  1.000e+00 -4.441e-15 

./a.out : Task = 9 Res1 = 1.570260e-16 Res2 = 7.033041e-13 T1 = 0.00 T2 = 0.00 S = 2 N = 20 M = 3 P = 5
============================== a.out n=20 m=3 p=6 s=2 ===============
### Run  ./a.out 20 3 6 4 2
A:
 1.000e+00  2.000e+00  3.000e+00  4.000e+00 
 2.000e+00  2.000e+00  3.000e+00  4.000e+00 
 3.000e+00  3.000e+00  3.000e+00  4.000e+00 
 4.000e+00  4.000e+00  4.000e+00  4.000e+00 

b:
 1.000e+02  1.010e+02  1.020e+02  1.040e+02 

x:
 1.000e+00  0.000e+00  1.000e+00 -4.441e-15 

./a.out : Task = 9 Res1 = 1.570260e-16 Res2 = 7.033041e-13 T1 = 0.00 T2 = 0.00 S = 2 N = 20 M = 3 P = 6
============================== a.out n=20 m=3 p=7 s=2 ===============
### Run  ./a.out 20 3 7 4 2
A:
 1.000e+00  2.000e+00  3.000e+00  4.000e+00 
 2.000e+00  2.000e+00  3.000e+00  4.000e+00 
 3.000e+00  3.000e+00  3.000e+00  4.000e+00 
 4.000e+00  4.000e+00  4.000e+00  4.000e+00 

b:
 1.000e+02  1.010e+02  1.020e+02  1.040e+02 

x:
 1.000e+00  0.000e+00  1.000e+00 -4.441e-15 

./a.out : Task = 9 Res1 = 3.977992e-16 Res2 = 6.979750e-13 T1 = 0.00 T2 = 0.00 S = 2 N = 20 M = 3 P = 7
============================== a.out n=20 m=6 p=1 s=2 ===============
### Run  ./a.out 20 6 1 4 2
A:
 1.000e+00  2.000e+00  3.000e+00  4.000e+00 
 2.000e+00  2.000e+00  3.000e+00  4.000e+00 
 3.000e+00  3.000e+00  3.000e+00  4.000e+00 
 4.000e+00  4.000e+00  4.000e+00  4.000e+00 

b:
 1.000e+02  1.010e+02  1.020e+02  1.040e+02 

x:
 1.000e+00  3.997e-15  1.000e+00  3.997e-15 

./a.out : Task = 9 Res1 = 1.046840e-16 Res2 = 4.566347e-13 T1 = 0.00 T2 = 0.00 S = 2 N = 20 M = 6 P = 1
============================== a.out n=20 m=6 p=2 s=2 ===============
### Run  ./a.out 20 6 2 4 2
A:
 1.000e+00  2.000e+00  3.000e+00  4.000e+00 
 2.000e+00  2.000e+00  3.000e+00  4.000e+00 
 3.000e+00  3.000e+00  3.000e+00  4.000e+00 
 4.000e+00  4.000e+00  4.000e+00  4.000e+00 

b:
 1.000e+02  1.010e+02  1.020e+02  1.040e+02 

x:
 1.000e+00  3.997e-15  1.000e+00  3.997e-15 

./a.out : Task = 9 Res1 = 1.046840e-16 Res2 = 4.566347e-13 T1 = 0.00 T2 = 0.00 S = 2 N = 20 M = 6 P = 2
============================== a.out n=20 m=6 p=3 s=2 ===============
### Run  ./a.out 20 6 3 4 2
A:
 1.000e+00  2.000e+00  3.000e+00  4.000e+00 
 2.000e+00  2.000e+00  3.000e+00  4.000e+00 
 3.000e+00  3.000e+00  3.000e+00  4.000e+00 
 4.000e+00  4.000e+00  4.000e+00  4.000e+00 

b:
 1.000e+02  1.010e+02  1.020e+02  1.040e+02 

x:
 1.000e+00  3.997e-15  1.000e+00  3.997e-15 

./a.out : Task = 9 Res1 = 1.046840e-16 Res2 = 4.566347e-13 T1 = 0.00 T2 = 0.00 S = 2 N = 20 M = 6 P = 3
============================== a.out n=20 m=6 p=4 s=2 ===============
### Run  ./a.out 20 6 4 4 2
A:
 1.000e+00  2.000e+00  3.000e+00  4.000e+00 
 2.000e+00  2.000e+00  3.000e+00  4.000e+00 
 3.000e+00  3.000e+00  3.000e+00  4.000e+00 
 4.000e+00  4.000e+00  4.000e+00  4.000e+00 

b:
 1.000e+02  1.010e+02  1.020e+02  1.040e+02 

x:
 1.000e+00  3.997e-15  1.000e+00  3.997e-15 

./a.out : Task = 9 Res1 = 1.046840e-16 Res2 = 4.566347e-13 T1 = 0.00 T2 = 0.00 S = 2 N = 20 M = 6 P = 4
============================== a.out n=20 m=9 p=1 s=2 ===============
### Run  ./a.out 20 9 1 4 2
A:
 1.000e+00  2.000e+00  3.000e+00  4.000e+00 
 2.000e+00  2.000e+00  3.000e+00  4.000e+00 
 3.000e+00  3.000e+00  3.000e+00  4.000e+00 
 4.000e+00  4.000e+00  4.000e+00  4.000e+00 

b:
 1.000e+02  1.010e+02  1.020e+02  1.040e+02 

x:
 1.000e+00  7.994e-14  1.000e+00  0.000e+00 

./a.out : Task = 9 Res1 = 2.878810e-16 Res2 = 5.620196e-13 T1 = 0.00 T2 = 0.00 S = 2 N = 20 M = 9 P = 1
============================== a.out n=20 m=9 p=2 s=2 ===============
### Run  ./a.out 20 9 2 4 2
A:
 1.000e+00  2.000e+00  3.000e+00  4.000e+00 
 2.000e+00  2.000e+00  3.000e+00  4.000e+00 
 3.000e+00  3.000e+00  3.000e+00  4.000e+00 
 4.000e+00  4.000e+00  4.000e+00  4.000e+00 

b:
 1.000e+02  1.010e+02  1.020e+02  1.040e+02 

x:
 1.000e+00  7.994e-14  1.000e+00  0.000e+00 

./a.out : Task = 9 Res1 = 2.878810e-16 Res2 = 5.620196e-13 T1 = 0.00 T2 = 0.00 S = 2 N = 20 M = 9 P = 2
============================== a.out n=20 m=9 p=3 s=2 ===============
### Run  ./a.out 20 9 3 4 2
A:
 1.000e+00  2.000e+00  3.000e+00  4.000e+00 
 2.000e+00  2.000e+00  3.000e+00  4.000e+00 
 3.000e+00  3.000e+00  3.000e+00  4.000e+00 
 4.000e+00  4.000e+00  4.000e+00  4.000e+00 

b:
 1.000e+02  1.010e+02  1.020e+02  1.040e+02 

x:
 1.000e+00  7.994e-14  1.000e+00  0.000e+00 

./a.out : Task = 9 Res1 = 2.878810e-16 Res2 = 5.620196e-13 T1 = 0.00 T2 = 0.00 S = 2 N = 20 M = 9 P = 3
============================== a.out n=20 m=12 p=1 s=2 ===============
### Run  ./a.out 20 12 1 4 2
A:
 1.000e+00  2.000e+00  3.000e+00  4.000e+00 
 2.000e+00  2.000e+00  3.000e+00  4.000e+00 
 3.000e+00  3.000e+00  3.000e+00  4.000e+00 
 4.000e+00  4.000e+00  4.000e+00  4.000e+00 

b:
 1.000e+02  1.010e+02  1.020e+02  1.040e+02 

x:
 1.000e+00 -1.279e-13  1.000e+00 -6.395e-14 

./a.out : Task = 9 Res1 = 3.035836e-16 Res2 = 7.131333e-13 T1 = 0.00 T2 = 0.00 S = 2 N = 20 M = 12 P = 1
============================== a.out n=20 m=12 p=2 s=2 ===============
### Run  ./a.out 20 12 2 4 2
A:
 1.000e+00  2.000e+00  3.000e+00  4.000e+00 
 2.000e+00  2.000e+00  3.000e+00  4.000e+00 
 3.000e+00  3.000e+00  3.000e+00  4.000e+00 
 4.000e+00  4.000e+00  4.000e+00  4.000e+00 

b:
 1.000e+02  1.010e+02  1.020e+02  1.040e+02 

x:
 1.000e+00 -1.279e-13  1.000e+00 -6.395e-14 

./a.out : Task = 9 Res1 = 3.035836e-16 Res2 = 7.131333e-13 T1 = 0.00 T2 = 0.00 S = 2 N = 20 M = 12 P = 2
============================== a.out n=20 m=15 p=1 s=2 ===============
### Run  ./a.out 20 15 1 4 2
A:
 1.000e+00  2.000e+00  3.000e+00  4.000e+00 
 2.000e+00  2.000e+00  3.000e+00  4.000e+00 
 3.000e+00  3.000e+00  3.000e+00  4.000e+00 
 4.000e+00  4.000e+00  4.000e+00  4.000e+00 

b:
 1.000e+02  1.010e+02  1.020e+02  1.040e+02 

x:
 1.000e+00  0.000e+00  1.000e+00  0.000e+00 

./a.out : Task = 9 Res1 = 4.920149e-16 Res2 = 3.379519e-13 T1 = 0.00 T2 = 0.00 S = 2 N = 20 M = 15 P = 1
============================== a.out n=20 m=15 p=2 s=2 ===============
### Run  ./a.out 20 15 2 4 2
A:
 1.000e+00  2.000e+00  3.000e+00  4.000e+00 
 2.000e+00  2.000e+00  3.000e+00  4.000e+00 
 3.000e+00  3.000e+00  3.000e+00  4.000e+00 
 4.000e+00  4.000e+00  4.000e+00  4.000e+00 

b:
 1.000e+02  1.010e+02  1.020e+02  1.040e+02 

x:
 1.000e+00  0.000e+00  1.000e+00  0.000e+00 

./a.out : Task = 9 Res1 = 4.920149e-16 Res2 = 3.379519e-13 T1 = 0.00 T2 = 0.00 S = 2 N = 20 M = 15 P = 2
============================== a.out n=20 m=18 p=1 s=2 ===============
### Run  ./a.out 20 18 1 4 2
A:
 1.000e+00  2.000e+00  3.000e+00  4.000e+00 
 2.000e+00  2.000e+00  3.000e+00  4.000e+00 
 3.000e+00  3.000e+00  3.000e+00  4.000e+00 
 4.000e+00  4.000e+00  4.000e+00  4.000e+00 

b:
 1.000e+02  1.010e+02  1.020e+02  1.040e+02 

x:
 1.000e+00 -2.878e-13  1.000e+00 -2.878e-13 

./a.out : Task = 9 Res1 = 1.408000e-15 Res2 = 2.958078e-12 T1 = 0.00 T2 = 0.00 S = 2 N = 20 M = 18 P = 1
============================== a.out n=20 m=18 p=2 s=2 ===============
### Run  ./a.out 20 18 2 4 2
A:
 1.000e+00  2.000e+00  3.000e+00  4.000e+00 
 2.000e+00  2.000e+00  3.000e+00  4.000e+00 
 3.000e+00  3.000e+00  3.000e+00  4.000e+00 
 4.000e+00  4.000e+00  4.000e+00  4.000e+00 

b:
 1.000e+02  1.010e+02  1.020e+02  1.040e+02 

x:
 1.000e+00 -2.878e-13  1.000e+00 -2.878e-13 

./a.out : Task = 9 Res1 = 1.408000e-15 Res2 = 2.958078e-12 T1 = 0.00 T2 = 0.00 S = 2 N = 20 M = 18 P = 2
============================== a.out n=21 m=3 p=1 s=2 ===============
### Run  ./a.out 21 3 1 4 2
A:
 1.000e+00  2.000e+00  3.000e+00  4.000e+00 
 2.000e+00  2.000e+00  3.000e+00  4.000e+00 
 3.000e+00  3.000e+00  3.000e+00  4.000e+00 
 4.000e+00  4.000e+00  4.000e+00  4.000e+00 

b:
 1.210e+02  1.220e+02  1.230e+02  1.250e+02 

x:
 1.000e+00  0.000e+00  1.000e+00  8.882e-16 

./a.out : Task = 9 Res1 = 2.448692e-16 Res2 = 1.154321e-12 T1 = 0.00 T2 = 0.00 S = 2 N = 21 M = 3 P = 1
============================== a.out n=21 m=3 p=2 s=2 ===============
### Run  ./a.out 21 3 2 4 2
A:
 1.000e+00  2.000e+00  3.000e+00  4.000e+00 
 2.000e+00  2.000e+00  3.000e+00  4.000e+00 
 3.000e+00  3.000e+00  3.000e+00  4.000e+00 
 4.000e+00  4.000e+00  4.000e+00  4.000e+00 

b:
 1.210e+02  1.220e+02  1.230e+02  1.250e+02 

x:
 1.000e+00  0.000e+00  1.000e+00  8.882e-16 

./a.out : Task = 9 Res1 = 2.448692e-16 Res2 = 1.154321e-12 T1 = 0.00 T2 = 0.00 S = 2 N = 21 M = 3 P = 2
============================== a.out n=21 m=3 p=3 s=2 ===============
### Run  ./a.out 21 3 3 4 2
A:
 1.000e+00  2.000e+00  3.000e+00  4.000e+00 
 2.000e+00  2.000e+00  3.000e+00  4.000e+00 
 3.000e+00  3.000e+00  3.000e+00  4.000e+00 
 4.000e+00  4.000e+00  4.000e+00  4.000e+00 

b:
 1.210e+02  1.220e+02  1.230e+02  1.250e+02 

x:
 1.000e+00  0.000e+00  1.000e+00  8.882e-16 

./a.out : Task = 9 Res1 = 5.826197e-16 Res2 = 1.148104e-12 T1 = 0.00 T2 = 0.00 S = 2 N = 21 M = 3 P = 3
============================== a.out n=21 m=3 p=4 s=2 ===============
### Run  ./a.out 21 3 4 4 2
A:
 1.000e+00  2.000e+00  3.000e+00  4.000e+00 
 2.000e+00  2.000e+00  3.000e+00  4.000e+00 
 3.000e+00  3.000e+00  3.000e+00  4.000e+00 
 4.000e+00  4.000e+00  4.000e+00  4.000e+00 

b:
 1.210e+02  1.220e+02  1.230e+02  1.250e+02 

x:
 1.000e+00  0.000e+00  1.000e+00  8.882e-16 

./a.out : Task = 9 Res1 = 3.884131e-16 Res2 = 1.161427e-12 T1 = 0.00 T2 = 0.00 S = 2 N = 21 M = 3 P = 4
============================== a.out n=21 m=3 p=5 s=2 ===============
### Run  ./a.out 21 3 5 4 2
A:
 1.000e+00  2.000e+00  3.000e+00  4.000e+00 
 2.000e+00  2.000e+00  3.000e+00  4.000e+00 
 3.000e+00  3.000e+00  3.000e+00  4.000e+00 
 4.000e+00  4.000e+00  4.000e+00  4.000e+00 

b:
 1.210e+02  1.220e+02  1.230e+02  1.250e+02 

x:
 1.000e+00  0.000e+00  1.000e+00  8.882e-16 

./a.out : Task = 9 Res1 = 2.702004e-16 Res2 = 1.153433e-12 T1 = 0.00 T2 = 0.00 S = 2 N = 21 M = 3 P = 5
============================== a.out n=21 m=3 p=6 s=2 ===============
### Run  ./a.out 21 3 6 4 2
A:
 1.000e+00  2.000e+00  3.000e+00  4.000e+00 
 2.000e+00  2.000e+00  3.000e+00  4.000e+00 
 3.000e+00  3.000e+00  3.000e+00  4.000e+00 
 4.000e+00  4.000e+00  4.000e+00  4.000e+00 

b:
 1.210e+02  1.220e+02  1.230e+02  1.250e+02 

x:
 1.000e+00  0.000e+00  1.000e+00  8.882e-16 

./a.out : Task = 9 Res1 = 2.279816e-16 Res2 = 1.155209e-12 T1 = 0.00 T2 = 0.00 S = 2 N = 21 M = 3 P = 6
============================== a.out n=21 m=3 p=7 s=2 ===============
### Run  ./a.out 21 3 7 4 2
A:
 1.000e+00  2.000e+00  3.000e+00  4.000e+00 
 2.000e+00  2.000e+00  3.000e+00  4.000e+00 
 3.000e+00  3.000e+00  3.000e+00  4.000e+00 
 4.000e+00  4.000e+00  4.000e+00  4.000e+00 

b:
 1.210e+02  1.220e+02  1.230e+02  1.250e+02 

x:
 1.000e+00  0.000e+00  1.000e+00  8.882e-16 

./a.out : Task = 9 Res1 = 2.448692e-16 Res2 = 1.154321e-12 T1 = 0.00 T2 = 0.00 S = 2 N = 21 M = 3 P = 7
============================== a.out n=21 m=3 p=8 s=2 ===============
### Run  ./a.out 21 3 8 4 2
A:
 1.000e+00  2.000e+00  3.000e+00  4.000e+00 
 2.000e+00  2.000e+00  3.000e+00  4.000e+00 
 3.000e+00  3.000e+00  3.000e+00  4.000e+00 
 4.000e+00  4.000e+00  4.000e+00  4.000e+00 

b:
 1.210e+02  1.220e+02  1.230e+02  1.250e+02 

x:
 1.000e+00  0.000e+00  1.000e+00  8.882e-16 

./a.out : Task = 9 Res1 = 2.448692e-16 Res2 = 1.154321e-12 T1 = 0.00 T2 = 0.00 S = 2 N = 21 M = 3 P = 8
============================== a.out n=21 m=6 p=1 s=2 ===============
### Run  ./a.out 21 6 1 4 2
A:
 1.000e+00  2.000e+00  3.000e+00  4.000e+00 
 2.000e+00  2.000e+00  3.000e+00  4.000e+00 
 3.000e+00  3.000e+00  3.000e+00  4.000e+00 
 4.000e+00  4.000e+00  4.000e+00  4.000e+00 

b:
 1.210e+02  1.220e+02  1.230e+02  1.250e+02 

x:
 1.000e+00  3.997e-15  1.000e+00  3.997e-15 

./a.out : Task = 9 Res1 = 2.870880e-16 Res2 = 9.552359e-13 T1 = 0.00 T2 = 0.00 S = 2 N = 21 M = 6 P = 1
============================== a.out n=21 m=6 p=2 s=2 ===============
### Run  ./a.out 21 6 2 4 2
A:
 1.000e+00  2.000e+00  3.000e+00  4.000e+00 
 2.000e+00  2.000e+00  3.000e+00  4.000e+00 
 3.000e+00  3.000e+00  3.000e+00  4.000e+00 
 4.000e+00  4.000e+00  4.000e+00  4.000e+00 

b:
 1.210e+02  1.220e+02  1.230e+02  1.250e+02 

x:
 1.000e+00  3.997e-15  1.000e+00  3.997e-15 

./a.out : Task = 9 Res1 = 2.870880e-16 Res2 = 9.552359e-13 T1 = 0.00 T2 = 0.00 S = 2 N = 21 M = 6 P = 2
============================== a.out n=21 m=6 p=3 s=2 ===============
### Run  ./a.out 21 6 3 4 2
A:
 1.000e+00  2.000e+00  3.000e+00  4.000e+00 
 2.000e+00  2.000e+00  3.000e+00  4.000e+00 
 3.000e+00  3.000e+00  3.000e+00  4.000e+00 
 4.000e+00  4.000e+00  4.000e+00  4.000e+00 

b:
 1.210e+02  1.220e+02  1.230e+02  1.250e+02 

x:
 1.000e+00  3.997e-15  1.000e+00  3.997e-15 

./a.out : Task = 9 Res1 = 2.870880e-16 Res2 = 9.552359e-13 T1 = 0.00 T2 = 0.00 S = 2 N = 21 M = 6 P = 3
============================== a.out n=21 m=6 p=4 s=2 ===============
### Run  ./a.out 21 6 4 4 2
A:
 1.000e+00  2.000e+00  3.000e+00  4.000e+00 
 2.000e+00  2.000e+00  3.000e+00  4.000e+00 
 3.000e+00  3.000e+00  3.000e+00  4.000e+00 
 4.000e+00  4.000e+00  4.000e+00  4.000e+00 

b:
 1.210e+02  1.220e+02  1.230e+02  1.250e+02 

x:
 1.000e+00  3.997e-15  1.000e+00  3.997e-15 

./a.out : Task = 9 Res1 = 2.870880e-16 Res2 = 9.552359e-13 T1 = 0.00 T2 = 0.00 S = 2 N = 21 M = 6 P = 4
============================== a.out n=21 m=9 p=1 s=2 ===============
### Run  ./a.out 21 9 1 4 2
A:
 1.000e+00  2.000e+00  3.000e+00  4.000e+00 
 2.000e+00  2.000e+00  3.000e+00  4.000e+00 
 3.000e+00  3.000e+00  3.000e+00  4.000e+00 
 4.000e+00  4.000e+00  4.000e+00  4.000e+00 

b:
 1.210e+02  1.220e+02  1.230e+02  1.250e+02 

x:
 1.000e+00  7.994e-14  1.000e+00  0.000e+00 

./a.out : Task = 9 Res1 = 1.435440e-16 Res2 = 5.672376e-13 T1 = 0.00 T2 = 0.00 S = 2 N = 21 M = 9 P = 1
============================== a.out n=21 m=9 p=2 s=2 ===============
### Run  ./a.out 21 9 2 4 2
A:
 1.000e+00  2.000e+00  3.000e+00  4.000e+00 
 2.000e+00  2.000e+00  3.000e+00  4.000e+00 
 3.000e+00  3.000e+00  3.000e+00  4.000e+00 
 4.000e+00  4.000e+00  4.000e+00  4.000e+00 

b:
 1.210e+02  1.220e+02  1.230e+02  1.250e+02 

x:
 1.000e+00  7.994e-14  1.000e+00  0.000e+00 

./a.out : Task = 9 Res1 = 1.435440e-16 Res2 = 5.672376e-13 T1 = 0.00 T2 = 0.00 S = 2 N = 21 M = 9 P = 2
============================== a.out n=21 m=9 p=3 s=2 ===============
### Run  ./a.out 21 9 3 4 2
A:
 1.000e+00  2.000e+00  3.000e+00  4.000e+00 
 2.000e+00  2.000e+00  3.000e+00  4.000e+00 
 3.000e+00  3.000e+00  3.000e+00  4.000e+00 
 4.000e+00  4.000e+00  4.000e+00  4.000e+00 

b:
 1.210e+02  1.220e+02  1.230e+02  1.250e+02 

x:
 1.000e+00  7.994e-14  1.000e+00  0.000e+00 

./a.out : Task = 9 Res1 = 1.435440e-16 Res2 = 5.672376e-13 T1 = 0.00 T2 = 0.00 S = 2 N = 21 M = 9 P = 3
============================== a.out n=21 m=12 p=1 s=2 ===============
### Run  ./a.out 21 12 1 4 2
A:
 1.000e+00  2.000e+00  3.000e+00  4.000e+00 
 2.000e+00  2.000e+00  3.000e+00  4.000e+00 
 3.000e+00  3.000e+00  3.000e+00  4.000e+00 
 4.000e+00  4.000e+00  4.000e+00  4.000e+00 

b:
 1.210e+02  1.220e+02  1.230e+02  1.250e+02 

x:
 1.000e+00 -1.279e-13  1.000e+00 -6.395e-14 

./a.out : Task = 9 Res1 = 2.913099e-16 Res2 = 1.117847e-12 T1 = 0.00 T2 = 0.00 S = 2 N = 21 M = 12 P = 1
============================== a.out n=21 m=12 p=2 s=2 ===============
### Run  ./a.out 21 12 2 4 2
A:
 1.000e+00  2.000e+00  3.000e+00  4.000e+00 
 2.000e+00  2.000e+00  3.000e+00  4.000e+00 
 3.000e+00  3.000e+00  3.000e+00  4.000e+00 
 4.000e+00  4.000e+00  4.000e+00  4.000e+00 

b:
 1.210e+02  1.220e+02  1.230e+02  1.250e+02 

x:
 1.000e+00 -1.279e-13  1.000e+00 -6.395e-14 

./a.out : Task = 9 Res1 = 2.913099e-16 Res2 = 1.117847e-12 T1 = 0.00 T2 = 0.00 S = 2 N = 21 M = 12 P = 2
============================== a.out n=21 m=15 p=1 s=2 ===============
### Run  ./a.out 21 15 1 4 2
A:
 1.000e+00  2.000e+00  3.000e+00  4.000e+00 
 2.000e+00  2.000e+00  3.000e+00  4.000e+00 
 3.000e+00  3.000e+00  3.000e+00  4.000e+00 
 4.000e+00  4.000e+00  4.000e+00  4.000e+00 

b:
 1.210e+02  1.220e+02  1.230e+02  1.250e+02 

x:
 1.000e+00  0.000e+00  1.000e+00  0.000e+00 

./a.out : Task = 9 Res1 = 9.921423e-16 Res2 = 5.372591e-13 T1 = 0.00 T2 = 0.00 S = 2 N = 21 M = 15 P = 1
============================== a.out n=21 m=15 p=2 s=2 ===============
### Run  ./a.out 21 15 2 4 2
A:
 1.000e+00  2.000e+00  3.000e+00  4.000e+00 
 2.000e+00  2.000e+00  3.000e+00  4.000e+00 
 3.000e+00  3.000e+00  3.000e+00  4.000e+00 
 4.000e+00  4.000e+00  4.000e+00  4.000e+00 

b:
 1.210e+02  1.220e+02  1.230e+02  1.250e+02 

x:
 1.000e+00  0.000e+00  1.000e+00  0.000e+00 

./a.out : Task = 9 Res1 = 9.921423e-16 Res2 = 5.372591e-13 T1 = 0.00 T2 = 0.00 S = 2 N = 21 M = 15 P = 2
============================== a.out n=21 m=18 p=1 s=2 ===============
### Run  ./a.out 21 18 1 4 2
A:
 1.000e+00  2.000e+00  3.000e+00  4.000e+00 
 2.000e+00  2.000e+00  3.000e+00  4.000e+00 
 3.000e+00  3.000e+00  3.000e+00  4.000e+00 
 4.000e+00  4.000e+00  4.000e+00  4.000e+00 

b:
 1.210e+02  1.220e+02  1.230e+02  1.250e+02 

x:
 1.000e+00 -2.878e-13  1.000e+00 -2.878e-13 

./a.out : Task = 9 Res1 = 5.066258e-16 Res2 = 2.688516e-12 T1 = 0.00 T2 = 0.00 S = 2 N = 21 M = 18 P = 1
============================== a.out n=21 m=18 p=2 s=2 ===============
### Run  ./a.out 21 18 2 4 2
A:
 1.000e+00  2.000e+00  3.000e+00  4.000e+00 
 2.000e+00  2.000e+00  3.000e+00  4.000e+00 
 3.000e+00  3.000e+00  3.000e+00  4.000e+00 
 4.000e+00  4.000e+00  4.000e+00  4.000e+00 

b:
 1.210e+02  1.220e+02  1.230e+02  1.250e+02 

x:
 1.000e+00 -2.878e-13  1.000e+00 -2.878e-13 

./a.out : Task = 9 Res1 = 5.066258e-16 Res2 = 2.688516e-12 T1 = 0.00 T2 = 0.00 S = 2 N = 21 M = 18 P = 2
============================== a.out n=21 m=21 p=1 s=2 ===============
### Run  ./a.out 21 21 1 4 2
A:
 1.000e+00  2.000e+00  3.000e+00  4.000e+00 
 2.000e+00  2.000e+00  3.000e+00  4.000e+00 
 3.000e+00  3.000e+00  3.000e+00  4.000e+00 
 4.000e+00  4.000e+00  4.000e+00  4.000e+00 

b:
 1.210e+02  1.220e+02  1.230e+02  1.250e+02 

x:
 1.000e+00  0.000e+00  1.000e+00  0.000e+00 

./a.out : Task = 9 Res1 = 7.050543e-16 Res2 = 2.872369e-12 T1 = 0.00 T2 = 0.00 S = 2 N = 21 M = 21 P = 1
============================== a.out n=21 m=21 p=2 s=2 ===============
### Run  ./a.out 21 21 2 4 2
A:
 1.000e+00  2.000e+00  3.000e+00  4.000e+00 
 2.000e+00  2.000e+00  3.000e+00  4.000e+00 
 3.000e+00  3.000e+00  3.000e+00  4.000e+00 
 4.000e+00  4.000e+00  4.000e+00  4.000e+00 

b:
 1.210e+02  1.220e+02  1.230e+02  1.250e+02 

x:
 1.000e+00  0.000e+00  1.000e+00  0.000e+00 

./a.out : Task = 9 Res1 = 7.050543e-16 Res2 = 2.872369e-12 T1 = 0.00 T2 = 0.00 S = 2 N = 21 M = 21 P = 2
============================== a.out n=22 m=3 p=1 s=2 ===============
### Run  ./a.out 22 3 1 4 2
A:
 1.000e+00  2.000e+00  3.000e+00  4.000e+00 
 2.000e+00  2.000e+00  3.000e+00  4.000e+00 
 3.000e+00  3.000e+00  3.000e+00  4.000e+00 
 4.000e+00  4.000e+00  4.000e+00  4.000e+00 

b:
 1.210e+02  1.220e+02  1.230e+02  1.250e+02 

x:
 1.000e+00  0.000e+00  1.000e+00  8.882e-16 

./a.out : Task = 9 Res1 = 2.638934e-16 Res2 = 1.361428e-12 T1 = 0.00 T2 = 0.00 S = 2 N = 22 M = 3 P = 1
============================== a.out n=22 m=3 p=2 s=2 ===============
### Run  ./a.out 22 3 2 4 2
A:
 1.000e+00  2.000e+00  3.000e+00  4.000e+00 
 2.000e+00  2.000e+00  3.000e+00  4.000e+00 
 3.000e+00  3.000e+00  3.000e+00  4.000e+00 
 4.000e+00  4.000e+00  4.000e+00  4.000e+00 

b:
 1.210e+02  1.220e+02  1.230e+02  1.250e+02 

x:
 1.000e+00  0.000e+00  1.000e+00  8.882e-16 

./a.out : Task = 9 Res1 = 3.269127e-16 Res2 = 1.356099e-12 T1 = 0.00 T2 = 0.00 S = 2 N = 22 M = 3 P = 2
============================== a.out n=22 m=3 p=3 s=2 ===============
### Run  ./a.out 22 3 3 4 2
A:
 1.000e+00  2.000e+00  3.000e+00  4.000e+00 
 2.000e+00  2.000e+00  3.000e+00  4.000e+00 
 3.000e+00  3.000e+00  3.000e+00  4.000e+00 
 4.000e+00  4.000e+00  4.000e+00  4.000e+00 

b:
 1.210e+02  1.220e+02  1.230e+02  1.250e+02 

x:
 1.000e+00  0.000e+00  1.000e+00  8.882e-16 

./a.out : Task = 9 Res1 = 2.875256e-16 Res2 = 1.368534e-12 T1 = 0.00 T2 = 0.00 S = 2 N = 22 M = 3 P = 3
============================== a.out n=22 m=3 p=4 s=2 ===============
### Run  ./a.out 22 3 4 4 2
A:
 1.000e+00  2.000e+00  3.000e+00  4.000e+00 
 2.000e+00  2.000e+00  3.000e+00  4.000e+00 
 3.000e+00  3.000e+00  3.000e+00  4.000e+00 
 4.000e+00  4.000e+00  4.000e+00  4.000e+00 

b:
 1.210e+02  1.220e+02  1.230e+02  1.250e+02 

x:
 1.000e+00  0.000e+00  1.000e+00  8.882e-16 

./a.out : Task = 9 Res1 = 3.269127e-16 Res2 = 1.356099e-12 T1 = 0.00 T2 = 0.00 S = 2 N = 22 M = 3 P = 4
============================== a.out n=22 m=3 p=5 s=2 ===============
### Run  ./a.out 22 3 5 4 2
A:
 1.000e+00  2.000e+00  3.000e+00  4.000e+00 
 2.000e+00  2.000e+00  3.000e+00  4.000e+00 
 3.000e+00  3.000e+00  3.000e+00  4.000e+00 
 4.000e+00  4.000e+00  4.000e+00  4.000e+00 

b:
 1.210e+02  1.220e+02  1.230e+02  1.250e+02 

x:
 1.000e+00  0.000e+00  1.000e+00  8.882e-16 

./a.out : Task = 9 Res1 = 2.954030e-16 Res2 = 1.356987e-12 T1 = 0.00 T2 = 0.00 S = 2 N = 22 M = 3 P = 5
============================== a.out n=22 m=3 p=6 s=2 ===============
### Run  ./a.out 22 3 6 4 2
A:
 1.000e+00  2.000e+00  3.000e+00  4.000e+00 
 2.000e+00  2.000e+00  3.000e+00  4.000e+00 
 3.000e+00  3.000e+00  3.000e+00  4.000e+00 
 4.000e+00  4.000e+00  4.000e+00  4.000e+00 

b:
 1.210e+02  1.220e+02  1.230e+02  1.250e+02 

x:
 1.000e+00  0.000e+00  1.000e+00  8.882e-16 

./a.out : Task = 9 Res1 = 2.954030e-16 Res2 = 1.356987e-12 T1 = 0.00 T2 = 0.00 S = 2 N = 22 M = 3 P = 6
============================== a.out n=22 m=3 p=7 s=2 ===============
### Run  ./a.out 22 3 7 4 2
A:
 1.000e+00  2.000e+00  3.000e+00  4.000e+00 
 2.000e+00  2.000e+00  3.000e+00  4.000e+00 
 3.000e+00  3.000e+00  3.000e+00  4.000e+00 
 4.000e+00  4.000e+00  4.000e+00  4.000e+00 

b:
 1.210e+02  1.220e+02  1.230e+02  1.250e+02 

x:
 1.000e+00  0.000e+00  1.000e+00  8.882e-16 

./a.out : Task = 9 Res1 = 3.978094e-16 Res2 = 1.364093e-12 T1 = 0.00 T2 = 0.00 S = 2 N = 22 M = 3 P = 7
============================== a.out n=22 m=3 p=8 s=2 ===============
### Run  ./a.out 22 3 8 4 2
A:
 1.000e+00  2.000e+00  3.000e+00  4.000e+00 
 2.000e+00  2.000e+00  3.000e+00  4.000e+00 
 3.000e+00  3.000e+00  3.000e+00  4.000e+00 
 4.000e+00  4.000e+00  4.000e+00  4.000e+00 

b:
 1.210e+02  1.220e+02  1.230e+02  1.250e+02 

x:
 1.000e+00  0.000e+00  1.000e+00  8.882e-16 

./a.out : Task = 9 Res1 = 5.317254e-16 Res2 = 1.345441e-12 T1 = 0.00 T2 = 0.00 S = 2 N = 22 M = 3 P = 8
============================== a.out n=22 m=6 p=1 s=2 ===============
### Run  ./a.out 22 6 1 4 2
A:
 1.000e+00  2.000e+00  3.000e+00  4.000e+00 
 2.000e+00  2.000e+00  3.000e+00  4.000e+00 
 3.000e+00  3.000e+00  3.000e+00  4.000e+00 
 4.000e+00  4.000e+00  4.000e+00  4.000e+00 

b:
 1.210e+02  1.220e+02  1.230e+02  1.250e+02 

x:
 1.000e+00  3.997e-15  1.000e+00  3.997e-15 

./a.out : Task = 9 Res1 = 2.678321e-16 Res2 = 9.731598e-13 T1 = 0.00 T2 = 0.00 S = 2 N = 22 M = 6 P = 1
============================== a.out n=22 m=6 p=2 s=2 ===============
### Run  ./a.out 22 6 2 4 2
A:
 1.000e+00  2.000e+00  3.000e+00  4.000e+00 
 2.000e+00  2.000e+00  3.000e+00  4.000e+00 
 3.000e+00  3.000e+00  3.000e+00  4.000e+00 
 4.000e+00  4.000e+00  4.000e+00  4.000e+00 

b:
 1.210e+02  1.220e+02  1.230e+02  1.250e+02 

x:
 1.000e+00  3.997e-15  1.000e+00  3.997e-15 

./a.out : Task = 9 Res1 = 2.678321e-16 Res2 = 9.731598e-13 T1 = 0.00 T2 = 0.00 S = 2 N = 22 M = 6 P = 2
============================== a.out n=22 m=6 p=3 s=2 ===============
### Run  ./a.out 22 6 3 4 2
A:
 1.000e+00  2.000e+00  3.000e+00  4.000e+00 
 2.000e+00  2.000e+00  3.000e+00  4.000e+00 
 3.000e+00  3.000e+00  3.000e+00  4.000e+00 
 4.000e+00  4.000e+00  4.000e+00  4.000e+00 

b:
 1.210e+02  1.220e+02  1.230e+02  1.250e+02 

x:
 1.000e+00  3.997e-15  1.000e+00  3.997e-15 

./a.out : Task = 9 Res1 = 2.678321e-16 Res2 = 9.731598e-13 T1 = 0.00 T2 = 0.00 S = 2 N = 22 M = 6 P = 3
============================== a.out n=22 m=6 p=4 s=2 ===============
### Run  ./a.out 22 6 4 4 2
A:
 1.000e+00  2.000e+00  3.000e+00  4.000e+00 
 2.000e+00  2.000e+00  3.000e+00  4.000e+00 
 3.000e+00  3.000e+00  3.000e+00  4.000e+00 
 4.000e+00  4.000e+00  4.000e+00  4.000e+00 

b:
 1.210e+02  1.220e+02  1.230e+02  1.250e+02 

x:
 1.000e+00  3.997e-15  1.000e+00  3.997e-15 

./a.out : Task = 9 Res1 = 2.678321e-16 Res2 = 9.731598e-13 T1 = 0.00 T2 = 0.00 S = 2 N = 22 M = 6 P = 4
============================== a.out n=22 m=9 p=1 s=2 ===============
### Run  ./a.out 22 9 1 4 2
A:
 1.000e+00  2.000e+00  3.000e+00  4.000e+00 
 2.000e+00  2.000e+00  3.000e+00  4.000e+00 
 3.000e+00  3.000e+00  3.000e+00  4.000e+00 
 4.000e+00  4.000e+00  4.000e+00  4.000e+00 

b:
 1.210e+02  1.220e+02  1.230e+02  1.250e+02 

x:
 1.000e+00  7.994e-14  1.000e+00  0.000e+00 

./a.out : Task = 9 Res1 = 8.271285e-17 Res2 = 6.573137e-13 T1 = 0.00 T2 = 0.00 S = 2 N = 22 M = 9 P = 1
============================== a.out n=22 m=9 p=2 s=2 ===============
### Run  ./a.out 22 9 2 4 2
A:
 1.000e+00  2.000e+00  3.000e+00  4.000e+00 
 2.000e+00  2.000e+00  3.000e+00  4.000e+00 
 3.000e+00  3.000e+00  3.000e+00  4.000e+00 
 4.000e+00  4.000e+00  4.000e+00  4.000e+00 

b:
 1.210e+02  1.220e+02  1.230e+02  1.250e+02 

x:
 1.000e+00  7.994e-14  1.000e+00  0.000e+00 

./a.out : Task = 9 Res1 = 8.271285e-17 Res2 = 6.573137e-13 T1 = 0.00 T2 = 0.00 S = 2 N = 22 M = 9 P = 2
============================== a.out n=22 m=9 p=3 s=2 ===============
### Run  ./a.out 22 9 3 4 2
A:
 1.000e+00  2.000e+00  3.000e+00  4.000e+00 
 2.000e+00  2.000e+00  3.000e+00  4.000e+00 
 3.000e+00  3.000e+00  3.000e+00  4.000e+00 
 4.000e+00  4.000e+00  4.000e+00  4.000e+00 

b:
 1.210e+02  1.220e+02  1.230e+02  1.250e+02 

x:
 1.000e+00  7.994e-14  1.000e+00  0.000e+00 

./a.out : Task = 9 Res1 = 8.271285e-17 Res2 = 6.573137e-13 T1 = 0.00 T2 = 0.00 S = 2 N = 22 M = 9 P = 3
============================== a.out n=22 m=12 p=1 s=2 ===============
### Run  ./a.out 22 12 1 4 2
A:
 1.000e+00  2.000e+00  3.000e+00  4.000e+00 
 2.000e+00  2.000e+00  3.000e+00  4.000e+00 
 3.000e+00  3.000e+00  3.000e+00  4.000e+00 
 4.000e+00  4.000e+00  4.000e+00  4.000e+00 

b:
 1.210e+02  1.220e+02  1.230e+02  1.250e+02 

x:
 1.000e+00 -1.279e-13  1.000e+00 -6.395e-14 

./a.out : Task = 9 Res1 = 2.954030e-16 Res2 = 1.157667e-12 T1 = 0.00 T2 = 0.00 S = 2 N = 22 M = 12 P = 1
============================== a.out n=22 m=12 p=2 s=2 ===============
### Run  ./a.out 22 12 2 4 2
A:
 1.000e+00  2.000e+00  3.000e+00  4.000e+00 
 2.000e+00  2.000e+00  3.000e+00  4.000e+00 
 3.000e+00  3.000e+00  3.000e+00  4.000e+00 
 4.000e+00  4.000e+00  4.000e+00  4.000e+00 

b:
 1.210e+02  1.220e+02  1.230e+02  1.250e+02 

x:
 1.000e+00 -1.279e-13  1.000e+00 -6.395e-14 

./a.out : Task = 9 Res1 = 2.954030e-16 Res2 = 1.157667e-12 T1 = 0.00 T2 = 0.00 S = 2 N = 22 M = 12 P = 2
============================== a.out n=22 m=15 p=1 s=2 ===============
### Run  ./a.out 22 15 1 4 2
A:
 1.000e+00  2.000e+00  3.000e+00  4.000e+00 
 2.000e+00  2.000e+00  3.000e+00  4.000e+00 
 3.000e+00  3.000e+00  3.000e+00  4.000e+00 
 4.000e+00  4.000e+00  4.000e+00  4.000e+00 

b:
 1.210e+02  1.220e+02  1.230e+02  1.250e+02 

x:
 1.000e+00  0.000e+00  1.000e+00  0.000e+00 

./a.out : Task = 9 Res1 = 8.862091e-16 Res2 = 5.492273e-13 T1 = 0.00 T2 = 0.00 S = 2 N = 22 M = 15 P = 1
============================== a.out n=22 m=15 p=2 s=2 ===============
### Run  ./a.out 22 15 2 4 2
A:
 1.000e+00  2.000e+00  3.000e+00  4.000e+00 
 2.000e+00  2.000e+00  3.000e+00  4.000e+00 
 3.000e+00  3.000e+00  3.000e+00  4.000e+00 
 4.000e+00  4.000e+00  4.000e+00  4.000e+00 

b:
 1.210e+02  1.220e+02  1.230e+02  1.250e+02 

x:
 1.000e+00  0.000e+00  1.000e+00  0.000e+00 

./a.out : Task = 9 Res1 = 8.862091e-16 Res2 = 5.492273e-13 T1 = 0.00 T2 = 0.00 S = 2 N = 22 M = 15 P = 2
============================== a.out n=22 m=18 p=1 s=2 ===============
### Run  ./a.out 22 18 1 4 2
A:
 1.000e+00  2.000e+00  3.000e+00  4.000e+00 
 2.000e+00  2.000e+00  3.000e+00  4.000e+00 
 3.000e+00  3.000e+00  3.000e+00  4.000e+00 
 4.000e+00  4.000e+00  4.000e+00  4.000e+00 

b:
 1.210e+02  1.220e+02  1.230e+02  1.250e+02 

x:
 1.000e+00 -2.878e-13  1.000e+00 -2.878e-13 

./a.out : Task = 9 Res1 = 4.923384e-16 Res2 = 2.741141e-12 T1 = 0.00 T2 = 0.00 S = 2 N = 22 M = 18 P = 1
============================== a.out n=22 m=18 p=2 s=2 ===============
### Run  ./a.out 22 18 2 4 2
A:
 1.000e+00  2.000e+00  3.000e+00  4.000e+00 
 2.000e+00  2.000e+00  3.000e+00  4.000e+00 
 3.000e+00  3.000e+00  3.000e+00  4.000e+00 
 4.000e+00  4.000e+00  4.000e+00  4.000e+00 

b:
 1.210e+02  1.220e+02  1.230e+02  1.250e+02 

x:
 1.000e+00 -2.878e-13  1.000e+00 -2.878e-13 

./a.out : Task = 9 Res1 = 4.923384e-16 Res2 = 2.741141e-12 T1 = 0.00 T2 = 0.00 S = 2 N = 22 M = 18 P = 2
============================== a.out n=22 m=21 p=1 s=2 ===============
### Run  ./a.out 22 21 1 4 2
A:
 1.000e+00  2.000e+00  3.000e+00  4.000e+00 
 2.000e+00  2.000e+00  3.000e+00  4.000e+00 
 3.000e+00  3.000e+00  3.000e+00  4.000e+00 
 4.000e+00  4.000e+00  4.000e+00  4.000e+00 

b:
 1.210e+02  1.220e+02  1.230e+02  1.250e+02 

x:
 1.000e+00  0.000e+00  1.000e+00  0.000e+00 

./a.out : Task = 9 Res1 = 7.050285e-16 Res2 = 2.927921e-12 T1 = 0.00 T2 = 0.00 S = 2 N = 22 M = 21 P = 1
============================== a.out n=22 m=21 p=2 s=2 ===============
### Run  ./a.out 22 21 2 4 2
A:
 1.000e+00  2.000e+00  3.000e+00  4.000e+00 
 2.000e+00  2.000e+00  3.000e+00  4.000e+00 
 3.000e+00  3.000e+00  3.000e+00  4.000e+00 
 4.000e+00  4.000e+00  4.000e+00  4.000e+00 

b:
 1.210e+02  1.220e+02  1.230e+02  1.250e+02 

x:
 1.000e+00  0.000e+00  1.000e+00  0.000e+00 

./a.out : Task = 9 Res1 = 7.050285e-16 Res2 = 2.927921e-12 T1 = 0.00 T2 = 0.00 S = 2 N = 22 M = 21 P = 2
============================== a.out n=23 m=3 p=1 s=2 ===============
### Run  ./a.out 23 3 1 4 2
A:
 1.000e+00  2.000e+00  3.000e+00  4.000e+00 
 2.000e+00  2.000e+00  3.000e+00  4.000e+00 
 3.000e+00  3.000e+00  3.000e+00  4.000e+00 
 4.000e+00  4.000e+00  4.000e+00  4.000e+00 

b:
 1.440e+02  1.450e+02  1.460e+02  1.480e+02 

x:
 1.000e+00  0.000e+00  1.000e+00  4.441e-15 

./a.out : Task = 9 Res1 = 3.107613e-16 Res2 = 1.529021e-12 T1 = 0.00 T2 = 0.00 S = 2 N = 23 M = 3 P = 1
============================== a.out n=23 m=3 p=2 s=2 ===============
### Run  ./a.out 23 3 2 4 2
A:
 1.000e+00  2.000e+00  3.000e+00  4.000e+00 
 2.000e+00  2.000e+00  3.000e+00  4.000e+00 
 3.000e+00  3.000e+00  3.000e+00  4.000e+00 
 4.000e+00  4.000e+00  4.000e+00  4.000e+00 

b:
 1.440e+02  1.450e+02  1.460e+02  1.480e+02 

x:
 1.000e+00  0.000e+00  1.000e+00  4.441e-15 

./a.out : Task = 9 Res1 = 1.942258e-16 Res2 = 1.534350e-12 T1 = 0.00 T2 = 0.00 S = 2 N = 23 M = 3 P = 2
============================== a.out n=23 m=3 p=3 s=2 ===============
### Run  ./a.out 23 3 3 4 2
A:
 1.000e+00  2.000e+00  3.000e+00  4.000e+00 
 2.000e+00  2.000e+00  3.000e+00  4.000e+00 
 3.000e+00  3.000e+00  3.000e+00  4.000e+00 
 4.000e+00  4.000e+00  4.000e+00  4.000e+00 

b:
 1.440e+02  1.450e+02  1.460e+02  1.480e+02 

x:
 1.000e+00  0.000e+00  1.000e+00  4.441e-15 

./a.out : Task = 9 Res1 = 1.942258e-16 Res2 = 1.539679e-12 T1 = 0.00 T2 = 0.00 S = 2 N = 23 M = 3 P = 3
============================== a.out n=23 m=3 p=4 s=2 ===============
### Run  ./a.out 23 3 4 4 2
A:
 1.000e+00  2.000e+00  3.000e+00  4.000e+00 
 2.000e+00  2.000e+00  3.000e+00  4.000e+00 
 3.000e+00  3.000e+00  3.000e+00  4.000e+00 
 4.000e+00  4.000e+00  4.000e+00  4.000e+00 

b:
 1.440e+02  1.450e+02  1.460e+02  1.480e+02 

x:
 1.000e+00  0.000e+00  1.000e+00  4.441e-15 

./a.out : Task = 9 Res1 = 1.942258e-16 Res2 = 1.534350e-12 T1 = 0.00 T2 = 0.00 S = 2 N = 23 M = 3 P = 4
============================== a.out n=23 m=3 p=5 s=2 ===============
### Run  ./a.out 23 3 5 4 2
A:
 1.000e+00  2.000e+00  3.000e+00  4.000e+00 
 2.000e+00  2.000e+00  3.000e+00  4.000e+00 
 3.000e+00  3.000e+00  3.000e+00  4.000e+00 
 4.000e+00  4.000e+00  4.000e+00  4.000e+00 

b:
 1.440e+02  1.450e+02  1.460e+02  1.480e+02 

x:
 1.000e+00  0.000e+00  1.000e+00  4.441e-15 

./a.out : Task = 9 Res1 = 3.884516e-16 Res2 = 1.546785e-12 T1 = 0.00 T2 = 0.00 S = 2 N = 23 M = 3 P = 5
============================== a.out n=23 m=3 p=6 s=2 ===============
### Run  ./a.out 23 3 6 4 2
A:
 1.000e+00  2.000e+00  3.000e+00  4.000e+00 
 2.000e+00  2.000e+00  3.000e+00  4.000e+00 
 3.000e+00  3.000e+00  3.000e+00  4.000e+00 
 4.000e+00  4.000e+00  4.000e+00  4.000e+00 

b:
 1.440e+02  1.450e+02  1.460e+02  1.480e+02 

x:
 1.000e+00  0.000e+00  1.000e+00  4.441e-15 

./a.out : Task = 9 Res1 = 1.942258e-16 Res2 = 1.534350e-12 T1 = 0.00 T2 = 0.00 S = 2 N = 23 M = 3 P = 6
============================== a.out n=23 m=3 p=7 s=2 ===============
### Run  ./a.out 23 3 7 4 2
A:
 1.000e+00  2.000e+00  3.000e+00  4.000e+00 
 2.000e+00  2.000e+00  3.000e+00  4.000e+00 
 3.000e+00  3.000e+00  3.000e+00  4.000e+00 
 4.000e+00  4.000e+00  4.000e+00  4.000e+00 

b:
 1.440e+02  1.450e+02  1.460e+02  1.480e+02 

x:
 1.000e+00  0.000e+00  1.000e+00  4.441e-15 

./a.out : Task = 9 Res1 = 2.071742e-16 Res2 = 1.532574e-12 T1 = 0.00 T2 = 0.00 S = 2 N = 23 M = 3 P = 7
============================== a.out n=23 m=3 p=8 s=2 ===============
### Run  ./a.out 23 3 8 4 2
A:
 1.000e+00  2.000e+00  3.000e+00  4.000e+00 
 2.000e+00  2.000e+00  3.000e+00  4.000e+00 
 3.000e+00  3.000e+00  3.000e+00  4.000e+00 
 4.000e+00  4.000e+00  4.000e+00  4.000e+00 

b:
 1.440e+02  1.450e+02  1.460e+02  1.480e+02 

x:
 1.000e+00  0.000e+00  1.000e+00  4.441e-15 

./a.out : Task = 9 Res1 = 2.136484e-16 Res2 = 1.536127e-12 T1 = 0.00 T2 = 0.00 S = 2 N = 23 M = 3 P = 8
============================== a.out n=23 m=6 p=1 s=2 ===============
### Run  ./a.out 23 6 1 4 2
A:
 1.000e+00  2.000e+00  3.000e+00  4.000e+00 
 2.000e+00  2.000e+00  3.000e+00  4.000e+00 
 3.000e+00  3.000e+00  3.000e+00  4.000e+00 
 4.000e+00  4.000e+00  4.000e+00  4.000e+00 

b:
 1.440e+02  1.450e+02  1.460e+02  1.480e+02 

x:
 1.000e+00  3.997e-15  1.000e+00  3.997e-15 

./a.out : Task = 9 Res1 = 2.913387e-16 Res2 = 1.430189e-12 T1 = 0.00 T2 = 0.00 S = 2 N = 23 M = 6 P = 1
============================== a.out n=23 m=6 p=2 s=2 ===============
### Run  ./a.out 23 6 2 4 2
A:
 1.000e+00  2.000e+00  3.000e+00  4.000e+00 
 2.000e+00  2.000e+00  3.000e+00  4.000e+00 
 3.000e+00  3.000e+00  3.000e+00  4.000e+00 
 4.000e+00  4.000e+00  4.000e+00  4.000e+00 

b:
 1.440e+02  1.450e+02  1.460e+02  1.480e+02 

x:
 1.000e+00  3.997e-15  1.000e+00  3.997e-15 

./a.out : Task = 9 Res1 = 2.913387e-16 Res2 = 1.430189e-12 T1 = 0.00 T2 = 0.00 S = 2 N = 23 M = 6 P = 2
============================== a.out n=23 m=6 p=3 s=2 ===============
### Run  ./a.out 23 6 3 4 2
A:
 1.000e+00  2.000e+00  3.000e+00  4.000e+00 
 2.000e+00  2.000e+00  3.000e+00  4.000e+00 
 3.000e+00  3.000e+00  3.000e+00  4.000e+00 
 4.000e+00  4.000e+00  4.000e+00  4.000e+00 

b:
 1.440e+02  1.450e+02  1.460e+02  1.480e+02 

x:
 1.000e+00  3.997e-15  1.000e+00  3.997e-15 

./a.out : Task = 9 Res1 = 2.913387e-16 Res2 = 1.430189e-12 T1 = 0.00 T2 = 0.00 S = 2 N = 23 M = 6 P = 3
============================== a.out n=23 m=6 p=4 s=2 ===============
### Run  ./a.out 23 6 4 4 2
A:
 1.000e+00  2.000e+00  3.000e+00  4.000e+00 
 2.000e+00  2.000e+00  3.000e+00  4.000e+00 
 3.000e+00  3.000e+00  3.000e+00  4.000e+00 
 4.000e+00  4.000e+00  4.000e+00  4.000e+00 

b:
 1.440e+02  1.450e+02  1.460e+02  1.480e+02 

x:
 1.000e+00  3.997e-15  1.000e+00  3.997e-15 

./a.out : Task = 9 Res1 = 2.913387e-16 Res2 = 1.430189e-12 T1 = 0.00 T2 = 0.00 S = 2 N = 23 M = 6 P = 4
============================== a.out n=23 m=9 p=1 s=2 ===============
### Run  ./a.out 23 9 1 4 2
A:
 1.000e+00  2.000e+00  3.000e+00  4.000e+00 
 2.000e+00  2.000e+00  3.000e+00  4.000e+00 
 3.000e+00  3.000e+00  3.000e+00  4.000e+00 
 4.000e+00  4.000e+00  4.000e+00  4.000e+00 

b:
 1.440e+02  1.450e+02  1.460e+02  1.480e+02 

x:
 1.000e+00  7.994e-14  1.000e+00  0.000e+00 

./a.out : Task = 9 Res1 = 1.489065e-16 Res2 = 6.261905e-13 T1 = 0.00 T2 = 0.00 S = 2 N = 23 M = 9 P = 1
============================== a.out n=23 m=9 p=2 s=2 ===============
### Run  ./a.out 23 9 2 4 2
A:
 1.000e+00  2.000e+00  3.000e+00  4.000e+00 
 2.000e+00  2.000e+00  3.000e+00  4.000e+00 
 3.000e+00  3.000e+00  3.000e+00  4.000e+00 
 4.000e+00  4.000e+00  4.000e+00  4.000e+00 

b:
 1.440e+02  1.450e+02  1.460e+02  1.480e+02 

x:
 1.000e+00  7.994e-14  1.000e+00  0.000e+00 

./a.out : Task = 9 Res1 = 1.489065e-16 Res2 = 6.261905e-13 T1 = 0.00 T2 = 0.00 S = 2 N = 23 M = 9 P = 2
============================== a.out n=23 m=9 p=3 s=2 ===============
### Run  ./a.out 23 9 3 4 2
A:
 1.000e+00  2.000e+00  3.000e+00  4.000e+00 
 2.000e+00  2.000e+00  3.000e+00  4.000e+00 
 3.000e+00  3.000e+00  3.000e+00  4.000e+00 
 4.000e+00  4.000e+00  4.000e+00  4.000e+00 

b:
 1.440e+02  1.450e+02  1.460e+02  1.480e+02 

x:
 1.000e+00  7.994e-14  1.000e+00  0.000e+00 

./a.out : Task = 9 Res1 = 1.489065e-16 Res2 = 6.261905e-13 T1 = 0.00 T2 = 0.00 S = 2 N = 23 M = 9 P = 3
============================== a.out n=23 m=12 p=1 s=2 ===============
### Run  ./a.out 23 12 1 4 2
A:
 1.000e+00  2.000e+00  3.000e+00  4.000e+00 
 2.000e+00  2.000e+00  3.000e+00  4.000e+00 
 3.000e+00  3.000e+00  3.000e+00  4.000e+00 
 4.000e+00  4.000e+00  4.000e+00  4.000e+00 

b:
 1.440e+02  1.450e+02  1.460e+02  1.480e+02 

x:
 1.000e+00 -1.279e-13  1.000e+00 -6.395e-14 

./a.out : Task = 9 Res1 = 4.272968e-16 Res2 = 1.493472e-12 T1 = 0.00 T2 = 0.00 S = 2 N = 23 M = 12 P = 1
============================== a.out n=23 m=12 p=2 s=2 ===============
### Run  ./a.out 23 12 2 4 2
A:
 1.000e+00  2.000e+00  3.000e+00  4.000e+00 
 2.000e+00  2.000e+00  3.000e+00  4.000e+00 
 3.000e+00  3.000e+00  3.000e+00  4.000e+00 
 4.000e+00  4.000e+00  4.000e+00  4.000e+00 

b:
 1.440e+02  1.450e+02  1.460e+02  1.480e+02 

x:
 1.000e+00 -1.279e-13  1.000e+00 -6.395e-14 

./a.out : Task = 9 Res1 = 4.272968e-16 Res2 = 1.493472e-12 T1 = 0.00 T2 = 0.00 S = 2 N = 23 M = 12 P = 2
============================== a.out n=23 m=15 p=1 s=2 ===============
### Run  ./a.out 23 15 1 4 2
A:
 1.000e+00  2.000e+00  3.000e+00  4.000e+00 
 2.000e+00  2.000e+00  3.000e+00  4.000e+00 
 3.000e+00  3.000e+00  3.000e+00  4.000e+00 
 4.000e+00  4.000e+00  4.000e+00  4.000e+00 

b:
 1.440e+02  1.450e+02  1.460e+02  1.480e+02 

x:
 1.000e+00  0.000e+00  1.000e+00  0.000e+00 

./a.out : Task = 9 Res1 = 7.769032e-16 Res2 = 8.130903e-13 T1 = 0.00 T2 = 0.00 S = 2 N = 23 M = 15 P = 1
============================== a.out n=23 m=15 p=2 s=2 ===============
### Run  ./a.out 23 15 2 4 2
A:
 1.000e+00  2.000e+00  3.000e+00  4.000e+00 
 2.000e+00  2.000e+00  3.000e+00  4.000e+00 
 3.000e+00  3.000e+00  3.000e+00  4.000e+00 
 4.000e+00  4.000e+00  4.000e+00  4.000e+00 

b:
 1.440e+02  1.450e+02  1.460e+02  1.480e+02 

x:
 1.000e+00  0.000e+00  1.000e+00  0.000e+00 

./a.out : Task = 9 Res1 = 7.769032e-16 Res2 = 8.130903e-13 T1 = 0.00 T2 = 0.00 S = 2 N = 23 M = 15 P = 2
============================== a.out n=23 m=18 p=1 s=2 ===============
### Run  ./a.out 23 18 1 4 2
A:
 1.000e+00  2.000e+00  3.000e+00  4.000e+00 
 2.000e+00  2.000e+00  3.000e+00  4.000e+00 
 3.000e+00  3.000e+00  3.000e+00  4.000e+00 
 4.000e+00  4.000e+00  4.000e+00  4.000e+00 

b:
 1.440e+02  1.450e+02  1.460e+02  1.480e+02 

x:
 1.000e+00 -2.878e-13  1.000e+00 -2.878e-13 

./a.out : Task = 9 Res1 = 5.308839e-16 Res2 = 2.740363e-12 T1 = 0.00 T2 = 0.00 S = 2 N = 23 M = 18 P = 1
============================== a.out n=23 m=18 p=2 s=2 ===============
### Run  ./a.out 23 18 2 4 2
A:
 1.000e+00  2.000e+00  3.000e+00  4.000e+00 
 2.000e+00  2.000e+00  3.000e+00  4.000e+00 
 3.000e+00  3.000e+00  3.000e+00  4.000e+00 
 4.000e+00  4.000e+00  4.000e+00  4.000e+00 

b:
 1.440e+02  1.450e+02  1.460e+02  1.480e+02 

x:
 1.000e+00 -2.878e-13  1.000e+00 -2.878e-13 

./a.out : Task = 9 Res1 = 5.308839e-16 Res2 = 2.740363e-12 T1 = 0.00 T2 = 0.00 S = 2 N = 23 M = 18 P = 2
============================== a.out n=23 m=21 p=1 s=2 ===============
### Run  ./a.out 23 21 1 4 2
A:
 1.000e+00  2.000e+00  3.000e+00  4.000e+00 
 2.000e+00  2.000e+00  3.000e+00  4.000e+00 
 3.000e+00  3.000e+00  3.000e+00  4.000e+00 
 4.000e+00  4.000e+00  4.000e+00  4.000e+00 

b:
 1.440e+02  1.450e+02  1.460e+02  1.480e+02 

x:
 1.000e+00  0.000e+00  1.000e+00  0.000e+00 

./a.out : Task = 9 Res1 = 7.574806e-16 Res2 = 3.342437e-12 T1 = 0.00 T2 = 0.00 S = 2 N = 23 M = 21 P = 1
============================== a.out n=23 m=21 p=2 s=2 ===============
### Run  ./a.out 23 21 2 4 2
A:
 1.000e+00  2.000e+00  3.000e+00  4.000e+00 
 2.000e+00  2.000e+00  3.000e+00  4.000e+00 
 3.000e+00  3.000e+00  3.000e+00  4.000e+00 
 4.000e+00  4.000e+00  4.000e+00  4.000e+00 

b:
 1.440e+02  1.450e+02  1.460e+02  1.480e+02 

x:
 1.000e+00  0.000e+00  1.000e+00  0.000e+00 

./a.out : Task = 9 Res1 = 7.574806e-16 Res2 = 3.342437e-12 T1 = 0.00 T2 = 0.00 S = 2 N = 23 M = 21 P = 2
============================== a.out n=24 m=3 p=1 s=2 ===============
### Run  ./a.out 24 3 1 4 2
A:
 1.000e+00  2.000e+00  3.000e+00  4.000e+00 
 2.000e+00  2.000e+00  3.000e+00  4.000e+00 
 3.000e+00  3.000e+00  3.000e+00  4.000e+00 
 4.000e+00  4.000e+00  4.000e+00  4.000e+00 

b:
 1.440e+02  1.450e+02  1.460e+02  1.480e+02 

x:
 1.000e+00  0.000e+00  1.000e+00  4.441e-15 

./a.out : Task = 9 Res1 = 3.584611e-16 Res2 = 1.942912e-12 T1 = 0.00 T2 = 0.00 S = 2 N = 24 M = 3 P = 1
============================== a.out n=24 m=3 p=2 s=2 ===============
### Run  ./a.out 24 3 2 4 2
A:
 1.000e+00  2.000e+00  3.000e+00  4.000e+00 
 2.000e+00  2.000e+00  3.000e+00  4.000e+00 
 3.000e+00  3.000e+00  3.000e+00  4.000e+00 
 4.000e+00  4.000e+00  4.000e+00  4.000e+00 

b:
 1.440e+02  1.450e+02  1.460e+02  1.480e+02 

x:
 1.000e+00  0.000e+00  1.000e+00  4.441e-15 

./a.out : Task = 9 Res1 = 1.640415e-16 Res2 = 1.948242e-12 T1 = 0.00 T2 = 0.00 S = 2 N = 24 M = 3 P = 2
============================== a.out n=24 m=3 p=3 s=2 ===============
### Run  ./a.out 24 3 3 4 2
A:
 1.000e+00  2.000e+00  3.000e+00  4.000e+00 
 2.000e+00  2.000e+00  3.000e+00  4.000e+00 
 3.000e+00  3.000e+00  3.000e+00  4.000e+00 
 4.000e+00  4.000e+00  4.000e+00  4.000e+00 

b:
 1.440e+02  1.450e+02  1.460e+02  1.480e+02 

x:
 1.000e+00  0.000e+00  1.000e+00  4.441e-15 

./a.out : Task = 9 Res1 = 2.551757e-16 Res2 = 1.958900e-12 T1 = 0.00 T2 = 0.00 S = 2 N = 24 M = 3 P = 3
============================== a.out n=24 m=3 p=4 s=2 ===============
### Run  ./a.out 24 3 4 4 2
A:
 1.000e+00  2.000e+00  3.000e+00  4.000e+00 
 2.000e+00  2.000e+00  3.000e+00  4.000e+00 
 3.000e+00  3.000e+00  3.000e+00  4.000e+00 
 4.000e+00  4.000e+00  4.000e+00  4.000e+00 

b:
 1.440e+02  1.450e+02  1.460e+02  1.480e+02 

x:
 1.000e+00  0.000e+00  1.000e+00  4.441e-15 

./a.out : Task = 9 Res1 = 1.822683e-16 Res2 = 1.951794e-12 T1 = 0.00 T2 = 0.00 S = 2 N = 24 M = 3 P = 4
============================== a.out n=24 m=3 p=5 s=2 ===============
### Run  ./a.out 24 3 5 4 2
A:
 1.000e+00  2.000e+00  3.000e+00  4.000e+00 
 2.000e+00  2.000e+00  3.000e+00  4.000e+00 
 3.000e+00  3.000e+00  3.000e+00  4.000e+00 
 4.000e+00  4.000e+00  4.000e+00  4.000e+00 

b:
 1.440e+02  1.450e+02  1.460e+02  1.480e+02 

x:
 1.000e+00  0.000e+00  1.000e+00  4.441e-15 

./a.out : Task = 9 Res1 = 1.822683e-16 Res2 = 1.951794e-12 T1 = 0.00 T2 = 0.00 S = 2 N = 24 M = 3 P = 5
============================== a.out n=24 m=3 p=6 s=2 ===============
### Run  ./a.out 24 3 6 4 2
A:
 1.000e+00  2.000e+00  3.000e+00  4.000e+00 
 2.000e+00  2.000e+00  3.000e+00  4.000e+00 
 3.000e+00  3.000e+00  3.000e+00  4.000e+00 
 4.000e+00  4.000e+00  4.000e+00  4.000e+00 

b:
 1.440e+02  1.450e+02  1.460e+02  1.480e+02 

x:
 1.000e+00  0.000e+00  1.000e+00  4.441e-15 

./a.out : Task = 9 Res1 = 3.584611e-16 Res2 = 1.942912e-12 T1 = 0.00 T2 = 0.00 S = 2 N = 24 M = 3 P = 6
============================== a.out n=24 m=3 p=7 s=2 ===============
### Run  ./a.out 24 3 7 4 2
A:
 1.000e+00  2.000e+00  3.000e+00  4.000e+00 
 2.000e+00  2.000e+00  3.000e+00  4.000e+00 
 3.000e+00  3.000e+00  3.000e+00  4.000e+00 
 4.000e+00  4.000e+00  4.000e+00  4.000e+00 

b:
 1.440e+02  1.450e+02  1.460e+02  1.480e+02 

x:
 1.000e+00  0.000e+00  1.000e+00  4.441e-15 

./a.out : Task = 9 Res1 = 3.341586e-16 Res2 = 1.960676e-12 T1 = 0.00 T2 = 0.00 S = 2 N = 24 M = 3 P = 7
============================== a.out n=24 m=3 p=8 s=2 ===============
### Run  ./a.out 24 3 8 4 2
A:
 1.000e+00  2.000e+00  3.000e+00  4.000e+00 
 2.000e+00  2.000e+00  3.000e+00  4.000e+00 
 3.000e+00  3.000e+00  3.000e+00  4.000e+00 
 4.000e+00  4.000e+00  4.000e+00  4.000e+00 

b:
 1.440e+02  1.450e+02  1.460e+02  1.480e+02 

x:
 1.000e+00  0.000e+00  1.000e+00  4.441e-15 

./a.out : Task = 9 Res1 = 3.341586e-16 Res2 = 1.960676e-12 T1 = 0.00 T2 = 0.00 S = 2 N = 24 M = 3 P = 8
============================== a.out n=24 m=3 p=9 s=2 ===============
### Run  ./a.out 24 3 9 4 2
A:
 1.000e+00  2.000e+00  3.000e+00  4.000e+00 
 2.000e+00  2.000e+00  3.000e+00  4.000e+00 
 3.000e+00  3.000e+00  3.000e+00  4.000e+00 
 4.000e+00  4.000e+00  4.000e+00  4.000e+00 

b:
 1.440e+02  1.450e+02  1.460e+02  1.480e+02 

x:
 1.000e+00  0.000e+00  1.000e+00  4.441e-15 

./a.out : Task = 9 Res1 = 2.247976e-16 Res2 = 1.953571e-12 T1 = 0.00 T2 = 0.00 S = 2 N = 24 M = 3 P = 9
============================== a.out n=24 m=6 p=1 s=2 ===============
### Run  ./a.out 24 6 1 4 2
A:
 1.000e+00  2.000e+00  3.000e+00  4.000e+00 
 2.000e+00  2.000e+00  3.000e+00  4.000e+00 
 3.000e+00  3.000e+00  3.000e+00  4.000e+00 
 4.000e+00  4.000e+00  4.000e+00  4.000e+00 

b:
 1.440e+02  1.450e+02  1.460e+02  1.480e+02 

x:
 1.000e+00  3.997e-15  1.000e+00  3.997e-15 

./a.out : Task = 9 Res1 = 2.673269e-16 Res2 = 1.369127e-12 T1 = 0.00 T2 = 0.00 S = 2 N = 24 M = 6 P = 1
============================== a.out n=24 m=6 p=2 s=2 ===============
### Run  ./a.out 24 6 2 4 2
A:
 1.000e+00  2.000e+00  3.000e+00  4.000e+00 
 2.000e+00  2.000e+00  3.000e+00  4.000e+00 
 3.000e+00  3.000e+00  3.000e+00  4.000e+00 
 4.000e+00  4.000e+00  4.000e+00  4.000e+00 

b:
 1.440e+02  1.450e+02  1.460e+02  1.480e+02 

x:
 1.000e+00  3.997e-15  1.000e+00  3.997e-15 

./a.out : Task = 9 Res1 = 2.673269e-16 Res2 = 1.369127e-12 T1 = 0.00 T2 = 0.00 S = 2 N = 24 M = 6 P = 2
============================== a.out n=24 m=6 p=3 s=2 ===============
### Run  ./a.out 24 6 3 4 2
A:
 1.000e+00  2.000e+00  3.000e+00  4.000e+00 
 2.000e+00  2.000e+00  3.000e+00  4.000e+00 
 3.000e+00  3.000e+00  3.000e+00  4.000e+00 
 4.000e+00  4.000e+00  4.000e+00  4.000e+00 

b:
 1.440e+02  1.450e+02  1.460e+02  1.480e+02 

x:
 1.000e+00  3.997e-15  1.000e+00  3.997e-15 

./a.out : Task = 9 Res1 = 2.673269e-16 Res2 = 1.369127e-12 T1 = 0.00 T2 = 0.00 S = 2 N = 24 M = 6 P = 3
============================== a.out n=24 m=6 p=4 s=2 ===============
### Run  ./a.out 24 6 4 4 2
A:
 1.000e+00  2.000e+00  3.000e+00  4.000e+00 
 2.000e+00  2.000e+00  3.000e+00  4.000e+00 
 3.000e+00  3.000e+00  3.000e+00  4.000e+00 
 4.000e+00  4.000e+00  4.000e+00  4.000e+00 

b:
 1.440e+02  1.450e+02  1.460e+02  1.480e+02 

x:
 1.000e+00  3.997e-15  1.000e+00  3.997e-15 

./a.out : Task = 9 Res1 = 2.673269e-16 Res2 = 1.369127e-12 T1 = 0.00 T2 = 0.00 S = 2 N = 24 M = 6 P = 4
============================== a.out n=24 m=6 p=5 s=2 ===============
### Run  ./a.out 24 6 5 4 2
A:
 1.000e+00  2.000e+00  3.000e+00  4.000e+00 
 2.000e+00  2.000e+00  3.000e+00  4.000e+00 
 3.000e+00  3.000e+00  3.000e+00  4.000e+00 
 4.000e+00  4.000e+00  4.000e+00  4.000e+00 

b:
 1.440e+02  1.450e+02  1.460e+02  1.480e+02 

x:
 1.000e+00  3.997e-15  1.000e+00  3.997e-15 

./a.out : Task = 9 Res1 = 2.673269e-16 Res2 = 1.369127e-12 T1 = 0.00 T2 = 0.00 S = 2 N = 24 M = 6 P = 5
============================== a.out n=24 m=9 p=1 s=2 ===============
### Run  ./a.out 24 9 1 4 2
A:
 1.000e+00  2.000e+00  3.000e+00  4.000e+00 
 2.000e+00  2.000e+00  3.000e+00  4.000e+00 
 3.000e+00  3.000e+00  3.000e+00  4.000e+00 
 4.000e+00  4.000e+00  4.000e+00  4.000e+00 

b:
 1.440e+02  1.450e+02  1.460e+02  1.480e+02 

x:
 1.000e+00  7.994e-14  1.000e+00  0.000e+00 

./a.out : Task = 9 Res1 = 1.336634e-16 Res2 = 6.117576e-13 T1 = 0.00 T2 = 0.00 S = 2 N = 24 M = 9 P = 1
============================== a.out n=24 m=9 p=2 s=2 ===============
### Run  ./a.out 24 9 2 4 2
A:
 1.000e+00  2.000e+00  3.000e+00  4.000e+00 
 2.000e+00  2.000e+00  3.000e+00  4.000e+00 
 3.000e+00  3.000e+00  3.000e+00  4.000e+00 
 4.000e+00  4.000e+00  4.000e+00  4.000e+00 

b:
 1.440e+02  1.450e+02  1.460e+02  1.480e+02 

x:
 1.000e+00  7.994e-14  1.000e+00  0.000e+00 

./a.out : Task = 9 Res1 = 1.336634e-16 Res2 = 6.117576e-13 T1 = 0.00 T2 = 0.00 S = 2 N = 24 M = 9 P = 2
============================== a.out n=24 m=9 p=3 s=2 ===============
### Run  ./a.out 24 9 3 4 2
A:
 1.000e+00  2.000e+00  3.000e+00  4.000e+00 
 2.000e+00  2.000e+00  3.000e+00  4.000e+00 
 3.000e+00  3.000e+00  3.000e+00  4.000e+00 
 4.000e+00  4.000e+00  4.000e+00  4.000e+00 

b:
 1.440e+02  1.450e+02  1.460e+02  1.480e+02 

x:
 1.000e+00  7.994e-14  1.000e+00  0.000e+00 

./a.out : Task = 9 Res1 = 1.336634e-16 Res2 = 6.117576e-13 T1 = 0.00 T2 = 0.00 S = 2 N = 24 M = 9 P = 3
============================== a.out n=24 m=12 p=1 s=2 ===============
### Run  ./a.out 24 12 1 4 2
A:
 1.000e+00  2.000e+00  3.000e+00  4.000e+00 
 2.000e+00  2.000e+00  3.000e+00  4.000e+00 
 3.000e+00  3.000e+00  3.000e+00  4.000e+00 
 4.000e+00  4.000e+00  4.000e+00  4.000e+00 

b:
 1.440e+02  1.450e+02  1.460e+02  1.480e+02 

x:
 1.000e+00 -1.279e-13  1.000e+00 -6.395e-14 

./a.out : Task = 9 Res1 = 6.865441e-16 Res2 = 1.223910e-12 T1 = 0.00 T2 = 0.00 S = 2 N = 24 M = 12 P = 1
============================== a.out n=24 m=12 p=2 s=2 ===============
### Run  ./a.out 24 12 2 4 2
A:
 1.000e+00  2.000e+00  3.000e+00  4.000e+00 
 2.000e+00  2.000e+00  3.000e+00  4.000e+00 
 3.000e+00  3.000e+00  3.000e+00  4.000e+00 
 4.000e+00  4.000e+00  4.000e+00  4.000e+00 

b:
 1.440e+02  1.450e+02  1.460e+02  1.480e+02 

x:
 1.000e+00 -1.279e-13  1.000e+00 -6.395e-14 

./a.out : Task = 9 Res1 = 6.865441e-16 Res2 = 1.223910e-12 T1 = 0.00 T2 = 0.00 S = 2 N = 24 M = 12 P = 2
============================== a.out n=24 m=12 p=3 s=2 ===============
### Run  ./a.out 24 12 3 4 2
A:
 1.000e+00  2.000e+00  3.000e+00  4.000e+00 
 2.000e+00  2.000e+00  3.000e+00  4.000e+00 
 3.000e+00  3.000e+00  3.000e+00  4.000e+00 
 4.000e+00  4.000e+00  4.000e+00  4.000e+00 

b:
 1.440e+02  1.450e+02  1.460e+02  1.480e+02 

x:
 1.000e+00 -1.279e-13  1.000e+00 -6.395e-14 

./a.out : Task = 9 Res1 = 6.865441e-16 Res2 = 1.223910e-12 T1 = 0.00 T2 = 0.00 S = 2 N = 24 M = 12 P = 3
============================== a.out n=24 m=15 p=1 s=2 ===============
### Run  ./a.out 24 15 1 4 2
A:
 1.000e+00  2.000e+00  3.000e+00  4.000e+00 
 2.000e+00  2.000e+00  3.000e+00  4.000e+00 
 3.000e+00  3.000e+00  3.000e+00  4.000e+00 
 4.000e+00  4.000e+00  4.000e+00  4.000e+00 

b:
 1.440e+02  1.450e+02  1.460e+02  1.480e+02 

x:
 1.000e+00  0.000e+00  1.000e+00  0.000e+00 

./a.out : Task = 9 Res1 = 6.926197e-16 Res2 = 8.242296e-13 T1 = 0.00 T2 = 0.00 S = 2 N = 24 M = 15 P = 1
============================== a.out n=24 m=15 p=2 s=2 ===============
### Run  ./a.out 24 15 2 4 2
A:
 1.000e+00  2.000e+00  3.000e+00  4.000e+00 
 2.000e+00  2.000e+00  3.000e+00  4.000e+00 
 3.000e+00  3.000e+00  3.000e+00  4.000e+00 
 4.000e+00  4.000e+00  4.000e+00  4.000e+00 

b:
 1.440e+02  1.450e+02  1.460e+02  1.480e+02 

x:
 1.000e+00  0.000e+00  1.000e+00  0.000e+00 

./a.out : Task = 9 Res1 = 6.926197e-16 Res2 = 8.242296e-13 T1 = 0.00 T2 = 0.00 S = 2 N = 24 M = 15 P = 2
============================== a.out n=24 m=18 p=1 s=2 ===============
### Run  ./a.out 24 18 1 4 2
A:
 1.000e+00  2.000e+00  3.000e+00  4.000e+00 
 2.000e+00  2.000e+00  3.000e+00  4.000e+00 
 3.000e+00  3.000e+00  3.000e+00  4.000e+00 
 4.000e+00  4.000e+00  4.000e+00  4.000e+00 

b:
 1.440e+02  1.450e+02  1.460e+02  1.480e+02 

x:
 1.000e+00 -2.878e-13  1.000e+00 -2.878e-13 

./a.out : Task = 9 Res1 = 5.528806e-16 Res2 = 2.744471e-12 T1 = 0.00 T2 = 0.00 S = 2 N = 24 M = 18 P = 1
============================== a.out n=24 m=18 p=2 s=2 ===============
### Run  ./a.out 24 18 2 4 2
A:
 1.000e+00  2.000e+00  3.000e+00  4.000e+00 
 2.000e+00  2.000e+00  3.000e+00  4.000e+00 
 3.000e+00  3.000e+00  3.000e+00  4.000e+00 
 4.000e+00  4.000e+00  4.000e+00  4.000e+00 

b:
 1.440e+02  1.450e+02  1.460e+02  1.480e+02 

x:
 1.000e+00 -2.878e-13  1.000e+00 -2.878e-13 

./a.out : Task = 9 Res1 = 5.528806e-16 Res2 = 2.744471e-12 T1 = 0.00 T2 = 0.00 S = 2 N = 24 M = 18 P = 2
============================== a.out n=24 m=21 p=1 s=2 ===============
### Run  ./a.out 24 21 1 4 2
A:
 1.000e+00  2.000e+00  3.000e+00  4.000e+00 
 2.000e+00  2.000e+00  3.000e+00  4.000e+00 
 3.000e+00  3.000e+00  3.000e+00  4.000e+00 
 4.000e+00  4.000e+00  4.000e+00  4.000e+00 

b:
 1.440e+02  1.450e+02  1.460e+02  1.480e+02 

x:
 1.000e+00  0.000e+00  1.000e+00  0.000e+00 

./a.out : Task = 9 Res1 = 6.561660e-16 Res2 = 3.341327e-12 T1 = 0.00 T2 = 0.00 S = 2 N = 24 M = 21 P = 1
============================== a.out n=24 m=21 p=2 s=2 ===============
### Run  ./a.out 24 21 2 4 2
A:
 1.000e+00  2.000e+00  3.000e+00  4.000e+00 
 2.000e+00  2.000e+00  3.000e+00  4.000e+00 
 3.000e+00  3.000e+00  3.000e+00  4.000e+00 
 4.000e+00  4.000e+00  4.000e+00  4.000e+00 

b:
 1.440e+02  1.450e+02  1.460e+02  1.480e+02 

x:
 1.000e+00  0.000e+00  1.000e+00  0.000e+00 

./a.out : Task = 9 Res1 = 6.561660e-16 Res2 = 3.341327e-12 T1 = 0.00 T2 = 0.00 S = 2 N = 24 M = 21 P = 2
============================== a.out n=24 m=24 p=1 s=2 ===============
### Run  ./a.out 24 24 1 4 2
A:
 1.000e+00  2.000e+00  3.000e+00  4.000e+00 
 2.000e+00  2.000e+00  3.000e+00  4.000e+00 
 3.000e+00  3.000e+00  3.000e+00  4.000e+00 
 4.000e+00  4.000e+00  4.000e+00  4.000e+00 

b:
 1.440e+02  1.450e+02  1.460e+02  1.480e+02 

x:
 1.000e+00 -1.023e-12  1.000e+00  2.046e-12 

./a.out : Task = 9 Res1 = 5.322235e-15 Res2 = 1.476508e-11 T1 = 0.00 T2 = 0.00 S = 2 N = 24 M = 24 P = 1
============================== a.out n=24 m=24 p=2 s=2 ===============
### Run  ./a.out 24 24 2 4 2
A:
 1.000e+00  2.000e+00  3.000e+00  4.000e+00 
 2.000e+00  2.000e+00  3.000e+00  4.000e+00 
 3.000e+00  3.000e+00  3.000e+00  4.000e+00 
 4.000e+00  4.000e+00  4.000e+00  4.000e+00 

b:
 1.440e+02  1.450e+02  1.460e+02  1.480e+02 

x:
 1.000e+00 -1.023e-12  1.000e+00  2.046e-12 

./a.out : Task = 9 Res1 = 5.322235e-15 Res2 = 1.476508e-11 T1 = 0.00 T2 = 0.00 S = 2 N = 24 M = 24 P = 2
============================== a.out n=25 m=3 p=1 s=2 ===============
### Run  ./a.out 25 3 1 4 2
A:
 1.000e+00  2.000e+00  3.000e+00  4.000e+00 
 2.000e+00  2.000e+00  3.000e+00  4.000e+00 
 3.000e+00  3.000e+00  3.000e+00  4.000e+00 
 4.000e+00  4.000e+00  4.000e+00  4.000e+00 

b:
 1.690e+02  1.700e+02  1.710e+02  1.730e+02 

x:
 1.000e+00  0.000e+00  1.000e+00 -1.332e-14 

./a.out : Task = 9 Res1 = 1.318873e-16 Res2 = 1.556000e-12 T1 = 0.00 T2 = 0.00 S = 2 N = 25 M = 3 P = 1
============================== a.out n=25 m=3 p=2 s=2 ===============
### Run  ./a.out 25 3 2 4 2
A:
 1.000e+00  2.000e+00  3.000e+00  4.000e+00 
 2.000e+00  2.000e+00  3.000e+00  4.000e+00 
 3.000e+00  3.000e+00  3.000e+00  4.000e+00 
 4.000e+00  4.000e+00  4.000e+00  4.000e+00 

b:
 1.690e+02  1.700e+02  1.710e+02  1.730e+02 

x:
 1.000e+00  0.000e+00  1.000e+00 -1.332e-14 

./a.out : Task = 9 Res1 = 3.195730e-16 Res2 = 1.557776e-12 T1 = 0.00 T2 = 0.00 S = 2 N = 25 M = 3 P = 2
============================== a.out n=25 m=3 p=3 s=2 ===============
### Run  ./a.out 25 3 3 4 2
A:
 1.000e+00  2.000e+00  3.000e+00  4.000e+00 
 2.000e+00  2.000e+00  3.000e+00  4.000e+00 
 3.000e+00  3.000e+00  3.000e+00  4.000e+00 
 4.000e+00  4.000e+00  4.000e+00  4.000e+00 

b:
 1.690e+02  1.700e+02  1.710e+02  1.730e+02 

x:
 1.000e+00  0.000e+00  1.000e+00 -1.332e-14 

./a.out : Task = 9 Res1 = 2.485568e-16 Res2 = 1.567546e-12 T1 = 0.00 T2 = 0.00 S = 2 N = 25 M = 3 P = 3
============================== a.out n=25 m=3 p=4 s=2 ===============
### Run  ./a.out 25 3 4 4 2
A:
 1.000e+00  2.000e+00  3.000e+00  4.000e+00 
 2.000e+00  2.000e+00  3.000e+00  4.000e+00 
 3.000e+00  3.000e+00  3.000e+00  4.000e+00 
 4.000e+00  4.000e+00  4.000e+00  4.000e+00 

b:
 1.690e+02  1.700e+02  1.710e+02  1.730e+02 

x:
 1.000e+00  0.000e+00  1.000e+00 -1.332e-14 

./a.out : Task = 9 Res1 = 1.318873e-16 Res2 = 1.556000e-12 T1 = 0.00 T2 = 0.00 S = 2 N = 25 M = 3 P = 4
============================== a.out n=25 m=3 p=5 s=2 ===============
### Run  ./a.out 25 3 5 4 2
A:
 1.000e+00  2.000e+00  3.000e+00  4.000e+00 
 2.000e+00  2.000e+00  3.000e+00  4.000e+00 
 3.000e+00  3.000e+00  3.000e+00  4.000e+00 
 4.000e+00  4.000e+00  4.000e+00  4.000e+00 

b:
 1.690e+02  1.700e+02  1.710e+02  1.730e+02 

x:
 1.000e+00  0.000e+00  1.000e+00 -1.332e-14 

./a.out : Task = 9 Res1 = 3.905893e-16 Res2 = 1.549783e-12 T1 = 0.00 T2 = 0.00 S = 2 N = 25 M = 3 P = 5
============================== a.out n=25 m=3 p=6 s=2 ===============
### Run  ./a.out 25 3 6 4 2
A:
 1.000e+00  2.000e+00  3.000e+00  4.000e+00 
 2.000e+00  2.000e+00  3.000e+00  4.000e+00 
 3.000e+00  3.000e+00  3.000e+00  4.000e+00 
 4.000e+00  4.000e+00  4.000e+00  4.000e+00 

b:
 1.690e+02  1.700e+02  1.710e+02  1.730e+02 

x:
 1.000e+00  0.000e+00  1.000e+00 -1.332e-14 

./a.out : Task = 9 Res1 = 6.847994e-16 Res2 = 1.574652e-12 T1 = 0.00 T2 = 0.00 S = 2 N = 25 M = 3 P = 6
============================== a.out n=25 m=3 p=7 s=2 ===============
### Run  ./a.out 25 3 7 4 2
A:
 1.000e+00  2.000e+00  3.000e+00  4.000e+00 
 2.000e+00  2.000e+00  3.000e+00  4.000e+00 
 3.000e+00  3.000e+00  3.000e+00  4.000e+00 
 4.000e+00  4.000e+00  4.000e+00  4.000e+00 

b:
 1.690e+02  1.700e+02  1.710e+02  1.730e+02 

x:
 1.000e+00  0.000e+00  1.000e+00 -1.332e-14 

./a.out : Task = 9 Res1 = 1.369599e-16 Res2 = 1.547118e-12 T1 = 0.00 T2 = 0.00 S = 2 N = 25 M = 3 P = 7
============================== a.out n=25 m=3 p=8 s=2 ===============
### Run  ./a.out 25 3 8 4 2
A:
 1.000e+00  2.000e+00  3.000e+00  4.000e+00 
 2.000e+00  2.000e+00  3.000e+00  4.000e+00 
 3.000e+00  3.000e+00  3.000e+00  4.000e+00 
 4.000e+00  4.000e+00  4.000e+00  4.000e+00 

b:
 1.690e+02  1.700e+02  1.710e+02  1.730e+02 

x:
 1.000e+00  0.000e+00  1.000e+00 -1.332e-14 

./a.out : Task = 9 Res1 = 1.521776e-16 Res2 = 1.556888e-12 T1 = 0.00 T2 = 0.00 S = 2 N = 25 M = 3 P = 8
============================== a.out n=25 m=3 p=9 s=2 ===============
### Run  ./a.out 25 3 9 4 2
A:
 1.000e+00  2.000e+00  3.000e+00  4.000e+00 
 2.000e+00  2.000e+00  3.000e+00  4.000e+00 
 3.000e+00  3.000e+00  3.000e+00  4.000e+00 
 4.000e+00  4.000e+00  4.000e+00  4.000e+00 

b:
 1.690e+02  1.700e+02  1.710e+02  1.730e+02 

x:
 1.000e+00  0.000e+00  1.000e+00 -1.332e-14 

./a.out : Task = 9 Res1 = 8.369770e-16 Res2 = 1.570211e-12 T1 = 0.00 T2 = 0.00 S = 2 N = 25 M = 3 P = 9
============================== a.out n=25 m=6 p=1 s=2 ===============
### Run  ./a.out 25 6 1 4 2
A:
 1.000e+00  2.000e+00  3.000e+00  4.000e+00 
 2.000e+00  2.000e+00  3.000e+00  4.000e+00 
 3.000e+00  3.000e+00  3.000e+00  4.000e+00 
 4.000e+00  4.000e+00  4.000e+00  4.000e+00 

b:
 1.690e+02  1.700e+02  1.710e+02  1.730e+02 

x:
 1.000e+00  3.997e-15  1.000e+00  3.997e-15 

./a.out : Task = 9 Res1 = 1.826132e-16 Res2 = 1.953215e-12 T1 = 0.00 T2 = 0.00 S = 2 N = 25 M = 6 P = 1
============================== a.out n=25 m=6 p=2 s=2 ===============
### Run  ./a.out 25 6 2 4 2
A:
 1.000e+00  2.000e+00  3.000e+00  4.000e+00 
 2.000e+00  2.000e+00  3.000e+00  4.000e+00 
 3.000e+00  3.000e+00  3.000e+00  4.000e+00 
 4.000e+00  4.000e+00  4.000e+00  4.000e+00 

b:
 1.690e+02  1.700e+02  1.710e+02  1.730e+02 

x:
 1.000e+00  3.997e-15  1.000e+00  3.997e-15 

./a.out : Task = 9 Res1 = 1.826132e-16 Res2 = 1.953215e-12 T1 = 0.00 T2 = 0.00 S = 2 N = 25 M = 6 P = 2
============================== a.out n=25 m=6 p=3 s=2 ===============
### Run  ./a.out 25 6 3 4 2
A:
 1.000e+00  2.000e+00  3.000e+00  4.000e+00 
 2.000e+00  2.000e+00  3.000e+00  4.000e+00 
 3.000e+00  3.000e+00  3.000e+00  4.000e+00 
 4.000e+00  4.000e+00  4.000e+00  4.000e+00 

b:
 1.690e+02  1.700e+02  1.710e+02  1.730e+02 

x:
 1.000e+00  3.997e-15  1.000e+00  3.997e-15 

./a.out : Task = 9 Res1 = 1.826132e-16 Res2 = 1.953215e-12 T1 = 0.00 T2 = 0.00 S = 2 N = 25 M = 6 P = 3
============================== a.out n=25 m=6 p=4 s=2 ===============
### Run  ./a.out 25 6 4 4 2
A:
 1.000e+00  2.000e+00  3.000e+00  4.000e+00 
 2.000e+00  2.000e+00  3.000e+00  4.000e+00 
 3.000e+00  3.000e+00  3.000e+00  4.000e+00 
 4.000e+00  4.000e+00  4.000e+00  4.000e+00 

b:
 1.690e+02  1.700e+02  1.710e+02  1.730e+02 

x:
 1.000e+00  3.997e-15  1.000e+00  3.997e-15 

./a.out : Task = 9 Res1 = 1.826132e-16 Res2 = 1.953215e-12 T1 = 0.00 T2 = 0.00 S = 2 N = 25 M = 6 P = 4
============================== a.out n=25 m=6 p=5 s=2 ===============
### Run  ./a.out 25 6 5 4 2
A:
 1.000e+00  2.000e+00  3.000e+00  4.000e+00 
 2.000e+00  2.000e+00  3.000e+00  4.000e+00 
 3.000e+00  3.000e+00  3.000e+00  4.000e+00 
 4.000e+00  4.000e+00  4.000e+00  4.000e+00 

b:
 1.690e+02  1.700e+02  1.710e+02  1.730e+02 

x:
 1.000e+00  3.997e-15  1.000e+00  3.997e-15 

./a.out : Task = 9 Res1 = 1.826132e-16 Res2 = 1.953215e-12 T1 = 0.00 T2 = 0.00 S = 2 N = 25 M = 6 P = 5
============================== a.out n=25 m=9 p=1 s=2 ===============
### Run  ./a.out 25 9 1 4 2
A:
 1.000e+00  2.000e+00  3.000e+00  4.000e+00 
 2.000e+00  2.000e+00  3.000e+00  4.000e+00 
 3.000e+00  3.000e+00  3.000e+00  4.000e+00 
 4.000e+00  4.000e+00  4.000e+00  4.000e+00 

b:
 1.690e+02  1.700e+02  1.710e+02  1.730e+02 

x:
 1.000e+00  7.994e-14  1.000e+00  0.000e+00 

./a.out : Task = 9 Res1 = 2.434842e-16 Res2 = 8.274122e-13 T1 = 0.00 T2 = 0.00 S = 2 N = 25 M = 9 P = 1
============================== a.out n=25 m=9 p=2 s=2 ===============
### Run  ./a.out 25 9 2 4 2
A:
 1.000e+00  2.000e+00  3.000e+00  4.000e+00 
 2.000e+00  2.000e+00  3.000e+00  4.000e+00 
 3.000e+00  3.000e+00  3.000e+00  4.000e+00 
 4.000e+00  4.000e+00  4.000e+00  4.000e+00 

b:
 1.690e+02  1.700e+02  1.710e+02  1.730e+02 

x:
 1.000e+00  7.994e-14  1.000e+00  0.000e+00 

./a.out : Task = 9 Res1 = 2.434842e-16 Res2 = 8.274122e-13 T1 = 0.00 T2 = 0.00 S = 2 N = 25 M = 9 P = 2
============================== a.out n=25 m=9 p=3 s=2 ===============
### Run  ./a.out 25 9 3 4 2
A:
 1.000e+00  2.000e+00  3.000e+00  4.000e+00 
 2.000e+00  2.000e+00  3.000e+00  4.000e+00 
 3.000e+00  3.000e+00  3.000e+00  4.000e+00 
 4.000e+00  4.000e+00  4.000e+00  4.000e+00 

b:
 1.690e+02  1.700e+02  1.710e+02  1.730e+02 

x:
 1.000e+00  7.994e-14  1.000e+00  0.000e+00 

./a.out : Task = 9 Res1 = 2.434842e-16 Res2 = 8.274122e-13 T1 = 0.00 T2 = 0.00 S = 2 N = 25 M = 9 P = 3
============================== a.out n=25 m=12 p=1 s=2 ===============
### Run  ./a.out 25 12 1 4 2
A:
 1.000e+00  2.000e+00  3.000e+00  4.000e+00 
 2.000e+00  2.000e+00  3.000e+00  4.000e+00 
 3.000e+00  3.000e+00  3.000e+00  4.000e+00 
 4.000e+00  4.000e+00  4.000e+00  4.000e+00 

b:
 1.690e+02  1.700e+02  1.710e+02  1.730e+02 

x:
 1.000e+00 -1.279e-13  1.000e+00 -6.395e-14 

./a.out : Task = 9 Res1 = 1.217421e-16 Res2 = 1.243672e-12 T1 = 0.00 T2 = 0.00 S = 2 N = 25 M = 12 P = 1
============================== a.out n=25 m=12 p=2 s=2 ===============
### Run  ./a.out 25 12 2 4 2
A:
 1.000e+00  2.000e+00  3.000e+00  4.000e+00 
 2.000e+00  2.000e+00  3.000e+00  4.000e+00 
 3.000e+00  3.000e+00  3.000e+00  4.000e+00 
 4.000e+00  4.000e+00  4.000e+00  4.000e+00 

b:
 1.690e+02  1.700e+02  1.710e+02  1.730e+02 

x:
 1.000e+00 -1.279e-13  1.000e+00 -6.395e-14 

./a.out : Task = 9 Res1 = 1.217421e-16 Res2 = 1.243672e-12 T1 = 0.00 T2 = 0.00 S = 2 N = 25 M = 12 P = 2
============================== a.out n=25 m=12 p=3 s=2 ===============
### Run  ./a.out 25 12 3 4 2
A:
 1.000e+00  2.000e+00  3.000e+00  4.000e+00 
 2.000e+00  2.000e+00  3.000e+00  4.000e+00 
 3.000e+00  3.000e+00  3.000e+00  4.000e+00 
 4.000e+00  4.000e+00  4.000e+00  4.000e+00 

b:
 1.690e+02  1.700e+02  1.710e+02  1.730e+02 

x:
 1.000e+00 -1.279e-13  1.000e+00 -6.395e-14 

./a.out : Task = 9 Res1 = 1.217421e-16 Res2 = 1.243672e-12 T1 = 0.00 T2 = 0.00 S = 2 N = 25 M = 12 P = 3
============================== a.out n=25 m=15 p=1 s=2 ===============
### Run  ./a.out 25 15 1 4 2
A:
 1.000e+00  2.000e+00  3.000e+00  4.000e+00 
 2.000e+00  2.000e+00  3.000e+00  4.000e+00 
 3.000e+00  3.000e+00  3.000e+00  4.000e+00 
 4.000e+00  4.000e+00  4.000e+00  4.000e+00 

b:
 1.690e+02  1.700e+02  1.710e+02  1.730e+02 

x:
 1.000e+00  0.000e+00  1.000e+00  0.000e+00 

./a.out : Task = 9 Res1 = 6.594364e-16 Res2 = 5.915268e-13 T1 = 0.00 T2 = 0.00 S = 2 N = 25 M = 15 P = 1
============================== a.out n=25 m=15 p=2 s=2 ===============
### Run  ./a.out 25 15 2 4 2
A:
 1.000e+00  2.000e+00  3.000e+00  4.000e+00 
 2.000e+00  2.000e+00  3.000e+00  4.000e+00 
 3.000e+00  3.000e+00  3.000e+00  4.000e+00 
 4.000e+00  4.000e+00  4.000e+00  4.000e+00 

b:
 1.690e+02  1.700e+02  1.710e+02  1.730e+02 

x:
 1.000e+00  0.000e+00  1.000e+00  0.000e+00 

./a.out : Task = 9 Res1 = 6.594364e-16 Res2 = 5.915268e-13 T1 = 0.00 T2 = 0.00 S = 2 N = 25 M = 15 P = 2
============================== a.out n=25 m=18 p=1 s=2 ===============
### Run  ./a.out 25 18 1 4 2
A:
 1.000e+00  2.000e+00  3.000e+00  4.000e+00 
 2.000e+00  2.000e+00  3.000e+00  4.000e+00 
 3.000e+00  3.000e+00  3.000e+00  4.000e+00 
 4.000e+00  4.000e+00  4.000e+00  4.000e+00 

b:
 1.690e+02  1.700e+02  1.710e+02  1.730e+02 

x:
 1.000e+00 -2.878e-13  1.000e+00 -2.878e-13 

./a.out : Task = 9 Res1 = 6.543638e-16 Res2 = 2.971364e-12 T1 = 0.00 T2 = 0.00 S = 2 N = 25 M = 18 P = 1
============================== a.out n=25 m=18 p=2 s=2 ===============
### Run  ./a.out 25 18 2 4 2
A:
 1.000e+00  2.000e+00  3.000e+00  4.000e+00 
 2.000e+00  2.000e+00  3.000e+00  4.000e+00 
 3.000e+00  3.000e+00  3.000e+00  4.000e+00 
 4.000e+00  4.000e+00  4.000e+00  4.000e+00 

b:
 1.690e+02  1.700e+02  1.710e+02  1.730e+02 

x:
 1.000e+00 -2.878e-13  1.000e+00 -2.878e-13 

./a.out : Task = 9 Res1 = 6.543638e-16 Res2 = 2.971364e-12 T1 = 0.00 T2 = 0.00 S = 2 N = 25 M = 18 P = 2
============================== a.out n=25 m=21 p=1 s=2 ===============
### Run  ./a.out 25 21 1 4 2
A:
 1.000e+00  2.000e+00  3.000e+00  4.000e+00 
 2.000e+00  2.000e+00  3.000e+00  4.000e+00 
 3.000e+00  3.000e+00  3.000e+00  4.000e+00 
 4.000e+00  4.000e+00  4.000e+00  4.000e+00 

b:
 1.690e+02  1.700e+02  1.710e+02  1.730e+02 

x:
 1.000e+00  0.000e+00  1.000e+00  0.000e+00 

./a.out : Task = 9 Res1 = 1.278292e-15 Res2 = 3.543832e-12 T1 = 0.00 T2 = 0.00 S = 2 N = 25 M = 21 P = 1
============================== a.out n=25 m=21 p=2 s=2 ===============
### Run  ./a.out 25 21 2 4 2
A:
 1.000e+00  2.000e+00  3.000e+00  4.000e+00 
 2.000e+00  2.000e+00  3.000e+00  4.000e+00 
 3.000e+00  3.000e+00  3.000e+00  4.000e+00 
 4.000e+00  4.000e+00  4.000e+00  4.000e+00 

b:
 1.690e+02  1.700e+02  1.710e+02  1.730e+02 

x:
 1.000e+00  0.000e+00  1.000e+00  0.000e+00 

./a.out : Task = 9 Res1 = 1.278292e-15 Res2 = 3.543832e-12 T1 = 0.00 T2 = 0.00 S = 2 N = 25 M = 21 P = 2
============================== a.out n=25 m=24 p=1 s=2 ===============
### Run  ./a.out 25 24 1 4 2
A:
 1.000e+00  2.000e+00  3.000e+00  4.000e+00 
 2.000e+00  2.000e+00  3.000e+00  4.000e+00 
 3.000e+00  3.000e+00  3.000e+00  4.000e+00 
 4.000e+00  4.000e+00  4.000e+00  4.000e+00 

b:
 1.690e+02  1.700e+02  1.710e+02  1.730e+02 

x:
 1.000e+00 -1.023e-12  1.000e+00  2.046e-12 

./a.out : Task = 9 Res1 = 2.556584e-15 Res2 = 1.640865e-11 T1 = 0.00 T2 = 0.00 S = 2 N = 25 M = 24 P = 1
============================== a.out n=25 m=24 p=2 s=2 ===============
### Run  ./a.out 25 24 2 4 2
A:
 1.000e+00  2.000e+00  3.000e+00  4.000e+00 
 2.000e+00  2.000e+00  3.000e+00  4.000e+00 
 3.000e+00  3.000e+00  3.000e+00  4.000e+00 
 4.000e+00  4.000e+00  4.000e+00  4.000e+00 

b:
 1.690e+02  1.700e+02  1.710e+02  1.730e+02 

x:
 1.000e+00 -1.023e-12  1.000e+00  2.046e-12 

./a.out : Task = 9 Res1 = 2.556584e-15 Res2 = 1.640865e-11 T1 = 0.00 T2 = 0.00 S = 2 N = 25 M = 24 P = 2
============================== a.out n=26 m=3 p=1 s=2 ===============
### Run  ./a.out 26 3 1 4 2
A:
 1.000e+00  2.000e+00  3.000e+00  4.000e+00 
 2.000e+00  2.000e+00  3.000e+00  4.000e+00 
 3.000e+00  3.000e+00  3.000e+00  4.000e+00 
 4.000e+00  4.000e+00  4.000e+00  4.000e+00 

b:
 1.690e+02  1.700e+02  1.710e+02  1.730e+02 

x:
 1.000e+00  0.000e+00  1.000e+00 -1.332e-14 

./a.out : Task = 9 Res1 = 1.913598e-16 Res2 = 1.784262e-12 T1 = 0.00 T2 = 0.00 S = 2 N = 26 M = 3 P = 1
============================== a.out n=26 m=3 p=2 s=2 ===============
### Run  ./a.out 26 3 2 4 2
A:
 1.000e+00  2.000e+00  3.000e+00  4.000e+00 
 2.000e+00  2.000e+00  3.000e+00  4.000e+00 
 3.000e+00  3.000e+00  3.000e+00  4.000e+00 
 4.000e+00  4.000e+00  4.000e+00  4.000e+00 

b:
 1.690e+02  1.700e+02  1.710e+02  1.730e+02 

x:
 1.000e+00  0.000e+00  1.000e+00 -1.332e-14 

./a.out : Task = 9 Res1 = 2.439837e-16 Res2 = 1.786038e-12 T1 = 0.00 T2 = 0.00 S = 2 N = 26 M = 3 P = 2
============================== a.out n=26 m=3 p=3 s=2 ===============
### Run  ./a.out 26 3 3 4 2
A:
 1.000e+00  2.000e+00  3.000e+00  4.000e+00 
 2.000e+00  2.000e+00  3.000e+00  4.000e+00 
 3.000e+00  3.000e+00  3.000e+00  4.000e+00 
 4.000e+00  4.000e+00  4.000e+00  4.000e+00 

b:
 1.690e+02  1.700e+02  1.710e+02  1.730e+02 

x:
 1.000e+00  0.000e+00  1.000e+00 -1.332e-14 

./a.out : Task = 9 Res1 = 2.535517e-16 Res2 = 1.786038e-12 T1 = 0.00 T2 = 0.00 S = 2 N = 26 M = 3 P = 3
============================== a.out n=26 m=3 p=4 s=2 ===============
### Run  ./a.out 26 3 4 4 2
A:
 1.000e+00  2.000e+00  3.000e+00  4.000e+00 
 2.000e+00  2.000e+00  3.000e+00  4.000e+00 
 3.000e+00  3.000e+00  3.000e+00  4.000e+00 
 4.000e+00  4.000e+00  4.000e+00  4.000e+00 

b:
 1.690e+02  1.700e+02  1.710e+02  1.730e+02 

x:
 1.000e+00  0.000e+00  1.000e+00 -1.332e-14 

./a.out : Task = 9 Res1 = 1.961438e-16 Res2 = 1.795808e-12 T1 = 0.00 T2 = 0.00 S = 2 N = 26 M = 3 P = 4
============================== a.out n=26 m=3 p=5 s=2 ===============
### Run  ./a.out 26 3 5 4 2
A:
 1.000e+00  2.000e+00  3.000e+00  4.000e+00 
 2.000e+00  2.000e+00  3.000e+00  4.000e+00 
 3.000e+00  3.000e+00  3.000e+00  4.000e+00 
 4.000e+00  4.000e+00  4.000e+00  4.000e+00 

b:
 1.690e+02  1.700e+02  1.710e+02  1.730e+02 

x:
 1.000e+00  0.000e+00  1.000e+00 -1.332e-14 

./a.out : Task = 9 Res1 = 1.913598e-16 Res2 = 1.785150e-12 T1 = 0.00 T2 = 0.00 S = 2 N = 26 M = 3 P = 5
============================== a.out n=26 m=3 p=6 s=2 ===============
### Run  ./a.out 26 3 6 4 2
A:
 1.000e+00  2.000e+00  3.000e+00  4.000e+00 
 2.000e+00  2.000e+00  3.000e+00  4.000e+00 
 3.000e+00  3.000e+00  3.000e+00  4.000e+00 
 4.000e+00  4.000e+00  4.000e+00  4.000e+00 

b:
 1.690e+02  1.700e+02  1.710e+02  1.730e+02 

x:
 1.000e+00  0.000e+00  1.000e+00 -1.332e-14 

./a.out : Task = 9 Res1 = 2.344157e-16 Res2 = 1.764722e-12 T1 = 0.00 T2 = 0.00 S = 2 N = 26 M = 3 P = 6
============================== a.out n=26 m=3 p=7 s=2 ===============
### Run  ./a.out 26 3 7 4 2
A:
 1.000e+00  2.000e+00  3.000e+00  4.000e+00 
 2.000e+00  2.000e+00  3.000e+00  4.000e+00 
 3.000e+00  3.000e+00  3.000e+00  4.000e+00 
 4.000e+00  4.000e+00  4.000e+00  4.000e+00 

b:
 1.690e+02  1.700e+02  1.710e+02  1.730e+02 

x:
 1.000e+00  0.000e+00  1.000e+00 -1.332e-14 

./a.out : Task = 9 Res1 = 3.157436e-16 Res2 = 1.791367e-12 T1 = 0.00 T2 = 0.00 S = 2 N = 26 M = 3 P = 7
============================== a.out n=26 m=3 p=8 s=2 ===============
### Run  ./a.out 26 3 8 4 2
A:
 1.000e+00  2.000e+00  3.000e+00  4.000e+00 
 2.000e+00  2.000e+00  3.000e+00  4.000e+00 
 3.000e+00  3.000e+00  3.000e+00  4.000e+00 
 4.000e+00  4.000e+00  4.000e+00  4.000e+00 

b:
 1.690e+02  1.700e+02  1.710e+02  1.730e+02 

x:
 1.000e+00  0.000e+00  1.000e+00 -1.332e-14 

./a.out : Task = 9 Res1 = 1.865758e-16 Res2 = 1.774492e-12 T1 = 0.00 T2 = 0.00 S = 2 N = 26 M = 3 P = 8
============================== a.out n=26 m=3 p=9 s=2 ===============
### Run  ./a.out 26 3 9 4 2
A:
 1.000e+00  2.000e+00  3.000e+00  4.000e+00 
 2.000e+00  2.000e+00  3.000e+00  4.000e+00 
 3.000e+00  3.000e+00  3.000e+00  4.000e+00 
 4.000e+00  4.000e+00  4.000e+00  4.000e+00 

b:
 1.690e+02  1.700e+02  1.710e+02  1.730e+02 

x:
 1.000e+00  0.000e+00  1.000e+00 -1.332e-14 

./a.out : Task = 9 Res1 = 3.157436e-16 Res2 = 1.791367e-12 T1 = 0.00 T2 = 0.00 S = 2 N = 26 M = 3 P = 9
============================== a.out n=26 m=6 p=1 s=2 ===============
### Run  ./a.out 26 6 1 4 2
A:
 1.000e+00  2.000e+00  3.000e+00  4.000e+00 
 2.000e+00  2.000e+00  3.000e+00  4.000e+00 
 3.000e+00  3.000e+00  3.000e+00  4.000e+00 
 4.000e+00  4.000e+00  4.000e+00  4.000e+00 

b:
 1.690e+02  1.700e+02  1.710e+02  1.730e+02 

x:
 1.000e+00  3.997e-15  1.000e+00  3.997e-15 

./a.out : Task = 9 Res1 = 1.530878e-16 Res2 = 2.289835e-12 T1 = 0.00 T2 = 0.00 S = 2 N = 26 M = 6 P = 1
============================== a.out n=26 m=6 p=2 s=2 ===============
### Run  ./a.out 26 6 2 4 2
A:
 1.000e+00  2.000e+00  3.000e+00  4.000e+00 
 2.000e+00  2.000e+00  3.000e+00  4.000e+00 
 3.000e+00  3.000e+00  3.000e+00  4.000e+00 
 4.000e+00  4.000e+00  4.000e+00  4.000e+00 

b:
 1.690e+02  1.700e+02  1.710e+02  1.730e+02 

x:
 1.000e+00  3.997e-15  1.000e+00  3.997e-15 

./a.out : Task = 9 Res1 = 1.530878e-16 Res2 = 2.289835e-12 T1 = 0.00 T2 = 0.00 S = 2 N = 26 M = 6 P = 2
============================== a.out n=26 m=6 p=3 s=2 ===============
### Run  ./a.out 26 6 3 4 2
A:
 1.000e+00  2.000e+00  3.000e+00  4.000e+00 
 2.000e+00  2.000e+00  3.000e+00  4.000e+00 
 3.000e+00  3.000e+00  3.000e+00  4.000e+00 
 4.000e+00  4.000e+00  4.000e+00  4.000e+00 

b:
 1.690e+02  1.700e+02  1.710e+02  1.730e+02 

x:
 1.000e+00  3.997e-15  1.000e+00  3.997e-15 

./a.out : Task = 9 Res1 = 1.530878e-16 Res2 = 2.289835e-12 T1 = 0.00 T2 = 0.00 S = 2 N = 26 M = 6 P = 3
============================== a.out n=26 m=6 p=4 s=2 ===============
### Run  ./a.out 26 6 4 4 2
A:
 1.000e+00  2.000e+00  3.000e+00  4.000e+00 
 2.000e+00  2.000e+00  3.000e+00  4.000e+00 
 3.000e+00  3.000e+00  3.000e+00  4.000e+00 
 4.000e+00  4.000e+00  4.000e+00  4.000e+00 

b:
 1.690e+02  1.700e+02  1.710e+02  1.730e+02 

x:
 1.000e+00  3.997e-15  1.000e+00  3.997e-15 

./a.out : Task = 9 Res1 = 1.530878e-16 Res2 = 2.289835e-12 T1 = 0.00 T2 = 0.00 S = 2 N = 26 M = 6 P = 4
============================== a.out n=26 m=6 p=5 s=2 ===============
### Run  ./a.out 26 6 5 4 2
A:
 1.000e+00  2.000e+00  3.000e+00  4.000e+00 
 2.000e+00  2.000e+00  3.000e+00  4.000e+00 
 3.000e+00  3.000e+00  3.000e+00  4.000e+00 
 4.000e+00  4.000e+00  4.000e+00  4.000e+00 

b:
 1.690e+02  1.700e+02  1.710e+02  1.730e+02 

x:
 1.000e+00  3.997e-15  1.000e+00  3.997e-15 

./a.out : Task = 9 Res1 = 1.530878e-16 Res2 = 2.289835e-12 T1 = 0.00 T2 = 0.00 S = 2 N = 26 M = 6 P = 5
============================== a.out n=26 m=9 p=1 s=2 ===============
### Run  ./a.out 26 9 1 4 2
A:
 1.000e+00  2.000e+00  3.000e+00  4.000e+00 
 2.000e+00  2.000e+00  3.000e+00  4.000e+00 
 3.000e+00  3.000e+00  3.000e+00  4.000e+00 
 4.000e+00  4.000e+00  4.000e+00  4.000e+00 

b:
 1.690e+02  1.700e+02  1.710e+02  1.730e+02 

x:
 1.000e+00  7.994e-14  1.000e+00  0.000e+00 

./a.out : Task = 9 Res1 = 2.248477e-16 Res2 = 9.185369e-13 T1 = 0.00 T2 = 0.00 S = 2 N = 26 M = 9 P = 1
============================== a.out n=26 m=9 p=2 s=2 ===============
### Run  ./a.out 26 9 2 4 2
A:
 1.000e+00  2.000e+00  3.000e+00  4.000e+00 
 2.000e+00  2.000e+00  3.000e+00  4.000e+00 
 3.000e+00  3.000e+00  3.000e+00  4.000e+00 
 4.000e+00  4.000e+00  4.000e+00  4.000e+00 

b:
 1.690e+02  1.700e+02  1.710e+02  1.730e+02 

x:
 1.000e+00  7.994e-14  1.000e+00  0.000e+00 

./a.out : Task = 9 Res1 = 2.248477e-16 Res2 = 9.185369e-13 T1 = 0.00 T2 = 0.00 S = 2 N = 26 M = 9 P = 2
============================== a.out n=26 m=9 p=3 s=2 ===============
### Run  ./a.out 26 9 3 4 2
A:
 1.000e+00  2.000e+00  3.000e+00  4.000e+00 
 2.000e+00  2.000e+00  3.000e+00  4.000e+00 
 3.000e+00  3.000e+00  3.000e+00  4.000e+00 
 4.000e+00  4.000e+00  4.000e+00  4.000e+00 

b:
 1.690e+02  1.700e+02  1.710e+02  1.730e+02 

x:
 1.000e+00  7.994e-14  1.000e+00  0.000e+00 

./a.out : Task = 9 Res1 = 2.248477e-16 Res2 = 9.185369e-13 T1 = 0.00 T2 = 0.00 S = 2 N = 26 M = 9 P = 3
============================== a.out n=26 m=12 p=1 s=2 ===============
### Run  ./a.out 26 12 1 4 2
A:
 1.000e+00  2.000e+00  3.000e+00  4.000e+00 
 2.000e+00  2.000e+00  3.000e+00  4.000e+00 
 3.000e+00  3.000e+00  3.000e+00  4.000e+00 
 4.000e+00  4.000e+00  4.000e+00  4.000e+00 

b:
 1.690e+02  1.700e+02  1.710e+02  1.730e+02 

x:
 1.000e+00 -1.279e-13  1.000e+00 -6.395e-14 

./a.out : Task = 9 Res1 = 1.435198e-16 Res2 = 1.285416e-12 T1 = 0.00 T2 = 0.00 S = 2 N = 26 M = 12 P = 1
============================== a.out n=26 m=12 p=2 s=2 ===============
### Run  ./a.out 26 12 2 4 2
A:
 1.000e+00  2.000e+00  3.000e+00  4.000e+00 
 2.000e+00  2.000e+00  3.000e+00  4.000e+00 
 3.000e+00  3.000e+00  3.000e+00  4.000e+00 
 4.000e+00  4.000e+00  4.000e+00  4.000e+00 

b:
 1.690e+02  1.700e+02  1.710e+02  1.730e+02 

x:
 1.000e+00 -1.279e-13  1.000e+00 -6.395e-14 

./a.out : Task = 9 Res1 = 1.435198e-16 Res2 = 1.285416e-12 T1 = 0.00 T2 = 0.00 S = 2 N = 26 M = 12 P = 2
============================== a.out n=26 m=12 p=3 s=2 ===============
### Run  ./a.out 26 12 3 4 2
A:
 1.000e+00  2.000e+00  3.000e+00  4.000e+00 
 2.000e+00  2.000e+00  3.000e+00  4.000e+00 
 3.000e+00  3.000e+00  3.000e+00  4.000e+00 
 4.000e+00  4.000e+00  4.000e+00  4.000e+00 

b:
 1.690e+02  1.700e+02  1.710e+02  1.730e+02 

x:
 1.000e+00 -1.279e-13  1.000e+00 -6.395e-14 

./a.out : Task = 9 Res1 = 1.435198e-16 Res2 = 1.285416e-12 T1 = 0.00 T2 = 0.00 S = 2 N = 26 M = 12 P = 3
============================== a.out n=26 m=15 p=1 s=2 ===============
### Run  ./a.out 26 15 1 4 2
A:
 1.000e+00  2.000e+00  3.000e+00  4.000e+00 
 2.000e+00  2.000e+00  3.000e+00  4.000e+00 
 3.000e+00  3.000e+00  3.000e+00  4.000e+00 
 4.000e+00  4.000e+00  4.000e+00  4.000e+00 

b:
 1.690e+02  1.700e+02  1.710e+02  1.730e+02 

x:
 1.000e+00  0.000e+00  1.000e+00  0.000e+00 

./a.out : Task = 9 Res1 = 2.200637e-16 Res2 = 3.774758e-13 T1 = 0.00 T2 = 0.00 S = 2 N = 26 M = 15 P = 1
============================== a.out n=26 m=15 p=2 s=2 ===============
### Run  ./a.out 26 15 2 4 2
A:
 1.000e+00  2.000e+00  3.000e+00  4.000e+00 
 2.000e+00  2.000e+00  3.000e+00  4.000e+00 
 3.000e+00  3.000e+00  3.000e+00  4.000e+00 
 4.000e+00  4.000e+00  4.000e+00  4.000e+00 

b:
 1.690e+02  1.700e+02  1.710e+02  1.730e+02 

x:
 1.000e+00  0.000e+00  1.000e+00  0.000e+00 

./a.out : Task = 9 Res1 = 2.200637e-16 Res2 = 3.774758e-13 T1 = 0.00 T2 = 0.00 S = 2 N = 26 M = 15 P = 2
============================== a.out n=26 m=18 p=1 s=2 ===============
### Run  ./a.out 26 18 1 4 2
A:
 1.000e+00  2.000e+00  3.000e+00  4.000e+00 
 2.000e+00  2.000e+00  3.000e+00  4.000e+00 
 3.000e+00  3.000e+00  3.000e+00  4.000e+00 
 4.000e+00  4.000e+00  4.000e+00  4.000e+00 

b:
 1.690e+02  1.700e+02  1.710e+02  1.730e+02 

x:
 1.000e+00 -2.878e-13  1.000e+00 -2.878e-13 

./a.out : Task = 9 Res1 = 6.793272e-16 Res2 = 3.155562e-12 T1 = 0.00 T2 = 0.00 S = 2 N = 26 M = 18 P = 1
============================== a.out n=26 m=18 p=2 s=2 ===============
### Run  ./a.out 26 18 2 4 2
A:
 1.000e+00  2.000e+00  3.000e+00  4.000e+00 
 2.000e+00  2.000e+00  3.000e+00  4.000e+00 
 3.000e+00  3.000e+00  3.000e+00  4.000e+00 
 4.000e+00  4.000e+00  4.000e+00  4.000e+00 

b:
 1.690e+02  1.700e+02  1.710e+02  1.730e+02 

x:
 1.000e+00 -2.878e-13  1.000e+00 -2.878e-13 

./a.out : Task = 9 Res1 = 6.793272e-16 Res2 = 3.155562e-12 T1 = 0.00 T2 = 0.00 S = 2 N = 26 M = 18 P = 2
============================== a.out n=26 m=21 p=1 s=2 ===============
### Run  ./a.out 26 21 1 4 2
A:
 1.000e+00  2.000e+00  3.000e+00  4.000e+00 
 2.000e+00  2.000e+00  3.000e+00  4.000e+00 
 3.000e+00  3.000e+00  3.000e+00  4.000e+00 
 4.000e+00  4.000e+00  4.000e+00  4.000e+00 

b:
 1.690e+02  1.700e+02  1.710e+02  1.730e+02 

x:
 1.000e+00  0.000e+00  1.000e+00  0.000e+00 

./a.out : Task = 9 Res1 = 1.195999e-15 Res2 = 3.553983e-12 T1 = 0.00 T2 = 0.00 S = 2 N = 26 M = 21 P = 1
============================== a.out n=26 m=21 p=2 s=2 ===============
### Run  ./a.out 26 21 2 4 2
A:
 1.000e+00  2.000e+00  3.000e+00  4.000e+00 
 2.000e+00  2.000e+00  3.000e+00  4.000e+00 
 3.000e+00  3.000e+00  3.000e+00  4.000e+00 
 4.000e+00  4.000e+00  4.000e+00  4.000e+00 

b:
 1.690e+02  1.700e+02  1.710e+02  1.730e+02 

x:
 1.000e+00  0.000e+00  1.000e+00  0.000e+00 

./a.out : Task = 9 Res1 = 1.195999e-15 Res2 = 3.553983e-12 T1 = 0.00 T2 = 0.00 S = 2 N = 26 M = 21 P = 2
============================== a.out n=26 m=24 p=1 s=2 ===============
### Run  ./a.out 26 24 1 4 2
A:
 1.000e+00  2.000e+00  3.000e+00  4.000e+00 
 2.000e+00  2.000e+00  3.000e+00  4.000e+00 
 3.000e+00  3.000e+00  3.000e+00  4.000e+00 
 4.000e+00  4.000e+00  4.000e+00  4.000e+00 

b:
 1.690e+02  1.700e+02  1.710e+02  1.730e+02 

x:
 1.000e+00 -1.023e-12  1.000e+00  2.046e-12 

./a.out : Task = 9 Res1 = 2.411133e-15 Res2 = 1.640865e-11 T1 = 0.00 T2 = 0.00 S = 2 N = 26 M = 24 P = 1
============================== a.out n=26 m=24 p=2 s=2 ===============
### Run  ./a.out 26 24 2 4 2
A:
 1.000e+00  2.000e+00  3.000e+00  4.000e+00 
 2.000e+00  2.000e+00  3.000e+00  4.000e+00 
 3.000e+00  3.000e+00  3.000e+00  4.000e+00 
 4.000e+00  4.000e+00  4.000e+00  4.000e+00 

b:
 1.690e+02  1.700e+02  1.710e+02  1.730e+02 

x:
 1.000e+00 -1.023e-12  1.000e+00  2.046e-12 

./a.out : Task = 9 Res1 = 2.411133e-15 Res2 = 1.640865e-11 T1 = 0.00 T2 = 0.00 S = 2 N = 26 M = 24 P = 2
============================== a.out n=27 m=3 p=1 s=2 ===============
### Run  ./a.out 27 3 1 4 2
A:
 1.000e+00  2.000e+00  3.000e+00  4.000e+00 
 2.000e+00  2.000e+00  3.000e+00  4.000e+00 
 3.000e+00  3.000e+00  3.000e+00  4.000e+00 
 4.000e+00  4.000e+00  4.000e+00  4.000e+00 

b:
 1.960e+02  1.970e+02  1.980e+02  2.000e+02 

x:
 1.000e+00  0.000e+00  1.000e+00 -9.770e-15 

./a.out : Task = 9 Res1 = 1.700202e-16 Res2 = 1.901679e-12 T1 = 0.00 T2 = 0.00 S = 2 N = 27 M = 3 P = 1
============================== a.out n=27 m=3 p=2 s=2 ===============
### Run  ./a.out 27 3 2 4 2
A:
 1.000e+00  2.000e+00  3.000e+00  4.000e+00 
 2.000e+00  2.000e+00  3.000e+00  4.000e+00 
 3.000e+00  3.000e+00  3.000e+00  4.000e+00 
 4.000e+00  4.000e+00  4.000e+00  4.000e+00 

b:
 1.960e+02  1.970e+02  1.980e+02  2.000e+02 

x:
 1.000e+00  0.000e+00  1.000e+00 -9.770e-15 

./a.out : Task = 9 Res1 = 2.105012e-16 Res2 = 1.905232e-12 T1 = 0.00 T2 = 0.00 S = 2 N = 27 M = 3 P = 2
============================== a.out n=27 m=3 p=3 s=2 ===============
### Run  ./a.out 27 3 3 4 2
A:
 1.000e+00  2.000e+00  3.000e+00  4.000e+00 
 2.000e+00  2.000e+00  3.000e+00  4.000e+00 
 3.000e+00  3.000e+00  3.000e+00  4.000e+00 
 4.000e+00  4.000e+00  4.000e+00  4.000e+00 

b:
 1.960e+02  1.970e+02  1.980e+02  2.000e+02 

x:
 1.000e+00  0.000e+00  1.000e+00 -9.770e-15 

./a.out : Task = 9 Res1 = 1.619240e-16 Res2 = 1.899014e-12 T1 = 0.00 T2 = 0.00 S = 2 N = 27 M = 3 P = 3
============================== a.out n=27 m=3 p=4 s=2 ===============
### Run  ./a.out 27 3 4 4 2
A:
 1.000e+00  2.000e+00  3.000e+00  4.000e+00 
 2.000e+00  2.000e+00  3.000e+00  4.000e+00 
 3.000e+00  3.000e+00  3.000e+00  4.000e+00 
 4.000e+00  4.000e+00  4.000e+00  4.000e+00 

b:
 1.960e+02  1.970e+02  1.980e+02  2.000e+02 

x:
 1.000e+00  0.000e+00  1.000e+00 -9.770e-15 

./a.out : Task = 9 Res1 = 2.105012e-16 Res2 = 1.905232e-12 T1 = 0.00 T2 = 0.00 S = 2 N = 27 M = 3 P = 4
============================== a.out n=27 m=3 p=5 s=2 ===============
### Run  ./a.out 27 3 5 4 2
A:
 1.000e+00  2.000e+00  3.000e+00  4.000e+00 
 2.000e+00  2.000e+00  3.000e+00  4.000e+00 
 3.000e+00  3.000e+00  3.000e+00  4.000e+00 
 4.000e+00  4.000e+00  4.000e+00  4.000e+00 

b:
 1.960e+02  1.970e+02  1.980e+02  2.000e+02 

x:
 1.000e+00  0.000e+00  1.000e+00 -9.770e-15 

./a.out : Task = 9 Res1 = 2.105012e-16 Res2 = 1.905232e-12 T1 = 0.00 T2 = 0.00 S = 2 N = 27 M = 3 P = 5
============================== a.out n=27 m=3 p=6 s=2 ===============
### Run  ./a.out 27 3 6 4 2
A:
 1.000e+00  2.000e+00  3.000e+00  4.000e+00 
 2.000e+00  2.000e+00  3.000e+00  4.000e+00 
 3.000e+00  3.000e+00  3.000e+00  4.000e+00 
 4.000e+00  4.000e+00  4.000e+00  4.000e+00 

b:
 1.960e+02  1.970e+02  1.980e+02  2.000e+02 

x:
 1.000e+00  0.000e+00  1.000e+00 -9.770e-15 

./a.out : Task = 9 Res1 = 2.185974e-16 Res2 = 1.895462e-12 T1 = 0.00 T2 = 0.00 S = 2 N = 27 M = 3 P = 6
============================== a.out n=27 m=3 p=7 s=2 ===============
### Run  ./a.out 27 3 7 4 2
A:
 1.000e+00  2.000e+00  3.000e+00  4.000e+00 
 2.000e+00  2.000e+00  3.000e+00  4.000e+00 
 3.000e+00  3.000e+00  3.000e+00  4.000e+00 
 4.000e+00  4.000e+00  4.000e+00  4.000e+00 

b:
 1.960e+02  1.970e+02  1.980e+02  2.000e+02 

x:
 1.000e+00  0.000e+00  1.000e+00 -9.770e-15 

./a.out : Task = 9 Res1 = 7.772352e-16 Res2 = 1.913225e-12 T1 = 0.00 T2 = 0.00 S = 2 N = 27 M = 3 P = 7
============================== a.out n=27 m=3 p=8 s=2 ===============
### Run  ./a.out 27 3 8 4 2
A:
 1.000e+00  2.000e+00  3.000e+00  4.000e+00 
 2.000e+00  2.000e+00  3.000e+00  4.000e+00 
 3.000e+00  3.000e+00  3.000e+00  4.000e+00 
 4.000e+00  4.000e+00  4.000e+00  4.000e+00 

b:
 1.960e+02  1.970e+02  1.980e+02  2.000e+02 

x:
 1.000e+00  0.000e+00  1.000e+00 -9.770e-15 

./a.out : Task = 9 Res1 = 2.185974e-16 Res2 = 1.902567e-12 T1 = 0.00 T2 = 0.00 S = 2 N = 27 M = 3 P = 8
============================== a.out n=27 m=3 p=9 s=2 ===============
### Run  ./a.out 27 3 9 4 2
A:
 1.000e+00  2.000e+00  3.000e+00  4.000e+00 
 2.000e+00  2.000e+00  3.000e+00  4.000e+00 
 3.000e+00  3.000e+00  3.000e+00  4.000e+00 
 4.000e+00  4.000e+00  4.000e+00  4.000e+00 

b:
 1.960e+02  1.970e+02  1.980e+02  2.000e+02 

x:
 1.000e+00  0.000e+00  1.000e+00 -9.770e-15 

./a.out : Task = 9 Res1 = 2.105012e-16 Res2 = 1.905232e-12 T1 = 0.00 T2 = 0.00 S = 2 N = 27 M = 3 P = 9
============================== a.out n=27 m=3 p=10 s=2 ===============
### Run  ./a.out 27 3 10 4 2
A:
 1.000e+00  2.000e+00  3.000e+00  4.000e+00 
 2.000e+00  2.000e+00  3.000e+00  4.000e+00 
 3.000e+00  3.000e+00  3.000e+00  4.000e+00 
 4.000e+00  4.000e+00  4.000e+00  4.000e+00 

b:
 1.960e+02  1.970e+02  1.980e+02  2.000e+02 

x:
 1.000e+00  0.000e+00  1.000e+00 -9.770e-15 

./a.out : Task = 9 Res1 = 5.586378e-16 Res2 = 1.912337e-12 T1 = 0.00 T2 = 0.00 S = 2 N = 27 M = 3 P = 10
============================== a.out n=27 m=6 p=1 s=2 ===============
### Run  ./a.out 27 6 1 4 2
A:
 1.000e+00  2.000e+00  3.000e+00  4.000e+00 
 2.000e+00  2.000e+00  3.000e+00  4.000e+00 
 3.000e+00  3.000e+00  3.000e+00  4.000e+00 
 4.000e+00  4.000e+00  4.000e+00  4.000e+00 

b:
 1.960e+02  1.970e+02  1.980e+02  2.000e+02 

x:
 1.000e+00  3.997e-15  1.000e+00  3.997e-15 

./a.out : Task = 9 Res1 = 2.266936e-16 Res2 = 2.459255e-12 T1 = 0.00 T2 = 0.00 S = 2 N = 27 M = 6 P = 1
============================== a.out n=27 m=6 p=2 s=2 ===============
### Run  ./a.out 27 6 2 4 2
A:
 1.000e+00  2.000e+00  3.000e+00  4.000e+00 
 2.000e+00  2.000e+00  3.000e+00  4.000e+00 
 3.000e+00  3.000e+00  3.000e+00  4.000e+00 
 4.000e+00  4.000e+00  4.000e+00  4.000e+00 

b:
 1.960e+02  1.970e+02  1.980e+02  2.000e+02 

x:
 1.000e+00  3.997e-15  1.000e+00  3.997e-15 

./a.out : Task = 9 Res1 = 2.428860e-16 Res2 = 2.453926e-12 T1 = 0.00 T2 = 0.00 S = 2 N = 27 M = 6 P = 2
============================== a.out n=27 m=6 p=3 s=2 ===============
### Run  ./a.out 27 6 3 4 2
A:
 1.000e+00  2.000e+00  3.000e+00  4.000e+00 
 2.000e+00  2.000e+00  3.000e+00  4.000e+00 
 3.000e+00  3.000e+00  3.000e+00  4.000e+00 
 4.000e+00  4.000e+00  4.000e+00  4.000e+00 

b:
 1.960e+02  1.970e+02  1.980e+02  2.000e+02 

x:
 1.000e+00  3.997e-15  1.000e+00  3.997e-15 

./a.out : Task = 9 Res1 = 2.995594e-16 Res2 = 2.455702e-12 T1 = 0.00 T2 = 0.00 S = 2 N = 27 M = 6 P = 3
============================== a.out n=27 m=6 p=4 s=2 ===============
### Run  ./a.out 27 6 4 4 2
A:
 1.000e+00  2.000e+00  3.000e+00  4.000e+00 
 2.000e+00  2.000e+00  3.000e+00  4.000e+00 
 3.000e+00  3.000e+00  3.000e+00  4.000e+00 
 4.000e+00  4.000e+00  4.000e+00  4.000e+00 

b:
 1.960e+02  1.970e+02  1.980e+02  2.000e+02 

x:
 1.000e+00  3.997e-15  1.000e+00  3.997e-15 

./a.out : Task = 9 Res1 = 2.266936e-16 Res2 = 2.459255e-12 T1 = 0.00 T2 = 0.00 S = 2 N = 27 M = 6 P = 4
============================== a.out n=27 m=6 p=5 s=2 ===============
### Run  ./a.out 27 6 5 4 2
A:
 1.000e+00  2.000e+00  3.000e+00  4.000e+00 
 2.000e+00  2.000e+00  3.000e+00  4.000e+00 
 3.000e+00  3.000e+00  3.000e+00  4.000e+00 
 4.000e+00  4.000e+00  4.000e+00  4.000e+00 

b:
 1.960e+02  1.970e+02  1.980e+02  2.000e+02 

x:
 1.000e+00  3.997e-15  1.000e+00  3.997e-15 

./a.out : Task = 9 Res1 = 2.428860e-16 Res2 = 2.453926e-12 T1 = 0.00 T2 = 0.00 S = 2 N = 27 M = 6 P = 5
============================== a.out n=27 m=9 p=1 s=2 ===============
### Run  ./a.out 27 9 1 4 2
A:
 1.000e+00  2.000e+00  3.000e+00  4.000e+00 
 2.000e+00  2.000e+00  3.000e+00  4.000e+00 
 3.000e+00  3.000e+00  3.000e+00  4.000e+00 
 4.000e+00  4.000e+00  4.000e+00  4.000e+00 

b:
 1.960e+02  1.970e+02  1.980e+02  2.000e+02 

x:
 1.000e+00  7.994e-14  1.000e+00  0.000e+00 

./a.out : Task = 9 Res1 = 3.238480e-16 Res2 = 1.202976e-12 T1 = 0.00 T2 = 0.00 S = 2 N = 27 M = 9 P = 1
============================== a.out n=27 m=9 p=2 s=2 ===============
### Run  ./a.out 27 9 2 4 2
A:
 1.000e+00  2.000e+00  3.000e+00  4.000e+00 
 2.000e+00  2.000e+00  3.000e+00  4.000e+00 
 3.000e+00  3.000e+00  3.000e+00  4.000e+00 
 4.000e+00  4.000e+00  4.000e+00  4.000e+00 

b:
 1.960e+02  1.970e+02  1.980e+02  2.000e+02 

x:
 1.000e+00  7.994e-14  1.000e+00  0.000e+00 

./a.out : Task = 9 Res1 = 3.238480e-16 Res2 = 1.202976e-12 T1 = 0.00 T2 = 0.00 S = 2 N = 27 M = 9 P = 2
============================== a.out n=27 m=9 p=3 s=2 ===============
### Run  ./a.out 27 9 3 4 2
A:
 1.000e+00  2.000e+00  3.000e+00  4.000e+00 
 2.000e+00  2.000e+00  3.000e+00  4.000e+00 
 3.000e+00  3.000e+00  3.000e+00  4.000e+00 
 4.000e+00  4.000e+00  4.000e+00  4.000e+00 

b:
 1.960e+02  1.970e+02  1.980e+02  2.000e+02 

x:
 1.000e+00  7.994e-14  1.000e+00  0.000e+00 

./a.out : Task = 9 Res1 = 3.238480e-16 Res2 = 1.202976e-12 T1 = 0.00 T2 = 0.00 S = 2 N = 27 M = 9 P = 3
============================== a.out n=27 m=9 p=4 s=2 ===============
### Run  ./a.out 27 9 4 4 2
A:
 1.000e+00  2.000e+00  3.000e+00  4.000e+00 
 2.000e+00  2.000e+00  3.000e+00  4.000e+00 
 3.000e+00  3.000e+00  3.000e+00  4.000e+00 
 4.000e+00  4.000e+00  4.000e+00  4.000e+00 

b:
 1.960e+02  1.970e+02  1.980e+02  2.000e+02 

x:
 1.000e+00  7.994e-14  1.000e+00  0.000e+00 

./a.out : Task = 9 Res1 = 3.238480e-16 Res2 = 1.202976e-12 T1 = 0.00 T2 = 0.00 S = 2 N = 27 M = 9 P = 4
============================== a.out n=27 m=12 p=1 s=2 ===============
### Run  ./a.out 27 12 1 4 2
A:
 1.000e+00  2.000e+00  3.000e+00  4.000e+00 
 2.000e+00  2.000e+00  3.000e+00  4.000e+00 
 3.000e+00  3.000e+00  3.000e+00  4.000e+00 
 4.000e+00  4.000e+00  4.000e+00  4.000e+00 

b:
 1.960e+02  1.970e+02  1.980e+02  2.000e+02 

x:
 1.000e+00 -1.279e-13  1.000e+00 -6.395e-14 

./a.out : Task = 9 Res1 = 6.760327e-16 Res2 = 2.672196e-12 T1 = 0.00 T2 = 0.00 S = 2 N = 27 M = 12 P = 1
============================== a.out n=27 m=12 p=2 s=2 ===============
### Run  ./a.out 27 12 2 4 2
A:
 1.000e+00  2.000e+00  3.000e+00  4.000e+00 
 2.000e+00  2.000e+00  3.000e+00  4.000e+00 
 3.000e+00  3.000e+00  3.000e+00  4.000e+00 
 4.000e+00  4.000e+00  4.000e+00  4.000e+00 

b:
 1.960e+02  1.970e+02  1.980e+02  2.000e+02 

x:
 1.000e+00 -1.279e-13  1.000e+00 -6.395e-14 

./a.out : Task = 9 Res1 = 6.760327e-16 Res2 = 2.672196e-12 T1 = 0.00 T2 = 0.00 S = 2 N = 27 M = 12 P = 2
============================== a.out n=27 m=12 p=3 s=2 ===============
### Run  ./a.out 27 12 3 4 2
A:
 1.000e+00  2.000e+00  3.000e+00  4.000e+00 
 2.000e+00  2.000e+00  3.000e+00  4.000e+00 
 3.000e+00  3.000e+00  3.000e+00  4.000e+00 
 4.000e+00  4.000e+00  4.000e+00  4.000e+00 

b:
 1.960e+02  1.970e+02  1.980e+02  2.000e+02 

x:
 1.000e+00 -1.279e-13  1.000e+00 -6.395e-14 

./a.out : Task = 9 Res1 = 6.760327e-16 Res2 = 2.672196e-12 T1 = 0.00 T2 = 0.00 S = 2 N = 27 M = 12 P = 3
============================== a.out n=27 m=15 p=1 s=2 ===============
### Run  ./a.out 27 15 1 4 2
A:
 1.000e+00  2.000e+00  3.000e+00  4.000e+00 
 2.000e+00  2.000e+00  3.000e+00  4.000e+00 
 3.000e+00  3.000e+00  3.000e+00  4.000e+00 
 4.000e+00  4.000e+00  4.000e+00  4.000e+00 

b:
 1.960e+02  1.970e+02  1.980e+02  2.000e+02 

x:
 1.000e+00  0.000e+00  1.000e+00  0.000e+00 

./a.out : Task = 9 Res1 = 6.315036e-16 Res2 = 1.664424e-12 T1 = 0.00 T2 = 0.00 S = 2 N = 27 M = 15 P = 1
============================== a.out n=27 m=15 p=2 s=2 ===============
### Run  ./a.out 27 15 2 4 2
A:
 1.000e+00  2.000e+00  3.000e+00  4.000e+00 
 2.000e+00  2.000e+00  3.000e+00  4.000e+00 
 3.000e+00  3.000e+00  3.000e+00  4.000e+00 
 4.000e+00  4.000e+00  4.000e+00  4.000e+00 

b:
 1.960e+02  1.970e+02  1.980e+02  2.000e+02 

x:
 1.000e+00  0.000e+00  1.000e+00  0.000e+00 

./a.out : Task = 9 Res1 = 6.315036e-16 Res2 = 1.664424e-12 T1 = 0.00 T2 = 0.00 S = 2 N = 27 M = 15 P = 2
============================== a.out n=27 m=18 p=1 s=2 ===============
### Run  ./a.out 27 18 1 4 2
A:
 1.000e+00  2.000e+00  3.000e+00  4.000e+00 
 2.000e+00  2.000e+00  3.000e+00  4.000e+00 
 3.000e+00  3.000e+00  3.000e+00  4.000e+00 
 4.000e+00  4.000e+00  4.000e+00  4.000e+00 

b:
 1.960e+02  1.970e+02  1.980e+02  2.000e+02 

x:
 1.000e+00 -2.878e-13  1.000e+00 -2.878e-13 

./a.out : Task = 9 Res1 = 9.189187e-16 Res2 = 3.165295e-12 T1 = 0.00 T2 = 0.00 S = 2 N = 27 M = 18 P = 1
============================== a.out n=27 m=18 p=2 s=2 ===============
### Run  ./a.out 27 18 2 4 2
A:
 1.000e+00  2.000e+00  3.000e+00  4.000e+00 
 2.000e+00  2.000e+00  3.000e+00  4.000e+00 
 3.000e+00  3.000e+00  3.000e+00  4.000e+00 
 4.000e+00  4.000e+00  4.000e+00  4.000e+00 

b:
 1.960e+02  1.970e+02  1.980e+02  2.000e+02 

x:
 1.000e+00 -2.878e-13  1.000e+00 -2.878e-13 

./a.out : Task = 9 Res1 = 9.189187e-16 Res2 = 3.165295e-12 T1 = 0.00 T2 = 0.00 S = 2 N = 27 M = 18 P = 2
============================== a.out n=27 m=21 p=1 s=2 ===============
### Run  ./a.out 27 21 1 4 2
A:
 1.000e+00  2.000e+00  3.000e+00  4.000e+00 
 2.000e+00  2.000e+00  3.000e+00  4.000e+00 
 3.000e+00  3.000e+00  3.000e+00  4.000e+00 
 4.000e+00  4.000e+00  4.000e+00  4.000e+00 

b:
 1.960e+02  1.970e+02  1.980e+02  2.000e+02 

x:
 1.000e+00  0.000e+00  1.000e+00  0.000e+00 

./a.out : Task = 9 Res1 = 1.817597e-15 Res2 = 4.367316e-12 T1 = 0.00 T2 = 0.00 S = 2 N = 27 M = 21 P = 1
============================== a.out n=27 m=21 p=2 s=2 ===============
### Run  ./a.out 27 21 2 4 2
A:
 1.000e+00  2.000e+00  3.000e+00  4.000e+00 
 2.000e+00  2.000e+00  3.000e+00  4.000e+00 
 3.000e+00  3.000e+00  3.000e+00  4.000e+00 
 4.000e+00  4.000e+00  4.000e+00  4.000e+00 

b:
 1.960e+02  1.970e+02  1.980e+02  2.000e+02 

x:
 1.000e+00  0.000e+00  1.000e+00  0.000e+00 

./a.out : Task = 9 Res1 = 1.817597e-15 Res2 = 4.367316e-12 T1 = 0.00 T2 = 0.00 S = 2 N = 27 M = 21 P = 2
============================== a.out n=27 m=24 p=1 s=2 ===============
### Run  ./a.out 27 24 1 4 2
A:
 1.000e+00  2.000e+00  3.000e+00  4.000e+00 
 2.000e+00  2.000e+00  3.000e+00  4.000e+00 
 3.000e+00  3.000e+00  3.000e+00  4.000e+00 
 4.000e+00  4.000e+00  4.000e+00  4.000e+00 

b:
 1.960e+02  1.970e+02  1.980e+02  2.000e+02 

x:
 1.000e+00 -1.023e-12  1.000e+00  2.046e-12 

./a.out : Task = 9 Res1 = 2.060483e-15 Res2 = 1.674039e-11 T1 = 0.00 T2 = 0.00 S = 2 N = 27 M = 24 P = 1
============================== a.out n=27 m=24 p=2 s=2 ===============
### Run  ./a.out 27 24 2 4 2
A:
 1.000e+00  2.000e+00  3.000e+00  4.000e+00 
 2.000e+00  2.000e+00  3.000e+00  4.000e+00 
 3.000e+00  3.000e+00  3.000e+00  4.000e+00 
 4.000e+00  4.000e+00  4.000e+00  4.000e+00 

b:
 1.960e+02  1.970e+02  1.980e+02  2.000e+02 

x:
 1.000e+00 -1.023e-12  1.000e+00  2.046e-12 

./a.out : Task = 9 Res1 = 2.060483e-15 Res2 = 1.674039e-11 T1 = 0.00 T2 = 0.00 S = 2 N = 27 M = 24 P = 2
============================== a.out n=27 m=27 p=1 s=2 ===============
### Run  ./a.out 27 27 1 4 2
A:
 1.000e+00  2.000e+00  3.000e+00  4.000e+00 
 2.000e+00  2.000e+00  3.000e+00  4.000e+00 
 3.000e+00  3.000e+00  3.000e+00  4.000e+00 
 4.000e+00  4.000e+00  4.000e+00  4.000e+00 

b:
 1.960e+02  1.970e+02  1.980e+02  2.000e+02 

x:
 1.000e+00 -1.343e-12  1.000e+00  1.343e-12 

./a.out : Task = 9 Res1 = 1.020121e-15 Res2 = 2.014389e-11 T1 = 0.00 T2 = 0.00 S = 2 N = 27 M = 27 P = 1
============================== a.out n=27 m=27 p=2 s=2 ===============
### Run  ./a.out 27 27 2 4 2
A:
 1.000e+00  2.000e+00  3.000e+00  4.000e+00 
 2.000e+00  2.000e+00  3.000e+00  4.000e+00 
 3.000e+00  3.000e+00  3.000e+00  4.000e+00 
 4.000e+00  4.000e+00  4.000e+00  4.000e+00 

b:
 1.960e+02  1.970e+02  1.980e+02  2.000e+02 

x:
 1.000e+00 -1.343e-12  1.000e+00  1.343e-12 

./a.out : Task = 9 Res1 = 1.020121e-15 Res2 = 2.014389e-11 T1 = 0.00 T2 = 0.00 S = 2 N = 27 M = 27 P = 2
============================== a.out n=28 m=3 p=1 s=2 ===============
### Run  ./a.out 28 3 1 4 2
A:
 1.000e+00  2.000e+00  3.000e+00  4.000e+00 
 2.000e+00  2.000e+00  3.000e+00  4.000e+00 
 3.000e+00  3.000e+00  3.000e+00  4.000e+00 
 4.000e+00  4.000e+00  4.000e+00  4.000e+00 

b:
 1.960e+02  1.970e+02  1.980e+02  2.000e+02 

x:
 1.000e+00  0.000e+00  1.000e+00 -9.770e-15 

./a.out : Task = 9 Res1 = 2.913867e-16 Res2 = 2.051813e-12 T1 = 0.00 T2 = 0.00 S = 2 N = 28 M = 3 P = 1
============================== a.out n=28 m=3 p=2 s=2 ===============
### Run  ./a.out 28 3 2 4 2
A:
 1.000e+00  2.000e+00  3.000e+00  4.000e+00 
 2.000e+00  2.000e+00  3.000e+00  4.000e+00 
 3.000e+00  3.000e+00  3.000e+00  4.000e+00 
 4.000e+00  4.000e+00  4.000e+00  4.000e+00 

b:
 1.960e+02  1.970e+02  1.980e+02  2.000e+02 

x:
 1.000e+00  0.000e+00  1.000e+00 -9.770e-15 

./a.out : Task = 9 Res1 = 2.070379e-16 Res2 = 2.045151e-12 T1 = 0.00 T2 = 0.00 S = 2 N = 28 M = 3 P = 2
============================== a.out n=28 m=3 p=3 s=2 ===============
### Run  ./a.out 28 3 3 4 2
A:
 1.000e+00  2.000e+00  3.000e+00  4.000e+00 
 2.000e+00  2.000e+00  3.000e+00  4.000e+00 
 3.000e+00  3.000e+00  3.000e+00  4.000e+00 
 4.000e+00  4.000e+00  4.000e+00  4.000e+00 

b:
 1.960e+02  1.970e+02  1.980e+02  2.000e+02 

x:
 1.000e+00  0.000e+00  1.000e+00 -9.770e-15 

./a.out : Task = 9 Res1 = 2.607145e-16 Res2 = 2.042931e-12 T1 = 0.00 T2 = 0.00 S = 2 N = 28 M = 3 P = 3
============================== a.out n=28 m=3 p=4 s=2 ===============
### Run  ./a.out 28 3 4 4 2
A:
 1.000e+00  2.000e+00  3.000e+00  4.000e+00 
 2.000e+00  2.000e+00  3.000e+00  4.000e+00 
 3.000e+00  3.000e+00  3.000e+00  4.000e+00 
 4.000e+00  4.000e+00  4.000e+00  4.000e+00 

b:
 1.960e+02  1.970e+02  1.980e+02  2.000e+02 

x:
 1.000e+00  0.000e+00  1.000e+00 -9.770e-15 

./a.out : Task = 9 Res1 = 2.223741e-16 Res2 = 2.047372e-12 T1 = 0.00 T2 = 0.00 S = 2 N = 28 M = 3 P = 4
============================== a.out n=28 m=3 p=5 s=2 ===============
### Run  ./a.out 28 3 5 4 2
A:
 1.000e+00  2.000e+00  3.000e+00  4.000e+00 
 2.000e+00  2.000e+00  3.000e+00  4.000e+00 
 3.000e+00  3.000e+00  3.000e+00  4.000e+00 
 4.000e+00  4.000e+00  4.000e+00  4.000e+00 

b:
 1.960e+02  1.970e+02  1.980e+02  2.000e+02 

x:
 1.000e+00  0.000e+00  1.000e+00 -9.770e-15 

./a.out : Task = 9 Res1 = 2.607145e-16 Res2 = 2.042931e-12 T1 = 0.00 T2 = 0.00 S = 2 N = 28 M = 3 P = 5
============================== a.out n=28 m=3 p=6 s=2 ===============
### Run  ./a.out 28 3 6 4 2
A:
 1.000e+00  2.000e+00  3.000e+00  4.000e+00 
 2.000e+00  2.000e+00  3.000e+00  4.000e+00 
 3.000e+00  3.000e+00  3.000e+00  4.000e+00 
 4.000e+00  4.000e+00  4.000e+00  4.000e+00 

b:
 1.960e+02  1.970e+02  1.980e+02  2.000e+02 

x:
 1.000e+00  0.000e+00  1.000e+00 -9.770e-15 

./a.out : Task = 9 Res1 = 1.533614e-16 Res2 = 2.043819e-12 T1 = 0.00 T2 = 0.00 S = 2 N = 28 M = 3 P = 6
============================== a.out n=28 m=3 p=7 s=2 ===============
### Run  ./a.out 28 3 7 4 2
A:
 1.000e+00  2.000e+00  3.000e+00  4.000e+00 
 2.000e+00  2.000e+00  3.000e+00  4.000e+00 
 3.000e+00  3.000e+00  3.000e+00  4.000e+00 
 4.000e+00  4.000e+00  4.000e+00  4.000e+00 

b:
 1.960e+02  1.970e+02  1.980e+02  2.000e+02 

x:
 1.000e+00  0.000e+00  1.000e+00 -9.770e-15 

./a.out : Task = 9 Res1 = 2.223741e-16 Res2 = 2.040710e-12 T1 = 0.00 T2 = 0.00 S = 2 N = 28 M = 3 P = 7
============================== a.out n=28 m=3 p=8 s=2 ===============
### Run  ./a.out 28 3 8 4 2
A:
 1.000e+00  2.000e+00  3.000e+00  4.000e+00 
 2.000e+00  2.000e+00  3.000e+00  4.000e+00 
 3.000e+00  3.000e+00  3.000e+00  4.000e+00 
 4.000e+00  4.000e+00  4.000e+00  4.000e+00 

b:
 1.960e+02  1.970e+02  1.980e+02  2.000e+02 

x:
 1.000e+00  0.000e+00  1.000e+00 -9.770e-15 

./a.out : Task = 9 Res1 = 1.763657e-16 Res2 = 2.047816e-12 T1 = 0.00 T2 = 0.00 S = 2 N = 28 M = 3 P = 8
============================== a.out n=28 m=3 p=9 s=2 ===============
### Run  ./a.out 28 3 9 4 2
A:
 1.000e+00  2.000e+00  3.000e+00  4.000e+00 
 2.000e+00  2.000e+00  3.000e+00  4.000e+00 
 3.000e+00  3.000e+00  3.000e+00  4.000e+00 
 4.000e+00  4.000e+00  4.000e+00  4.000e+00 

b:
 1.960e+02  1.970e+02  1.980e+02  2.000e+02 

x:
 1.000e+00  0.000e+00  1.000e+00 -9.770e-15 

./a.out : Task = 9 Res1 = 2.147060e-16 Res2 = 2.050036e-12 T1 = 0.00 T2 = 0.00 S = 2 N = 28 M = 3 P = 9
============================== a.out n=28 m=3 p=10 s=2 ===============
### Run  ./a.out 28 3 10 4 2
A:
 1.000e+00  2.000e+00  3.000e+00  4.000e+00 
 2.000e+00  2.000e+00  3.000e+00  4.000e+00 
 3.000e+00  3.000e+00  3.000e+00  4.000e+00 
 4.000e+00  4.000e+00  4.000e+00  4.000e+00 

b:
 1.960e+02  1.970e+02  1.980e+02  2.000e+02 

x:
 1.000e+00  0.000e+00  1.000e+00 -9.770e-15 

./a.out : Task = 9 Res1 = 1.763657e-16 Res2 = 2.045595e-12 T1 = 0.00 T2 = 0.00 S = 2 N = 28 M = 3 P = 10
============================== a.out n=28 m=6 p=1 s=2 ===============
### Run  ./a.out 28 6 1 4 2
A:
 1.000e+00  2.000e+00  3.000e+00  4.000e+00 
 2.000e+00  2.000e+00  3.000e+00  4.000e+00 
 3.000e+00  3.000e+00  3.000e+00  4.000e+00 
 4.000e+00  4.000e+00  4.000e+00  4.000e+00 

b:
 1.960e+02  1.970e+02  1.980e+02  2.000e+02 

x:
 1.000e+00  3.997e-15  1.000e+00  3.997e-15 

./a.out : Task = 9 Res1 = 2.262081e-16 Res2 = 2.458441e-12 T1 = 0.00 T2 = 0.00 S = 2 N = 28 M = 6 P = 1
============================== a.out n=28 m=6 p=2 s=2 ===============
### Run  ./a.out 28 6 2 4 2
A:
 1.000e+00  2.000e+00  3.000e+00  4.000e+00 
 2.000e+00  2.000e+00  3.000e+00  4.000e+00 
 3.000e+00  3.000e+00  3.000e+00  4.000e+00 
 4.000e+00  4.000e+00  4.000e+00  4.000e+00 

b:
 1.960e+02  1.970e+02  1.980e+02  2.000e+02 

x:
 1.000e+00  3.997e-15  1.000e+00  3.997e-15 

./a.out : Task = 9 Res1 = 2.262081e-16 Res2 = 2.458441e-12 T1 = 0.00 T2 = 0.00 S = 2 N = 28 M = 6 P = 2
============================== a.out n=28 m=6 p=3 s=2 ===============
### Run  ./a.out 28 6 3 4 2
A:
 1.000e+00  2.000e+00  3.000e+00  4.000e+00 
 2.000e+00  2.000e+00  3.000e+00  4.000e+00 
 3.000e+00  3.000e+00  3.000e+00  4.000e+00 
 4.000e+00  4.000e+00  4.000e+00  4.000e+00 

b:
 1.960e+02  1.970e+02  1.980e+02  2.000e+02 

x:
 1.000e+00  3.997e-15  1.000e+00  3.997e-15 

./a.out : Task = 9 Res1 = 2.108720e-16 Res2 = 2.463770e-12 T1 = 0.00 T2 = 0.00 S = 2 N = 28 M = 6 P = 3
============================== a.out n=28 m=6 p=4 s=2 ===============
### Run  ./a.out 28 6 4 4 2
A:
 1.000e+00  2.000e+00  3.000e+00  4.000e+00 
 2.000e+00  2.000e+00  3.000e+00  4.000e+00 
 3.000e+00  3.000e+00  3.000e+00  4.000e+00 
 4.000e+00  4.000e+00  4.000e+00  4.000e+00 

b:
 1.960e+02  1.970e+02  1.980e+02  2.000e+02 

x:
 1.000e+00  3.997e-15  1.000e+00  3.997e-15 

./a.out : Task = 9 Res1 = 2.262081e-16 Res2 = 2.458441e-12 T1 = 0.00 T2 = 0.00 S = 2 N = 28 M = 6 P = 4
============================== a.out n=28 m=6 p=5 s=2 ===============
### Run  ./a.out 28 6 5 4 2
A:
 1.000e+00  2.000e+00  3.000e+00  4.000e+00 
 2.000e+00  2.000e+00  3.000e+00  4.000e+00 
 3.000e+00  3.000e+00  3.000e+00  4.000e+00 
 4.000e+00  4.000e+00  4.000e+00  4.000e+00 

b:
 1.960e+02  1.970e+02  1.980e+02  2.000e+02 

x:
 1.000e+00  3.997e-15  1.000e+00  3.997e-15 

./a.out : Task = 9 Res1 = 2.262081e-16 Res2 = 2.458441e-12 T1 = 0.00 T2 = 0.00 S = 2 N = 28 M = 6 P = 5
============================== a.out n=28 m=9 p=1 s=2 ===============
### Run  ./a.out 28 9 1 4 2
A:
 1.000e+00  2.000e+00  3.000e+00  4.000e+00 
 2.000e+00  2.000e+00  3.000e+00  4.000e+00 
 3.000e+00  3.000e+00  3.000e+00  4.000e+00 
 4.000e+00  4.000e+00  4.000e+00  4.000e+00 

b:
 1.960e+02  1.970e+02  1.980e+02  2.000e+02 

x:
 1.000e+00  7.994e-14  1.000e+00  0.000e+00 

./a.out : Task = 9 Res1 = 2.798846e-16 Res2 = 1.383657e-12 T1 = 0.00 T2 = 0.00 S = 2 N = 28 M = 9 P = 1
============================== a.out n=28 m=9 p=2 s=2 ===============
### Run  ./a.out 28 9 2 4 2
A:
 1.000e+00  2.000e+00  3.000e+00  4.000e+00 
 2.000e+00  2.000e+00  3.000e+00  4.000e+00 
 3.000e+00  3.000e+00  3.000e+00  4.000e+00 
 4.000e+00  4.000e+00  4.000e+00  4.000e+00 

b:
 1.960e+02  1.970e+02  1.980e+02  2.000e+02 

x:
 1.000e+00  7.994e-14  1.000e+00  0.000e+00 

./a.out : Task = 9 Res1 = 2.798846e-16 Res2 = 1.383657e-12 T1 = 0.00 T2 = 0.00 S = 2 N = 28 M = 9 P = 2
============================== a.out n=28 m=9 p=3 s=2 ===============
### Run  ./a.out 28 9 3 4 2
A:
 1.000e+00  2.000e+00  3.000e+00  4.000e+00 
 2.000e+00  2.000e+00  3.000e+00  4.000e+00 
 3.000e+00  3.000e+00  3.000e+00  4.000e+00 
 4.000e+00  4.000e+00  4.000e+00  4.000e+00 

b:
 1.960e+02  1.970e+02  1.980e+02  2.000e+02 

x:
 1.000e+00  7.994e-14  1.000e+00  0.000e+00 

./a.out : Task = 9 Res1 = 2.798846e-16 Res2 = 1.383657e-12 T1 = 0.00 T2 = 0.00 S = 2 N = 28 M = 9 P = 3
============================== a.out n=28 m=9 p=4 s=2 ===============
### Run  ./a.out 28 9 4 4 2
A:
 1.000e+00  2.000e+00  3.000e+00  4.000e+00 
 2.000e+00  2.000e+00  3.000e+00  4.000e+00 
 3.000e+00  3.000e+00  3.000e+00  4.000e+00 
 4.000e+00  4.000e+00  4.000e+00  4.000e+00 

b:
 1.960e+02  1.970e+02  1.980e+02  2.000e+02 

x:
 1.000e+00  7.994e-14  1.000e+00  0.000e+00 

./a.out : Task = 9 Res1 = 2.798846e-16 Res2 = 1.383657e-12 T1 = 0.00 T2 = 0.00 S = 2 N = 28 M = 9 P = 4
============================== a.out n=28 m=12 p=1 s=2 ===============
### Run  ./a.out 28 12 1 4 2
A:
 1.000e+00  2.000e+00  3.000e+00  4.000e+00 
 2.000e+00  2.000e+00  3.000e+00  4.000e+00 
 3.000e+00  3.000e+00  3.000e+00  4.000e+00 
 4.000e+00  4.000e+00  4.000e+00  4.000e+00 

b:
 1.960e+02  1.970e+02  1.980e+02  2.000e+02 

x:
 1.000e+00 -1.279e-13  1.000e+00 -6.395e-14 

./a.out : Task = 9 Res1 = 6.786244e-16 Res2 = 2.722452e-12 T1 = 0.00 T2 = 0.00 S = 2 N = 28 M = 12 P = 1
============================== a.out n=28 m=12 p=2 s=2 ===============
### Run  ./a.out 28 12 2 4 2
A:
 1.000e+00  2.000e+00  3.000e+00  4.000e+00 
 2.000e+00  2.000e+00  3.000e+00  4.000e+00 
 3.000e+00  3.000e+00  3.000e+00  4.000e+00 
 4.000e+00  4.000e+00  4.000e+00  4.000e+00 

b:
 1.960e+02  1.970e+02  1.980e+02  2.000e+02 

x:
 1.000e+00 -1.279e-13  1.000e+00 -6.395e-14 

./a.out : Task = 9 Res1 = 6.786244e-16 Res2 = 2.722452e-12 T1 = 0.00 T2 = 0.00 S = 2 N = 28 M = 12 P = 2
============================== a.out n=28 m=12 p=3 s=2 ===============
### Run  ./a.out 28 12 3 4 2
A:
 1.000e+00  2.000e+00  3.000e+00  4.000e+00 
 2.000e+00  2.000e+00  3.000e+00  4.000e+00 
 3.000e+00  3.000e+00  3.000e+00  4.000e+00 
 4.000e+00  4.000e+00  4.000e+00  4.000e+00 

b:
 1.960e+02  1.970e+02  1.980e+02  2.000e+02 

x:
 1.000e+00 -1.279e-13  1.000e+00 -6.395e-14 

./a.out : Task = 9 Res1 = 6.786244e-16 Res2 = 2.722452e-12 T1 = 0.00 T2 = 0.00 S = 2 N = 28 M = 12 P = 3
============================== a.out n=28 m=15 p=1 s=2 ===============
### Run  ./a.out 28 15 1 4 2
A:
 1.000e+00  2.000e+00  3.000e+00  4.000e+00 
 2.000e+00  2.000e+00  3.000e+00  4.000e+00 
 3.000e+00  3.000e+00  3.000e+00  4.000e+00 
 4.000e+00  4.000e+00  4.000e+00  4.000e+00 

b:
 1.960e+02  1.970e+02  1.980e+02  2.000e+02 

x:
 1.000e+00  0.000e+00  1.000e+00  0.000e+00 

./a.out : Task = 9 Res1 = 5.482672e-16 Res2 = 1.404299e-12 T1 = 0.00 T2 = 0.00 S = 2 N = 28 M = 15 P = 1
============================== a.out n=28 m=15 p=2 s=2 ===============
### Run  ./a.out 28 15 2 4 2
A:
 1.000e+00  2.000e+00  3.000e+00  4.000e+00 
 2.000e+00  2.000e+00  3.000e+00  4.000e+00 
 3.000e+00  3.000e+00  3.000e+00  4.000e+00 
 4.000e+00  4.000e+00  4.000e+00  4.000e+00 

b:
 1.960e+02  1.970e+02  1.980e+02  2.000e+02 

x:
 1.000e+00  0.000e+00  1.000e+00  0.000e+00 

./a.out : Task = 9 Res1 = 5.482672e-16 Res2 = 1.404299e-12 T1 = 0.00 T2 = 0.00 S = 2 N = 28 M = 15 P = 2
============================== a.out n=28 m=18 p=1 s=2 ===============
### Run  ./a.out 28 18 1 4 2
A:
 1.000e+00  2.000e+00  3.000e+00  4.000e+00 
 2.000e+00  2.000e+00  3.000e+00  4.000e+00 
 3.000e+00  3.000e+00  3.000e+00  4.000e+00 
 4.000e+00  4.000e+00  4.000e+00  4.000e+00 

b:
 1.960e+02  1.970e+02  1.980e+02  2.000e+02 

x:
 1.000e+00 -2.878e-13  1.000e+00 -2.878e-13 

./a.out : Task = 9 Res1 = 8.933304e-16 Res2 = 3.317100e-12 T1 = 0.00 T2 = 0.00 S = 2 N = 28 M = 18 P = 1
============================== a.out n=28 m=18 p=2 s=2 ===============
### Run  ./a.out 28 18 2 4 2
A:
 1.000e+00  2.000e+00  3.000e+00  4.000e+00 
 2.000e+00  2.000e+00  3.000e+00  4.000e+00 
 3.000e+00  3.000e+00  3.000e+00  4.000e+00 
 4.000e+00  4.000e+00  4.000e+00  4.000e+00 

b:
 1.960e+02  1.970e+02  1.980e+02  2.000e+02 

x:
 1.000e+00 -2.878e-13  1.000e+00 -2.878e-13 

./a.out : Task = 9 Res1 = 8.933304e-16 Res2 = 3.317100e-12 T1 = 0.00 T2 = 0.00 S = 2 N = 28 M = 18 P = 2
============================== a.out n=28 m=21 p=1 s=2 ===============
### Run  ./a.out 28 21 1 4 2
A:
 1.000e+00  2.000e+00  3.000e+00  4.000e+00 
 2.000e+00  2.000e+00  3.000e+00  4.000e+00 
 3.000e+00  3.000e+00  3.000e+00  4.000e+00 
 4.000e+00  4.000e+00  4.000e+00  4.000e+00 

b:
 1.960e+02  1.970e+02  1.980e+02  2.000e+02 

x:
 1.000e+00  0.000e+00  1.000e+00  0.000e+00 

./a.out : Task = 9 Res1 = 1.748320e-15 Res2 = 4.378609e-12 T1 = 0.00 T2 = 0.00 S = 2 N = 28 M = 21 P = 1
============================== a.out n=28 m=21 p=2 s=2 ===============
### Run  ./a.out 28 21 2 4 2
A:
 1.000e+00  2.000e+00  3.000e+00  4.000e+00 
 2.000e+00  2.000e+00  3.000e+00  4.000e+00 
 3.000e+00  3.000e+00  3.000e+00  4.000e+00 
 4.000e+00  4.000e+00  4.000e+00  4.000e+00 

b:
 1.960e+02  1.970e+02  1.980e+02  2.000e+02 

x:
 1.000e+00  0.000e+00  1.000e+00  0.000e+00 

./a.out : Task = 9 Res1 = 1.748320e-15 Res2 = 4.378609e-12 T1 = 0.00 T2 = 0.00 S = 2 N = 28 M = 21 P = 2
============================== a.out n=28 m=24 p=1 s=2 ===============
### Run  ./a.out 28 24 1 4 2
A:
 1.000e+00  2.000e+00  3.000e+00  4.000e+00 
 2.000e+00  2.000e+00  3.000e+00  4.000e+00 
 3.000e+00  3.000e+00  3.000e+00  4.000e+00 
 4.000e+00  4.000e+00  4.000e+00  4.000e+00 

b:
 1.960e+02  1.970e+02  1.980e+02  2.000e+02 

x:
 1.000e+00 -1.023e-12  1.000e+00  2.046e-12 

./a.out : Task = 9 Res1 = 1.871010e-15 Res2 = 1.685063e-11 T1 = 0.00 T2 = 0.00 S = 2 N = 28 M = 24 P = 1
============================== a.out n=28 m=24 p=2 s=2 ===============
### Run  ./a.out 28 24 2 4 2
A:
 1.000e+00  2.000e+00  3.000e+00  4.000e+00 
 2.000e+00  2.000e+00  3.000e+00  4.000e+00 
 3.000e+00  3.000e+00  3.000e+00  4.000e+00 
 4.000e+00  4.000e+00  4.000e+00  4.000e+00 

b:
 1.960e+02  1.970e+02  1.980e+02  2.000e+02 

x:
 1.000e+00 -1.023e-12  1.000e+00  2.046e-12 

./a.out : Task = 9 Res1 = 1.871010e-15 Res2 = 1.685063e-11 T1 = 0.00 T2 = 0.00 S = 2 N = 28 M = 24 P = 2
============================== a.out n=28 m=27 p=1 s=2 ===============
### Run  ./a.out 28 27 1 4 2
A:
 1.000e+00  2.000e+00  3.000e+00  4.000e+00 
 2.000e+00  2.000e+00  3.000e+00  4.000e+00 
 3.000e+00  3.000e+00  3.000e+00  4.000e+00 
 4.000e+00  4.000e+00  4.000e+00  4.000e+00 

b:
 1.960e+02  1.970e+02  1.980e+02  2.000e+02 

x:
 1.000e+00 -1.343e-12  1.000e+00  1.343e-12 

./a.out : Task = 9 Res1 = 9.661771e-16 Res2 = 2.014389e-11 T1 = 0.00 T2 = 0.00 S = 2 N = 28 M = 27 P = 1
============================== a.out n=28 m=27 p=2 s=2 ===============
### Run  ./a.out 28 27 2 4 2
A:
 1.000e+00  2.000e+00  3.000e+00  4.000e+00 
 2.000e+00  2.000e+00  3.000e+00  4.000e+00 
 3.000e+00  3.000e+00  3.000e+00  4.000e+00 
 4.000e+00  4.000e+00  4.000e+00  4.000e+00 

b:
 1.960e+02  1.970e+02  1.980e+02  2.000e+02 

x:
 1.000e+00 -1.343e-12  1.000e+00  1.343e-12 

./a.out : Task = 9 Res1 = 9.661771e-16 Res2 = 2.014389e-11 T1 = 0.00 T2 = 0.00 S = 2 N = 28 M = 27 P = 2
============================== a.out n=29 m=3 p=1 s=2 ===============
### Run  ./a.out 29 3 1 4 2
A:
 1.000e+00  2.000e+00  3.000e+00  4.000e+00 
 2.000e+00  2.000e+00  3.000e+00  4.000e+00 
 3.000e+00  3.000e+00  3.000e+00  4.000e+00 
 4.000e+00  4.000e+00  4.000e+00  4.000e+00 

b:
 2.250e+02  2.260e+02  2.270e+02  2.290e+02 

x:
 1.000e+00  0.000e+00  1.000e+00  6.128e-14 

./a.out : Task = 9 Res1 = 4.726012e-16 Res2 = 2.027734e-12 T1 = 0.00 T2 = 0.00 S = 2 N = 29 M = 3 P = 1
============================== a.out n=29 m=3 p=2 s=2 ===============
### Run  ./a.out 29 3 2 4 2
A:
 1.000e+00  2.000e+00  3.000e+00  4.000e+00 
 2.000e+00  2.000e+00  3.000e+00  4.000e+00 
 3.000e+00  3.000e+00  3.000e+00  4.000e+00 
 4.000e+00  4.000e+00  4.000e+00  4.000e+00 

b:
 2.250e+02  2.260e+02  2.270e+02  2.290e+02 

x:
 1.000e+00  0.000e+00  1.000e+00  6.128e-14 

./a.out : Task = 9 Res1 = 1.444059e-16 Res2 = 2.048162e-12 T1 = 0.00 T2 = 0.00 S = 2 N = 29 M = 3 P = 2
============================== a.out n=29 m=3 p=3 s=2 ===============
### Run  ./a.out 29 3 3 4 2
A:
 1.000e+00  2.000e+00  3.000e+00  4.000e+00 
 2.000e+00  2.000e+00  3.000e+00  4.000e+00 
 3.000e+00  3.000e+00  3.000e+00  4.000e+00 
 4.000e+00  4.000e+00  4.000e+00  4.000e+00 

b:
 2.250e+02  2.260e+02  2.270e+02  2.290e+02 

x:
 1.000e+00  0.000e+00  1.000e+00  6.128e-14 

./a.out : Task = 9 Res1 = 4.726012e-16 Res2 = 2.027734e-12 T1 = 0.00 T2 = 0.00 S = 2 N = 29 M = 3 P = 3
============================== a.out n=29 m=3 p=4 s=2 ===============
### Run  ./a.out 29 3 4 4 2
A:
 1.000e+00  2.000e+00  3.000e+00  4.000e+00 
 2.000e+00  2.000e+00  3.000e+00  4.000e+00 
 3.000e+00  3.000e+00  3.000e+00  4.000e+00 
 4.000e+00  4.000e+00  4.000e+00  4.000e+00 

b:
 2.250e+02  2.260e+02  2.270e+02  2.290e+02 

x:
 1.000e+00  0.000e+00  1.000e+00  6.128e-14 

./a.out : Task = 9 Res1 = 5.119846e-16 Res2 = 2.025069e-12 T1 = 0.00 T2 = 0.00 S = 2 N = 29 M = 3 P = 4
============================== a.out n=29 m=3 p=5 s=2 ===============
### Run  ./a.out 29 3 5 4 2
A:
 1.000e+00  2.000e+00  3.000e+00  4.000e+00 
 2.000e+00  2.000e+00  3.000e+00  4.000e+00 
 3.000e+00  3.000e+00  3.000e+00  4.000e+00 
 4.000e+00  4.000e+00  4.000e+00  4.000e+00 

b:
 2.250e+02  2.260e+02  2.270e+02  2.290e+02 

x:
 1.000e+00  0.000e+00  1.000e+00  6.128e-14 

./a.out : Task = 9 Res1 = 1.247142e-16 Res2 = 2.044609e-12 T1 = 0.00 T2 = 0.00 S = 2 N = 29 M = 3 P = 5
============================== a.out n=29 m=3 p=6 s=2 ===============
### Run  ./a.out 29 3 6 4 2
A:
 1.000e+00  2.000e+00  3.000e+00  4.000e+00 
 2.000e+00  2.000e+00  3.000e+00  4.000e+00 
 3.000e+00  3.000e+00  3.000e+00  4.000e+00 
 4.000e+00  4.000e+00  4.000e+00  4.000e+00 

b:
 2.250e+02  2.260e+02  2.270e+02  2.290e+02 

x:
 1.000e+00  0.000e+00  1.000e+00  6.128e-14 

./a.out : Task = 9 Res1 = 4.726012e-16 Res2 = 2.027734e-12 T1 = 0.00 T2 = 0.00 S = 2 N = 29 M = 3 P = 6
============================== a.out n=29 m=3 p=7 s=2 ===============
### Run  ./a.out 29 3 7 4 2
A:
 1.000e+00  2.000e+00  3.000e+00  4.000e+00 
 2.000e+00  2.000e+00  3.000e+00  4.000e+00 
 3.000e+00  3.000e+00  3.000e+00  4.000e+00 
 4.000e+00  4.000e+00  4.000e+00  4.000e+00 

b:
 2.250e+02  2.260e+02  2.270e+02  2.290e+02 

x:
 1.000e+00  0.000e+00  1.000e+00  6.128e-14 

./a.out : Task = 9 Res1 = 2.034811e-16 Res2 = 2.042833e-12 T1 = 0.00 T2 = 0.00 S = 2 N = 29 M = 3 P = 7
============================== a.out n=29 m=3 p=8 s=2 ===============
### Run  ./a.out 29 3 8 4 2
A:
 1.000e+00  2.000e+00  3.000e+00  4.000e+00 
 2.000e+00  2.000e+00  3.000e+00  4.000e+00 
 3.000e+00  3.000e+00  3.000e+00  4.000e+00 
 4.000e+00  4.000e+00  4.000e+00  4.000e+00 

b:
 2.250e+02  2.260e+02  2.270e+02  2.290e+02 

x:
 1.000e+00  0.000e+00  1.000e+00  6.128e-14 

./a.out : Task = 9 Res1 = 1.444059e-16 Res2 = 2.048162e-12 T1 = 0.00 T2 = 0.00 S = 2 N = 29 M = 3 P = 8
============================== a.out n=29 m=3 p=9 s=2 ===============
### Run  ./a.out 29 3 9 4 2
A:
 1.000e+00  2.000e+00  3.000e+00  4.000e+00 
 2.000e+00  2.000e+00  3.000e+00  4.000e+00 
 3.000e+00  3.000e+00  3.000e+00  4.000e+00 
 4.000e+00  4.000e+00  4.000e+00  4.000e+00 

b:
 2.250e+02  2.260e+02  2.270e+02  2.290e+02 

x:
 1.000e+00  0.000e+00  1.000e+00  6.128e-14 

./a.out : Task = 9 Res1 = 5.513680e-16 Res2 = 2.025069e-12 T1 = 0.00 T2 = 0.00 S = 2 N = 29 M = 3 P = 9
============================== a.out n=29 m=3 p=10 s=2 ===============
### Run  ./a.out 29 3 10 4 2
A:
 1.000e+00  2.000e+00  3.000e+00  4.000e+00 
 2.000e+00  2.000e+00  3.000e+00  4.000e+00 
 3.000e+00  3.000e+00  3.000e+00  4.000e+00 
 4.000e+00  4.000e+00  4.000e+00  4.000e+00 

b:
 2.250e+02  2.260e+02  2.270e+02  2.290e+02 

x:
 1.000e+00  0.000e+00  1.000e+00  6.128e-14 

./a.out : Task = 9 Res1 = 2.034811e-16 Res2 = 2.042833e-12 T1 = 0.00 T2 = 0.00 S = 2 N = 29 M = 3 P = 10
============================== a.out n=29 m=6 p=1 s=2 ===============
### Run  ./a.out 29 6 1 4 2
A:
 1.000e+00  2.000e+00  3.000e+00  4.000e+00 
 2.000e+00  2.000e+00  3.000e+00  4.000e+00 
 3.000e+00  3.000e+00  3.000e+00  4.000e+00 
 4.000e+00  4.000e+00  4.000e+00  4.000e+00 

b:
 2.250e+02  2.260e+02  2.270e+02  2.290e+02 

x:
 1.000e+00  3.997e-15  1.000e+00  3.997e-15 

./a.out : Task = 9 Res1 = 2.034811e-16 Res2 = 1.696365e-12 T1 = 0.00 T2 = 0.00 S = 2 N = 29 M = 6 P = 1
============================== a.out n=29 m=6 p=2 s=2 ===============
### Run  ./a.out 29 6 2 4 2
A:
 1.000e+00  2.000e+00  3.000e+00  4.000e+00 
 2.000e+00  2.000e+00  3.000e+00  4.000e+00 
 3.000e+00  3.000e+00  3.000e+00  4.000e+00 
 4.000e+00  4.000e+00  4.000e+00  4.000e+00 

b:
 2.250e+02  2.260e+02  2.270e+02  2.290e+02 

x:
 1.000e+00  3.997e-15  1.000e+00  3.997e-15 

./a.out : Task = 9 Res1 = 2.034811e-16 Res2 = 1.696365e-12 T1 = 0.00 T2 = 0.00 S = 2 N = 29 M = 6 P = 2
============================== a.out n=29 m=6 p=3 s=2 ===============
### Run  ./a.out 29 6 3 4 2
A:
 1.000e+00  2.000e+00  3.000e+00  4.000e+00 
 2.000e+00  2.000e+00  3.000e+00  4.000e+00 
 3.000e+00  3.000e+00  3.000e+00  4.000e+00 
 4.000e+00  4.000e+00  4.000e+00  4.000e+00 

b:
 2.250e+02  2.260e+02  2.270e+02  2.290e+02 

x:
 1.000e+00  3.997e-15  1.000e+00  3.997e-15 

./a.out : Task = 9 Res1 = 2.034811e-16 Res2 = 1.696365e-12 T1 = 0.00 T2 = 0.00 S = 2 N = 29 M = 6 P = 3
============================== a.out n=29 m=6 p=4 s=2 ===============
### Run  ./a.out 29 6 4 4 2
A:
 1.000e+00  2.000e+00  3.000e+00  4.000e+00 
 2.000e+00  2.000e+00  3.000e+00  4.000e+00 
 3.000e+00  3.000e+00  3.000e+00  4.000e+00 
 4.000e+00  4.000e+00  4.000e+00  4.000e+00 

b:
 2.250e+02  2.260e+02  2.270e+02  2.290e+02 

x:
 1.000e+00  3.997e-15  1.000e+00  3.997e-15 

./a.out : Task = 9 Res1 = 2.034811e-16 Res2 = 1.696365e-12 T1 = 0.00 T2 = 0.00 S = 2 N = 29 M = 6 P = 4
============================== a.out n=29 m=6 p=5 s=2 ===============
### Run  ./a.out 29 6 5 4 2
A:
 1.000e+00  2.000e+00  3.000e+00  4.000e+00 
 2.000e+00  2.000e+00  3.000e+00  4.000e+00 
 3.000e+00  3.000e+00  3.000e+00  4.000e+00 
 4.000e+00  4.000e+00  4.000e+00  4.000e+00 

b:
 2.250e+02  2.260e+02  2.270e+02  2.290e+02 

x:
 1.000e+00  3.997e-15  1.000e+00  3.997e-15 

./a.out : Task = 9 Res1 = 2.034811e-16 Res2 = 1.696365e-12 T1 = 0.00 T2 = 0.00 S = 2 N = 29 M = 6 P = 5
============================== a.out n=29 m=9 p=1 s=2 ===============
### Run  ./a.out 29 9 1 4 2
A:
 1.000e+00  2.000e+00  3.000e+00  4.000e+00 
 2.000e+00  2.000e+00  3.000e+00  4.000e+00 
 3.000e+00  3.000e+00  3.000e+00  4.000e+00 
 4.000e+00  4.000e+00  4.000e+00  4.000e+00 

b:
 2.250e+02  2.260e+02  2.270e+02  2.290e+02 

x:
 1.000e+00  7.994e-14  1.000e+00  0.000e+00 

./a.out : Task = 9 Res1 = 3.839885e-16 Res2 = 2.253975e-12 T1 = 0.00 T2 = 0.00 S = 2 N = 29 M = 9 P = 1
============================== a.out n=29 m=9 p=2 s=2 ===============
### Run  ./a.out 29 9 2 4 2
A:
 1.000e+00  2.000e+00  3.000e+00  4.000e+00 
 2.000e+00  2.000e+00  3.000e+00  4.000e+00 
 3.000e+00  3.000e+00  3.000e+00  4.000e+00 
 4.000e+00  4.000e+00  4.000e+00  4.000e+00 

b:
 2.250e+02  2.260e+02  2.270e+02  2.290e+02 

x:
 1.000e+00  7.994e-14  1.000e+00  0.000e+00 

./a.out : Task = 9 Res1 = 3.839885e-16 Res2 = 2.253975e-12 T1 = 0.00 T2 = 0.00 S = 2 N = 29 M = 9 P = 2
============================== a.out n=29 m=9 p=3 s=2 ===============
### Run  ./a.out 29 9 3 4 2
A:
 1.000e+00  2.000e+00  3.000e+00  4.000e+00 
 2.000e+00  2.000e+00  3.000e+00  4.000e+00 
 3.000e+00  3.000e+00  3.000e+00  4.000e+00 
 4.000e+00  4.000e+00  4.000e+00  4.000e+00 

b:
 2.250e+02  2.260e+02  2.270e+02  2.290e+02 

x:
 1.000e+00  7.994e-14  1.000e+00  0.000e+00 

./a.out : Task = 9 Res1 = 3.478870e-16 Res2 = 2.250422e-12 T1 = 0.00 T2 = 0.00 S = 2 N = 29 M = 9 P = 3
============================== a.out n=29 m=9 p=4 s=2 ===============
### Run  ./a.out 29 9 4 4 2
A:
 1.000e+00  2.000e+00  3.000e+00  4.000e+00 
 2.000e+00  2.000e+00  3.000e+00  4.000e+00 
 3.000e+00  3.000e+00  3.000e+00  4.000e+00 
 4.000e+00  4.000e+00  4.000e+00  4.000e+00 

b:
 2.250e+02  2.260e+02  2.270e+02  2.290e+02 

x:
 1.000e+00  7.994e-14  1.000e+00  0.000e+00 

./a.out : Task = 9 Res1 = 3.478870e-16 Res2 = 2.250422e-12 T1 = 0.00 T2 = 0.00 S = 2 N = 29 M = 9 P = 4
============================== a.out n=29 m=12 p=1 s=2 ===============
### Run  ./a.out 29 12 1 4 2
A:
 1.000e+00  2.000e+00  3.000e+00  4.000e+00 
 2.000e+00  2.000e+00  3.000e+00  4.000e+00 
 3.000e+00  3.000e+00  3.000e+00  4.000e+00 
 4.000e+00  4.000e+00  4.000e+00  4.000e+00 

b:
 2.250e+02  2.260e+02  2.270e+02  2.290e+02 

x:
 1.000e+00 -1.279e-13  1.000e+00 -6.395e-14 

./a.out : Task = 9 Res1 = 6.071612e-16 Res2 = 2.417455e-12 T1 = 0.00 T2 = 0.00 S = 2 N = 29 M = 12 P = 1
============================== a.out n=29 m=12 p=2 s=2 ===============
### Run  ./a.out 29 12 2 4 2
A:
 1.000e+00  2.000e+00  3.000e+00  4.000e+00 
 2.000e+00  2.000e+00  3.000e+00  4.000e+00 
 3.000e+00  3.000e+00  3.000e+00  4.000e+00 
 4.000e+00  4.000e+00  4.000e+00  4.000e+00 

b:
 2.250e+02  2.260e+02  2.270e+02  2.290e+02 

x:
 1.000e+00 -1.279e-13  1.000e+00 -6.395e-14 

./a.out : Task = 9 Res1 = 6.071612e-16 Res2 = 2.417455e-12 T1 = 0.00 T2 = 0.00 S = 2 N = 29 M = 12 P = 2
============================== a.out n=29 m=12 p=3 s=2 ===============
### Run  ./a.out 29 12 3 4 2
A:
 1.000e+00  2.000e+00  3.000e+00  4.000e+00 
 2.000e+00  2.000e+00  3.000e+00  4.000e+00 
 3.000e+00  3.000e+00  3.000e+00  4.000e+00 
 4.000e+00  4.000e+00  4.000e+00  4.000e+00 

b:
 2.250e+02  2.260e+02  2.270e+02  2.290e+02 

x:
 1.000e+00 -1.279e-13  1.000e+00 -6.395e-14 

./a.out : Task = 9 Res1 = 6.071612e-16 Res2 = 2.417455e-12 T1 = 0.00 T2 = 0.00 S = 2 N = 29 M = 12 P = 3
============================== a.out n=29 m=15 p=1 s=2 ===============
### Run  ./a.out 29 15 1 4 2
A:
 1.000e+00  2.000e+00  3.000e+00  4.000e+00 
 2.000e+00  2.000e+00  3.000e+00  4.000e+00 
 3.000e+00  3.000e+00  3.000e+00  4.000e+00 
 4.000e+00  4.000e+00  4.000e+00  4.000e+00 

b:
 2.250e+02  2.260e+02  2.270e+02  2.290e+02 

x:
 1.000e+00  0.000e+00  1.000e+00  0.000e+00 

./a.out : Task = 9 Res1 = 1.056789e-15 Res2 = 1.723236e-12 T1 = 0.00 T2 = 0.00 S = 2 N = 29 M = 15 P = 1
============================== a.out n=29 m=15 p=2 s=2 ===============
### Run  ./a.out 29 15 2 4 2
A:
 1.000e+00  2.000e+00  3.000e+00  4.000e+00 
 2.000e+00  2.000e+00  3.000e+00  4.000e+00 
 3.000e+00  3.000e+00  3.000e+00  4.000e+00 
 4.000e+00  4.000e+00  4.000e+00  4.000e+00 

b:
 2.250e+02  2.260e+02  2.270e+02  2.290e+02 

x:
 1.000e+00  0.000e+00  1.000e+00  0.000e+00 

./a.out : Task = 9 Res1 = 1.056789e-15 Res2 = 1.723236e-12 T1 = 0.00 T2 = 0.00 S = 2 N = 29 M = 15 P = 2
============================== a.out n=29 m=18 p=1 s=2 ===============
### Run  ./a.out 29 18 1 4 2
A:
 1.000e+00  2.000e+00  3.000e+00  4.000e+00 
 2.000e+00  2.000e+00  3.000e+00  4.000e+00 
 3.000e+00  3.000e+00  3.000e+00  4.000e+00 
 4.000e+00  4.000e+00  4.000e+00  4.000e+00 

b:
 2.250e+02  2.260e+02  2.270e+02  2.290e+02 

x:
 1.000e+00 -2.878e-13  1.000e+00 -2.878e-13 

./a.out : Task = 9 Res1 = 4.364997e-16 Res2 = 3.431033e-12 T1 = 0.00 T2 = 0.00 S = 2 N = 29 M = 18 P = 1
============================== a.out n=29 m=18 p=2 s=2 ===============
### Run  ./a.out 29 18 2 4 2
A:
 1.000e+00  2.000e+00  3.000e+00  4.000e+00 
 2.000e+00  2.000e+00  3.000e+00  4.000e+00 
 3.000e+00  3.000e+00  3.000e+00  4.000e+00 
 4.000e+00  4.000e+00  4.000e+00  4.000e+00 

b:
 2.250e+02  2.260e+02  2.270e+02  2.290e+02 

x:
 1.000e+00 -2.878e-13  1.000e+00 -2.878e-13 

./a.out : Task = 9 Res1 = 4.364997e-16 Res2 = 3.431033e-12 T1 = 0.00 T2 = 0.00 S = 2 N = 29 M = 18 P = 2
============================== a.out n=29 m=21 p=1 s=2 ===============
### Run  ./a.out 29 21 1 4 2
A:
 1.000e+00  2.000e+00  3.000e+00  4.000e+00 
 2.000e+00  2.000e+00  3.000e+00  4.000e+00 
 3.000e+00  3.000e+00  3.000e+00  4.000e+00 
 4.000e+00  4.000e+00  4.000e+00  4.000e+00 

b:
 2.250e+02  2.260e+02  2.270e+02  2.290e+02 

x:
 1.000e+00  0.000e+00  1.000e+00  0.000e+00 

./a.out : Task = 9 Res1 = 2.789660e-16 Res2 = 3.342210e-12 T1 = 0.00 T2 = 0.00 S = 2 N = 29 M = 21 P = 1
============================== a.out n=29 m=21 p=2 s=2 ===============
### Run  ./a.out 29 21 2 4 2
A:
 1.000e+00  2.000e+00  3.000e+00  4.000e+00 
 2.000e+00  2.000e+00  3.000e+00  4.000e+00 
 3.000e+00  3.000e+00  3.000e+00  4.000e+00 
 4.000e+00  4.000e+00  4.000e+00  4.000e+00 

b:
 2.250e+02  2.260e+02  2.270e+02  2.290e+02 

x:
 1.000e+00  0.000e+00  1.000e+00  0.000e+00 

./a.out : Task = 9 Res1 = 2.789660e-16 Res2 = 3.342210e-12 T1 = 0.00 T2 = 0.00 S = 2 N = 29 M = 21 P = 2
============================== a.out n=29 m=24 p=1 s=2 ===============
### Run  ./a.out 29 24 1 4 2
A:
 1.000e+00  2.000e+00  3.000e+00  4.000e+00 
 2.000e+00  2.000e+00  3.000e+00  4.000e+00 
 3.000e+00  3.000e+00  3.000e+00  4.000e+00 
 4.000e+00  4.000e+00  4.000e+00  4.000e+00 

b:
 2.250e+02  2.260e+02  2.270e+02  2.290e+02 

x:
 1.000e+00 -1.023e-12  1.000e+00  2.046e-12 

./a.out : Task = 9 Res1 = 2.651818e-15 Res2 = 1.758493e-11 T1 = 0.00 T2 = 0.00 S = 2 N = 29 M = 24 P = 1
============================== a.out n=29 m=24 p=2 s=2 ===============
### Run  ./a.out 29 24 2 4 2
A:
 1.000e+00  2.000e+00  3.000e+00  4.000e+00 
 2.000e+00  2.000e+00  3.000e+00  4.000e+00 
 3.000e+00  3.000e+00  3.000e+00  4.000e+00 
 4.000e+00  4.000e+00  4.000e+00  4.000e+00 

b:
 2.250e+02  2.260e+02  2.270e+02  2.290e+02 

x:
 1.000e+00 -1.023e-12  1.000e+00  2.046e-12 

./a.out : Task = 9 Res1 = 2.651818e-15 Res2 = 1.758493e-11 T1 = 0.00 T2 = 0.00 S = 2 N = 29 M = 24 P = 2
============================== a.out n=29 m=27 p=1 s=2 ===============
### Run  ./a.out 29 27 1 4 2
A:
 1.000e+00  2.000e+00  3.000e+00  4.000e+00 
 2.000e+00  2.000e+00  3.000e+00  4.000e+00 
 3.000e+00  3.000e+00  3.000e+00  4.000e+00 
 4.000e+00  4.000e+00  4.000e+00  4.000e+00 

b:
 2.250e+02  2.260e+02  2.270e+02  2.290e+02 

x:
 1.000e+00 -1.343e-12  1.000e+00  1.343e-12 

./a.out : Task = 9 Res1 = 8.336160e-16 Res2 = 2.014477e-11 T1 = 0.00 T2 = 0.00 S = 2 N = 29 M = 27 P = 1
============================== a.out n=29 m=27 p=2 s=2 ===============
### Run  ./a.out 29 27 2 4 2
A:
 1.000e+00  2.000e+00  3.000e+00  4.000e+00 
 2.000e+00  2.000e+00  3.000e+00  4.000e+00 
 3.000e+00  3.000e+00  3.000e+00  4.000e+00 
 4.000e+00  4.000e+00  4.000e+00  4.000e+00 

b:
 2.250e+02  2.260e+02  2.270e+02  2.290e+02 

x:
 1.000e+00 -1.343e-12  1.000e+00  1.343e-12 

./a.out : Task = 9 Res1 = 8.336160e-16 Res2 = 2.014477e-11 T1 = 0.00 T2 = 0.00 S = 2 N = 29 M = 27 P = 2
============================== a.out n=30 m=3 p=1 s=2 ===============
### Run  ./a.out 30 3 1 4 2
A:
 1.000e+00  2.000e+00  3.000e+00  4.000e+00 
 2.000e+00  2.000e+00  3.000e+00  4.000e+00 
 3.000e+00  3.000e+00  3.000e+00  4.000e+00 
 4.000e+00  4.000e+00  4.000e+00  4.000e+00 

b:
 2.250e+02  2.260e+02  2.270e+02  2.290e+02 

x:
 1.000e+00  0.000e+00  1.000e+00  6.128e-14 

./a.out : Task = 9 Res1 = 5.834094e-16 Res2 = 2.411895e-12 T1 = 0.00 T2 = 0.00 S = 2 N = 30 M = 3 P = 1
============================== a.out n=30 m=3 p=2 s=2 ===============
### Run  ./a.out 30 3 2 4 2
A:
 1.000e+00  2.000e+00  3.000e+00  4.000e+00 
 2.000e+00  2.000e+00  3.000e+00  4.000e+00 
 3.000e+00  3.000e+00  3.000e+00  4.000e+00 
 4.000e+00  4.000e+00  4.000e+00  4.000e+00 

b:
 2.250e+02  2.260e+02  2.270e+02  2.290e+02 

x:
 1.000e+00  0.000e+00  1.000e+00  6.128e-14 

./a.out : Task = 9 Res1 = 5.771697e-16 Res2 = 2.415448e-12 T1 = 0.00 T2 = 0.00 S = 2 N = 30 M = 3 P = 2
============================== a.out n=30 m=3 p=3 s=2 ===============
### Run  ./a.out 30 3 3 4 2
A:
 1.000e+00  2.000e+00  3.000e+00  4.000e+00 
 2.000e+00  2.000e+00  3.000e+00  4.000e+00 
 3.000e+00  3.000e+00  3.000e+00  4.000e+00 
 4.000e+00  4.000e+00  4.000e+00  4.000e+00 

b:
 2.250e+02  2.260e+02  2.270e+02  2.290e+02 

x:
 1.000e+00  0.000e+00  1.000e+00  6.128e-14 

./a.out : Task = 9 Res1 = 2.183885e-16 Res2 = 2.428771e-12 T1 = 0.00 T2 = 0.00 S = 2 N = 30 M = 3 P = 3
============================== a.out n=30 m=3 p=4 s=2 ===============
### Run  ./a.out 30 3 4 4 2
A:
 1.000e+00  2.000e+00  3.000e+00  4.000e+00 
 2.000e+00  2.000e+00  3.000e+00  4.000e+00 
 3.000e+00  3.000e+00  3.000e+00  4.000e+00 
 4.000e+00  4.000e+00  4.000e+00  4.000e+00 

b:
 2.250e+02  2.260e+02  2.270e+02  2.290e+02 

x:
 1.000e+00  0.000e+00  1.000e+00  6.128e-14 

./a.out : Task = 9 Res1 = 5.085333e-16 Res2 = 2.450975e-12 T1 = 0.00 T2 = 0.00 S = 2 N = 30 M = 3 P = 4
============================== a.out n=30 m=3 p=5 s=2 ===============
### Run  ./a.out 30 3 5 4 2
A:
 1.000e+00  2.000e+00  3.000e+00  4.000e+00 
 2.000e+00  2.000e+00  3.000e+00  4.000e+00 
 3.000e+00  3.000e+00  3.000e+00  4.000e+00 
 4.000e+00  4.000e+00  4.000e+00  4.000e+00 

b:
 2.250e+02  2.260e+02  2.270e+02  2.290e+02 

x:
 1.000e+00  0.000e+00  1.000e+00  6.128e-14 

./a.out : Task = 9 Res1 = 5.022937e-16 Res2 = 2.410119e-12 T1 = 0.00 T2 = 0.00 S = 2 N = 30 M = 3 P = 5
============================== a.out n=30 m=3 p=6 s=2 ===============
### Run  ./a.out 30 3 6 4 2
A:
 1.000e+00  2.000e+00  3.000e+00  4.000e+00 
 2.000e+00  2.000e+00  3.000e+00  4.000e+00 
 3.000e+00  3.000e+00  3.000e+00  4.000e+00 
 4.000e+00  4.000e+00  4.000e+00  4.000e+00 

b:
 2.250e+02  2.260e+02  2.270e+02  2.290e+02 

x:
 1.000e+00  0.000e+00  1.000e+00  6.128e-14 

./a.out : Task = 9 Res1 = 6.614053e-16 Res2 = 2.409231e-12 T1 = 0.00 T2 = 0.00 S = 2 N = 30 M = 3 P = 6
============================== a.out n=30 m=3 p=7 s=2 ===============
### Run  ./a.out 30 3 7 4 2
A:
 1.000e+00  2.000e+00  3.000e+00  4.000e+00 
 2.000e+00  2.000e+00  3.000e+00  4.000e+00 
 3.000e+00  3.000e+00  3.000e+00  4.000e+00 
 4.000e+00  4.000e+00  4.000e+00  4.000e+00 

b:
 2.250e+02  2.260e+02  2.270e+02  2.290e+02 

x:
 1.000e+00  0.000e+00  1.000e+00  6.128e-14 

./a.out : Task = 9 Res1 = 1.559918e-16 Res2 = 2.431435e-12 T1 = 0.00 T2 = 0.00 S = 2 N = 30 M = 3 P = 7
============================== a.out n=30 m=3 p=8 s=2 ===============
### Run  ./a.out 30 3 8 4 2
A:
 1.000e+00  2.000e+00  3.000e+00  4.000e+00 
 2.000e+00  2.000e+00  3.000e+00  4.000e+00 
 3.000e+00  3.000e+00  3.000e+00  4.000e+00 
 4.000e+00  4.000e+00  4.000e+00  4.000e+00 

b:
 2.250e+02  2.260e+02  2.270e+02  2.290e+02 

x:
 1.000e+00  0.000e+00  1.000e+00  6.128e-14 

./a.out : Task = 9 Res1 = 2.308679e-16 Res2 = 2.436764e-12 T1 = 0.00 T2 = 0.00 S = 2 N = 30 M = 3 P = 8
============================== a.out n=30 m=3 p=9 s=2 ===============
### Run  ./a.out 30 3 9 4 2
A:
 1.000e+00  2.000e+00  3.000e+00  4.000e+00 
 2.000e+00  2.000e+00  3.000e+00  4.000e+00 
 3.000e+00  3.000e+00  3.000e+00  4.000e+00 
 4.000e+00  4.000e+00  4.000e+00  4.000e+00 

b:
 2.250e+02  2.260e+02  2.270e+02  2.290e+02 

x:
 1.000e+00  0.000e+00  1.000e+00  6.128e-14 

./a.out : Task = 9 Res1 = 1.840703e-16 Res2 = 2.423442e-12 T1 = 0.00 T2 = 0.00 S = 2 N = 30 M = 3 P = 9
============================== a.out n=30 m=3 p=10 s=2 ===============
### Run  ./a.out 30 3 10 4 2
A:
 1.000e+00  2.000e+00  3.000e+00  4.000e+00 
 2.000e+00  2.000e+00  3.000e+00  4.000e+00 
 3.000e+00  3.000e+00  3.000e+00  4.000e+00 
 4.000e+00  4.000e+00  4.000e+00  4.000e+00 

b:
 2.250e+02  2.260e+02  2.270e+02  2.290e+02 

x:
 1.000e+00  0.000e+00  1.000e+00  6.128e-14 

./a.out : Task = 9 Res1 = 4.024589e-16 Res2 = 2.408343e-12 T1 = 0.00 T2 = 0.00 S = 2 N = 30 M = 3 P = 10
============================== a.out n=30 m=3 p=11 s=2 ===============
### Run  ./a.out 30 3 11 4 2
A:
 1.000e+00  2.000e+00  3.000e+00  4.000e+00 
 2.000e+00  2.000e+00  3.000e+00  4.000e+00 
 3.000e+00  3.000e+00  3.000e+00  4.000e+00 
 4.000e+00  4.000e+00  4.000e+00  4.000e+00 

b:
 2.250e+02  2.260e+02  2.270e+02  2.290e+02 

x:
 1.000e+00  0.000e+00  1.000e+00  6.128e-14 

./a.out : Task = 9 Res1 = 1.871902e-16 Res2 = 2.433212e-12 T1 = 0.00 T2 = 0.00 S = 2 N = 30 M = 3 P = 11
============================== a.out n=30 m=6 p=1 s=2 ===============
### Run  ./a.out 30 6 1 4 2
A:
 1.000e+00  2.000e+00  3.000e+00  4.000e+00 
 2.000e+00  2.000e+00  3.000e+00  4.000e+00 
 3.000e+00  3.000e+00  3.000e+00  4.000e+00 
 4.000e+00  4.000e+00  4.000e+00  4.000e+00 

b:
 2.250e+02  2.260e+02  2.270e+02  2.290e+02 

x:
 1.000e+00  3.997e-15  1.000e+00  3.997e-15 

./a.out : Task = 9 Res1 = 2.839051e-16 Res2 = 1.915523e-12 T1 = 0.00 T2 = 0.00 S = 2 N = 30 M = 6 P = 1
============================== a.out n=30 m=6 p=2 s=2 ===============
### Run  ./a.out 30 6 2 4 2
A:
 1.000e+00  2.000e+00  3.000e+00  4.000e+00 
 2.000e+00  2.000e+00  3.000e+00  4.000e+00 
 3.000e+00  3.000e+00  3.000e+00  4.000e+00 
 4.000e+00  4.000e+00  4.000e+00  4.000e+00 

b:
 2.250e+02  2.260e+02  2.270e+02  2.290e+02 

x:
 1.000e+00  3.997e-15  1.000e+00  3.997e-15 

./a.out : Task = 9 Res1 = 4.149382e-16 Res2 = 1.922629e-12 T1 = 0.00 T2 = 0.00 S = 2 N = 30 M = 6 P = 2
============================== a.out n=30 m=6 p=3 s=2 ===============
### Run  ./a.out 30 6 3 4 2
A:
 1.000e+00  2.000e+00  3.000e+00  4.000e+00 
 2.000e+00  2.000e+00  3.000e+00  4.000e+00 
 3.000e+00  3.000e+00  3.000e+00  4.000e+00 
 4.000e+00  4.000e+00  4.000e+00  4.000e+00 

b:
 2.250e+02  2.260e+02  2.270e+02  2.290e+02 

x:
 1.000e+00  3.997e-15  1.000e+00  3.997e-15 

./a.out : Task = 9 Res1 = 2.839051e-16 Res2 = 1.915523e-12 T1 = 0.00 T2 = 0.00 S = 2 N = 30 M = 6 P = 3
============================== a.out n=30 m=6 p=4 s=2 ===============
### Run  ./a.out 30 6 4 4 2
A:
 1.000e+00  2.000e+00  3.000e+00  4.000e+00 
 2.000e+00  2.000e+00  3.000e+00  4.000e+00 
 3.000e+00  3.000e+00  3.000e+00  4.000e+00 
 4.000e+00  4.000e+00  4.000e+00  4.000e+00 

b:
 2.250e+02  2.260e+02  2.270e+02  2.290e+02 

x:
 1.000e+00  3.997e-15  1.000e+00  3.997e-15 

./a.out : Task = 9 Res1 = 2.839051e-16 Res2 = 1.915523e-12 T1 = 0.00 T2 = 0.00 S = 2 N = 30 M = 6 P = 4
============================== a.out n=30 m=6 p=5 s=2 ===============
### Run  ./a.out 30 6 5 4 2
A:
 1.000e+00  2.000e+00  3.000e+00  4.000e+00 
 2.000e+00  2.000e+00  3.000e+00  4.000e+00 
 3.000e+00  3.000e+00  3.000e+00  4.000e+00 
 4.000e+00  4.000e+00  4.000e+00  4.000e+00 

b:
 2.250e+02  2.260e+02  2.270e+02  2.290e+02 

x:
 1.000e+00  3.997e-15  1.000e+00  3.997e-15 

./a.out : Task = 9 Res1 = 2.839051e-16 Res2 = 1.915523e-12 T1 = 0.00 T2 = 0.00 S = 2 N = 30 M = 6 P = 5
============================== a.out n=30 m=6 p=6 s=2 ===============
### Run  ./a.out 30 6 6 4 2
A:
 1.000e+00  2.000e+00  3.000e+00  4.000e+00 
 2.000e+00  2.000e+00  3.000e+00  4.000e+00 
 3.000e+00  3.000e+00  3.000e+00  4.000e+00 
 4.000e+00  4.000e+00  4.000e+00  4.000e+00 

b:
 2.250e+02  2.260e+02  2.270e+02  2.290e+02 

x:
 1.000e+00  3.997e-15  1.000e+00  3.997e-15 

./a.out : Task = 9 Res1 = 2.839051e-16 Res2 = 1.915523e-12 T1 = 0.00 T2 = 0.00 S = 2 N = 30 M = 6 P = 6
============================== a.out n=30 m=9 p=1 s=2 ===============
### Run  ./a.out 30 9 1 4 2
A:
 1.000e+00  2.000e+00  3.000e+00  4.000e+00 
 2.000e+00  2.000e+00  3.000e+00  4.000e+00 
 3.000e+00  3.000e+00  3.000e+00  4.000e+00 
 4.000e+00  4.000e+00  4.000e+00  4.000e+00 

b:
 2.250e+02  2.260e+02  2.270e+02  2.290e+02 

x:
 1.000e+00  7.994e-14  1.000e+00  0.000e+00 

./a.out : Task = 9 Res1 = 2.870249e-16 Res2 = 2.453692e-12 T1 = 0.00 T2 = 0.00 S = 2 N = 30 M = 9 P = 1
============================== a.out n=30 m=9 p=2 s=2 ===============
### Run  ./a.out 30 9 2 4 2
A:
 1.000e+00  2.000e+00  3.000e+00  4.000e+00 
 2.000e+00  2.000e+00  3.000e+00  4.000e+00 
 3.000e+00  3.000e+00  3.000e+00  4.000e+00 
 4.000e+00  4.000e+00  4.000e+00  4.000e+00 

b:
 2.250e+02  2.260e+02  2.270e+02  2.290e+02 

x:
 1.000e+00  7.994e-14  1.000e+00  0.000e+00 

./a.out : Task = 9 Res1 = 2.870249e-16 Res2 = 2.453692e-12 T1 = 0.00 T2 = 0.00 S = 2 N = 30 M = 9 P = 2
============================== a.out n=30 m=9 p=3 s=2 ===============
### Run  ./a.out 30 9 3 4 2
A:
 1.000e+00  2.000e+00  3.000e+00  4.000e+00 
 2.000e+00  2.000e+00  3.000e+00  4.000e+00 
 3.000e+00  3.000e+00  3.000e+00  4.000e+00 
 4.000e+00  4.000e+00  4.000e+00  4.000e+00 

b:
 2.250e+02  2.260e+02  2.270e+02  2.290e+02 

x:
 1.000e+00  7.994e-14  1.000e+00  0.000e+00 

./a.out : Task = 9 Res1 = 2.870249e-16 Res2 = 2.453692e-12 T1 = 0.00 T2 = 0.00 S = 2 N = 30 M = 9 P = 3
============================== a.out n=30 m=9 p=4 s=2 ===============
### Run  ./a.out 30 9 4 4 2
A:
 1.000e+00  2.000e+00  3.000e+00  4.000e+00 
 2.000e+00  2.000e+00  3.000e+00  4.000e+00 
 3.000e+00  3.000e+00  3.000e+00  4.000e+00 
 4.000e+00  4.000e+00  4.000e+00  4.000e+00 

b:
 2.250e+02  2.260e+02  2.270e+02  2.290e+02 

x:
 1.000e+00  7.994e-14  1.000e+00  0.000e+00 

./a.out : Task = 9 Res1 = 2.870249e-16 Res2 = 2.453692e-12 T1 = 0.00 T2 = 0.00 S = 2 N = 30 M = 9 P = 4
============================== a.out n=30 m=12 p=1 s=2 ===============
### Run  ./a.out 30 12 1 4 2
A:
 1.000e+00  2.000e+00  3.000e+00  4.000e+00 
 2.000e+00  2.000e+00  3.000e+00  4.000e+00 
 3.000e+00  3.000e+00  3.000e+00  4.000e+00 
 4.000e+00  4.000e+00  4.000e+00  4.000e+00 

b:
 2.250e+02  2.260e+02  2.270e+02  2.290e+02 

x:
 1.000e+00 -1.279e-13  1.000e+00 -6.395e-14 

./a.out : Task = 9 Res1 = 6.052483e-16 Res2 = 2.453149e-12 T1 = 0.00 T2 = 0.00 S = 2 N = 30 M = 12 P = 1
============================== a.out n=30 m=12 p=2 s=2 ===============
### Run  ./a.out 30 12 2 4 2
A:
 1.000e+00  2.000e+00  3.000e+00  4.000e+00 
 2.000e+00  2.000e+00  3.000e+00  4.000e+00 
 3.000e+00  3.000e+00  3.000e+00  4.000e+00 
 4.000e+00  4.000e+00  4.000e+00  4.000e+00 

b:
 2.250e+02  2.260e+02  2.270e+02  2.290e+02 

x:
 1.000e+00 -1.279e-13  1.000e+00 -6.395e-14 

./a.out : Task = 9 Res1 = 6.052483e-16 Res2 = 2.453149e-12 T1 = 0.00 T2 = 0.00 S = 2 N = 30 M = 12 P = 2
============================== a.out n=30 m=12 p=3 s=2 ===============
### Run  ./a.out 30 12 3 4 2
A:
 1.000e+00  2.000e+00  3.000e+00  4.000e+00 
 2.000e+00  2.000e+00  3.000e+00  4.000e+00 
 3.000e+00  3.000e+00  3.000e+00  4.000e+00 
 4.000e+00  4.000e+00  4.000e+00  4.000e+00 

b:
 2.250e+02  2.260e+02  2.270e+02  2.290e+02 

x:
 1.000e+00 -1.279e-13  1.000e+00 -6.395e-14 

./a.out : Task = 9 Res1 = 6.052483e-16 Res2 = 2.453149e-12 T1 = 0.00 T2 = 0.00 S = 2 N = 30 M = 12 P = 3
============================== a.out n=30 m=15 p=1 s=2 ===============
### Run  ./a.out 30 15 1 4 2
A:
 1.000e+00  2.000e+00  3.000e+00  4.000e+00 
 2.000e+00  2.000e+00  3.000e+00  4.000e+00 
 3.000e+00  3.000e+00  3.000e+00  4.000e+00 
 4.000e+00  4.000e+00  4.000e+00  4.000e+00 

b:
 2.250e+02  2.260e+02  2.270e+02  2.290e+02 

x:
 1.000e+00  0.000e+00  1.000e+00  0.000e+00 

./a.out : Task = 9 Res1 = 5.615705e-16 Res2 = 1.892264e-12 T1 = 0.00 T2 = 0.00 S = 2 N = 30 M = 15 P = 1
============================== a.out n=30 m=15 p=2 s=2 ===============
### Run  ./a.out 30 15 2 4 2
A:
 1.000e+00  2.000e+00  3.000e+00  4.000e+00 
 2.000e+00  2.000e+00  3.000e+00  4.000e+00 
 3.000e+00  3.000e+00  3.000e+00  4.000e+00 
 4.000e+00  4.000e+00  4.000e+00  4.000e+00 

b:
 2.250e+02  2.260e+02  2.270e+02  2.290e+02 

x:
 1.000e+00  0.000e+00  1.000e+00  0.000e+00 

./a.out : Task = 9 Res1 = 5.615705e-16 Res2 = 1.892264e-12 T1 = 0.00 T2 = 0.00 S = 2 N = 30 M = 15 P = 2
============================== a.out n=30 m=15 p=3 s=2 ===============
### Run  ./a.out 30 15 3 4 2
A:
 1.000e+00  2.000e+00  3.000e+00  4.000e+00 
 2.000e+00  2.000e+00  3.000e+00  4.000e+00 
 3.000e+00  3.000e+00  3.000e+00  4.000e+00 
 4.000e+00  4.000e+00  4.000e+00  4.000e+00 

b:
 2.250e+02  2.260e+02  2.270e+02  2.290e+02 

x:
 1.000e+00  0.000e+00  1.000e+00  0.000e+00 

./a.out : Task = 9 Res1 = 5.615705e-16 Res2 = 1.892264e-12 T1 = 0.00 T2 = 0.00 S = 2 N = 30 M = 15 P = 3
============================== a.out n=30 m=18 p=1 s=2 ===============
### Run  ./a.out 30 18 1 4 2
A:
 1.000e+00  2.000e+00  3.000e+00  4.000e+00 
 2.000e+00  2.000e+00  3.000e+00  4.000e+00 
 3.000e+00  3.000e+00  3.000e+00  4.000e+00 
 4.000e+00  4.000e+00  4.000e+00  4.000e+00 

b:
 2.250e+02  2.260e+02  2.270e+02  2.290e+02 

x:
 1.000e+00 -2.878e-13  1.000e+00 -2.878e-13 

./a.out : Task = 9 Res1 = 2.807853e-16 Res2 = 2.853273e-12 T1 = 0.00 T2 = 0.00 S = 2 N = 30 M = 18 P = 1
============================== a.out n=30 m=18 p=2 s=2 ===============
### Run  ./a.out 30 18 2 4 2
A:
 1.000e+00  2.000e+00  3.000e+00  4.000e+00 
 2.000e+00  2.000e+00  3.000e+00  4.000e+00 
 3.000e+00  3.000e+00  3.000e+00  4.000e+00 
 4.000e+00  4.000e+00  4.000e+00  4.000e+00 

b:
 2.250e+02  2.260e+02  2.270e+02  2.290e+02 

x:
 1.000e+00 -2.878e-13  1.000e+00 -2.878e-13 

./a.out : Task = 9 Res1 = 2.807853e-16 Res2 = 2.853273e-12 T1 = 0.00 T2 = 0.00 S = 2 N = 30 M = 18 P = 2
============================== a.out n=30 m=21 p=1 s=2 ===============
### Run  ./a.out 30 21 1 4 2
A:
 1.000e+00  2.000e+00  3.000e+00  4.000e+00 
 2.000e+00  2.000e+00  3.000e+00  4.000e+00 
 3.000e+00  3.000e+00  3.000e+00  4.000e+00 
 4.000e+00  4.000e+00  4.000e+00  4.000e+00 

b:
 2.250e+02  2.260e+02  2.270e+02  2.290e+02 

x:
 1.000e+00  0.000e+00  1.000e+00  0.000e+00 

./a.out : Task = 9 Res1 = 3.743804e-16 Res2 = 3.432714e-12 T1 = 0.00 T2 = 0.00 S = 2 N = 30 M = 21 P = 1
============================== a.out n=30 m=21 p=2 s=2 ===============
### Run  ./a.out 30 21 2 4 2
A:
 1.000e+00  2.000e+00  3.000e+00  4.000e+00 
 2.000e+00  2.000e+00  3.000e+00  4.000e+00 
 3.000e+00  3.000e+00  3.000e+00  4.000e+00 
 4.000e+00  4.000e+00  4.000e+00  4.000e+00 

b:
 2.250e+02  2.260e+02  2.270e+02  2.290e+02 

x:
 1.000e+00  0.000e+00  1.000e+00  0.000e+00 

./a.out : Task = 9 Res1 = 3.743804e-16 Res2 = 3.432714e-12 T1 = 0.00 T2 = 0.00 S = 2 N = 30 M = 21 P = 2
============================== a.out n=30 m=24 p=1 s=2 ===============
### Run  ./a.out 30 24 1 4 2
A:
 1.000e+00  2.000e+00  3.000e+00  4.000e+00 
 2.000e+00  2.000e+00  3.000e+00  4.000e+00 
 3.000e+00  3.000e+00  3.000e+00  4.000e+00 
 4.000e+00  4.000e+00  4.000e+00  4.000e+00 

b:
 2.250e+02  2.260e+02  2.270e+02  2.290e+02 

x:
 1.000e+00 -1.023e-12  1.000e+00  2.046e-12 

./a.out : Task = 9 Res1 = 2.539547e-15 Res2 = 1.781830e-11 T1 = 0.00 T2 = 0.00 S = 2 N = 30 M = 24 P = 1
============================== a.out n=30 m=24 p=2 s=2 ===============
### Run  ./a.out 30 24 2 4 2
A:
 1.000e+00  2.000e+00  3.000e+00  4.000e+00 
 2.000e+00  2.000e+00  3.000e+00  4.000e+00 
 3.000e+00  3.000e+00  3.000e+00  4.000e+00 
 4.000e+00  4.000e+00  4.000e+00  4.000e+00 

b:
 2.250e+02  2.260e+02  2.270e+02  2.290e+02 

x:
 1.000e+00 -1.023e-12  1.000e+00  2.046e-12 

./a.out : Task = 9 Res1 = 2.539547e-15 Res2 = 1.781830e-11 T1 = 0.00 T2 = 0.00 S = 2 N = 30 M = 24 P = 2
============================== a.out n=30 m=27 p=1 s=2 ===============
### Run  ./a.out 30 27 1 4 2
A:
 1.000e+00  2.000e+00  3.000e+00  4.000e+00 
 2.000e+00  2.000e+00  3.000e+00  4.000e+00 
 3.000e+00  3.000e+00  3.000e+00  4.000e+00 
 4.000e+00  4.000e+00  4.000e+00  4.000e+00 

b:
 2.250e+02  2.260e+02  2.270e+02  2.290e+02 

x:
 1.000e+00 -1.343e-12  1.000e+00  1.343e-12 

./a.out : Task = 9 Res1 = 7.986781e-16 Res2 = 2.014473e-11 T1 = 0.00 T2 = 0.00 S = 2 N = 30 M = 27 P = 1
============================== a.out n=30 m=27 p=2 s=2 ===============
### Run  ./a.out 30 27 2 4 2
A:
 1.000e+00  2.000e+00  3.000e+00  4.000e+00 
 2.000e+00  2.000e+00  3.000e+00  4.000e+00 
 3.000e+00  3.000e+00  3.000e+00  4.000e+00 
 4.000e+00  4.000e+00  4.000e+00  4.000e+00 

b:
 2.250e+02  2.260e+02  2.270e+02  2.290e+02 

x:
 1.000e+00 -1.343e-12  1.000e+00  1.343e-12 

./a.out : Task = 9 Res1 = 7.986781e-16 Res2 = 2.014473e-11 T1 = 0.00 T2 = 0.00 S = 2 N = 30 M = 27 P = 2
============================== a.out n=30 m=30 p=1 s=2 ===============
### Run  ./a.out 30 30 1 4 2
A:
 1.000e+00  2.000e+00  3.000e+00  4.000e+00 
 2.000e+00  2.000e+00  3.000e+00  4.000e+00 
 3.000e+00  3.000e+00  3.000e+00  4.000e+00 
 4.000e+00  4.000e+00  4.000e+00  4.000e+00 

b:
 2.250e+02  2.260e+02  2.270e+02  2.290e+02 

x:
 1.000e+00  0.000e+00  1.000e+00  0.000e+00 

./a.out : Task = 9 Res1 = 1.341530e-16 Res2 = 2.398082e-12 T1 = 0.00 T2 = 0.00 S = 2 N = 30 M = 30 P = 1
============================== a.out n=30 m=30 p=2 s=2 ===============
### Run  ./a.out 30 30 2 4 2
A:
 1.000e+00  2.000e+00  3.000e+00  4.000e+00 
 2.000e+00  2.000e+00  3.000e+00  4.000e+00 
 3.000e+00  3.000e+00  3.000e+00  4.000e+00 
 4.000e+00  4.000e+00  4.000e+00  4.000e+00 

b:
 2.250e+02  2.260e+02  2.270e+02  2.290e+02 

x:
 1.000e+00  0.000e+00  1.000e+00  0.000e+00 

./a.out : Task = 9 Res1 = 1.341530e-16 Res2 = 2.398082e-12 T1 = 0.00 T2 = 0.00 S = 2 N = 30 M = 30 P = 2
============================== a.out n=3 m=3 p=1 s=3 ===============
### Run  ./a.out 3 3 1 4 3
A:
 0.000e+00  1.000e+00  2.000e+00 
 1.000e+00  0.000e+00  1.000e+00 
 2.000e+00  1.000e+00  0.000e+00 

b:
 2.000e+00  2.000e+00  2.000e+00 

x:
 1.000e+00  0.000e+00  1.000e+00 

./a.out : Task = 9 Res1 = 0.000000e+00 Res2 = 0.000000e+00 T1 = 0.00 T2 = 0.00 S = 3 N = 3 M = 3 P = 1
============================== a.out n=3 m=3 p=2 s=3 ===============
### Run  ./a.out 3 3 2 4 3
A:
 0.000e+00  1.000e+00  2.000e+00 
 1.000e+00  0.000e+00  1.000e+00 
 2.000e+00  1.000e+00  0.000e+00 

b:
 2.000e+00  2.000e+00  2.000e+00 

x:
 1.000e+00  0.000e+00  1.000e+00 

./a.out : Task = 9 Res1 = 0.000000e+00 Res2 = 0.000000e+00 T1 = 0.00 T2 = 0.00 S = 3 N = 3 M = 3 P = 2
============================== a.out n=4 m=3 p=1 s=3 ===============
### Run  ./a.out 4 3 1 4 3
A:
 0.000e+00  1.000e+00  2.000e+00  3.000e+00 
 1.000e+00  0.000e+00  1.000e+00  2.000e+00 
 2.000e+00  1.000e+00  0.000e+00  1.000e+00 
 3.000e+00  2.000e+00  1.000e+00  0.000e+00 

b:
 2.000e+00  2.000e+00  2.000e+00  4.000e+00 

x:
 1.000e+00  0.000e+00  1.000e+00  0.000e+00 

./a.out : Task = 9 Res1 = 0.000000e+00 Res2 = 0.000000e+00 T1 = 0.00 T2 = 0.00 S = 3 N = 4 M = 3 P = 1
============================== a.out n=4 m=3 p=2 s=3 ===============
### Run  ./a.out 4 3 2 4 3
A:
 0.000e+00  1.000e+00  2.000e+00  3.000e+00 
 1.000e+00  0.000e+00  1.000e+00  2.000e+00 
 2.000e+00  1.000e+00  0.000e+00  1.000e+00 
 3.000e+00  2.000e+00  1.000e+00  0.000e+00 

b:
 2.000e+00  2.000e+00  2.000e+00  4.000e+00 

x:
 1.000e+00  0.000e+00  1.000e+00  0.000e+00 

./a.out : Task = 9 Res1 = 0.000000e+00 Res2 = 0.000000e+00 T1 = 0.00 T2 = 0.00 S = 3 N = 4 M = 3 P = 2
============================== a.out n=5 m=3 p=1 s=3 ===============
### Run  ./a.out 5 3 1 4 3
A:
 0.000e+00  1.000e+00  2.000e+00  3.000e+00 
 1.000e+00  0.000e+00  1.000e+00  2.000e+00 
 2.000e+00  1.000e+00  0.000e+00  1.000e+00 
 3.000e+00  2.000e+00  1.000e+00  0.000e+00 

b:
 6.000e+00  5.000e+00  4.000e+00  5.000e+00 

x:
 1.000e+00  0.000e+00  1.000e+00  0.000e+00 

./a.out : Task = 9 Res1 = 0.000000e+00 Res2 = 0.000000e+00 T1 = 0.00 T2 = 0.00 S = 3 N = 5 M = 3 P = 1
============================== a.out n=5 m=3 p=2 s=3 ===============
### Run  ./a.out 5 3 2 4 3
A:
 0.000e+00  1.000e+00  2.000e+00  3.000e+00 
 1.000e+00  0.000e+00  1.000e+00  2.000e+00 
 2.000e+00  1.000e+00  0.000e+00  1.000e+00 
 3.000e+00  2.000e+00  1.000e+00  0.000e+00 

b:
 6.000e+00  5.000e+00  4.000e+00  5.000e+00 

x:
 1.000e+00  0.000e+00  1.000e+00  0.000e+00 

./a.out : Task = 9 Res1 = 0.000000e+00 Res2 = 0.000000e+00 T1 = 0.00 T2 = 0.00 S = 3 N = 5 M = 3 P = 2
============================== a.out n=6 m=3 p=1 s=3 ===============
### Run  ./a.out 6 3 1 4 3
A:
 0.000e+00  1.000e+00  2.000e+00  3.000e+00 
 1.000e+00  0.000e+00  1.000e+00  2.000e+00 
 2.000e+00  1.000e+00  0.000e+00  1.000e+00 
 3.000e+00  2.000e+00  1.000e+00  0.000e+00 

b:
 6.000e+00  5.000e+00  4.000e+00  5.000e+00 

x:
 1.000e+00  0.000e+00  1.000e+00 -2.220e-15 

./a.out : Task = 9 Res1 = 7.612958e-16 Res2 = 6.661338e-15 T1 = 0.00 T2 = 0.00 S = 3 N = 6 M = 3 P = 1
============================== a.out n=6 m=3 p=2 s=3 ===============
### Run  ./a.out 6 3 2 4 3
A:
 0.000e+00  1.000e+00  2.000e+00  3.000e+00 
 1.000e+00  0.000e+00  1.000e+00  2.000e+00 
 2.000e+00  1.000e+00  0.000e+00  1.000e+00 
 3.000e+00  2.000e+00  1.000e+00  0.000e+00 

b:
 6.000e+00  5.000e+00  4.000e+00  5.000e+00 

x:
 1.000e+00  0.000e+00  1.000e+00 -2.220e-15 

./a.out : Task = 9 Res1 = 7.612958e-16 Res2 = 6.661338e-15 T1 = 0.00 T2 = 0.00 S = 3 N = 6 M = 3 P = 2
============================== a.out n=6 m=3 p=3 s=3 ===============
### Run  ./a.out 6 3 3 4 3
A:
 0.000e+00  1.000e+00  2.000e+00  3.000e+00 
 1.000e+00  0.000e+00  1.000e+00  2.000e+00 
 2.000e+00  1.000e+00  0.000e+00  1.000e+00 
 3.000e+00  2.000e+00  1.000e+00  0.000e+00 

b:
 6.000e+00  5.000e+00  4.000e+00  5.000e+00 

x:
 1.000e+00  0.000e+00  1.000e+00 -2.220e-15 

./a.out : Task = 9 Res1 = 7.612958e-16 Res2 = 6.661338e-15 T1 = 0.00 T2 = 0.00 S = 3 N = 6 M = 3 P = 3
============================== a.out n=6 m=6 p=1 s=3 ===============
### Run  ./a.out 6 6 1 4 3
A:
 0.000e+00  1.000e+00  2.000e+00  3.000e+00 
 1.000e+00  0.000e+00  1.000e+00  2.000e+00 
 2.000e+00  1.000e+00  0.000e+00  1.000e+00 
 3.000e+00  2.000e+00  1.000e+00  0.000e+00 

b:
 6.000e+00  5.000e+00  4.000e+00  5.000e+00 

x:
 1.000e+00  8.882e-16  1.000e+00  1.998e-15 

./a.out : Task = 9 Res1 = 2.283887e-16 Res2 = 6.217249e-15 T1 = 0.00 T2 = 0.00 S = 3 N = 6 M = 6 P = 1
============================== a.out n=6 m=6 p=2 s=3 ===============
### Run  ./a.out 6 6 2 4 3
A:
 0.000e+00  1.000e+00  2.000e+00  3.000e+00 
 1.000e+00  0.000e+00  1.000e+00  2.000e+00 
 2.000e+00  1.000e+00  0.000e+00  1.000e+00 
 3.000e+00  2.000e+00  1.000e+00  0.000e+00 

b:
 6.000e+00  5.000e+00  4.000e+00  5.000e+00 

x:
 1.000e+00  8.882e-16  1.000e+00  1.998e-15 

./a.out : Task = 9 Res1 = 2.283887e-16 Res2 = 6.217249e-15 T1 = 0.00 T2 = 0.00 S = 3 N = 6 M = 6 P = 2
============================== a.out n=7 m=3 p=1 s=3 ===============
### Run  ./a.out 7 3 1 4 3
A:
 0.000e+00  1.000e+00  2.000e+00  3.000e+00 
 1.000e+00  0.000e+00  1.000e+00  2.000e+00 
 2.000e+00  1.000e+00  0.000e+00  1.000e+00 
 3.000e+00  2.000e+00  1.000e+00  0.000e+00 

b:
 1.200e+01  1.000e+01  8.000e+00  8.000e+00 

x:
 1.000e+00  0.000e+00  1.000e+00 -2.220e-15 

./a.out : Task = 9 Res1 = 9.143013e-17 Res2 = 7.327472e-15 T1 = 0.00 T2 = 0.00 S = 3 N = 7 M = 3 P = 1
============================== a.out n=7 m=3 p=2 s=3 ===============
### Run  ./a.out 7 3 2 4 3
A:
 0.000e+00  1.000e+00  2.000e+00  3.000e+00 
 1.000e+00  0.000e+00  1.000e+00  2.000e+00 
 2.000e+00  1.000e+00  0.000e+00  1.000e+00 
 3.000e+00  2.000e+00  1.000e+00  0.000e+00 

b:
 1.200e+01  1.000e+01  8.000e+00  8.000e+00 

x:
 1.000e+00  0.000e+00  1.000e+00 -2.220e-15 

./a.out : Task = 9 Res1 = 9.143013e-17 Res2 = 7.327472e-15 T1 = 0.00 T2 = 0.00 S = 3 N = 7 M = 3 P = 2
============================== a.out n=7 m=3 p=3 s=3 ===============
### Run  ./a.out 7 3 3 4 3
A:
 0.000e+00  1.000e+00  2.000e+00  3.000e+00 
 1.000e+00  0.000e+00  1.000e+00  2.000e+00 
 2.000e+00  1.000e+00  0.000e+00  1.000e+00 
 3.000e+00  2.000e+00  1.000e+00  0.000e+00 

b:
 1.200e+01  1.000e+01  8.000e+00  8.000e+00 

x:
 1.000e+00  0.000e+00  1.000e+00 -2.220e-15 

./a.out : Task = 9 Res1 = 9.143013e-17 Res2 = 7.327472e-15 T1 = 0.00 T2 = 0.00 S = 3 N = 7 M = 3 P = 3
============================== a.out n=7 m=6 p=1 s=3 ===============
### Run  ./a.out 7 6 1 4 3
A:
 0.000e+00  1.000e+00  2.000e+00  3.000e+00 
 1.000e+00  0.000e+00  1.000e+00  2.000e+00 
 2.000e+00  1.000e+00  0.000e+00  1.000e+00 
 3.000e+00  2.000e+00  1.000e+00  0.000e+00 

b:
 1.200e+01  1.000e+01  8.000e+00  8.000e+00 

x:
 1.000e+00  8.882e-16  1.000e+00  1.998e-15 

./a.out : Task = 9 Res1 = 7.836868e-17 Res2 = 7.216450e-15 T1 = 0.00 T2 = 0.00 S = 3 N = 7 M = 6 P = 1
============================== a.out n=7 m=6 p=2 s=3 ===============
### Run  ./a.out 7 6 2 4 3
A:
 0.000e+00  1.000e+00  2.000e+00  3.000e+00 
 1.000e+00  0.000e+00  1.000e+00  2.000e+00 
 2.000e+00  1.000e+00  0.000e+00  1.000e+00 
 3.000e+00  2.000e+00  1.000e+00  0.000e+00 

b:
 1.200e+01  1.000e+01  8.000e+00  8.000e+00 

x:
 1.000e+00  8.882e-16  1.000e+00  1.998e-15 

./a.out : Task = 9 Res1 = 7.836868e-17 Res2 = 7.216450e-15 T1 = 0.00 T2 = 0.00 S = 3 N = 7 M = 6 P = 2
============================== a.out n=8 m=3 p=1 s=3 ===============
### Run  ./a.out 8 3 1 4 3
A:
 0.000e+00  1.000e+00  2.000e+00  3.000e+00 
 1.000e+00  0.000e+00  1.000e+00  2.000e+00 
 2.000e+00  1.000e+00  0.000e+00  1.000e+00 
 3.000e+00  2.000e+00  1.000e+00  0.000e+00 

b:
 1.200e+01  1.000e+01  8.000e+00  8.000e+00 

x:
 1.000e+00  0.000e+00  1.000e+00 -2.220e-15 

./a.out : Task = 9 Res1 = 1.480297e-16 Res2 = 7.549517e-15 T1 = 0.00 T2 = 0.00 S = 3 N = 8 M = 3 P = 1
============================== a.out n=8 m=3 p=2 s=3 ===============
### Run  ./a.out 8 3 2 4 3
A:
 0.000e+00  1.000e+00  2.000e+00  3.000e+00 
 1.000e+00  0.000e+00  1.000e+00  2.000e+00 
 2.000e+00  1.000e+00  0.000e+00  1.000e+00 
 3.000e+00  2.000e+00  1.000e+00  0.000e+00 

b:
 1.200e+01  1.000e+01  8.000e+00  8.000e+00 

x:
 1.000e+00  0.000e+00  1.000e+00 -2.220e-15 

./a.out : Task = 9 Res1 = 1.480297e-16 Res2 = 7.549517e-15 T1 = 0.00 T2 = 0.00 S = 3 N = 8 M = 3 P = 2
============================== a.out n=8 m=3 p=3 s=3 ===============
### Run  ./a.out 8 3 3 4 3
A:
 0.000e+00  1.000e+00  2.000e+00  3.000e+00 
 1.000e+00  0.000e+00  1.000e+00  2.000e+00 
 2.000e+00  1.000e+00  0.000e+00  1.000e+00 
 3.000e+00  2.000e+00  1.000e+00  0.000e+00 

b:
 1.200e+01  1.000e+01  8.000e+00  8.000e+00 

x:
 1.000e+00  0.000e+00  1.000e+00 -2.220e-15 

./a.out : Task = 9 Res1 = 1.480297e-16 Res2 = 7.549517e-15 T1 = 0.00 T2 = 0.00 S = 3 N = 8 M = 3 P = 3
============================== a.out n=8 m=6 p=1 s=3 ===============
### Run  ./a.out 8 6 1 4 3
A:
 0.000e+00  1.000e+00  2.000e+00  3.000e+00 
 1.000e+00  0.000e+00  1.000e+00  2.000e+00 
 2.000e+00  1.000e+00  0.000e+00  1.000e+00 
 3.000e+00  2.000e+00  1.000e+00  0.000e+00 

b:
 1.200e+01  1.000e+01  8.000e+00  8.000e+00 

x:
 1.000e+00  8.882e-16  1.000e+00  1.998e-15 

./a.out : Task = 9 Res1 = 2.114711e-16 Res2 = 7.771561e-15 T1 = 0.00 T2 = 0.00 S = 3 N = 8 M = 6 P = 1
============================== a.out n=8 m=6 p=2 s=3 ===============
### Run  ./a.out 8 6 2 4 3
A:
 0.000e+00  1.000e+00  2.000e+00  3.000e+00 
 1.000e+00  0.000e+00  1.000e+00  2.000e+00 
 2.000e+00  1.000e+00  0.000e+00  1.000e+00 
 3.000e+00  2.000e+00  1.000e+00  0.000e+00 

b:
 1.200e+01  1.000e+01  8.000e+00  8.000e+00 

x:
 1.000e+00  8.882e-16  1.000e+00  1.998e-15 

./a.out : Task = 9 Res1 = 2.114711e-16 Res2 = 7.771561e-15 T1 = 0.00 T2 = 0.00 S = 3 N = 8 M = 6 P = 2
============================== a.out n=9 m=3 p=1 s=3 ===============
### Run  ./a.out 9 3 1 4 3
A:
 0.000e+00  1.000e+00  2.000e+00  3.000e+00 
 1.000e+00  0.000e+00  1.000e+00  2.000e+00 
 2.000e+00  1.000e+00  0.000e+00  1.000e+00 
 3.000e+00  2.000e+00  1.000e+00  0.000e+00 

b:
 2.000e+01  1.700e+01  1.400e+01  1.300e+01 

x:
 1.000e+00  0.000e+00  1.000e+00 -2.220e-15 

./a.out : Task = 9 Res1 = 5.836601e-16 Res2 = 5.462297e-14 T1 = 0.00 T2 = 0.00 S = 3 N = 9 M = 3 P = 1
============================== a.out n=9 m=3 p=2 s=3 ===============
### Run  ./a.out 9 3 2 4 3
A:
 0.000e+00  1.000e+00  2.000e+00  3.000e+00 
 1.000e+00  0.000e+00  1.000e+00  2.000e+00 
 2.000e+00  1.000e+00  0.000e+00  1.000e+00 
 3.000e+00  2.000e+00  1.000e+00  0.000e+00 

b:
 2.000e+01  1.700e+01  1.400e+01  1.300e+01 

x:
 1.000e+00  0.000e+00  1.000e+00 -2.220e-15 

./a.out : Task = 9 Res1 = 5.836601e-16 Res2 = 5.462297e-14 T1 = 0.00 T2 = 0.00 S = 3 N = 9 M = 3 P = 2
============================== a.out n=9 m=3 p=3 s=3 ===============
### Run  ./a.out 9 3 3 4 3
A:
 0.000e+00  1.000e+00  2.000e+00  3.000e+00 
 1.000e+00  0.000e+00  1.000e+00  2.000e+00 
 2.000e+00  1.000e+00  0.000e+00  1.000e+00 
 3.000e+00  2.000e+00  1.000e+00  0.000e+00 

b:
 2.000e+01  1.700e+01  1.400e+01  1.300e+01 

x:
 1.000e+00  0.000e+00  1.000e+00 -2.220e-15 

./a.out : Task = 9 Res1 = 5.836601e-16 Res2 = 5.462297e-14 T1 = 0.00 T2 = 0.00 S = 3 N = 9 M = 3 P = 3
============================== a.out n=9 m=3 p=4 s=3 ===============
### Run  ./a.out 9 3 4 4 3
A:
 0.000e+00  1.000e+00  2.000e+00  3.000e+00 
 1.000e+00  0.000e+00  1.000e+00  2.000e+00 
 2.000e+00  1.000e+00  0.000e+00  1.000e+00 
 3.000e+00  2.000e+00  1.000e+00  0.000e+00 

b:
 2.000e+01  1.700e+01  1.400e+01  1.300e+01 

x:
 1.000e+00  0.000e+00  1.000e+00 -2.220e-15 

./a.out : Task = 9 Res1 = 5.836601e-16 Res2 = 5.462297e-14 T1 = 0.00 T2 = 0.00 S = 3 N = 9 M = 3 P = 4
============================== a.out n=9 m=6 p=1 s=3 ===============
### Run  ./a.out 9 6 1 4 3
A:
 0.000e+00  1.000e+00  2.000e+00  3.000e+00 
 1.000e+00  0.000e+00  1.000e+00  2.000e+00 
 2.000e+00  1.000e+00  0.000e+00  1.000e+00 
 3.000e+00  2.000e+00  1.000e+00  0.000e+00 

b:
 2.000e+01  1.700e+01  1.400e+01  1.300e+01 

x:
 1.000e+00  8.882e-16  1.000e+00  1.998e-15 

./a.out : Task = 9 Res1 = 3.679596e-16 Res2 = 1.765255e-14 T1 = 0.00 T2 = 0.00 S = 3 N = 9 M = 6 P = 1
============================== a.out n=9 m=6 p=2 s=3 ===============
### Run  ./a.out 9 6 2 4 3
A:
 0.000e+00  1.000e+00  2.000e+00  3.000e+00 
 1.000e+00  0.000e+00  1.000e+00  2.000e+00 
 2.000e+00  1.000e+00  0.000e+00  1.000e+00 
 3.000e+00  2.000e+00  1.000e+00  0.000e+00 

b:
 2.000e+01  1.700e+01  1.400e+01  1.300e+01 

x:
 1.000e+00  8.882e-16  1.000e+00  1.998e-15 

./a.out : Task = 9 Res1 = 3.679596e-16 Res2 = 1.765255e-14 T1 = 0.00 T2 = 0.00 S = 3 N = 9 M = 6 P = 2
============================== a.out n=9 m=9 p=1 s=3 ===============
### Run  ./a.out 9 9 1 4 3
A:
 0.000e+00  1.000e+00  2.000e+00  3.000e+00 
 1.000e+00  0.000e+00  1.000e+00  2.000e+00 
 2.000e+00  1.000e+00  0.000e+00  1.000e+00 
 3.000e+00  2.000e+00  1.000e+00  0.000e+00 

b:
 2.000e+01  1.700e+01  1.400e+01  1.300e+01 

x:
 1.000e+00  0.000e+00  1.000e+00  0.000e+00 

./a.out : Task = 9 Res1 = 0.000000e+00 Res2 = 0.000000e+00 T1 = 0.00 T2 = 0.00 S = 3 N = 9 M = 9 P = 1
============================== a.out n=9 m=9 p=2 s=3 ===============
### Run  ./a.out 9 9 2 4 3
A:
 0.000e+00  1.000e+00  2.000e+00  3.000e+00 
 1.000e+00  0.000e+00  1.000e+00  2.000e+00 
 2.000e+00  1.000e+00  0.000e+00  1.000e+00 
 3.000e+00  2.000e+00  1.000e+00  0.000e+00 

b:
 2.000e+01  1.700e+01  1.400e+01  1.300e+01 

x:
 1.000e+00  0.000e+00  1.000e+00  0.000e+00 

./a.out : Task = 9 Res1 = 0.000000e+00 Res2 = 0.000000e+00 T1 = 0.00 T2 = 0.00 S = 3 N = 9 M = 9 P = 2
============================== a.out n=10 m=3 p=1 s=3 ===============
### Run  ./a.out 10 3 1 4 3
A:
 0.000e+00  1.000e+00  2.000e+00  3.000e+00 
 1.000e+00  0.000e+00  1.000e+00  2.000e+00 
 2.000e+00  1.000e+00  0.000e+00  1.000e+00 
 3.000e+00  2.000e+00  1.000e+00  0.000e+00 

b:
 2.000e+01  1.700e+01  1.400e+01  1.300e+01 

x:
 1.000e+00  0.000e+00  1.000e+00 -2.220e-15 

./a.out : Task = 9 Res1 = 5.598215e-16 Res2 = 5.393217e-14 T1 = 0.00 T2 = 0.00 S = 3 N = 10 M = 3 P = 1
============================== a.out n=10 m=3 p=2 s=3 ===============
### Run  ./a.out 10 3 2 4 3
A:
 0.000e+00  1.000e+00  2.000e+00  3.000e+00 
 1.000e+00  0.000e+00  1.000e+00  2.000e+00 
 2.000e+00  1.000e+00  0.000e+00  1.000e+00 
 3.000e+00  2.000e+00  1.000e+00  0.000e+00 

b:
 2.000e+01  1.700e+01  1.400e+01  1.300e+01 

x:
 1.000e+00  0.000e+00  1.000e+00 -2.220e-15 

./a.out : Task = 9 Res1 = 5.598215e-16 Res2 = 5.393217e-14 T1 = 0.00 T2 = 0.00 S = 3 N = 10 M = 3 P = 2
============================== a.out n=10 m=3 p=3 s=3 ===============
### Run  ./a.out 10 3 3 4 3
A:
 0.000e+00  1.000e+00  2.000e+00  3.000e+00 
 1.000e+00  0.000e+00  1.000e+00  2.000e+00 
 2.000e+00  1.000e+00  0.000e+00  1.000e+00 
 3.000e+00  2.000e+00  1.000e+00  0.000e+00 

b:
 2.000e+01  1.700e+01  1.400e+01  1.300e+01 

x:
 1.000e+00  0.000e+00  1.000e+00 -2.220e-15 

./a.out : Task = 9 Res1 = 5.598215e-16 Res2 = 5.393217e-14 T1 = 0.00 T2 = 0.00 S = 3 N = 10 M = 3 P = 3
============================== a.out n=10 m=3 p=4 s=3 ===============
### Run  ./a.out 10 3 4 4 3
A:
 0.000e+00  1.000e+00  2.000e+00  3.000e+00 
 1.000e+00  0.000e+00  1.000e+00  2.000e+00 
 2.000e+00  1.000e+00  0.000e+00  1.000e+00 
 3.000e+00  2.000e+00  1.000e+00  0.000e+00 

b:
 2.000e+01  1.700e+01  1.400e+01  1.300e+01 

x:
 1.000e+00  0.000e+00  1.000e+00 -2.220e-15 

./a.out : Task = 9 Res1 = 5.598215e-16 Res2 = 5.393217e-14 T1 = 0.00 T2 = 0.00 S = 3 N = 10 M = 3 P = 4
============================== a.out n=10 m=6 p=1 s=3 ===============
### Run  ./a.out 10 6 1 4 3
A:
 0.000e+00  1.000e+00  2.000e+00  3.000e+00 
 1.000e+00  0.000e+00  1.000e+00  2.000e+00 
 2.000e+00  1.000e+00  0.000e+00  1.000e+00 
 3.000e+00  2.000e+00  1.000e+00  0.000e+00 

b:
 2.000e+01  1.700e+01  1.400e+01  1.300e+01 

x:
 1.000e+00  8.882e-16  1.000e+00  1.998e-15 

./a.out : Task = 9 Res1 = 9.689219e-17 Res2 = 1.016964e-14 T1 = 0.00 T2 = 0.00 S = 3 N = 10 M = 6 P = 1
============================== a.out n=10 m=6 p=2 s=3 ===============
### Run  ./a.out 10 6 2 4 3
A:
 0.000e+00  1.000e+00  2.000e+00  3.000e+00 
 1.000e+00  0.000e+00  1.000e+00  2.000e+00 
 2.000e+00  1.000e+00  0.000e+00  1.000e+00 
 3.000e+00  2.000e+00  1.000e+00  0.000e+00 

b:
 2.000e+01  1.700e+01  1.400e+01  1.300e+01 

x:
 1.000e+00  8.882e-16  1.000e+00  1.998e-15 

./a.out : Task = 9 Res1 = 9.689219e-17 Res2 = 1.016964e-14 T1 = 0.00 T2 = 0.00 S = 3 N = 10 M = 6 P = 2
============================== a.out n=10 m=9 p=1 s=3 ===============
### Run  ./a.out 10 9 1 4 3
A:
 0.000e+00  1.000e+00  2.000e+00  3.000e+00 
 1.000e+00  0.000e+00  1.000e+00  2.000e+00 
 2.000e+00  1.000e+00  0.000e+00  1.000e+00 
 3.000e+00  2.000e+00  1.000e+00  0.000e+00 

b:
 2.000e+01  1.700e+01  1.400e+01  1.300e+01 

x:
 1.000e+00  0.000e+00  1.000e+00  0.000e+00 

./a.out : Task = 9 Res1 = 0.000000e+00 Res2 = 0.000000e+00 T1 = 0.00 T2 = 0.00 S = 3 N = 10 M = 9 P = 1
============================== a.out n=10 m=9 p=2 s=3 ===============
### Run  ./a.out 10 9 2 4 3
A:
 0.000e+00  1.000e+00  2.000e+00  3.000e+00 
 1.000e+00  0.000e+00  1.000e+00  2.000e+00 
 2.000e+00  1.000e+00  0.000e+00  1.000e+00 
 3.000e+00  2.000e+00  1.000e+00  0.000e+00 

b:
 2.000e+01  1.700e+01  1.400e+01  1.300e+01 

x:
 1.000e+00  0.000e+00  1.000e+00  0.000e+00 

./a.out : Task = 9 Res1 = 0.000000e+00 Res2 = 0.000000e+00 T1 = 0.00 T2 = 0.00 S = 3 N = 10 M = 9 P = 2
============================== a.out n=11 m=3 p=1 s=3 ===============
### Run  ./a.out 11 3 1 4 3
A:
 0.000e+00  1.000e+00  2.000e+00  3.000e+00 
 1.000e+00  0.000e+00  1.000e+00  2.000e+00 
 2.000e+00  1.000e+00  0.000e+00  1.000e+00 
 3.000e+00  2.000e+00  1.000e+00  0.000e+00 

b:
 3.000e+01  2.600e+01  2.200e+01  2.000e+01 

x:
 1.000e+00  0.000e+00  1.000e+00 -2.220e-15 

./a.out : Task = 9 Res1 = 3.552714e-16 Res2 = 6.550316e-14 T1 = 0.00 T2 = 0.00 S = 3 N = 11 M = 3 P = 1
============================== a.out n=11 m=3 p=2 s=3 ===============
### Run  ./a.out 11 3 2 4 3
A:
 0.000e+00  1.000e+00  2.000e+00  3.000e+00 
 1.000e+00  0.000e+00  1.000e+00  2.000e+00 
 2.000e+00  1.000e+00  0.000e+00  1.000e+00 
 3.000e+00  2.000e+00  1.000e+00  0.000e+00 

b:
 3.000e+01  2.600e+01  2.200e+01  2.000e+01 

x:
 1.000e+00  0.000e+00  1.000e+00 -2.220e-15 

./a.out : Task = 9 Res1 = 3.552714e-16 Res2 = 6.550316e-14 T1 = 0.00 T2 = 0.00 S = 3 N = 11 M = 3 P = 2
============================== a.out n=11 m=3 p=3 s=3 ===============
### Run  ./a.out 11 3 3 4 3
A:
 0.000e+00  1.000e+00  2.000e+00  3.000e+00 
 1.000e+00  0.000e+00  1.000e+00  2.000e+00 
 2.000e+00  1.000e+00  0.000e+00  1.000e+00 
 3.000e+00  2.000e+00  1.000e+00  0.000e+00 

b:
 3.000e+01  2.600e+01  2.200e+01  2.000e+01 

x:
 1.000e+00  0.000e+00  1.000e+00 -2.220e-15 

./a.out : Task = 9 Res1 = 3.552714e-16 Res2 = 6.550316e-14 T1 = 0.00 T2 = 0.00 S = 3 N = 11 M = 3 P = 3
============================== a.out n=11 m=3 p=4 s=3 ===============
### Run  ./a.out 11 3 4 4 3
A:
 0.000e+00  1.000e+00  2.000e+00  3.000e+00 
 1.000e+00  0.000e+00  1.000e+00  2.000e+00 
 2.000e+00  1.000e+00  0.000e+00  1.000e+00 
 3.000e+00  2.000e+00  1.000e+00  0.000e+00 

b:
 3.000e+01  2.600e+01  2.200e+01  2.000e+01 

x:
 1.000e+00  0.000e+00  1.000e+00 -2.220e-15 

./a.out : Task = 9 Res1 = 3.552714e-16 Res2 = 6.550316e-14 T1 = 0.00 T2 = 0.00 S = 3 N = 11 M = 3 P = 4
============================== a.out n=11 m=6 p=1 s=3 ===============
### Run  ./a.out 11 6 1 4 3
A:
 0.000e+00  1.000e+00  2.000e+00  3.000e+00 
 1.000e+00  0.000e+00  1.000e+00  2.000e+00 
 2.000e+00  1.000e+00  0.000e+00  1.000e+00 
 3.000e+00  2.000e+00  1.000e+00  0.000e+00 

b:
 3.000e+01  2.600e+01  2.200e+01  2.000e+01 

x:
 1.000e+00  8.882e-16  1.000e+00  1.998e-15 

./a.out : Task = 9 Res1 = 4.121148e-16 Res2 = 3.037570e-14 T1 = 0.00 T2 = 0.00 S = 3 N = 11 M = 6 P = 1
============================== a.out n=11 m=6 p=2 s=3 ===============
### Run  ./a.out 11 6 2 4 3
A:
 0.000e+00  1.000e+00  2.000e+00  3.000e+00 
 1.000e+00  0.000e+00  1.000e+00  2.000e+00 
 2.000e+00  1.000e+00  0.000e+00  1.000e+00 
 3.000e+00  2.000e+00  1.000e+00  0.000e+00 

b:
 3.000e+01  2.600e+01  2.200e+01  2.000e+01 

x:
 1.000e+00  8.882e-16  1.000e+00  1.998e-15 

./a.out : Task = 9 Res1 = 4.121148e-16 Res2 = 3.037570e-14 T1 = 0.00 T2 = 0.00 S = 3 N = 11 M = 6 P = 2
============================== a.out n=11 m=9 p=1 s=3 ===============
### Run  ./a.out 11 9 1 4 3
A:
 0.000e+00  1.000e+00  2.000e+00  3.000e+00 
 1.000e+00  0.000e+00  1.000e+00  2.000e+00 
 2.000e+00  1.000e+00  0.000e+00  1.000e+00 
 3.000e+00  2.000e+00  1.000e+00  0.000e+00 

b:
 3.000e+01  2.600e+01  2.200e+01  2.000e+01 

x:
 1.000e+00  0.000e+00  1.000e+00  0.000e+00 

./a.out : Task = 9 Res1 = 0.000000e+00 Res2 = 0.000000e+00 T1 = 0.00 T2 = 0.00 S = 3 N = 11 M = 9 P = 1
============================== a.out n=11 m=9 p=2 s=3 ===============
### Run  ./a.out 11 9 2 4 3
A:
 0.000e+00  1.000e+00  2.000e+00  3.000e+00 
 1.000e+00  0.000e+00  1.000e+00  2.000e+00 
 2.000e+00  1.000e+00  0.000e+00  1.000e+00 
 3.000e+00  2.000e+00  1.000e+00  0.000e+00 

b:
 3.000e+01  2.600e+01  2.200e+01  2.000e+01 

x:
 1.000e+00  0.000e+00  1.000e+00  0.000e+00 

./a.out : Task = 9 Res1 = 0.000000e+00 Res2 = 0.000000e+00 T1 = 0.00 T2 = 0.00 S = 3 N = 11 M = 9 P = 2
============================== a.out n=12 m=3 p=1 s=3 ===============
### Run  ./a.out 12 3 1 4 3
A:
 0.000e+00  1.000e+00  2.000e+00  3.000e+00 
 1.000e+00  0.000e+00  1.000e+00  2.000e+00 
 2.000e+00  1.000e+00  0.000e+00  1.000e+00 
 3.000e+00  2.000e+00  1.000e+00  0.000e+00 

b:
 3.000e+01  2.600e+01  2.200e+01  2.000e+01 

x:
 1.000e+00  0.000e+00  1.000e+00 -2.220e-15 

./a.out : Task = 9 Res1 = 4.099285e-16 Res2 = 6.572520e-14 T1 = 0.00 T2 = 0.00 S = 3 N = 12 M = 3 P = 1
============================== a.out n=12 m=3 p=2 s=3 ===============
### Run  ./a.out 12 3 2 4 3
A:
 0.000e+00  1.000e+00  2.000e+00  3.000e+00 
 1.000e+00  0.000e+00  1.000e+00  2.000e+00 
 2.000e+00  1.000e+00  0.000e+00  1.000e+00 
 3.000e+00  2.000e+00  1.000e+00  0.000e+00 

b:
 3.000e+01  2.600e+01  2.200e+01  2.000e+01 

x:
 1.000e+00  0.000e+00  1.000e+00 -2.220e-15 

./a.out : Task = 9 Res1 = 4.099285e-16 Res2 = 6.572520e-14 T1 = 0.00 T2 = 0.00 S = 3 N = 12 M = 3 P = 2
============================== a.out n=12 m=3 p=3 s=3 ===============
### Run  ./a.out 12 3 3 4 3
A:
 0.000e+00  1.000e+00  2.000e+00  3.000e+00 
 1.000e+00  0.000e+00  1.000e+00  2.000e+00 
 2.000e+00  1.000e+00  0.000e+00  1.000e+00 
 3.000e+00  2.000e+00  1.000e+00  0.000e+00 

b:
 3.000e+01  2.600e+01  2.200e+01  2.000e+01 

x:
 1.000e+00  0.000e+00  1.000e+00 -2.220e-15 

./a.out : Task = 9 Res1 = 4.099285e-16 Res2 = 6.572520e-14 T1 = 0.00 T2 = 0.00 S = 3 N = 12 M = 3 P = 3
============================== a.out n=12 m=3 p=4 s=3 ===============
### Run  ./a.out 12 3 4 4 3
A:
 0.000e+00  1.000e+00  2.000e+00  3.000e+00 
 1.000e+00  0.000e+00  1.000e+00  2.000e+00 
 2.000e+00  1.000e+00  0.000e+00  1.000e+00 
 3.000e+00  2.000e+00  1.000e+00  0.000e+00 

b:
 3.000e+01  2.600e+01  2.200e+01  2.000e+01 

x:
 1.000e+00  0.000e+00  1.000e+00 -2.220e-15 

./a.out : Task = 9 Res1 = 4.099285e-16 Res2 = 6.572520e-14 T1 = 0.00 T2 = 0.00 S = 3 N = 12 M = 3 P = 4
============================== a.out n=12 m=3 p=5 s=3 ===============
### Run  ./a.out 12 3 5 4 3
A:
 0.000e+00  1.000e+00  2.000e+00  3.000e+00 
 1.000e+00  0.000e+00  1.000e+00  2.000e+00 
 2.000e+00  1.000e+00  0.000e+00  1.000e+00 
 3.000e+00  2.000e+00  1.000e+00  0.000e+00 

b:
 3.000e+01  2.600e+01  2.200e+01  2.000e+01 

x:
 1.000e+00  0.000e+00  1.000e+00 -2.220e-15 

./a.out : Task = 9 Res1 = 3.850843e-16 Res2 = 6.750156e-14 T1 = 0.00 T2 = 0.00 S = 3 N = 12 M = 3 P = 5
============================== a.out n=12 m=6 p=1 s=3 ===============
### Run  ./a.out 12 6 1 4 3
A:
 0.000e+00  1.000e+00  2.000e+00  3.000e+00 
 1.000e+00  0.000e+00  1.000e+00  2.000e+00 
 2.000e+00  1.000e+00  0.000e+00  1.000e+00 
 3.000e+00  2.000e+00  1.000e+00  0.000e+00 

b:
 3.000e+01  2.600e+01  2.200e+01  2.000e+01 

x:
 1.000e+00  8.882e-16  1.000e+00  1.998e-15 

./a.out : Task = 9 Res1 = 1.937844e-15 Res2 = 1.210809e-13 T1 = 0.00 T2 = 0.00 S = 3 N = 12 M = 6 P = 1
============================== a.out n=12 m=6 p=2 s=3 ===============
### Run  ./a.out 12 6 2 4 3
A:
 0.000e+00  1.000e+00  2.000e+00  3.000e+00 
 1.000e+00  0.000e+00  1.000e+00  2.000e+00 
 2.000e+00  1.000e+00  0.000e+00  1.000e+00 
 3.000e+00  2.000e+00  1.000e+00  0.000e+00 

b:
 3.000e+01  2.600e+01  2.200e+01  2.000e+01 

x:
 1.000e+00  8.882e-16  1.000e+00  1.998e-15 

./a.out : Task = 9 Res1 = 1.937844e-15 Res2 = 1.210809e-13 T1 = 0.00 T2 = 0.00 S = 3 N = 12 M = 6 P = 2
============================== a.out n=12 m=6 p=3 s=3 ===============
### Run  ./a.out 12 6 3 4 3
A:
 0.000e+00  1.000e+00  2.000e+00  3.000e+00 
 1.000e+00  0.000e+00  1.000e+00  2.000e+00 
 2.000e+00  1.000e+00  0.000e+00  1.000e+00 
 3.000e+00  2.000e+00  1.000e+00  0.000e+00 

b:
 3.000e+01  2.600e+01  2.200e+01  2.000e+01 

x:
 1.000e+00  8.882e-16  1.000e+00  1.998e-15 

./a.out : Task = 9 Res1 = 1.937844e-15 Res2 = 1.210809e-13 T1 = 0.00 T2 = 0.00 S = 3 N = 12 M = 6 P = 3
============================== a.out n=12 m=9 p=1 s=3 ===============
### Run  ./a.out 12 9 1 4 3
A:
 0.000e+00  1.000e+00  2.000e+00  3.000e+00 
 1.000e+00  0.000e+00  1.000e+00  2.000e+00 
 2.000e+00  1.000e+00  0.000e+00  1.000e+00 
 3.000e+00  2.000e+00  1.000e+00  0.000e+00 

b:
 3.000e+01  2.600e+01  2.200e+01  2.000e+01 

x:
 1.000e+00  0.000e+00  1.000e+00  0.000e+00 

./a.out : Task = 9 Res1 = 0.000000e+00 Res2 = 0.000000e+00 T1 = 0.00 T2 = 0.00 S = 3 N = 12 M = 9 P = 1
============================== a.out n=12 m=9 p=2 s=3 ===============
### Run  ./a.out 12 9 2 4 3
A:
 0.000e+00  1.000e+00  2.000e+00  3.000e+00 
 1.000e+00  0.000e+00  1.000e+00  2.000e+00 
 2.000e+00  1.000e+00  0.000e+00  1.000e+00 
 3.000e+00  2.000e+00  1.000e+00  0.000e+00 

b:
 3.000e+01  2.600e+01  2.200e+01  2.000e+01 

x:
 1.000e+00  0.000e+00  1.000e+00  0.000e+00 

./a.out : Task = 9 Res1 = 0.000000e+00 Res2 = 0.000000e+00 T1 = 0.00 T2 = 0.00 S = 3 N = 12 M = 9 P = 2
============================== a.out n=12 m=12 p=1 s=3 ===============
### Run  ./a.out 12 12 1 4 3
A:
 0.000e+00  1.000e+00  2.000e+00  3.000e+00 
 1.000e+00  0.000e+00  1.000e+00  2.000e+00 
 2.000e+00  1.000e+00  0.000e+00  1.000e+00 
 3.000e+00  2.000e+00  1.000e+00  0.000e+00 

b:
 3.000e+01  2.600e+01  2.200e+01  2.000e+01 

x:
 1.000e+00  2.665e-14  1.000e+00  2.531e-14 

./a.out : Task = 9 Res1 = 8.074349e-16 Res2 = 2.418066e-13 T1 = 0.00 T2 = 0.00 S = 3 N = 12 M = 12 P = 1
============================== a.out n=12 m=12 p=2 s=3 ===============
### Run  ./a.out 12 12 2 4 3
A:
 0.000e+00  1.000e+00  2.000e+00  3.000e+00 
 1.000e+00  0.000e+00  1.000e+00  2.000e+00 
 2.000e+00  1.000e+00  0.000e+00  1.000e+00 
 3.000e+00  2.000e+00  1.000e+00  0.000e+00 

b:
 3.000e+01  2.600e+01  2.200e+01  2.000e+01 

x:
 1.000e+00  2.665e-14  1.000e+00  2.531e-14 

./a.out : Task = 9 Res1 = 8.074349e-16 Res2 = 2.418066e-13 T1 = 0.00 T2 = 0.00 S = 3 N = 12 M = 12 P = 2
============================== a.out n=13 m=3 p=1 s=3 ===============
### Run  ./a.out 13 3 1 4 3
A:
 0.000e+00  1.000e+00  2.000e+00  3.000e+00 
 1.000e+00  0.000e+00  1.000e+00  2.000e+00 
 2.000e+00  1.000e+00  0.000e+00  1.000e+00 
 3.000e+00  2.000e+00  1.000e+00  0.000e+00 

b:
 4.200e+01  3.700e+01  3.200e+01  2.900e+01 

x:
 1.000e+00  0.000e+00  1.000e+00 -2.220e-15 

./a.out : Task = 9 Res1 = 4.900295e-16 Res2 = 1.826317e-13 T1 = 0.00 T2 = 0.00 S = 3 N = 13 M = 3 P = 1
============================== a.out n=13 m=3 p=2 s=3 ===============
### Run  ./a.out 13 3 2 4 3
A:
 0.000e+00  1.000e+00  2.000e+00  3.000e+00 
 1.000e+00  0.000e+00  1.000e+00  2.000e+00 
 2.000e+00  1.000e+00  0.000e+00  1.000e+00 
 3.000e+00  2.000e+00  1.000e+00  0.000e+00 

b:
 4.200e+01  3.700e+01  3.200e+01  2.900e+01 

x:
 1.000e+00  0.000e+00  1.000e+00 -2.220e-15 

./a.out : Task = 9 Res1 = 3.150189e-16 Res2 = 1.790790e-13 T1 = 0.00 T2 = 0.00 S = 3 N = 13 M = 3 P = 2
============================== a.out n=13 m=3 p=3 s=3 ===============
### Run  ./a.out 13 3 3 4 3
A:
 0.000e+00  1.000e+00  2.000e+00  3.000e+00 
 1.000e+00  0.000e+00  1.000e+00  2.000e+00 
 2.000e+00  1.000e+00  0.000e+00  1.000e+00 
 3.000e+00  2.000e+00  1.000e+00  0.000e+00 

b:
 4.200e+01  3.700e+01  3.200e+01  2.900e+01 

x:
 1.000e+00  0.000e+00  1.000e+00 -2.220e-15 

./a.out : Task = 9 Res1 = 4.725284e-16 Res2 = 1.773026e-13 T1 = 0.00 T2 = 0.00 S = 3 N = 13 M = 3 P = 3
============================== a.out n=13 m=3 p=4 s=3 ===============
### Run  ./a.out 13 3 4 4 3
A:
 0.000e+00  1.000e+00  2.000e+00  3.000e+00 
 1.000e+00  0.000e+00  1.000e+00  2.000e+00 
 2.000e+00  1.000e+00  0.000e+00  1.000e+00 
 3.000e+00  2.000e+00  1.000e+00  0.000e+00 

b:
 4.200e+01  3.700e+01  3.200e+01  2.900e+01 

x:
 1.000e+00  0.000e+00  1.000e+00 -2.220e-15 

./a.out : Task = 9 Res1 = 4.900295e-16 Res2 = 1.826317e-13 T1 = 0.00 T2 = 0.00 S = 3 N = 13 M = 3 P = 4
============================== a.out n=13 m=3 p=5 s=3 ===============
### Run  ./a.out 13 3 5 4 3
A:
 0.000e+00  1.000e+00  2.000e+00  3.000e+00 
 1.000e+00  0.000e+00  1.000e+00  2.000e+00 
 2.000e+00  1.000e+00  0.000e+00  1.000e+00 
 3.000e+00  2.000e+00  1.000e+00  0.000e+00 

b:
 4.200e+01  3.700e+01  3.200e+01  2.900e+01 

x:
 1.000e+00  0.000e+00  1.000e+00 -2.220e-15 

./a.out : Task = 9 Res1 = 3.150189e-16 Res2 = 1.790790e-13 T1 = 0.00 T2 = 0.00 S = 3 N = 13 M = 3 P = 5
============================== a.out n=13 m=6 p=1 s=3 ===============
### Run  ./a.out 13 6 1 4 3
A:
 0.000e+00  1.000e+00  2.000e+00  3.000e+00 
 1.000e+00  0.000e+00  1.000e+00  2.000e+00 
 2.000e+00  1.000e+00  0.000e+00  1.000e+00 
 3.000e+00  2.000e+00  1.000e+00  0.000e+00 

b:
 4.200e+01  3.700e+01  3.200e+01  2.900e+01 

x:
 1.000e+00  8.882e-16  1.000e+00  1.998e-15 

./a.out : Task = 9 Res1 = 8.750526e-16 Res2 = 1.762590e-13 T1 = 0.00 T2 = 0.00 S = 3 N = 13 M = 6 P = 1
============================== a.out n=13 m=6 p=2 s=3 ===============
### Run  ./a.out 13 6 2 4 3
A:
 0.000e+00  1.000e+00  2.000e+00  3.000e+00 
 1.000e+00  0.000e+00  1.000e+00  2.000e+00 
 2.000e+00  1.000e+00  0.000e+00  1.000e+00 
 3.000e+00  2.000e+00  1.000e+00  0.000e+00 

b:
 4.200e+01  3.700e+01  3.200e+01  2.900e+01 

x:
 1.000e+00  8.882e-16  1.000e+00  1.998e-15 

./a.out : Task = 9 Res1 = 8.750526e-16 Res2 = 1.762590e-13 T1 = 0.00 T2 = 0.00 S = 3 N = 13 M = 6 P = 2
============================== a.out n=13 m=6 p=3 s=3 ===============
### Run  ./a.out 13 6 3 4 3
A:
 0.000e+00  1.000e+00  2.000e+00  3.000e+00 
 1.000e+00  0.000e+00  1.000e+00  2.000e+00 
 2.000e+00  1.000e+00  0.000e+00  1.000e+00 
 3.000e+00  2.000e+00  1.000e+00  0.000e+00 

b:
 4.200e+01  3.700e+01  3.200e+01  2.900e+01 

x:
 1.000e+00  8.882e-16  1.000e+00  1.998e-15 

./a.out : Task = 9 Res1 = 8.750526e-16 Res2 = 1.762590e-13 T1 = 0.00 T2 = 0.00 S = 3 N = 13 M = 6 P = 3
============================== a.out n=13 m=9 p=1 s=3 ===============
### Run  ./a.out 13 9 1 4 3
A:
 0.000e+00  1.000e+00  2.000e+00  3.000e+00 
 1.000e+00  0.000e+00  1.000e+00  2.000e+00 
 2.000e+00  1.000e+00  0.000e+00  1.000e+00 
 3.000e+00  2.000e+00  1.000e+00  0.000e+00 

b:
 4.200e+01  3.700e+01  3.200e+01  2.900e+01 

x:
 1.000e+00  0.000e+00  1.000e+00  0.000e+00 

./a.out : Task = 9 Res1 = 0.000000e+00 Res2 = 0.000000e+00 T1 = 0.00 T2 = 0.00 S = 3 N = 13 M = 9 P = 1
============================== a.out n=13 m=9 p=2 s=3 ===============
### Run  ./a.out 13 9 2 4 3
A:
 0.000e+00  1.000e+00  2.000e+00  3.000e+00 
 1.000e+00  0.000e+00  1.000e+00  2.000e+00 
 2.000e+00  1.000e+00  0.000e+00  1.000e+00 
 3.000e+00  2.000e+00  1.000e+00  0.000e+00 

b:
 4.200e+01  3.700e+01  3.200e+01  2.900e+01 

x:
 1.000e+00  0.000e+00  1.000e+00  0.000e+00 

./a.out : Task = 9 Res1 = 0.000000e+00 Res2 = 0.000000e+00 T1 = 0.00 T2 = 0.00 S = 3 N = 13 M = 9 P = 2
============================== a.out n=13 m=12 p=1 s=3 ===============
### Run  ./a.out 13 12 1 4 3
A:
 0.000e+00  1.000e+00  2.000e+00  3.000e+00 
 1.000e+00  0.000e+00  1.000e+00  2.000e+00 
 2.000e+00  1.000e+00  0.000e+00  1.000e+00 
 3.000e+00  2.000e+00  1.000e+00  0.000e+00 

b:
 4.200e+01  3.700e+01  3.200e+01  2.900e+01 

x:
 1.000e+00  2.665e-14  1.000e+00  2.354e-14 

./a.out : Task = 9 Res1 = 5.600337e-16 Res2 = 2.388090e-13 T1 = 0.00 T2 = 0.00 S = 3 N = 13 M = 12 P = 1
============================== a.out n=13 m=12 p=2 s=3 ===============
### Run  ./a.out 13 12 2 4 3
A:
 0.000e+00  1.000e+00  2.000e+00  3.000e+00 
 1.000e+00  0.000e+00  1.000e+00  2.000e+00 
 2.000e+00  1.000e+00  0.000e+00  1.000e+00 
 3.000e+00  2.000e+00  1.000e+00  0.000e+00 

b:
 4.200e+01  3.700e+01  3.200e+01  2.900e+01 

x:
 1.000e+00  2.665e-14  1.000e+00  2.354e-14 

./a.out : Task = 9 Res1 = 5.600337e-16 Res2 = 2.388090e-13 T1 = 0.00 T2 = 0.00 S = 3 N = 13 M = 12 P = 2
============================== a.out n=14 m=3 p=1 s=3 ===============
### Run  ./a.out 14 3 1 4 3
A:
 0.000e+00  1.000e+00  2.000e+00  3.000e+00 
 1.000e+00  0.000e+00  1.000e+00  2.000e+00 
 2.000e+00  1.000e+00  0.000e+00  1.000e+00 
 3.000e+00  2.000e+00  1.000e+00  0.000e+00 

b:
 4.200e+01  3.700e+01  3.200e+01  2.900e+01 

x:
 1.000e+00  0.000e+00  1.000e+00 -2.220e-15 

./a.out : Task = 9 Res1 = 2.810938e-16 Res2 = 2.127187e-13 T1 = 0.00 T2 = 0.00 S = 3 N = 14 M = 3 P = 1
============================== a.out n=14 m=3 p=2 s=3 ===============
### Run  ./a.out 14 3 2 4 3
A:
 0.000e+00  1.000e+00  2.000e+00  3.000e+00 
 1.000e+00  0.000e+00  1.000e+00  2.000e+00 
 2.000e+00  1.000e+00  0.000e+00  1.000e+00 
 3.000e+00  2.000e+00  1.000e+00  0.000e+00 

b:
 4.200e+01  3.700e+01  3.200e+01  2.900e+01 

x:
 1.000e+00  0.000e+00  1.000e+00 -2.220e-15 

./a.out : Task = 9 Res1 = 2.810938e-16 Res2 = 2.127187e-13 T1 = 0.00 T2 = 0.00 S = 3 N = 14 M = 3 P = 2
============================== a.out n=14 m=3 p=3 s=3 ===============
### Run  ./a.out 14 3 3 4 3
A:
 0.000e+00  1.000e+00  2.000e+00  3.000e+00 
 1.000e+00  0.000e+00  1.000e+00  2.000e+00 
 2.000e+00  1.000e+00  0.000e+00  1.000e+00 
 3.000e+00  2.000e+00  1.000e+00  0.000e+00 

b:
 4.200e+01  3.700e+01  3.200e+01  2.900e+01 

x:
 1.000e+00  0.000e+00  1.000e+00 -2.220e-15 

./a.out : Task = 9 Res1 = 2.810938e-16 Res2 = 2.127187e-13 T1 = 0.00 T2 = 0.00 S = 3 N = 14 M = 3 P = 3
============================== a.out n=14 m=3 p=4 s=3 ===============
### Run  ./a.out 14 3 4 4 3
A:
 0.000e+00  1.000e+00  2.000e+00  3.000e+00 
 1.000e+00  0.000e+00  1.000e+00  2.000e+00 
 2.000e+00  1.000e+00  0.000e+00  1.000e+00 
 3.000e+00  2.000e+00  1.000e+00  0.000e+00 

b:
 4.200e+01  3.700e+01  3.200e+01  2.900e+01 

x:
 1.000e+00  0.000e+00  1.000e+00 -2.220e-15 

./a.out : Task = 9 Res1 = 2.810938e-16 Res2 = 2.127187e-13 T1 = 0.00 T2 = 0.00 S = 3 N = 14 M = 3 P = 4
============================== a.out n=14 m=3 p=5 s=3 ===============
### Run  ./a.out 14 3 5 4 3
A:
 0.000e+00  1.000e+00  2.000e+00  3.000e+00 
 1.000e+00  0.000e+00  1.000e+00  2.000e+00 
 2.000e+00  1.000e+00  0.000e+00  1.000e+00 
 3.000e+00  2.000e+00  1.000e+00  0.000e+00 

b:
 4.200e+01  3.700e+01  3.200e+01  2.900e+01 

x:
 1.000e+00  0.000e+00  1.000e+00 -2.220e-15 

./a.out : Task = 9 Res1 = 2.810938e-16 Res2 = 2.127187e-13 T1 = 0.00 T2 = 0.00 S = 3 N = 14 M = 3 P = 5
============================== a.out n=14 m=6 p=1 s=3 ===============
### Run  ./a.out 14 6 1 4 3
A:
 0.000e+00  1.000e+00  2.000e+00  3.000e+00 
 1.000e+00  0.000e+00  1.000e+00  2.000e+00 
 2.000e+00  1.000e+00  0.000e+00  1.000e+00 
 3.000e+00  2.000e+00  1.000e+00  0.000e+00 

b:
 4.200e+01  3.700e+01  3.200e+01  2.900e+01 

x:
 1.000e+00  8.882e-16  1.000e+00  1.998e-15 

./a.out : Task = 9 Res1 = 8.667060e-16 Res2 = 1.997957e-13 T1 = 0.00 T2 = 0.00 S = 3 N = 14 M = 6 P = 1
============================== a.out n=14 m=6 p=2 s=3 ===============
### Run  ./a.out 14 6 2 4 3
A:
 0.000e+00  1.000e+00  2.000e+00  3.000e+00 
 1.000e+00  0.000e+00  1.000e+00  2.000e+00 
 2.000e+00  1.000e+00  0.000e+00  1.000e+00 
 3.000e+00  2.000e+00  1.000e+00  0.000e+00 

b:
 4.200e+01  3.700e+01  3.200e+01  2.900e+01 

x:
 1.000e+00  8.882e-16  1.000e+00  1.998e-15 

./a.out : Task = 9 Res1 = 8.667060e-16 Res2 = 1.997957e-13 T1 = 0.00 T2 = 0.00 S = 3 N = 14 M = 6 P = 2
============================== a.out n=14 m=6 p=3 s=3 ===============
### Run  ./a.out 14 6 3 4 3
A:
 0.000e+00  1.000e+00  2.000e+00  3.000e+00 
 1.000e+00  0.000e+00  1.000e+00  2.000e+00 
 2.000e+00  1.000e+00  0.000e+00  1.000e+00 
 3.000e+00  2.000e+00  1.000e+00  0.000e+00 

b:
 4.200e+01  3.700e+01  3.200e+01  2.900e+01 

x:
 1.000e+00  8.882e-16  1.000e+00  1.998e-15 

./a.out : Task = 9 Res1 = 8.667060e-16 Res2 = 1.997957e-13 T1 = 0.00 T2 = 0.00 S = 3 N = 14 M = 6 P = 3
============================== a.out n=14 m=9 p=1 s=3 ===============
### Run  ./a.out 14 9 1 4 3
A:
 0.000e+00  1.000e+00  2.000e+00  3.000e+00 
 1.000e+00  0.000e+00  1.000e+00  2.000e+00 
 2.000e+00  1.000e+00  0.000e+00  1.000e+00 
 3.000e+00  2.000e+00  1.000e+00  0.000e+00 

b:
 4.200e+01  3.700e+01  3.200e+01  2.900e+01 

x:
 1.000e+00  0.000e+00  1.000e+00  0.000e+00 

./a.out : Task = 9 Res1 = 0.000000e+00 Res2 = 0.000000e+00 T1 = 0.00 T2 = 0.00 S = 3 N = 14 M = 9 P = 1
============================== a.out n=14 m=9 p=2 s=3 ===============
### Run  ./a.out 14 9 2 4 3
A:
 0.000e+00  1.000e+00  2.000e+00  3.000e+00 
 1.000e+00  0.000e+00  1.000e+00  2.000e+00 
 2.000e+00  1.000e+00  0.000e+00  1.000e+00 
 3.000e+00  2.000e+00  1.000e+00  0.000e+00 

b:
 4.200e+01  3.700e+01  3.200e+01  2.900e+01 

x:
 1.000e+00  0.000e+00  1.000e+00  0.000e+00 

./a.out : Task = 9 Res1 = 0.000000e+00 Res2 = 0.000000e+00 T1 = 0.00 T2 = 0.00 S = 3 N = 14 M = 9 P = 2
============================== a.out n=14 m=12 p=1 s=3 ===============
### Run  ./a.out 14 12 1 4 3
A:
 0.000e+00  1.000e+00  2.000e+00  3.000e+00 
 1.000e+00  0.000e+00  1.000e+00  2.000e+00 
 2.000e+00  1.000e+00  0.000e+00  1.000e+00 
 3.000e+00  2.000e+00  1.000e+00  0.000e+00 

b:
 4.200e+01  3.700e+01  3.200e+01  2.900e+01 

x:
 1.000e+00  2.665e-14  1.000e+00  2.354e-14 

./a.out : Task = 9 Res1 = 5.231468e-16 Res2 = 2.388090e-13 T1 = 0.00 T2 = 0.00 S = 3 N = 14 M = 12 P = 1
============================== a.out n=14 m=12 p=2 s=3 ===============
### Run  ./a.out 14 12 2 4 3
A:
 0.000e+00  1.000e+00  2.000e+00  3.000e+00 
 1.000e+00  0.000e+00  1.000e+00  2.000e+00 
 2.000e+00  1.000e+00  0.000e+00  1.000e+00 
 3.000e+00  2.000e+00  1.000e+00  0.000e+00 

b:
 4.200e+01  3.700e+01  3.200e+01  2.900e+01 

x:
 1.000e+00  2.665e-14  1.000e+00  2.354e-14 

./a.out : Task = 9 Res1 = 5.231468e-16 Res2 = 2.388090e-13 T1 = 0.00 T2 = 0.00 S = 3 N = 14 M = 12 P = 2
============================== a.out n=15 m=3 p=1 s=3 ===============
### Run  ./a.out 15 3 1 4 3
A:
 0.000e+00  1.000e+00  2.000e+00  3.000e+00 
 1.000e+00  0.000e+00  1.000e+00  2.000e+00 
 2.000e+00  1.000e+00  0.000e+00  1.000e+00 
 3.000e+00  2.000e+00  1.000e+00  0.000e+00 

b:
 5.600e+01  5.000e+01  4.400e+01  4.000e+01 

x:
 1.000e+00  0.000e+00  1.000e+00 -2.220e-15 

./a.out : Task = 9 Res1 = 4.094849e-16 Res2 = 1.945111e-13 T1 = 0.00 T2 = 0.00 S = 3 N = 15 M = 3 P = 1
============================== a.out n=15 m=3 p=2 s=3 ===============
### Run  ./a.out 15 3 2 4 3
A:
 0.000e+00  1.000e+00  2.000e+00  3.000e+00 
 1.000e+00  0.000e+00  1.000e+00  2.000e+00 
 2.000e+00  1.000e+00  0.000e+00  1.000e+00 
 3.000e+00  2.000e+00  1.000e+00  0.000e+00 

b:
 5.600e+01  5.000e+01  4.400e+01  4.000e+01 

x:
 1.000e+00  0.000e+00  1.000e+00 -2.220e-15 

./a.out : Task = 9 Res1 = 4.094849e-16 Res2 = 1.945111e-13 T1 = 0.00 T2 = 0.00 S = 3 N = 15 M = 3 P = 2
============================== a.out n=15 m=3 p=3 s=3 ===============
### Run  ./a.out 15 3 3 4 3
A:
 0.000e+00  1.000e+00  2.000e+00  3.000e+00 
 1.000e+00  0.000e+00  1.000e+00  2.000e+00 
 2.000e+00  1.000e+00  0.000e+00  1.000e+00 
 3.000e+00  2.000e+00  1.000e+00  0.000e+00 

b:
 5.600e+01  5.000e+01  4.400e+01  4.000e+01 

x:
 1.000e+00  0.000e+00  1.000e+00 -2.220e-15 

./a.out : Task = 9 Res1 = 4.094849e-16 Res2 = 1.945111e-13 T1 = 0.00 T2 = 0.00 S = 3 N = 15 M = 3 P = 3
============================== a.out n=15 m=3 p=4 s=3 ===============
### Run  ./a.out 15 3 4 4 3
A:
 0.000e+00  1.000e+00  2.000e+00  3.000e+00 
 1.000e+00  0.000e+00  1.000e+00  2.000e+00 
 2.000e+00  1.000e+00  0.000e+00  1.000e+00 
 3.000e+00  2.000e+00  1.000e+00  0.000e+00 

b:
 5.600e+01  5.000e+01  4.400e+01  4.000e+01 

x:
 1.000e+00  0.000e+00  1.000e+00 -2.220e-15 

./a.out : Task = 9 Res1 = 3.921827e-16 Res2 = 1.980638e-13 T1 = 0.00 T2 = 0.00 S = 3 N = 15 M = 3 P = 4
============================== a.out n=15 m=3 p=5 s=3 ===============
### Run  ./a.out 15 3 5 4 3
A:
 0.000e+00  1.000e+00  2.000e+00  3.000e+00 
 1.000e+00  0.000e+00  1.000e+00  2.000e+00 
 2.000e+00  1.000e+00  0.000e+00  1.000e+00 
 3.000e+00  2.000e+00  1.000e+00  0.000e+00 

b:
 5.600e+01  5.000e+01  4.400e+01  4.000e+01 

x:
 1.000e+00  0.000e+00  1.000e+00 -2.220e-15 

./a.out : Task = 9 Res1 = 3.921827e-16 Res2 = 1.980638e-13 T1 = 0.00 T2 = 0.00 S = 3 N = 15 M = 3 P = 5
============================== a.out n=15 m=3 p=6 s=3 ===============
### Run  ./a.out 15 3 6 4 3
A:
 0.000e+00  1.000e+00  2.000e+00  3.000e+00 
 1.000e+00  0.000e+00  1.000e+00  2.000e+00 
 2.000e+00  1.000e+00  0.000e+00  1.000e+00 
 3.000e+00  2.000e+00  1.000e+00  0.000e+00 

b:
 5.600e+01  5.000e+01  4.400e+01  4.000e+01 

x:
 1.000e+00  0.000e+00  1.000e+00 -2.220e-15 

./a.out : Task = 9 Res1 = 3.921827e-16 Res2 = 1.980638e-13 T1 = 0.00 T2 = 0.00 S = 3 N = 15 M = 3 P = 6
============================== a.out n=15 m=6 p=1 s=3 ===============
### Run  ./a.out 15 6 1 4 3
A:
 0.000e+00  1.000e+00  2.000e+00  3.000e+00 
 1.000e+00  0.000e+00  1.000e+00  2.000e+00 
 2.000e+00  1.000e+00  0.000e+00  1.000e+00 
 3.000e+00  2.000e+00  1.000e+00  0.000e+00 

b:
 5.600e+01  5.000e+01  4.400e+01  4.000e+01 

x:
 1.000e+00  8.882e-16  1.000e+00  1.998e-15 

./a.out : Task = 9 Res1 = 1.343802e-15 Res2 = 2.843947e-13 T1 = 0.00 T2 = 0.00 S = 3 N = 15 M = 6 P = 1
============================== a.out n=15 m=6 p=2 s=3 ===============
### Run  ./a.out 15 6 2 4 3
A:
 0.000e+00  1.000e+00  2.000e+00  3.000e+00 
 1.000e+00  0.000e+00  1.000e+00  2.000e+00 
 2.000e+00  1.000e+00  0.000e+00  1.000e+00 
 3.000e+00  2.000e+00  1.000e+00  0.000e+00 

b:
 5.600e+01  5.000e+01  4.400e+01  4.000e+01 

x:
 1.000e+00  8.882e-16  1.000e+00  1.998e-15 

./a.out : Task = 9 Res1 = 1.343802e-15 Res2 = 2.843947e-13 T1 = 0.00 T2 = 0.00 S = 3 N = 15 M = 6 P = 2
============================== a.out n=15 m=6 p=3 s=3 ===============
### Run  ./a.out 15 6 3 4 3
A:
 0.000e+00  1.000e+00  2.000e+00  3.000e+00 
 1.000e+00  0.000e+00  1.000e+00  2.000e+00 
 2.000e+00  1.000e+00  0.000e+00  1.000e+00 
 3.000e+00  2.000e+00  1.000e+00  0.000e+00 

b:
 5.600e+01  5.000e+01  4.400e+01  4.000e+01 

x:
 1.000e+00  8.882e-16  1.000e+00  1.998e-15 

./a.out : Task = 9 Res1 = 1.343802e-15 Res2 = 2.843947e-13 T1 = 0.00 T2 = 0.00 S = 3 N = 15 M = 6 P = 3
============================== a.out n=15 m=9 p=1 s=3 ===============
### Run  ./a.out 15 9 1 4 3
A:
 0.000e+00  1.000e+00  2.000e+00  3.000e+00 
 1.000e+00  0.000e+00  1.000e+00  2.000e+00 
 2.000e+00  1.000e+00  0.000e+00  1.000e+00 
 3.000e+00  2.000e+00  1.000e+00  0.000e+00 

b:
 5.600e+01  5.000e+01  4.400e+01  4.000e+01 

x:
 1.000e+00  0.000e+00  1.000e+00  0.000e+00 

./a.out : Task = 9 Res1 = 1.268826e-16 Res2 = 6.616929e-14 T1 = 0.00 T2 = 0.00 S = 3 N = 15 M = 9 P = 1
============================== a.out n=15 m=9 p=2 s=3 ===============
### Run  ./a.out 15 9 2 4 3
A:
 0.000e+00  1.000e+00  2.000e+00  3.000e+00 
 1.000e+00  0.000e+00  1.000e+00  2.000e+00 
 2.000e+00  1.000e+00  0.000e+00  1.000e+00 
 3.000e+00  2.000e+00  1.000e+00  0.000e+00 

b:
 5.600e+01  5.000e+01  4.400e+01  4.000e+01 

x:
 1.000e+00  0.000e+00  1.000e+00  0.000e+00 

./a.out : Task = 9 Res1 = 1.268826e-16 Res2 = 6.616929e-14 T1 = 0.00 T2 = 0.00 S = 3 N = 15 M = 9 P = 2
============================== a.out n=15 m=12 p=1 s=3 ===============
### Run  ./a.out 15 12 1 4 3
A:
 0.000e+00  1.000e+00  2.000e+00  3.000e+00 
 1.000e+00  0.000e+00  1.000e+00  2.000e+00 
 2.000e+00  1.000e+00  0.000e+00  1.000e+00 
 3.000e+00  2.000e+00  1.000e+00  0.000e+00 

b:
 5.600e+01  5.000e+01  4.400e+01  4.000e+01 

x:
 1.000e+00  2.665e-14  1.000e+00  2.620e-14 

./a.out : Task = 9 Res1 = 4.498566e-16 Res2 = 2.796652e-13 T1 = 0.00 T2 = 0.00 S = 3 N = 15 M = 12 P = 1
============================== a.out n=15 m=12 p=2 s=3 ===============
### Run  ./a.out 15 12 2 4 3
A:
 0.000e+00  1.000e+00  2.000e+00  3.000e+00 
 1.000e+00  0.000e+00  1.000e+00  2.000e+00 
 2.000e+00  1.000e+00  0.000e+00  1.000e+00 
 3.000e+00  2.000e+00  1.000e+00  0.000e+00 

b:
 5.600e+01  5.000e+01  4.400e+01  4.000e+01 

x:
 1.000e+00  2.665e-14  1.000e+00  2.620e-14 

./a.out : Task = 9 Res1 = 4.498566e-16 Res2 = 2.796652e-13 T1 = 0.00 T2 = 0.00 S = 3 N = 15 M = 12 P = 2
============================== a.out n=15 m=15 p=1 s=3 ===============
### Run  ./a.out 15 15 1 4 3
A:
 0.000e+00  1.000e+00  2.000e+00  3.000e+00 
 1.000e+00  0.000e+00  1.000e+00  2.000e+00 
 2.000e+00  1.000e+00  0.000e+00  1.000e+00 
 3.000e+00  2.000e+00  1.000e+00  0.000e+00 

b:
 5.600e+01  5.000e+01  4.400e+01  4.000e+01 

x:
 1.000e+00 -1.750e-13  1.000e+00 -1.217e-13 

./a.out : Task = 9 Res1 = 2.301190e-15 Res2 = 9.512391e-13 T1 = 0.00 T2 = 0.00 S = 3 N = 15 M = 15 P = 1
============================== a.out n=15 m=15 p=2 s=3 ===============
### Run  ./a.out 15 15 2 4 3
A:
 0.000e+00  1.000e+00  2.000e+00  3.000e+00 
 1.000e+00  0.000e+00  1.000e+00  2.000e+00 
 2.000e+00  1.000e+00  0.000e+00  1.000e+00 
 3.000e+00  2.000e+00  1.000e+00  0.000e+00 

b:
 5.600e+01  5.000e+01  4.400e+01  4.000e+01 

x:
 1.000e+00 -1.750e-13  1.000e+00 -1.217e-13 

./a.out : Task = 9 Res1 = 2.301190e-15 Res2 = 9.512391e-13 T1 = 0.00 T2 = 0.00 S = 3 N = 15 M = 15 P = 2
============================== a.out n=16 m=3 p=1 s=3 ===============
### Run  ./a.out 16 3 1 4 3
A:
 0.000e+00  1.000e+00  2.000e+00  3.000e+00 
 1.000e+00  0.000e+00  1.000e+00  2.000e+00 
 2.000e+00  1.000e+00  0.000e+00  1.000e+00 
 3.000e+00  2.000e+00  1.000e+00  0.000e+00 

b:
 5.600e+01  5.000e+01  4.400e+01  4.000e+01 

x:
 1.000e+00  0.000e+00  1.000e+00 -2.220e-15 

./a.out : Task = 9 Res1 = 3.082502e-16 Res2 = 2.195577e-13 T1 = 0.00 T2 = 0.00 S = 3 N = 16 M = 3 P = 1
============================== a.out n=16 m=3 p=2 s=3 ===============
### Run  ./a.out 16 3 2 4 3
A:
 0.000e+00  1.000e+00  2.000e+00  3.000e+00 
 1.000e+00  0.000e+00  1.000e+00  2.000e+00 
 2.000e+00  1.000e+00  0.000e+00  1.000e+00 
 3.000e+00  2.000e+00  1.000e+00  0.000e+00 

b:
 5.600e+01  5.000e+01  4.400e+01  4.000e+01 

x:
 1.000e+00  0.000e+00  1.000e+00 -2.220e-15 

./a.out : Task = 9 Res1 = 6.373986e-16 Res2 = 2.239986e-13 T1 = 0.00 T2 = 0.00 S = 3 N = 16 M = 3 P = 2
============================== a.out n=16 m=3 p=3 s=3 ===============
### Run  ./a.out 16 3 3 4 3
A:
 0.000e+00  1.000e+00  2.000e+00  3.000e+00 
 1.000e+00  0.000e+00  1.000e+00  2.000e+00 
 2.000e+00  1.000e+00  0.000e+00  1.000e+00 
 3.000e+00  2.000e+00  1.000e+00  0.000e+00 

b:
 5.600e+01  5.000e+01  4.400e+01  4.000e+01 

x:
 1.000e+00  0.000e+00  1.000e+00 -2.220e-15 

./a.out : Task = 9 Res1 = 5.903774e-16 Res2 = 2.160050e-13 T1 = 0.00 T2 = 0.00 S = 3 N = 16 M = 3 P = 3
============================== a.out n=16 m=3 p=4 s=3 ===============
### Run  ./a.out 16 3 4 4 3
A:
 0.000e+00  1.000e+00  2.000e+00  3.000e+00 
 1.000e+00  0.000e+00  1.000e+00  2.000e+00 
 2.000e+00  1.000e+00  0.000e+00  1.000e+00 
 3.000e+00  2.000e+00  1.000e+00  0.000e+00 

b:
 5.600e+01  5.000e+01  4.400e+01  4.000e+01 

x:
 1.000e+00  0.000e+00  1.000e+00 -2.220e-15 

./a.out : Task = 9 Res1 = 4.649875e-16 Res2 = 2.151168e-13 T1 = 0.00 T2 = 0.00 S = 3 N = 16 M = 3 P = 4
============================== a.out n=16 m=3 p=5 s=3 ===============
### Run  ./a.out 16 3 5 4 3
A:
 0.000e+00  1.000e+00  2.000e+00  3.000e+00 
 1.000e+00  0.000e+00  1.000e+00  2.000e+00 
 2.000e+00  1.000e+00  0.000e+00  1.000e+00 
 3.000e+00  2.000e+00  1.000e+00  0.000e+00 

b:
 5.600e+01  5.000e+01  4.400e+01  4.000e+01 

x:
 1.000e+00  0.000e+00  1.000e+00 -2.220e-15 

./a.out : Task = 9 Res1 = 3.500468e-16 Res2 = 2.204459e-13 T1 = 0.00 T2 = 0.00 S = 3 N = 16 M = 3 P = 5
============================== a.out n=16 m=3 p=6 s=3 ===============
### Run  ./a.out 16 3 6 4 3
A:
 0.000e+00  1.000e+00  2.000e+00  3.000e+00 
 1.000e+00  0.000e+00  1.000e+00  2.000e+00 
 2.000e+00  1.000e+00  0.000e+00  1.000e+00 
 3.000e+00  2.000e+00  1.000e+00  0.000e+00 

b:
 5.600e+01  5.000e+01  4.400e+01  4.000e+01 

x:
 1.000e+00  0.000e+00  1.000e+00 -2.220e-15 

./a.out : Task = 9 Res1 = 9.665471e-16 Res2 = 2.186695e-13 T1 = 0.00 T2 = 0.00 S = 3 N = 16 M = 3 P = 6
============================== a.out n=16 m=6 p=1 s=3 ===============
### Run  ./a.out 16 6 1 4 3
A:
 0.000e+00  1.000e+00  2.000e+00  3.000e+00 
 1.000e+00  0.000e+00  1.000e+00  2.000e+00 
 2.000e+00  1.000e+00  0.000e+00  1.000e+00 
 3.000e+00  2.000e+00  1.000e+00  0.000e+00 

b:
 5.600e+01  5.000e+01  4.400e+01  4.000e+01 

x:
 1.000e+00  8.882e-16  1.000e+00  1.998e-15 

./a.out : Task = 9 Res1 = 1.222551e-15 Res2 = 3.108584e-13 T1 = 0.00 T2 = 0.00 S = 3 N = 16 M = 6 P = 1
============================== a.out n=16 m=6 p=2 s=3 ===============
### Run  ./a.out 16 6 2 4 3
A:
 0.000e+00  1.000e+00  2.000e+00  3.000e+00 
 1.000e+00  0.000e+00  1.000e+00  2.000e+00 
 2.000e+00  1.000e+00  0.000e+00  1.000e+00 
 3.000e+00  2.000e+00  1.000e+00  0.000e+00 

b:
 5.600e+01  5.000e+01  4.400e+01  4.000e+01 

x:
 1.000e+00  8.882e-16  1.000e+00  1.998e-15 

./a.out : Task = 9 Res1 = 1.222551e-15 Res2 = 3.108584e-13 T1 = 0.00 T2 = 0.00 S = 3 N = 16 M = 6 P = 2
============================== a.out n=16 m=6 p=3 s=3 ===============
### Run  ./a.out 16 6 3 4 3
A:
 0.000e+00  1.000e+00  2.000e+00  3.000e+00 
 1.000e+00  0.000e+00  1.000e+00  2.000e+00 
 2.000e+00  1.000e+00  0.000e+00  1.000e+00 
 3.000e+00  2.000e+00  1.000e+00  0.000e+00 

b:
 5.600e+01  5.000e+01  4.400e+01  4.000e+01 

x:
 1.000e+00  8.882e-16  1.000e+00  1.998e-15 

./a.out : Task = 9 Res1 = 1.222551e-15 Res2 = 3.108584e-13 T1 = 0.00 T2 = 0.00 S = 3 N = 16 M = 6 P = 3
============================== a.out n=16 m=9 p=1 s=3 ===============
### Run  ./a.out 16 9 1 4 3
A:
 0.000e+00  1.000e+00  2.000e+00  3.000e+00 
 1.000e+00  0.000e+00  1.000e+00  2.000e+00 
 2.000e+00  1.000e+00  0.000e+00  1.000e+00 
 3.000e+00  2.000e+00  1.000e+00  0.000e+00 

b:
 5.600e+01  5.000e+01  4.400e+01  4.000e+01 

x:
 1.000e+00  0.000e+00  1.000e+00  0.000e+00 

./a.out : Task = 9 Res1 = 3.134747e-17 Res2 = 1.998401e-14 T1 = 0.00 T2 = 0.00 S = 3 N = 16 M = 9 P = 1
============================== a.out n=16 m=9 p=2 s=3 ===============
### Run  ./a.out 16 9 2 4 3
A:
 0.000e+00  1.000e+00  2.000e+00  3.000e+00 
 1.000e+00  0.000e+00  1.000e+00  2.000e+00 
 2.000e+00  1.000e+00  0.000e+00  1.000e+00 
 3.000e+00  2.000e+00  1.000e+00  0.000e+00 

b:
 5.600e+01  5.000e+01  4.400e+01  4.000e+01 

x:
 1.000e+00  0.000e+00  1.000e+00  0.000e+00 

./a.out : Task = 9 Res1 = 3.134747e-17 Res2 = 1.998401e-14 T1 = 0.00 T2 = 0.00 S = 3 N = 16 M = 9 P = 2
============================== a.out n=16 m=12 p=1 s=3 ===============
### Run  ./a.out 16 12 1 4 3
A:
 0.000e+00  1.000e+00  2.000e+00  3.000e+00 
 1.000e+00  0.000e+00  1.000e+00  2.000e+00 
 2.000e+00  1.000e+00  0.000e+00  1.000e+00 
 3.000e+00  2.000e+00  1.000e+00  0.000e+00 

b:
 5.600e+01  5.000e+01  4.400e+01  4.000e+01 

x:
 1.000e+00  2.665e-14  1.000e+00  2.620e-14 

./a.out : Task = 9 Res1 = 3.918434e-16 Res2 = 3.054930e-13 T1 = 0.00 T2 = 0.00 S = 3 N = 16 M = 12 P = 1
============================== a.out n=16 m=12 p=2 s=3 ===============
### Run  ./a.out 16 12 2 4 3
A:
 0.000e+00  1.000e+00  2.000e+00  3.000e+00 
 1.000e+00  0.000e+00  1.000e+00  2.000e+00 
 2.000e+00  1.000e+00  0.000e+00  1.000e+00 
 3.000e+00  2.000e+00  1.000e+00  0.000e+00 

b:
 5.600e+01  5.000e+01  4.400e+01  4.000e+01 

x:
 1.000e+00  2.665e-14  1.000e+00  2.620e-14 

./a.out : Task = 9 Res1 = 3.918434e-16 Res2 = 3.054930e-13 T1 = 0.00 T2 = 0.00 S = 3 N = 16 M = 12 P = 2
============================== a.out n=16 m=15 p=1 s=3 ===============
### Run  ./a.out 16 15 1 4 3
A:
 0.000e+00  1.000e+00  2.000e+00  3.000e+00 
 1.000e+00  0.000e+00  1.000e+00  2.000e+00 
 2.000e+00  1.000e+00  0.000e+00  1.000e+00 
 3.000e+00  2.000e+00  1.000e+00  0.000e+00 

b:
 5.600e+01  5.000e+01  4.400e+01  4.000e+01 

x:
 1.000e+00 -1.750e-13  1.000e+00 -1.217e-13 

./a.out : Task = 9 Res1 = 2.121179e-15 Res2 = 1.056444e-12 T1 = 0.00 T2 = 0.00 S = 3 N = 16 M = 15 P = 1
============================== a.out n=16 m=15 p=2 s=3 ===============
### Run  ./a.out 16 15 2 4 3
A:
 0.000e+00  1.000e+00  2.000e+00  3.000e+00 
 1.000e+00  0.000e+00  1.000e+00  2.000e+00 
 2.000e+00  1.000e+00  0.000e+00  1.000e+00 
 3.000e+00  2.000e+00  1.000e+00  0.000e+00 

b:
 5.600e+01  5.000e+01  4.400e+01  4.000e+01 

x:
 1.000e+00 -1.750e-13  1.000e+00 -1.217e-13 

./a.out : Task = 9 Res1 = 2.121179e-15 Res2 = 1.056444e-12 T1 = 0.00 T2 = 0.00 S = 3 N = 16 M = 15 P = 2
============================== a.out n=17 m=3 p=1 s=3 ===============
### Run  ./a.out 17 3 1 4 3
A:
 0.000e+00  1.000e+00  2.000e+00  3.000e+00 
 1.000e+00  0.000e+00  1.000e+00  2.000e+00 
 2.000e+00  1.000e+00  0.000e+00  1.000e+00 
 3.000e+00  2.000e+00  1.000e+00  0.000e+00 

b:
 7.200e+01  6.500e+01  5.800e+01  5.300e+01 

x:
 1.000e+00  0.000e+00  1.000e+00 -2.220e-15 

./a.out : Task = 9 Res1 = 5.281061e-16 Res2 = 4.274359e-13 T1 = 0.00 T2 = 0.00 S = 3 N = 17 M = 3 P = 1
============================== a.out n=17 m=3 p=2 s=3 ===============
### Run  ./a.out 17 3 2 4 3
A:
 0.000e+00  1.000e+00  2.000e+00  3.000e+00 
 1.000e+00  0.000e+00  1.000e+00  2.000e+00 
 2.000e+00  1.000e+00  0.000e+00  1.000e+00 
 3.000e+00  2.000e+00  1.000e+00  0.000e+00 

b:
 7.200e+01  6.500e+01  5.800e+01  5.300e+01 

x:
 1.000e+00  0.000e+00  1.000e+00 -2.220e-15 

./a.out : Task = 9 Res1 = 7.361479e-16 Res2 = 4.336531e-13 T1 = 0.00 T2 = 0.00 S = 3 N = 17 M = 3 P = 2
============================== a.out n=17 m=3 p=3 s=3 ===============
### Run  ./a.out 17 3 3 4 3
A:
 0.000e+00  1.000e+00  2.000e+00  3.000e+00 
 1.000e+00  0.000e+00  1.000e+00  2.000e+00 
 2.000e+00  1.000e+00  0.000e+00  1.000e+00 
 3.000e+00  2.000e+00  1.000e+00  0.000e+00 

b:
 7.200e+01  6.500e+01  5.800e+01  5.300e+01 

x:
 1.000e+00  0.000e+00  1.000e+00 -2.220e-15 

./a.out : Task = 9 Res1 = 5.281061e-16 Res2 = 4.274359e-13 T1 = 0.00 T2 = 0.00 S = 3 N = 17 M = 3 P = 3
============================== a.out n=17 m=3 p=4 s=3 ===============
### Run  ./a.out 17 3 4 4 3
A:
 0.000e+00  1.000e+00  2.000e+00  3.000e+00 
 1.000e+00  0.000e+00  1.000e+00  2.000e+00 
 2.000e+00  1.000e+00  0.000e+00  1.000e+00 
 3.000e+00  2.000e+00  1.000e+00  0.000e+00 

b:
 7.200e+01  6.500e+01  5.800e+01  5.300e+01 

x:
 1.000e+00  0.000e+00  1.000e+00 -2.220e-15 

./a.out : Task = 9 Res1 = 7.361479e-16 Res2 = 4.336531e-13 T1 = 0.00 T2 = 0.00 S = 3 N = 17 M = 3 P = 4
============================== a.out n=17 m=3 p=5 s=3 ===============
### Run  ./a.out 17 3 5 4 3
A:
 0.000e+00  1.000e+00  2.000e+00  3.000e+00 
 1.000e+00  0.000e+00  1.000e+00  2.000e+00 
 2.000e+00  1.000e+00  0.000e+00  1.000e+00 
 3.000e+00  2.000e+00  1.000e+00  0.000e+00 

b:
 7.200e+01  6.500e+01  5.800e+01  5.300e+01 

x:
 1.000e+00  0.000e+00  1.000e+00 -2.220e-15 

./a.out : Task = 9 Res1 = 6.881382e-16 Res2 = 4.345413e-13 T1 = 0.00 T2 = 0.00 S = 3 N = 17 M = 3 P = 5
============================== a.out n=17 m=3 p=6 s=3 ===============
### Run  ./a.out 17 3 6 4 3
A:
 0.000e+00  1.000e+00  2.000e+00  3.000e+00 
 1.000e+00  0.000e+00  1.000e+00  2.000e+00 
 2.000e+00  1.000e+00  0.000e+00  1.000e+00 
 3.000e+00  2.000e+00  1.000e+00  0.000e+00 

b:
 7.200e+01  6.500e+01  5.800e+01  5.300e+01 

x:
 1.000e+00  0.000e+00  1.000e+00 -2.220e-15 

./a.out : Task = 9 Res1 = 5.281061e-16 Res2 = 4.274359e-13 T1 = 0.00 T2 = 0.00 S = 3 N = 17 M = 3 P = 6
============================== a.out n=17 m=6 p=1 s=3 ===============
### Run  ./a.out 17 6 1 4 3
A:
 0.000e+00  1.000e+00  2.000e+00  3.000e+00 
 1.000e+00  0.000e+00  1.000e+00  2.000e+00 
 2.000e+00  1.000e+00  0.000e+00  1.000e+00 
 3.000e+00  2.000e+00  1.000e+00  0.000e+00 

b:
 7.200e+01  6.500e+01  5.800e+01  5.300e+01 

x:
 1.000e+00  8.882e-16  1.000e+00  1.998e-15 

./a.out : Task = 9 Res1 = 4.640932e-16 Res2 = 2.146223e-13 T1 = 0.00 T2 = 0.00 S = 3 N = 17 M = 6 P = 1
============================== a.out n=17 m=6 p=2 s=3 ===============
### Run  ./a.out 17 6 2 4 3
A:
 0.000e+00  1.000e+00  2.000e+00  3.000e+00 
 1.000e+00  0.000e+00  1.000e+00  2.000e+00 
 2.000e+00  1.000e+00  0.000e+00  1.000e+00 
 3.000e+00  2.000e+00  1.000e+00  0.000e+00 

b:
 7.200e+01  6.500e+01  5.800e+01  5.300e+01 

x:
 1.000e+00  8.882e-16  1.000e+00  1.998e-15 

./a.out : Task = 9 Res1 = 4.640932e-16 Res2 = 2.146223e-13 T1 = 0.00 T2 = 0.00 S = 3 N = 17 M = 6 P = 2
============================== a.out n=17 m=6 p=3 s=3 ===============
### Run  ./a.out 17 6 3 4 3
A:
 0.000e+00  1.000e+00  2.000e+00  3.000e+00 
 1.000e+00  0.000e+00  1.000e+00  2.000e+00 
 2.000e+00  1.000e+00  0.000e+00  1.000e+00 
 3.000e+00  2.000e+00  1.000e+00  0.000e+00 

b:
 7.200e+01  6.500e+01  5.800e+01  5.300e+01 

x:
 1.000e+00  8.882e-16  1.000e+00  1.998e-15 

./a.out : Task = 9 Res1 = 4.640932e-16 Res2 = 2.146223e-13 T1 = 0.00 T2 = 0.00 S = 3 N = 17 M = 6 P = 3
============================== a.out n=17 m=9 p=1 s=3 ===============
### Run  ./a.out 17 9 1 4 3
A:
 0.000e+00  1.000e+00  2.000e+00  3.000e+00 
 1.000e+00  0.000e+00  1.000e+00  2.000e+00 
 2.000e+00  1.000e+00  0.000e+00  1.000e+00 
 3.000e+00  2.000e+00  1.000e+00  0.000e+00 

b:
 7.200e+01  6.500e+01  5.800e+01  5.300e+01 

x:
 1.000e+00  0.000e+00  1.000e+00  0.000e+00 

./a.out : Task = 9 Res1 = 0.000000e+00 Res2 = 0.000000e+00 T1 = 0.00 T2 = 0.00 S = 3 N = 17 M = 9 P = 1
============================== a.out n=17 m=9 p=2 s=3 ===============
### Run  ./a.out 17 9 2 4 3
A:
 0.000e+00  1.000e+00  2.000e+00  3.000e+00 
 1.000e+00  0.000e+00  1.000e+00  2.000e+00 
 2.000e+00  1.000e+00  0.000e+00  1.000e+00 
 3.000e+00  2.000e+00  1.000e+00  0.000e+00 

b:
 7.200e+01  6.500e+01  5.800e+01  5.300e+01 

x:
 1.000e+00  0.000e+00  1.000e+00  0.000e+00 

./a.out : Task = 9 Res1 = 0.000000e+00 Res2 = 0.000000e+00 T1 = 0.00 T2 = 0.00 S = 3 N = 17 M = 9 P = 2
============================== a.out n=17 m=12 p=1 s=3 ===============
### Run  ./a.out 17 12 1 4 3
A:
 0.000e+00  1.000e+00  2.000e+00  3.000e+00 
 1.000e+00  0.000e+00  1.000e+00  2.000e+00 
 2.000e+00  1.000e+00  0.000e+00  1.000e+00 
 3.000e+00  2.000e+00  1.000e+00  0.000e+00 

b:
 7.200e+01  6.500e+01  5.800e+01  5.300e+01 

x:
 1.000e+00  2.665e-14  1.000e+00  1.910e-14 

./a.out : Task = 9 Res1 = 7.681543e-16 Res2 = 4.089254e-13 T1 = 0.00 T2 = 0.00 S = 3 N = 17 M = 12 P = 1
============================== a.out n=17 m=12 p=2 s=3 ===============
### Run  ./a.out 17 12 2 4 3
A:
 0.000e+00  1.000e+00  2.000e+00  3.000e+00 
 1.000e+00  0.000e+00  1.000e+00  2.000e+00 
 2.000e+00  1.000e+00  0.000e+00  1.000e+00 
 3.000e+00  2.000e+00  1.000e+00  0.000e+00 

b:
 7.200e+01  6.500e+01  5.800e+01  5.300e+01 

x:
 1.000e+00  2.665e-14  1.000e+00  1.910e-14 

./a.out : Task = 9 Res1 = 7.681543e-16 Res2 = 4.089254e-13 T1 = 0.00 T2 = 0.00 S = 3 N = 17 M = 12 P = 2
============================== a.out n=17 m=15 p=1 s=3 ===============
### Run  ./a.out 17 15 1 4 3
A:
 0.000e+00  1.000e+00  2.000e+00  3.000e+00 
 1.000e+00  0.000e+00  1.000e+00  2.000e+00 
 2.000e+00  1.000e+00  0.000e+00  1.000e+00 
 3.000e+00  2.000e+00  1.000e+00  0.000e+00 

b:
 7.200e+01  6.500e+01  5.800e+01  5.300e+01 

x:
 1.000e+00 -1.750e-13  1.000e+00 -1.279e-13 

./a.out : Task = 9 Res1 = 1.464294e-15 Res2 = 1.038614e-12 T1 = 0.00 T2 = 0.00 S = 3 N = 17 M = 15 P = 1
============================== a.out n=17 m=15 p=2 s=3 ===============
### Run  ./a.out 17 15 2 4 3
A:
 0.000e+00  1.000e+00  2.000e+00  3.000e+00 
 1.000e+00  0.000e+00  1.000e+00  2.000e+00 
 2.000e+00  1.000e+00  0.000e+00  1.000e+00 
 3.000e+00  2.000e+00  1.000e+00  0.000e+00 

b:
 7.200e+01  6.500e+01  5.800e+01  5.300e+01 

x:
 1.000e+00 -1.750e-13  1.000e+00 -1.279e-13 

./a.out : Task = 9 Res1 = 1.464294e-15 Res2 = 1.038614e-12 T1 = 0.00 T2 = 0.00 S = 3 N = 17 M = 15 P = 2
============================== a.out n=18 m=3 p=1 s=3 ===============
### Run  ./a.out 18 3 1 4 3
A:
 0.000e+00  1.000e+00  2.000e+00  3.000e+00 
 1.000e+00  0.000e+00  1.000e+00  2.000e+00 
 2.000e+00  1.000e+00  0.000e+00  1.000e+00 
 3.000e+00  2.000e+00  1.000e+00  0.000e+00 

b:
 7.200e+01  6.500e+01  5.800e+01  5.300e+01 

x:
 1.000e+00  0.000e+00  1.000e+00 -2.220e-15 

./a.out : Task = 9 Res1 = 8.799291e-16 Res2 = 5.239301e-13 T1 = 0.00 T2 = 0.00 S = 3 N = 18 M = 3 P = 1
============================== a.out n=18 m=3 p=2 s=3 ===============
### Run  ./a.out 18 3 2 4 3
A:
 0.000e+00  1.000e+00  2.000e+00  3.000e+00 
 1.000e+00  0.000e+00  1.000e+00  2.000e+00 
 2.000e+00  1.000e+00  0.000e+00  1.000e+00 
 3.000e+00  2.000e+00  1.000e+00  0.000e+00 

b:
 7.200e+01  6.500e+01  5.800e+01  5.300e+01 

x:
 1.000e+00  0.000e+00  1.000e+00 -2.220e-15 

./a.out : Task = 9 Res1 = 8.799291e-16 Res2 = 5.239301e-13 T1 = 0.00 T2 = 0.00 S = 3 N = 18 M = 3 P = 2
============================== a.out n=18 m=3 p=3 s=3 ===============
### Run  ./a.out 18 3 3 4 3
A:
 0.000e+00  1.000e+00  2.000e+00  3.000e+00 
 1.000e+00  0.000e+00  1.000e+00  2.000e+00 
 2.000e+00  1.000e+00  0.000e+00  1.000e+00 
 3.000e+00  2.000e+00  1.000e+00  0.000e+00 

b:
 7.200e+01  6.500e+01  5.800e+01  5.300e+01 

x:
 1.000e+00  0.000e+00  1.000e+00 -2.220e-15 

./a.out : Task = 9 Res1 = 7.626052e-16 Res2 = 5.203774e-13 T1 = 0.00 T2 = 0.00 S = 3 N = 18 M = 3 P = 3
============================== a.out n=18 m=3 p=4 s=3 ===============
### Run  ./a.out 18 3 4 4 3
A:
 0.000e+00  1.000e+00  2.000e+00  3.000e+00 
 1.000e+00  0.000e+00  1.000e+00  2.000e+00 
 2.000e+00  1.000e+00  0.000e+00  1.000e+00 
 3.000e+00  2.000e+00  1.000e+00  0.000e+00 

b:
 7.200e+01  6.500e+01  5.800e+01  5.300e+01 

x:
 1.000e+00  0.000e+00  1.000e+00 -2.220e-15 

./a.out : Task = 9 Res1 = 7.772707e-16 Res2 = 5.257065e-13 T1 = 0.00 T2 = 0.00 S = 3 N = 18 M = 3 P = 4
============================== a.out n=18 m=3 p=5 s=3 ===============
### Run  ./a.out 18 3 5 4 3
A:
 0.000e+00  1.000e+00  2.000e+00  3.000e+00 
 1.000e+00  0.000e+00  1.000e+00  2.000e+00 
 2.000e+00  1.000e+00  0.000e+00  1.000e+00 
 3.000e+00  2.000e+00  1.000e+00  0.000e+00 

b:
 7.200e+01  6.500e+01  5.800e+01  5.300e+01 

x:
 1.000e+00  0.000e+00  1.000e+00 -2.220e-15 

./a.out : Task = 9 Res1 = 6.012849e-16 Res2 = 5.257065e-13 T1 = 0.00 T2 = 0.00 S = 3 N = 18 M = 3 P = 5
============================== a.out n=18 m=3 p=6 s=3 ===============
### Run  ./a.out 18 3 6 4 3
A:
 0.000e+00  1.000e+00  2.000e+00  3.000e+00 
 1.000e+00  0.000e+00  1.000e+00  2.000e+00 
 2.000e+00  1.000e+00  0.000e+00  1.000e+00 
 3.000e+00  2.000e+00  1.000e+00  0.000e+00 

b:
 7.200e+01  6.500e+01  5.800e+01  5.300e+01 

x:
 1.000e+00  0.000e+00  1.000e+00 -2.220e-15 

./a.out : Task = 9 Res1 = 1.363890e-15 Res2 = 5.114956e-13 T1 = 0.00 T2 = 0.00 S = 3 N = 18 M = 3 P = 6
============================== a.out n=18 m=3 p=7 s=3 ===============
### Run  ./a.out 18 3 7 4 3
A:
 0.000e+00  1.000e+00  2.000e+00  3.000e+00 
 1.000e+00  0.000e+00  1.000e+00  2.000e+00 
 2.000e+00  1.000e+00  0.000e+00  1.000e+00 
 3.000e+00  2.000e+00  1.000e+00  0.000e+00 

b:
 7.200e+01  6.500e+01  5.800e+01  5.300e+01 

x:
 1.000e+00  0.000e+00  1.000e+00 -2.220e-15 

./a.out : Task = 9 Res1 = 5.939521e-16 Res2 = 5.186010e-13 T1 = 0.00 T2 = 0.00 S = 3 N = 18 M = 3 P = 7
============================== a.out n=18 m=6 p=1 s=3 ===============
### Run  ./a.out 18 6 1 4 3
A:
 0.000e+00  1.000e+00  2.000e+00  3.000e+00 
 1.000e+00  0.000e+00  1.000e+00  2.000e+00 
 2.000e+00  1.000e+00  0.000e+00  1.000e+00 
 3.000e+00  2.000e+00  1.000e+00  0.000e+00 

b:
 7.200e+01  6.500e+01  5.800e+01  5.300e+01 

x:
 1.000e+00  8.882e-16  1.000e+00  1.998e-15 

./a.out : Task = 9 Res1 = 5.866194e-16 Res2 = 2.579613e-13 T1 = 0.00 T2 = 0.00 S = 3 N = 18 M = 6 P = 1
============================== a.out n=18 m=6 p=2 s=3 ===============
### Run  ./a.out 18 6 2 4 3
A:
 0.000e+00  1.000e+00  2.000e+00  3.000e+00 
 1.000e+00  0.000e+00  1.000e+00  2.000e+00 
 2.000e+00  1.000e+00  0.000e+00  1.000e+00 
 3.000e+00  2.000e+00  1.000e+00  0.000e+00 

b:
 7.200e+01  6.500e+01  5.800e+01  5.300e+01 

x:
 1.000e+00  8.882e-16  1.000e+00  1.998e-15 

./a.out : Task = 9 Res1 = 5.866194e-16 Res2 = 2.579613e-13 T1 = 0.00 T2 = 0.00 S = 3 N = 18 M = 6 P = 2
============================== a.out n=18 m=6 p=3 s=3 ===============
### Run  ./a.out 18 6 3 4 3
A:
 0.000e+00  1.000e+00  2.000e+00  3.000e+00 
 1.000e+00  0.000e+00  1.000e+00  2.000e+00 
 2.000e+00  1.000e+00  0.000e+00  1.000e+00 
 3.000e+00  2.000e+00  1.000e+00  0.000e+00 

b:
 7.200e+01  6.500e+01  5.800e+01  5.300e+01 

x:
 1.000e+00  8.882e-16  1.000e+00  1.998e-15 

./a.out : Task = 9 Res1 = 5.866194e-16 Res2 = 2.579613e-13 T1 = 0.00 T2 = 0.00 S = 3 N = 18 M = 6 P = 3
============================== a.out n=18 m=6 p=4 s=3 ===============
### Run  ./a.out 18 6 4 4 3
A:
 0.000e+00  1.000e+00  2.000e+00  3.000e+00 
 1.000e+00  0.000e+00  1.000e+00  2.000e+00 
 2.000e+00  1.000e+00  0.000e+00  1.000e+00 
 3.000e+00  2.000e+00  1.000e+00  0.000e+00 

b:
 7.200e+01  6.500e+01  5.800e+01  5.300e+01 

x:
 1.000e+00  8.882e-16  1.000e+00  1.998e-15 

./a.out : Task = 9 Res1 = 5.866194e-16 Res2 = 2.579613e-13 T1 = 0.00 T2 = 0.00 S = 3 N = 18 M = 6 P = 4
============================== a.out n=18 m=9 p=1 s=3 ===============
### Run  ./a.out 18 9 1 4 3
A:
 0.000e+00  1.000e+00  2.000e+00  3.000e+00 
 1.000e+00  0.000e+00  1.000e+00  2.000e+00 
 2.000e+00  1.000e+00  0.000e+00  1.000e+00 
 3.000e+00  2.000e+00  1.000e+00  0.000e+00 

b:
 7.200e+01  6.500e+01  5.800e+01  5.300e+01 

x:
 1.000e+00  0.000e+00  1.000e+00  0.000e+00 

./a.out : Task = 9 Res1 = 1.026584e-16 Res2 = 1.887379e-13 T1 = 0.00 T2 = 0.00 S = 3 N = 18 M = 9 P = 1
============================== a.out n=18 m=9 p=2 s=3 ===============
### Run  ./a.out 18 9 2 4 3
A:
 0.000e+00  1.000e+00  2.000e+00  3.000e+00 
 1.000e+00  0.000e+00  1.000e+00  2.000e+00 
 2.000e+00  1.000e+00  0.000e+00  1.000e+00 
 3.000e+00  2.000e+00  1.000e+00  0.000e+00 

b:
 7.200e+01  6.500e+01  5.800e+01  5.300e+01 

x:
 1.000e+00  0.000e+00  1.000e+00  0.000e+00 

./a.out : Task = 9 Res1 = 1.026584e-16 Res2 = 1.887379e-13 T1 = 0.00 T2 = 0.00 S = 3 N = 18 M = 9 P = 2
============================== a.out n=18 m=9 p=3 s=3 ===============
### Run  ./a.out 18 9 3 4 3
A:
 0.000e+00  1.000e+00  2.000e+00  3.000e+00 
 1.000e+00  0.000e+00  1.000e+00  2.000e+00 
 2.000e+00  1.000e+00  0.000e+00  1.000e+00 
 3.000e+00  2.000e+00  1.000e+00  0.000e+00 

b:
 7.200e+01  6.500e+01  5.800e+01  5.300e+01 

x:
 1.000e+00  0.000e+00  1.000e+00  0.000e+00 

./a.out : Task = 9 Res1 = 1.026584e-16 Res2 = 1.887379e-13 T1 = 0.00 T2 = 0.00 S = 3 N = 18 M = 9 P = 3
============================== a.out n=18 m=12 p=1 s=3 ===============
### Run  ./a.out 18 12 1 4 3
A:
 0.000e+00  1.000e+00  2.000e+00  3.000e+00 
 1.000e+00  0.000e+00  1.000e+00  2.000e+00 
 2.000e+00  1.000e+00  0.000e+00  1.000e+00 
 3.000e+00  2.000e+00  1.000e+00  0.000e+00 

b:
 7.200e+01  6.500e+01  5.800e+01  5.300e+01 

x:
 1.000e+00  2.665e-14  1.000e+00  1.910e-14 

./a.out : Task = 9 Res1 = 9.165928e-16 Res2 = 4.738634e-13 T1 = 0.00 T2 = 0.00 S = 3 N = 18 M = 12 P = 1
============================== a.out n=18 m=12 p=2 s=3 ===============
### Run  ./a.out 18 12 2 4 3
A:
 0.000e+00  1.000e+00  2.000e+00  3.000e+00 
 1.000e+00  0.000e+00  1.000e+00  2.000e+00 
 2.000e+00  1.000e+00  0.000e+00  1.000e+00 
 3.000e+00  2.000e+00  1.000e+00  0.000e+00 

b:
 7.200e+01  6.500e+01  5.800e+01  5.300e+01 

x:
 1.000e+00  2.665e-14  1.000e+00  1.910e-14 

./a.out : Task = 9 Res1 = 9.165928e-16 Res2 = 4.738634e-13 T1 = 0.00 T2 = 0.00 S = 3 N = 18 M = 12 P = 2
============================== a.out n=18 m=15 p=1 s=3 ===============
### Run  ./a.out 18 15 1 4 3
A:
 0.000e+00  1.000e+00  2.000e+00  3.000e+00 
 1.000e+00  0.000e+00  1.000e+00  2.000e+00 
 2.000e+00  1.000e+00  0.000e+00  1.000e+00 
 3.000e+00  2.000e+00  1.000e+00  0.000e+00 

b:
 7.200e+01  6.500e+01  5.800e+01  5.300e+01 

x:
 1.000e+00 -1.750e-13  1.000e+00 -1.279e-13 

./a.out : Task = 9 Res1 = 1.312561e-15 Res2 = 1.040834e-12 T1 = 0.00 T2 = 0.00 S = 3 N = 18 M = 15 P = 1
============================== a.out n=18 m=15 p=2 s=3 ===============
### Run  ./a.out 18 15 2 4 3
A:
 0.000e+00  1.000e+00  2.000e+00  3.000e+00 
 1.000e+00  0.000e+00  1.000e+00  2.000e+00 
 2.000e+00  1.000e+00  0.000e+00  1.000e+00 
 3.000e+00  2.000e+00  1.000e+00  0.000e+00 

b:
 7.200e+01  6.500e+01  5.800e+01  5.300e+01 

x:
 1.000e+00 -1.750e-13  1.000e+00 -1.279e-13 

./a.out : Task = 9 Res1 = 1.312561e-15 Res2 = 1.040834e-12 T1 = 0.00 T2 = 0.00 S = 3 N = 18 M = 15 P = 2
============================== a.out n=18 m=18 p=1 s=3 ===============
### Run  ./a.out 18 18 1 4 3
A:
 0.000e+00  1.000e+00  2.000e+00  3.000e+00 
 1.000e+00  0.000e+00  1.000e+00  2.000e+00 
 2.000e+00  1.000e+00  0.000e+00  1.000e+00 
 3.000e+00  2.000e+00  1.000e+00  0.000e+00 

b:
 7.200e+01  6.500e+01  5.800e+01  5.300e+01 

x:
 1.000e+00  2.225e-13  1.000e+00  8.760e-14 

./a.out : Task = 9 Res1 = 2.727780e-15 Res2 = 1.357137e-12 T1 = 0.00 T2 = 0.00 S = 3 N = 18 M = 18 P = 1
============================== a.out n=18 m=18 p=2 s=3 ===============
### Run  ./a.out 18 18 2 4 3
A:
 0.000e+00  1.000e+00  2.000e+00  3.000e+00 
 1.000e+00  0.000e+00  1.000e+00  2.000e+00 
 2.000e+00  1.000e+00  0.000e+00  1.000e+00 
 3.000e+00  2.000e+00  1.000e+00  0.000e+00 

b:
 7.200e+01  6.500e+01  5.800e+01  5.300e+01 

x:
 1.000e+00  2.225e-13  1.000e+00  8.760e-14 

./a.out : Task = 9 Res1 = 2.727780e-15 Res2 = 1.357137e-12 T1 = 0.00 T2 = 0.00 S = 3 N = 18 M = 18 P = 2
============================== a.out n=19 m=3 p=1 s=3 ===============
### Run  ./a.out 19 3 1 4 3
A:
 0.000e+00  1.000e+00  2.000e+00  3.000e+00 
 1.000e+00  0.000e+00  1.000e+00  2.000e+00 
 2.000e+00  1.000e+00  0.000e+00  1.000e+00 
 3.000e+00  2.000e+00  1.000e+00  0.000e+00 

b:
 9.000e+01  8.200e+01  7.400e+01  6.800e+01 

x:
 1.000e+00  0.000e+00  1.000e+00 -2.220e-15 

./a.out : Task = 9 Res1 = 6.123376e-16 Res2 = 7.161890e-13 T1 = 0.00 T2 = 0.00 S = 3 N = 19 M = 3 P = 1
============================== a.out n=19 m=3 p=2 s=3 ===============
### Run  ./a.out 19 3 2 4 3
A:
 0.000e+00  1.000e+00  2.000e+00  3.000e+00 
 1.000e+00  0.000e+00  1.000e+00  2.000e+00 
 2.000e+00  1.000e+00  0.000e+00  1.000e+00 
 3.000e+00  2.000e+00  1.000e+00  0.000e+00 

b:
 9.000e+01  8.200e+01  7.400e+01  6.800e+01 

x:
 1.000e+00  0.000e+00  1.000e+00 -2.220e-15 

./a.out : Task = 9 Res1 = 6.123376e-16 Res2 = 7.161890e-13 T1 = 0.00 T2 = 0.00 S = 3 N = 19 M = 3 P = 2
============================== a.out n=19 m=3 p=3 s=3 ===============
### Run  ./a.out 19 3 3 4 3
A:
 0.000e+00  1.000e+00  2.000e+00  3.000e+00 
 1.000e+00  0.000e+00  1.000e+00  2.000e+00 
 2.000e+00  1.000e+00  0.000e+00  1.000e+00 
 3.000e+00  2.000e+00  1.000e+00  0.000e+00 

b:
 9.000e+01  8.200e+01  7.400e+01  6.800e+01 

x:
 1.000e+00  0.000e+00  1.000e+00 -2.220e-15 

./a.out : Task = 9 Res1 = 1.178461e-15 Res2 = 7.179654e-13 T1 = 0.00 T2 = 0.00 S = 3 N = 19 M = 3 P = 3
============================== a.out n=19 m=3 p=4 s=3 ===============
### Run  ./a.out 19 3 4 4 3
A:
 0.000e+00  1.000e+00  2.000e+00  3.000e+00 
 1.000e+00  0.000e+00  1.000e+00  2.000e+00 
 2.000e+00  1.000e+00  0.000e+00  1.000e+00 
 3.000e+00  2.000e+00  1.000e+00  0.000e+00 

b:
 9.000e+01  8.200e+01  7.400e+01  6.800e+01 

x:
 1.000e+00  0.000e+00  1.000e+00 -2.220e-15 

./a.out : Task = 9 Res1 = 1.178461e-15 Res2 = 7.179654e-13 T1 = 0.00 T2 = 0.00 S = 3 N = 19 M = 3 P = 4
============================== a.out n=19 m=3 p=5 s=3 ===============
### Run  ./a.out 19 3 5 4 3
A:
 0.000e+00  1.000e+00  2.000e+00  3.000e+00 
 1.000e+00  0.000e+00  1.000e+00  2.000e+00 
 2.000e+00  1.000e+00  0.000e+00  1.000e+00 
 3.000e+00  2.000e+00  1.000e+00  0.000e+00 

b:
 9.000e+01  8.200e+01  7.400e+01  6.800e+01 

x:
 1.000e+00  0.000e+00  1.000e+00 -2.220e-15 

./a.out : Task = 9 Res1 = 6.123376e-16 Res2 = 7.161890e-13 T1 = 0.00 T2 = 0.00 S = 3 N = 19 M = 3 P = 5
============================== a.out n=19 m=3 p=6 s=3 ===============
### Run  ./a.out 19 3 6 4 3
A:
 0.000e+00  1.000e+00  2.000e+00  3.000e+00 
 1.000e+00  0.000e+00  1.000e+00  2.000e+00 
 2.000e+00  1.000e+00  0.000e+00  1.000e+00 
 3.000e+00  2.000e+00  1.000e+00  0.000e+00 

b:
 9.000e+01  8.200e+01  7.400e+01  6.800e+01 

x:
 1.000e+00  0.000e+00  1.000e+00 -2.220e-15 

./a.out : Task = 9 Res1 = 6.123376e-16 Res2 = 7.161890e-13 T1 = 0.00 T2 = 0.00 S = 3 N = 19 M = 3 P = 6
============================== a.out n=19 m=3 p=7 s=3 ===============
### Run  ./a.out 19 3 7 4 3
A:
 0.000e+00  1.000e+00  2.000e+00  3.000e+00 
 1.000e+00  0.000e+00  1.000e+00  2.000e+00 
 2.000e+00  1.000e+00  0.000e+00  1.000e+00 
 3.000e+00  2.000e+00  1.000e+00  0.000e+00 

b:
 9.000e+01  8.200e+01  7.400e+01  6.800e+01 

x:
 1.000e+00  0.000e+00  1.000e+00 -2.220e-15 

./a.out : Task = 9 Res1 = 6.123376e-16 Res2 = 7.161890e-13 T1 = 0.00 T2 = 0.00 S = 3 N = 19 M = 3 P = 7
============================== a.out n=19 m=6 p=1 s=3 ===============
### Run  ./a.out 19 6 1 4 3
A:
 0.000e+00  1.000e+00  2.000e+00  3.000e+00 
 1.000e+00  0.000e+00  1.000e+00  2.000e+00 
 2.000e+00  1.000e+00  0.000e+00  1.000e+00 
 3.000e+00  2.000e+00  1.000e+00  0.000e+00 

b:
 9.000e+01  8.200e+01  7.400e+01  6.800e+01 

x:
 1.000e+00  8.882e-16  1.000e+00  1.998e-15 

./a.out : Task = 9 Res1 = 1.600165e-15 Res2 = 8.087430e-13 T1 = 0.00 T2 = 0.00 S = 3 N = 19 M = 6 P = 1
============================== a.out n=19 m=6 p=2 s=3 ===============
### Run  ./a.out 19 6 2 4 3
A:
 0.000e+00  1.000e+00  2.000e+00  3.000e+00 
 1.000e+00  0.000e+00  1.000e+00  2.000e+00 
 2.000e+00  1.000e+00  0.000e+00  1.000e+00 
 3.000e+00  2.000e+00  1.000e+00  0.000e+00 

b:
 9.000e+01  8.200e+01  7.400e+01  6.800e+01 

x:
 1.000e+00  8.882e-16  1.000e+00  1.998e-15 

./a.out : Task = 9 Res1 = 1.600165e-15 Res2 = 8.087430e-13 T1 = 0.00 T2 = 0.00 S = 3 N = 19 M = 6 P = 2
============================== a.out n=19 m=6 p=3 s=3 ===============
### Run  ./a.out 19 6 3 4 3
A:
 0.000e+00  1.000e+00  2.000e+00  3.000e+00 
 1.000e+00  0.000e+00  1.000e+00  2.000e+00 
 2.000e+00  1.000e+00  0.000e+00  1.000e+00 
 3.000e+00  2.000e+00  1.000e+00  0.000e+00 

b:
 9.000e+01  8.200e+01  7.400e+01  6.800e+01 

x:
 1.000e+00  8.882e-16  1.000e+00  1.998e-15 

./a.out : Task = 9 Res1 = 1.600165e-15 Res2 = 8.087430e-13 T1 = 0.00 T2 = 0.00 S = 3 N = 19 M = 6 P = 3
============================== a.out n=19 m=6 p=4 s=3 ===============
### Run  ./a.out 19 6 4 4 3
A:
 0.000e+00  1.000e+00  2.000e+00  3.000e+00 
 1.000e+00  0.000e+00  1.000e+00  2.000e+00 
 2.000e+00  1.000e+00  0.000e+00  1.000e+00 
 3.000e+00  2.000e+00  1.000e+00  0.000e+00 

b:
 9.000e+01  8.200e+01  7.400e+01  6.800e+01 

x:
 1.000e+00  8.882e-16  1.000e+00  1.998e-15 

./a.out : Task = 9 Res1 = 1.600165e-15 Res2 = 8.087430e-13 T1 = 0.00 T2 = 0.00 S = 3 N = 19 M = 6 P = 4
============================== a.out n=19 m=9 p=1 s=3 ===============
### Run  ./a.out 19 9 1 4 3
A:
 0.000e+00  1.000e+00  2.000e+00  3.000e+00 
 1.000e+00  0.000e+00  1.000e+00  2.000e+00 
 2.000e+00  1.000e+00  0.000e+00  1.000e+00 
 3.000e+00  2.000e+00  1.000e+00  0.000e+00 

b:
 9.000e+01  8.200e+01  7.400e+01  6.800e+01 

x:
 1.000e+00  0.000e+00  1.000e+00  0.000e+00 

./a.out : Task = 9 Res1 = 6.181144e-16 Res2 = 3.375078e-13 T1 = 0.00 T2 = 0.00 S = 3 N = 19 M = 9 P = 1
============================== a.out n=19 m=9 p=2 s=3 ===============
### Run  ./a.out 19 9 2 4 3
A:
 0.000e+00  1.000e+00  2.000e+00  3.000e+00 
 1.000e+00  0.000e+00  1.000e+00  2.000e+00 
 2.000e+00  1.000e+00  0.000e+00  1.000e+00 
 3.000e+00  2.000e+00  1.000e+00  0.000e+00 

b:
 9.000e+01  8.200e+01  7.400e+01  6.800e+01 

x:
 1.000e+00  0.000e+00  1.000e+00  0.000e+00 

./a.out : Task = 9 Res1 = 6.181144e-16 Res2 = 3.375078e-13 T1 = 0.00 T2 = 0.00 S = 3 N = 19 M = 9 P = 2
============================== a.out n=19 m=9 p=3 s=3 ===============
### Run  ./a.out 19 9 3 4 3
A:
 0.000e+00  1.000e+00  2.000e+00  3.000e+00 
 1.000e+00  0.000e+00  1.000e+00  2.000e+00 
 2.000e+00  1.000e+00  0.000e+00  1.000e+00 
 3.000e+00  2.000e+00  1.000e+00  0.000e+00 

b:
 9.000e+01  8.200e+01  7.400e+01  6.800e+01 

x:
 1.000e+00  0.000e+00  1.000e+00  0.000e+00 

./a.out : Task = 9 Res1 = 6.181144e-16 Res2 = 3.375078e-13 T1 = 0.00 T2 = 0.00 S = 3 N = 19 M = 9 P = 3
============================== a.out n=19 m=12 p=1 s=3 ===============
### Run  ./a.out 19 12 1 4 3
A:
 0.000e+00  1.000e+00  2.000e+00  3.000e+00 
 1.000e+00  0.000e+00  1.000e+00  2.000e+00 
 2.000e+00  1.000e+00  0.000e+00  1.000e+00 
 3.000e+00  2.000e+00  1.000e+00  0.000e+00 

b:
 9.000e+01  8.200e+01  7.400e+01  6.800e+01 

x:
 1.000e+00  2.665e-14  1.000e+00  2.442e-14 

./a.out : Task = 9 Res1 = 3.697133e-16 Res2 = 4.033541e-13 T1 = 0.00 T2 = 0.00 S = 3 N = 19 M = 12 P = 1
============================== a.out n=19 m=12 p=2 s=3 ===============
### Run  ./a.out 19 12 2 4 3
A:
 0.000e+00  1.000e+00  2.000e+00  3.000e+00 
 1.000e+00  0.000e+00  1.000e+00  2.000e+00 
 2.000e+00  1.000e+00  0.000e+00  1.000e+00 
 3.000e+00  2.000e+00  1.000e+00  0.000e+00 

b:
 9.000e+01  8.200e+01  7.400e+01  6.800e+01 

x:
 1.000e+00  2.665e-14  1.000e+00  2.442e-14 

./a.out : Task = 9 Res1 = 3.697133e-16 Res2 = 4.033541e-13 T1 = 0.00 T2 = 0.00 S = 3 N = 19 M = 12 P = 2
============================== a.out n=19 m=15 p=1 s=3 ===============
### Run  ./a.out 19 15 1 4 3
A:
 0.000e+00  1.000e+00  2.000e+00  3.000e+00 
 1.000e+00  0.000e+00  1.000e+00  2.000e+00 
 2.000e+00  1.000e+00  0.000e+00  1.000e+00 
 3.000e+00  2.000e+00  1.000e+00  0.000e+00 

b:
 9.000e+01  8.200e+01  7.400e+01  6.800e+01 

x:
 1.000e+00 -1.750e-13  1.000e+00 -1.137e-13 

./a.out : Task = 9 Res1 = 2.091191e-15 Res2 = 1.279548e-12 T1 = 0.00 T2 = 0.00 S = 3 N = 19 M = 15 P = 1
============================== a.out n=19 m=15 p=2 s=3 ===============
### Run  ./a.out 19 15 2 4 3
A:
 0.000e+00  1.000e+00  2.000e+00  3.000e+00 
 1.000e+00  0.000e+00  1.000e+00  2.000e+00 
 2.000e+00  1.000e+00  0.000e+00  1.000e+00 
 3.000e+00  2.000e+00  1.000e+00  0.000e+00 

b:
 9.000e+01  8.200e+01  7.400e+01  6.800e+01 

x:
 1.000e+00 -1.750e-13  1.000e+00 -1.137e-13 

./a.out : Task = 9 Res1 = 2.091191e-15 Res2 = 1.279548e-12 T1 = 0.00 T2 = 0.00 S = 3 N = 19 M = 15 P = 2
============================== a.out n=19 m=18 p=1 s=3 ===============
### Run  ./a.out 19 18 1 4 3
A:
 0.000e+00  1.000e+00  2.000e+00  3.000e+00 
 1.000e+00  0.000e+00  1.000e+00  2.000e+00 
 2.000e+00  1.000e+00  0.000e+00  1.000e+00 
 3.000e+00  2.000e+00  1.000e+00  0.000e+00 

b:
 9.000e+01  8.200e+01  7.400e+01  6.800e+01 

x:
 1.000e+00  2.225e-13  1.000e+00  8.582e-14 

./a.out : Task = 9 Res1 = 1.605942e-15 Res2 = 1.415201e-12 T1 = 0.00 T2 = 0.00 S = 3 N = 19 M = 18 P = 1
============================== a.out n=19 m=18 p=2 s=3 ===============
### Run  ./a.out 19 18 2 4 3
A:
 0.000e+00  1.000e+00  2.000e+00  3.000e+00 
 1.000e+00  0.000e+00  1.000e+00  2.000e+00 
 2.000e+00  1.000e+00  0.000e+00  1.000e+00 
 3.000e+00  2.000e+00  1.000e+00  0.000e+00 

b:
 9.000e+01  8.200e+01  7.400e+01  6.800e+01 

x:
 1.000e+00  2.225e-13  1.000e+00  8.582e-14 

./a.out : Task = 9 Res1 = 1.605942e-15 Res2 = 1.415201e-12 T1 = 0.00 T2 = 0.00 S = 3 N = 19 M = 18 P = 2
============================== a.out n=20 m=3 p=1 s=3 ===============
### Run  ./a.out 20 3 1 4 3
A:
 0.000e+00  1.000e+00  2.000e+00  3.000e+00 
 1.000e+00  0.000e+00  1.000e+00  2.000e+00 
 2.000e+00  1.000e+00  0.000e+00  1.000e+00 
 3.000e+00  2.000e+00  1.000e+00  0.000e+00 

b:
 9.000e+01  8.200e+01  7.400e+01  6.800e+01 

x:
 1.000e+00  0.000e+00  1.000e+00 -2.220e-15 

./a.out : Task = 9 Res1 = 6.250639e-16 Res2 = 7.761411e-13 T1 = 0.00 T2 = 0.00 S = 3 N = 20 M = 3 P = 1
============================== a.out n=20 m=3 p=2 s=3 ===============
### Run  ./a.out 20 3 2 4 3
A:
 0.000e+00  1.000e+00  2.000e+00  3.000e+00 
 1.000e+00  0.000e+00  1.000e+00  2.000e+00 
 2.000e+00  1.000e+00  0.000e+00  1.000e+00 
 3.000e+00  2.000e+00  1.000e+00  0.000e+00 

b:
 9.000e+01  8.200e+01  7.400e+01  6.800e+01 

x:
 1.000e+00  0.000e+00  1.000e+00 -2.220e-15 

./a.out : Task = 9 Res1 = 6.304063e-16 Res2 = 7.690356e-13 T1 = 0.00 T2 = 0.00 S = 3 N = 20 M = 3 P = 2
============================== a.out n=20 m=3 p=3 s=3 ===============
### Run  ./a.out 20 3 3 4 3
A:
 0.000e+00  1.000e+00  2.000e+00  3.000e+00 
 1.000e+00  0.000e+00  1.000e+00  2.000e+00 
 2.000e+00  1.000e+00  0.000e+00  1.000e+00 
 3.000e+00  2.000e+00  1.000e+00  0.000e+00 

b:
 9.000e+01  8.200e+01  7.400e+01  6.800e+01 

x:
 1.000e+00  0.000e+00  1.000e+00 -2.220e-15 

./a.out : Task = 9 Res1 = 5.182154e-16 Res2 = 7.814701e-13 T1 = 0.00 T2 = 0.00 S = 3 N = 20 M = 3 P = 3
============================== a.out n=20 m=3 p=4 s=3 ===============
### Run  ./a.out 20 3 4 4 3
A:
 0.000e+00  1.000e+00  2.000e+00  3.000e+00 
 1.000e+00  0.000e+00  1.000e+00  2.000e+00 
 2.000e+00  1.000e+00  0.000e+00  1.000e+00 
 3.000e+00  2.000e+00  1.000e+00  0.000e+00 

b:
 9.000e+01  8.200e+01  7.400e+01  6.800e+01 

x:
 1.000e+00  0.000e+00  1.000e+00 -2.220e-15 

./a.out : Task = 9 Res1 = 5.182154e-16 Res2 = 7.814701e-13 T1 = 0.00 T2 = 0.00 S = 3 N = 20 M = 3 P = 4
============================== a.out n=20 m=3 p=5 s=3 ===============
### Run  ./a.out 20 3 5 4 3
A:
 0.000e+00  1.000e+00  2.000e+00  3.000e+00 
 1.000e+00  0.000e+00  1.000e+00  2.000e+00 
 2.000e+00  1.000e+00  0.000e+00  1.000e+00 
 3.000e+00  2.000e+00  1.000e+00  0.000e+00 

b:
 9.000e+01  8.200e+01  7.400e+01  6.800e+01 

x:
 1.000e+00  0.000e+00  1.000e+00 -2.220e-15 

./a.out : Task = 9 Res1 = 6.304063e-16 Res2 = 7.690356e-13 T1 = 0.00 T2 = 0.00 S = 3 N = 20 M = 3 P = 5
============================== a.out n=20 m=3 p=6 s=3 ===============
### Run  ./a.out 20 3 6 4 3
A:
 0.000e+00  1.000e+00  2.000e+00  3.000e+00 
 1.000e+00  0.000e+00  1.000e+00  2.000e+00 
 2.000e+00  1.000e+00  0.000e+00  1.000e+00 
 3.000e+00  2.000e+00  1.000e+00  0.000e+00 

b:
 9.000e+01  8.200e+01  7.400e+01  6.800e+01 

x:
 1.000e+00  0.000e+00  1.000e+00 -2.220e-15 

./a.out : Task = 9 Res1 = 6.304063e-16 Res2 = 7.690356e-13 T1 = 0.00 T2 = 0.00 S = 3 N = 20 M = 3 P = 6
============================== a.out n=20 m=3 p=7 s=3 ===============
### Run  ./a.out 20 3 7 4 3
A:
 0.000e+00  1.000e+00  2.000e+00  3.000e+00 
 1.000e+00  0.000e+00  1.000e+00  2.000e+00 
 2.000e+00  1.000e+00  0.000e+00  1.000e+00 
 3.000e+00  2.000e+00  1.000e+00  0.000e+00 

b:
 9.000e+01  8.200e+01  7.400e+01  6.800e+01 

x:
 1.000e+00  0.000e+00  1.000e+00 -2.220e-15 

./a.out : Task = 9 Res1 = 5.182154e-16 Res2 = 7.814701e-13 T1 = 0.00 T2 = 0.00 S = 3 N = 20 M = 3 P = 7
============================== a.out n=20 m=6 p=1 s=3 ===============
### Run  ./a.out 20 6 1 4 3
A:
 0.000e+00  1.000e+00  2.000e+00  3.000e+00 
 1.000e+00  0.000e+00  1.000e+00  2.000e+00 
 2.000e+00  1.000e+00  0.000e+00  1.000e+00 
 3.000e+00  2.000e+00  1.000e+00  0.000e+00 

b:
 9.000e+01  8.200e+01  7.400e+01  6.800e+01 

x:
 1.000e+00  8.882e-16  1.000e+00  1.998e-15 

./a.out : Task = 9 Res1 = 1.495879e-15 Res2 = 8.719147e-13 T1 = 0.00 T2 = 0.00 S = 3 N = 20 M = 6 P = 1
============================== a.out n=20 m=6 p=2 s=3 ===============
### Run  ./a.out 20 6 2 4 3
A:
 0.000e+00  1.000e+00  2.000e+00  3.000e+00 
 1.000e+00  0.000e+00  1.000e+00  2.000e+00 
 2.000e+00  1.000e+00  0.000e+00  1.000e+00 
 3.000e+00  2.000e+00  1.000e+00  0.000e+00 

b:
 9.000e+01  8.200e+01  7.400e+01  6.800e+01 

x:
 1.000e+00  8.882e-16  1.000e+00  1.998e-15 

./a.out : Task = 9 Res1 = 1.495879e-15 Res2 = 8.719147e-13 T1 = 0.00 T2 = 0.00 S = 3 N = 20 M = 6 P = 2
============================== a.out n=20 m=6 p=3 s=3 ===============
### Run  ./a.out 20 6 3 4 3
A:
 0.000e+00  1.000e+00  2.000e+00  3.000e+00 
 1.000e+00  0.000e+00  1.000e+00  2.000e+00 
 2.000e+00  1.000e+00  0.000e+00  1.000e+00 
 3.000e+00  2.000e+00  1.000e+00  0.000e+00 

b:
 9.000e+01  8.200e+01  7.400e+01  6.800e+01 

x:
 1.000e+00  8.882e-16  1.000e+00  1.998e-15 

./a.out : Task = 9 Res1 = 1.495879e-15 Res2 = 8.719147e-13 T1 = 0.00 T2 = 0.00 S = 3 N = 20 M = 6 P = 3
============================== a.out n=20 m=6 p=4 s=3 ===============
### Run  ./a.out 20 6 4 4 3
A:
 0.000e+00  1.000e+00  2.000e+00  3.000e+00 
 1.000e+00  0.000e+00  1.000e+00  2.000e+00 
 2.000e+00  1.000e+00  0.000e+00  1.000e+00 
 3.000e+00  2.000e+00  1.000e+00  0.000e+00 

b:
 9.000e+01  8.200e+01  7.400e+01  6.800e+01 

x:
 1.000e+00  8.882e-16  1.000e+00  1.998e-15 

./a.out : Task = 9 Res1 = 1.495879e-15 Res2 = 8.719147e-13 T1 = 0.00 T2 = 0.00 S = 3 N = 20 M = 6 P = 4
============================== a.out n=20 m=9 p=1 s=3 ===============
### Run  ./a.out 20 9 1 4 3
A:
 0.000e+00  1.000e+00  2.000e+00  3.000e+00 
 1.000e+00  0.000e+00  1.000e+00  2.000e+00 
 2.000e+00  1.000e+00  0.000e+00  1.000e+00 
 3.000e+00  2.000e+00  1.000e+00  0.000e+00 

b:
 9.000e+01  8.200e+01  7.400e+01  6.800e+01 

x:
 1.000e+00  0.000e+00  1.000e+00  0.000e+00 

./a.out : Task = 9 Res1 = 6.143791e-16 Res2 = 3.392842e-13 T1 = 0.00 T2 = 0.00 S = 3 N = 20 M = 9 P = 1
============================== a.out n=20 m=9 p=2 s=3 ===============
### Run  ./a.out 20 9 2 4 3
A:
 0.000e+00  1.000e+00  2.000e+00  3.000e+00 
 1.000e+00  0.000e+00  1.000e+00  2.000e+00 
 2.000e+00  1.000e+00  0.000e+00  1.000e+00 
 3.000e+00  2.000e+00  1.000e+00  0.000e+00 

b:
 9.000e+01  8.200e+01  7.400e+01  6.800e+01 

x:
 1.000e+00  0.000e+00  1.000e+00  0.000e+00 

./a.out : Task = 9 Res1 = 6.143791e-16 Res2 = 3.392842e-13 T1 = 0.00 T2 = 0.00 S = 3 N = 20 M = 9 P = 2
============================== a.out n=20 m=9 p=3 s=3 ===============
### Run  ./a.out 20 9 3 4 3
A:
 0.000e+00  1.000e+00  2.000e+00  3.000e+00 
 1.000e+00  0.000e+00  1.000e+00  2.000e+00 
 2.000e+00  1.000e+00  0.000e+00  1.000e+00 
 3.000e+00  2.000e+00  1.000e+00  0.000e+00 

b:
 9.000e+01  8.200e+01  7.400e+01  6.800e+01 

x:
 1.000e+00  0.000e+00  1.000e+00  0.000e+00 

./a.out : Task = 9 Res1 = 6.143791e-16 Res2 = 3.392842e-13 T1 = 0.00 T2 = 0.00 S = 3 N = 20 M = 9 P = 3
============================== a.out n=20 m=12 p=1 s=3 ===============
### Run  ./a.out 20 12 1 4 3
A:
 0.000e+00  1.000e+00  2.000e+00  3.000e+00 
 1.000e+00  0.000e+00  1.000e+00  2.000e+00 
 2.000e+00  1.000e+00  0.000e+00  1.000e+00 
 3.000e+00  2.000e+00  1.000e+00  0.000e+00 

b:
 9.000e+01  8.200e+01  7.400e+01  6.800e+01 

x:
 1.000e+00  2.665e-14  1.000e+00  2.442e-14 

./a.out : Task = 9 Res1 = 1.346291e-15 Res2 = 5.042431e-13 T1 = 0.00 T2 = 0.00 S = 3 N = 20 M = 12 P = 1
============================== a.out n=20 m=12 p=2 s=3 ===============
### Run  ./a.out 20 12 2 4 3
A:
 0.000e+00  1.000e+00  2.000e+00  3.000e+00 
 1.000e+00  0.000e+00  1.000e+00  2.000e+00 
 2.000e+00  1.000e+00  0.000e+00  1.000e+00 
 3.000e+00  2.000e+00  1.000e+00  0.000e+00 

b:
 9.000e+01  8.200e+01  7.400e+01  6.800e+01 

x:
 1.000e+00  2.665e-14  1.000e+00  2.442e-14 

./a.out : Task = 9 Res1 = 1.346291e-15 Res2 = 5.042431e-13 T1 = 0.00 T2 = 0.00 S = 3 N = 20 M = 12 P = 2
============================== a.out n=20 m=15 p=1 s=3 ===============
### Run  ./a.out 20 15 1 4 3
A:
 0.000e+00  1.000e+00  2.000e+00  3.000e+00 
 1.000e+00  0.000e+00  1.000e+00  2.000e+00 
 2.000e+00  1.000e+00  0.000e+00  1.000e+00 
 3.000e+00  2.000e+00  1.000e+00  0.000e+00 

b:
 9.000e+01  8.200e+01  7.400e+01  6.800e+01 

x:
 1.000e+00 -1.750e-13  1.000e+00 -1.137e-13 

./a.out : Task = 9 Res1 = 1.966013e-15 Res2 = 1.313759e-12 T1 = 0.00 T2 = 0.00 S = 3 N = 20 M = 15 P = 1
============================== a.out n=20 m=15 p=2 s=3 ===============
### Run  ./a.out 20 15 2 4 3
A:
 0.000e+00  1.000e+00  2.000e+00  3.000e+00 
 1.000e+00  0.000e+00  1.000e+00  2.000e+00 
 2.000e+00  1.000e+00  0.000e+00  1.000e+00 
 3.000e+00  2.000e+00  1.000e+00  0.000e+00 

b:
 9.000e+01  8.200e+01  7.400e+01  6.800e+01 

x:
 1.000e+00 -1.750e-13  1.000e+00 -1.137e-13 

./a.out : Task = 9 Res1 = 1.966013e-15 Res2 = 1.313759e-12 T1 = 0.00 T2 = 0.00 S = 3 N = 20 M = 15 P = 2
============================== a.out n=20 m=18 p=1 s=3 ===============
### Run  ./a.out 20 18 1 4 3
A:
 0.000e+00  1.000e+00  2.000e+00  3.000e+00 
 1.000e+00  0.000e+00  1.000e+00  2.000e+00 
 2.000e+00  1.000e+00  0.000e+00  1.000e+00 
 3.000e+00  2.000e+00  1.000e+00  0.000e+00 

b:
 9.000e+01  8.200e+01  7.400e+01  6.800e+01 

x:
 1.000e+00  2.225e-13  1.000e+00  8.582e-14 

./a.out : Task = 9 Res1 = 1.447798e-15 Res2 = 1.442402e-12 T1 = 0.00 T2 = 0.00 S = 3 N = 20 M = 18 P = 1
============================== a.out n=20 m=18 p=2 s=3 ===============
### Run  ./a.out 20 18 2 4 3
A:
 0.000e+00  1.000e+00  2.000e+00  3.000e+00 
 1.000e+00  0.000e+00  1.000e+00  2.000e+00 
 2.000e+00  1.000e+00  0.000e+00  1.000e+00 
 3.000e+00  2.000e+00  1.000e+00  0.000e+00 

b:
 9.000e+01  8.200e+01  7.400e+01  6.800e+01 

x:
 1.000e+00  2.225e-13  1.000e+00  8.582e-14 

./a.out : Task = 9 Res1 = 1.447798e-15 Res2 = 1.442402e-12 T1 = 0.00 T2 = 0.00 S = 3 N = 20 M = 18 P = 2
============================== a.out n=21 m=3 p=1 s=3 ===============
### Run  ./a.out 21 3 1 4 3
A:
 0.000e+00  1.000e+00  2.000e+00  3.000e+00 
 1.000e+00  0.000e+00  1.000e+00  2.000e+00 
 2.000e+00  1.000e+00  0.000e+00  1.000e+00 
 3.000e+00  2.000e+00  1.000e+00  0.000e+00 

b:
 1.100e+02  1.010e+02  9.200e+01  8.500e+01 

x:
 1.000e+00  0.000e+00  1.000e+00 -2.220e-15 

./a.out : Task = 9 Res1 = 3.617308e-16 Res2 = 6.019788e-13 T1 = 0.00 T2 = 0.00 S = 3 N = 21 M = 3 P = 1
============================== a.out n=21 m=3 p=2 s=3 ===============
### Run  ./a.out 21 3 2 4 3
A:
 0.000e+00  1.000e+00  2.000e+00  3.000e+00 
 1.000e+00  0.000e+00  1.000e+00  2.000e+00 
 2.000e+00  1.000e+00  0.000e+00  1.000e+00 
 3.000e+00  2.000e+00  1.000e+00  0.000e+00 

b:
 1.100e+02  1.010e+02  9.200e+01  8.500e+01 

x:
 1.000e+00  0.000e+00  1.000e+00 -2.220e-15 

./a.out : Task = 9 Res1 = 7.536059e-16 Res2 = 5.975379e-13 T1 = 0.00 T2 = 0.00 S = 3 N = 21 M = 3 P = 2
============================== a.out n=21 m=3 p=3 s=3 ===============
### Run  ./a.out 21 3 3 4 3
A:
 0.000e+00  1.000e+00  2.000e+00  3.000e+00 
 1.000e+00  0.000e+00  1.000e+00  2.000e+00 
 2.000e+00  1.000e+00  0.000e+00  1.000e+00 
 3.000e+00  2.000e+00  1.000e+00  0.000e+00 

b:
 1.100e+02  1.010e+02  9.200e+01  8.500e+01 

x:
 1.000e+00  0.000e+00  1.000e+00 -2.220e-15 

./a.out : Task = 9 Res1 = 8.569576e-16 Res2 = 6.090842e-13 T1 = 0.00 T2 = 0.00 S = 3 N = 21 M = 3 P = 3
============================== a.out n=21 m=3 p=4 s=3 ===============
### Run  ./a.out 21 3 4 4 3
A:
 0.000e+00  1.000e+00  2.000e+00  3.000e+00 
 1.000e+00  0.000e+00  1.000e+00  2.000e+00 
 2.000e+00  1.000e+00  0.000e+00  1.000e+00 
 3.000e+00  2.000e+00  1.000e+00  0.000e+00 

b:
 1.100e+02  1.010e+02  9.200e+01  8.500e+01 

x:
 1.000e+00  0.000e+00  1.000e+00 -2.220e-15 

./a.out : Task = 9 Res1 = 7.622186e-16 Res2 = 5.948734e-13 T1 = 0.00 T2 = 0.00 S = 3 N = 21 M = 3 P = 4
============================== a.out n=21 m=3 p=5 s=3 ===============
### Run  ./a.out 21 3 5 4 3
A:
 0.000e+00  1.000e+00  2.000e+00  3.000e+00 
 1.000e+00  0.000e+00  1.000e+00  2.000e+00 
 2.000e+00  1.000e+00  0.000e+00  1.000e+00 
 3.000e+00  2.000e+00  1.000e+00  0.000e+00 

b:
 1.100e+02  1.010e+02  9.200e+01  8.500e+01 

x:
 1.000e+00  0.000e+00  1.000e+00 -2.220e-15 

./a.out : Task = 9 Res1 = 1.541662e-15 Res2 = 6.019788e-13 T1 = 0.00 T2 = 0.00 S = 3 N = 21 M = 3 P = 5
============================== a.out n=21 m=3 p=6 s=3 ===============
### Run  ./a.out 21 3 6 4 3
A:
 0.000e+00  1.000e+00  2.000e+00  3.000e+00 
 1.000e+00  0.000e+00  1.000e+00  2.000e+00 
 2.000e+00  1.000e+00  0.000e+00  1.000e+00 
 3.000e+00  2.000e+00  1.000e+00  0.000e+00 

b:
 1.100e+02  1.010e+02  9.200e+01  8.500e+01 

x:
 1.000e+00  0.000e+00  1.000e+00 -2.220e-15 

./a.out : Task = 9 Res1 = 7.622186e-16 Res2 = 5.948734e-13 T1 = 0.00 T2 = 0.00 S = 3 N = 21 M = 3 P = 6
============================== a.out n=21 m=3 p=7 s=3 ===============
### Run  ./a.out 21 3 7 4 3
A:
 0.000e+00  1.000e+00  2.000e+00  3.000e+00 
 1.000e+00  0.000e+00  1.000e+00  2.000e+00 
 2.000e+00  1.000e+00  0.000e+00  1.000e+00 
 3.000e+00  2.000e+00  1.000e+00  0.000e+00 

b:
 1.100e+02  1.010e+02  9.200e+01  8.500e+01 

x:
 1.000e+00  0.000e+00  1.000e+00 -2.220e-15 

./a.out : Task = 9 Res1 = 7.622186e-16 Res2 = 5.948734e-13 T1 = 0.00 T2 = 0.00 S = 3 N = 21 M = 3 P = 7
============================== a.out n=21 m=3 p=8 s=3 ===============
### Run  ./a.out 21 3 8 4 3
A:
 0.000e+00  1.000e+00  2.000e+00  3.000e+00 
 1.000e+00  0.000e+00  1.000e+00  2.000e+00 
 2.000e+00  1.000e+00  0.000e+00  1.000e+00 
 3.000e+00  2.000e+00  1.000e+00  0.000e+00 

b:
 1.100e+02  1.010e+02  9.200e+01  8.500e+01 

x:
 1.000e+00  0.000e+00  1.000e+00 -2.220e-15 

./a.out : Task = 9 Res1 = 7.622186e-16 Res2 = 5.948734e-13 T1 = 0.00 T2 = 0.00 S = 3 N = 21 M = 3 P = 8
============================== a.out n=21 m=6 p=1 s=3 ===============
### Run  ./a.out 21 6 1 4 3
A:
 0.000e+00  1.000e+00  2.000e+00  3.000e+00 
 1.000e+00  0.000e+00  1.000e+00  2.000e+00 
 2.000e+00  1.000e+00  0.000e+00  1.000e+00 
 3.000e+00  2.000e+00  1.000e+00  0.000e+00 

b:
 1.100e+02  1.010e+02  9.200e+01  8.500e+01 

x:
 1.000e+00  8.882e-16  1.000e+00  1.998e-15 

./a.out : Task = 9 Res1 = 7.062364e-16 Res2 = 6.555322e-13 T1 = 0.00 T2 = 0.00 S = 3 N = 21 M = 6 P = 1
============================== a.out n=21 m=6 p=2 s=3 ===============
### Run  ./a.out 21 6 2 4 3
A:
 0.000e+00  1.000e+00  2.000e+00  3.000e+00 
 1.000e+00  0.000e+00  1.000e+00  2.000e+00 
 2.000e+00  1.000e+00  0.000e+00  1.000e+00 
 3.000e+00  2.000e+00  1.000e+00  0.000e+00 

b:
 1.100e+02  1.010e+02  9.200e+01  8.500e+01 

x:
 1.000e+00  8.882e-16  1.000e+00  1.998e-15 

./a.out : Task = 9 Res1 = 7.062364e-16 Res2 = 6.555322e-13 T1 = 0.00 T2 = 0.00 S = 3 N = 21 M = 6 P = 2
============================== a.out n=21 m=6 p=3 s=3 ===============
### Run  ./a.out 21 6 3 4 3
A:
 0.000e+00  1.000e+00  2.000e+00  3.000e+00 
 1.000e+00  0.000e+00  1.000e+00  2.000e+00 
 2.000e+00  1.000e+00  0.000e+00  1.000e+00 
 3.000e+00  2.000e+00  1.000e+00  0.000e+00 

b:
 1.100e+02  1.010e+02  9.200e+01  8.500e+01 

x:
 1.000e+00  8.882e-16  1.000e+00  1.998e-15 

./a.out : Task = 9 Res1 = 7.062364e-16 Res2 = 6.555322e-13 T1 = 0.00 T2 = 0.00 S = 3 N = 21 M = 6 P = 3
============================== a.out n=21 m=6 p=4 s=3 ===============
### Run  ./a.out 21 6 4 4 3
A:
 0.000e+00  1.000e+00  2.000e+00  3.000e+00 
 1.000e+00  0.000e+00  1.000e+00  2.000e+00 
 2.000e+00  1.000e+00  0.000e+00  1.000e+00 
 3.000e+00  2.000e+00  1.000e+00  0.000e+00 

b:
 1.100e+02  1.010e+02  9.200e+01  8.500e+01 

x:
 1.000e+00  8.882e-16  1.000e+00  1.998e-15 

./a.out : Task = 9 Res1 = 7.062364e-16 Res2 = 6.555322e-13 T1 = 0.00 T2 = 0.00 S = 3 N = 21 M = 6 P = 4
============================== a.out n=21 m=9 p=1 s=3 ===============
### Run  ./a.out 21 9 1 4 3
A:
 0.000e+00  1.000e+00  2.000e+00  3.000e+00 
 1.000e+00  0.000e+00  1.000e+00  2.000e+00 
 2.000e+00  1.000e+00  0.000e+00  1.000e+00 
 3.000e+00  2.000e+00  1.000e+00  0.000e+00 

b:
 1.100e+02  1.010e+02  9.200e+01  8.500e+01 

x:
 1.000e+00  0.000e+00  1.000e+00  0.000e+00 

./a.out : Task = 9 Res1 = 1.076580e-16 Res2 = 2.612355e-13 T1 = 0.00 T2 = 0.00 S = 3 N = 21 M = 9 P = 1
============================== a.out n=21 m=9 p=2 s=3 ===============
### Run  ./a.out 21 9 2 4 3
A:
 0.000e+00  1.000e+00  2.000e+00  3.000e+00 
 1.000e+00  0.000e+00  1.000e+00  2.000e+00 
 2.000e+00  1.000e+00  0.000e+00  1.000e+00 
 3.000e+00  2.000e+00  1.000e+00  0.000e+00 

b:
 1.100e+02  1.010e+02  9.200e+01  8.500e+01 

x:
 1.000e+00  0.000e+00  1.000e+00  0.000e+00 

./a.out : Task = 9 Res1 = 1.076580e-16 Res2 = 2.612355e-13 T1 = 0.00 T2 = 0.00 S = 3 N = 21 M = 9 P = 2
============================== a.out n=21 m=9 p=3 s=3 ===============
### Run  ./a.out 21 9 3 4 3
A:
 0.000e+00  1.000e+00  2.000e+00  3.000e+00 
 1.000e+00  0.000e+00  1.000e+00  2.000e+00 
 2.000e+00  1.000e+00  0.000e+00  1.000e+00 
 3.000e+00  2.000e+00  1.000e+00  0.000e+00 

b:
 1.100e+02  1.010e+02  9.200e+01  8.500e+01 

x:
 1.000e+00  0.000e+00  1.000e+00  0.000e+00 

./a.out : Task = 9 Res1 = 1.076580e-16 Res2 = 2.612355e-13 T1 = 0.00 T2 = 0.00 S = 3 N = 21 M = 9 P = 3
============================== a.out n=21 m=12 p=1 s=3 ===============
### Run  ./a.out 21 12 1 4 3
A:
 0.000e+00  1.000e+00  2.000e+00  3.000e+00 
 1.000e+00  0.000e+00  1.000e+00  2.000e+00 
 2.000e+00  1.000e+00  0.000e+00  1.000e+00 
 3.000e+00  2.000e+00  1.000e+00  0.000e+00 

b:
 1.100e+02  1.010e+02  9.200e+01  8.500e+01 

x:
 1.000e+00  2.665e-14  1.000e+00  2.798e-14 

./a.out : Task = 9 Res1 = 4.478572e-16 Res2 = 3.854694e-13 T1 = 0.00 T2 = 0.00 S = 3 N = 21 M = 12 P = 1
============================== a.out n=21 m=12 p=2 s=3 ===============
### Run  ./a.out 21 12 2 4 3
A:
 0.000e+00  1.000e+00  2.000e+00  3.000e+00 
 1.000e+00  0.000e+00  1.000e+00  2.000e+00 
 2.000e+00  1.000e+00  0.000e+00  1.000e+00 
 3.000e+00  2.000e+00  1.000e+00  0.000e+00 

b:
 1.100e+02  1.010e+02  9.200e+01  8.500e+01 

x:
 1.000e+00  2.665e-14  1.000e+00  2.798e-14 

./a.out : Task = 9 Res1 = 4.478572e-16 Res2 = 3.854694e-13 T1 = 0.00 T2 = 0.00 S = 3 N = 21 M = 12 P = 2
============================== a.out n=21 m=15 p=1 s=3 ===============
### Run  ./a.out 21 15 1 4 3
A:
 0.000e+00  1.000e+00  2.000e+00  3.000e+00 
 1.000e+00  0.000e+00  1.000e+00  2.000e+00 
 2.000e+00  1.000e+00  0.000e+00  1.000e+00 
 3.000e+00  2.000e+00  1.000e+00  0.000e+00 

b:
 1.100e+02  1.010e+02  9.200e+01  8.500e+01 

x:
 1.000e+00 -1.750e-13  1.000e+00 -1.261e-13 

./a.out : Task = 9 Res1 = 5.382900e-16 Res2 = 1.054569e-12 T1 = 0.00 T2 = 0.00 S = 3 N = 21 M = 15 P = 1
============================== a.out n=21 m=15 p=2 s=3 ===============
### Run  ./a.out 21 15 2 4 3
A:
 0.000e+00  1.000e+00  2.000e+00  3.000e+00 
 1.000e+00  0.000e+00  1.000e+00  2.000e+00 
 2.000e+00  1.000e+00  0.000e+00  1.000e+00 
 3.000e+00  2.000e+00  1.000e+00  0.000e+00 

b:
 1.100e+02  1.010e+02  9.200e+01  8.500e+01 

x:
 1.000e+00 -1.750e-13  1.000e+00 -1.261e-13 

./a.out : Task = 9 Res1 = 5.382900e-16 Res2 = 1.054569e-12 T1 = 0.00 T2 = 0.00 S = 3 N = 21 M = 15 P = 2
============================== a.out n=21 m=18 p=1 s=3 ===============
### Run  ./a.out 21 18 1 4 3
A:
 0.000e+00  1.000e+00  2.000e+00  3.000e+00 
 1.000e+00  0.000e+00  1.000e+00  2.000e+00 
 2.000e+00  1.000e+00  0.000e+00  1.000e+00 
 3.000e+00  2.000e+00  1.000e+00  0.000e+00 

b:
 1.100e+02  1.010e+02  9.200e+01  8.500e+01 

x:
 1.000e+00  2.225e-13  1.000e+00  8.404e-14 

./a.out : Task = 9 Res1 = 1.929231e-15 Res2 = 1.598832e-12 T1 = 0.00 T2 = 0.00 S = 3 N = 21 M = 18 P = 1
============================== a.out n=21 m=18 p=2 s=3 ===============
### Run  ./a.out 21 18 2 4 3
A:
 0.000e+00  1.000e+00  2.000e+00  3.000e+00 
 1.000e+00  0.000e+00  1.000e+00  2.000e+00 
 2.000e+00  1.000e+00  0.000e+00  1.000e+00 
 3.000e+00  2.000e+00  1.000e+00  0.000e+00 

b:
 1.100e+02  1.010e+02  9.200e+01  8.500e+01 

x:
 1.000e+00  2.225e-13  1.000e+00  8.404e-14 

./a.out : Task = 9 Res1 = 1.929231e-15 Res2 = 1.598832e-12 T1 = 0.00 T2 = 0.00 S = 3 N = 21 M = 18 P = 2
============================== a.out n=21 m=21 p=1 s=3 ===============
### Run  ./a.out 21 21 1 4 3
A:
 0.000e+00  1.000e+00  2.000e+00  3.000e+00 
 1.000e+00  0.000e+00  1.000e+00  2.000e+00 
 2.000e+00  1.000e+00  0.000e+00  1.000e+00 
 3.000e+00  2.000e+00  1.000e+00  0.000e+00 

b:
 1.100e+02  1.010e+02  9.200e+01  8.500e+01 

x:
 1.000e+00  2.884e-13  1.000e+00 -2.558e-13 

./a.out : Task = 9 Res1 = 2.338332e-15 Res2 = 3.057998e-12 T1 = 0.00 T2 = 0.00 S = 3 N = 21 M = 21 P = 1
============================== a.out n=21 m=21 p=2 s=3 ===============
### Run  ./a.out 21 21 2 4 3
A:
 0.000e+00  1.000e+00  2.000e+00  3.000e+00 
 1.000e+00  0.000e+00  1.000e+00  2.000e+00 
 2.000e+00  1.000e+00  0.000e+00  1.000e+00 
 3.000e+00  2.000e+00  1.000e+00  0.000e+00 

b:
 1.100e+02  1.010e+02  9.200e+01  8.500e+01 

x:
 1.000e+00  2.884e-13  1.000e+00 -2.558e-13 

./a.out : Task = 9 Res1 = 2.338332e-15 Res2 = 3.057998e-12 T1 = 0.00 T2 = 0.00 S = 3 N = 21 M = 21 P = 2
============================== a.out n=22 m=3 p=1 s=3 ===============
### Run  ./a.out 22 3 1 4 3
A:
 0.000e+00  1.000e+00  2.000e+00  3.000e+00 
 1.000e+00  0.000e+00  1.000e+00  2.000e+00 
 2.000e+00  1.000e+00  0.000e+00  1.000e+00 
 3.000e+00  2.000e+00  1.000e+00  0.000e+00 

b:
 1.100e+02  1.010e+02  9.200e+01  8.500e+01 

x:
 1.000e+00  0.000e+00  1.000e+00 -2.220e-15 

./a.out : Task = 9 Res1 = 1.556694e-15 Res2 = 6.414604e-13 T1 = 0.00 T2 = 0.00 S = 3 N = 22 M = 3 P = 1
============================== a.out n=22 m=3 p=2 s=3 ===============
### Run  ./a.out 22 3 2 4 3
A:
 0.000e+00  1.000e+00  2.000e+00  3.000e+00 
 1.000e+00  0.000e+00  1.000e+00  2.000e+00 
 2.000e+00  1.000e+00  0.000e+00  1.000e+00 
 3.000e+00  2.000e+00  1.000e+00  0.000e+00 

b:
 1.100e+02  1.010e+02  9.200e+01  8.500e+01 

x:
 1.000e+00  0.000e+00  1.000e+00 -2.220e-15 

./a.out : Task = 9 Res1 = 8.024198e-16 Res2 = 6.347991e-13 T1 = 0.00 T2 = 0.00 S = 3 N = 22 M = 3 P = 2
============================== a.out n=22 m=3 p=3 s=3 ===============
### Run  ./a.out 22 3 3 4 3
A:
 0.000e+00  1.000e+00  2.000e+00  3.000e+00 
 1.000e+00  0.000e+00  1.000e+00  2.000e+00 
 2.000e+00  1.000e+00  0.000e+00  1.000e+00 
 3.000e+00  2.000e+00  1.000e+00  0.000e+00 

b:
 1.100e+02  1.010e+02  9.200e+01  8.500e+01 

x:
 1.000e+00  0.000e+00  1.000e+00 -2.220e-15 

./a.out : Task = 9 Res1 = 1.612864e-15 Res2 = 6.423486e-13 T1 = 0.00 T2 = 0.00 S = 3 N = 22 M = 3 P = 3
============================== a.out n=22 m=3 p=4 s=3 ===============
### Run  ./a.out 22 3 4 4 3
A:
 0.000e+00  1.000e+00  2.000e+00  3.000e+00 
 1.000e+00  0.000e+00  1.000e+00  2.000e+00 
 2.000e+00  1.000e+00  0.000e+00  1.000e+00 
 3.000e+00  2.000e+00  1.000e+00  0.000e+00 

b:
 1.100e+02  1.010e+02  9.200e+01  8.500e+01 

x:
 1.000e+00  0.000e+00  1.000e+00 -2.220e-15 

./a.out : Task = 9 Res1 = 9.348191e-16 Res2 = 6.330227e-13 T1 = 0.00 T2 = 0.00 S = 3 N = 22 M = 3 P = 4
============================== a.out n=22 m=3 p=5 s=3 ===============
### Run  ./a.out 22 3 5 4 3
A:
 0.000e+00  1.000e+00  2.000e+00  3.000e+00 
 1.000e+00  0.000e+00  1.000e+00  2.000e+00 
 2.000e+00  1.000e+00  0.000e+00  1.000e+00 
 3.000e+00  2.000e+00  1.000e+00  0.000e+00 

b:
 1.100e+02  1.010e+02  9.200e+01  8.500e+01 

x:
 1.000e+00  0.000e+00  1.000e+00 -2.220e-15 

./a.out : Task = 9 Res1 = 3.129437e-16 Res2 = 6.405723e-13 T1 = 0.00 T2 = 0.00 S = 3 N = 22 M = 3 P = 5
============================== a.out n=22 m=3 p=6 s=3 ===============
### Run  ./a.out 22 3 6 4 3
A:
 0.000e+00  1.000e+00  2.000e+00  3.000e+00 
 1.000e+00  0.000e+00  1.000e+00  2.000e+00 
 2.000e+00  1.000e+00  0.000e+00  1.000e+00 
 3.000e+00  2.000e+00  1.000e+00  0.000e+00 

b:
 1.100e+02  1.010e+02  9.200e+01  8.500e+01 

x:
 1.000e+00  0.000e+00  1.000e+00 -2.220e-15 

./a.out : Task = 9 Res1 = 3.610889e-16 Res2 = 6.543390e-13 T1 = 0.00 T2 = 0.00 S = 3 N = 22 M = 3 P = 6
============================== a.out n=22 m=3 p=7 s=3 ===============
### Run  ./a.out 22 3 7 4 3
A:
 0.000e+00  1.000e+00  2.000e+00  3.000e+00 
 1.000e+00  0.000e+00  1.000e+00  2.000e+00 
 2.000e+00  1.000e+00  0.000e+00  1.000e+00 
 3.000e+00  2.000e+00  1.000e+00  0.000e+00 

b:
 1.100e+02  1.010e+02  9.200e+01  8.500e+01 

x:
 1.000e+00  0.000e+00  1.000e+00 -2.220e-15 

./a.out : Task = 9 Res1 = 1.612864e-15 Res2 = 6.423486e-13 T1 = 0.00 T2 = 0.00 S = 3 N = 22 M = 3 P = 7
============================== a.out n=22 m=3 p=8 s=3 ===============
### Run  ./a.out 22 3 8 4 3
A:
 0.000e+00  1.000e+00  2.000e+00  3.000e+00 
 1.000e+00  0.000e+00  1.000e+00  2.000e+00 
 2.000e+00  1.000e+00  0.000e+00  1.000e+00 
 3.000e+00  2.000e+00  1.000e+00  0.000e+00 

b:
 1.100e+02  1.010e+02  9.200e+01  8.500e+01 

x:
 1.000e+00  0.000e+00  1.000e+00 -2.220e-15 

./a.out : Task = 9 Res1 = 3.370163e-16 Res2 = 6.379077e-13 T1 = 0.00 T2 = 0.00 S = 3 N = 22 M = 3 P = 8
============================== a.out n=22 m=6 p=1 s=3 ===============
### Run  ./a.out 22 6 1 4 3
A:
 0.000e+00  1.000e+00  2.000e+00  3.000e+00 
 1.000e+00  0.000e+00  1.000e+00  2.000e+00 
 2.000e+00  1.000e+00  0.000e+00  1.000e+00 
 3.000e+00  2.000e+00  1.000e+00  0.000e+00 

b:
 1.100e+02  1.010e+02  9.200e+01  8.500e+01 

x:
 1.000e+00  8.882e-16  1.000e+00  1.998e-15 

./a.out : Task = 9 Res1 = 6.058270e-16 Res2 = 7.214925e-13 T1 = 0.00 T2 = 0.00 S = 3 N = 22 M = 6 P = 1
============================== a.out n=22 m=6 p=2 s=3 ===============
### Run  ./a.out 22 6 2 4 3
A:
 0.000e+00  1.000e+00  2.000e+00  3.000e+00 
 1.000e+00  0.000e+00  1.000e+00  2.000e+00 
 2.000e+00  1.000e+00  0.000e+00  1.000e+00 
 3.000e+00  2.000e+00  1.000e+00  0.000e+00 

b:
 1.100e+02  1.010e+02  9.200e+01  8.500e+01 

x:
 1.000e+00  8.882e-16  1.000e+00  1.998e-15 

./a.out : Task = 9 Res1 = 6.058270e-16 Res2 = 7.214925e-13 T1 = 0.00 T2 = 0.00 S = 3 N = 22 M = 6 P = 2
============================== a.out n=22 m=6 p=3 s=3 ===============
### Run  ./a.out 22 6 3 4 3
A:
 0.000e+00  1.000e+00  2.000e+00  3.000e+00 
 1.000e+00  0.000e+00  1.000e+00  2.000e+00 
 2.000e+00  1.000e+00  0.000e+00  1.000e+00 
 3.000e+00  2.000e+00  1.000e+00  0.000e+00 

b:
 1.100e+02  1.010e+02  9.200e+01  8.500e+01 

x:
 1.000e+00  8.882e-16  1.000e+00  1.998e-15 

./a.out : Task = 9 Res1 = 6.058270e-16 Res2 = 7.214925e-13 T1 = 0.00 T2 = 0.00 S = 3 N = 22 M = 6 P = 3
============================== a.out n=22 m=6 p=4 s=3 ===============
### Run  ./a.out 22 6 4 4 3
A:
 0.000e+00  1.000e+00  2.000e+00  3.000e+00 
 1.000e+00  0.000e+00  1.000e+00  2.000e+00 
 2.000e+00  1.000e+00  0.000e+00  1.000e+00 
 3.000e+00  2.000e+00  1.000e+00  0.000e+00 

b:
 1.100e+02  1.010e+02  9.200e+01  8.500e+01 

x:
 1.000e+00  8.882e-16  1.000e+00  1.998e-15 

./a.out : Task = 9 Res1 = 6.058270e-16 Res2 = 7.214925e-13 T1 = 0.00 T2 = 0.00 S = 3 N = 22 M = 6 P = 4
============================== a.out n=22 m=9 p=1 s=3 ===============
### Run  ./a.out 22 9 1 4 3
A:
 0.000e+00  1.000e+00  2.000e+00  3.000e+00 
 1.000e+00  0.000e+00  1.000e+00  2.000e+00 
 2.000e+00  1.000e+00  0.000e+00  1.000e+00 
 3.000e+00  2.000e+00  1.000e+00  0.000e+00 

b:
 1.100e+02  1.010e+02  9.200e+01  8.500e+01 

x:
 1.000e+00  0.000e+00  1.000e+00  0.000e+00 

./a.out : Task = 9 Res1 = 1.444356e-16 Res2 = 2.740357e-13 T1 = 0.00 T2 = 0.00 S = 3 N = 22 M = 9 P = 1
============================== a.out n=22 m=9 p=2 s=3 ===============
### Run  ./a.out 22 9 2 4 3
A:
 0.000e+00  1.000e+00  2.000e+00  3.000e+00 
 1.000e+00  0.000e+00  1.000e+00  2.000e+00 
 2.000e+00  1.000e+00  0.000e+00  1.000e+00 
 3.000e+00  2.000e+00  1.000e+00  0.000e+00 

b:
 1.100e+02  1.010e+02  9.200e+01  8.500e+01 

x:
 1.000e+00  0.000e+00  1.000e+00  0.000e+00 

./a.out : Task = 9 Res1 = 1.444356e-16 Res2 = 2.740357e-13 T1 = 0.00 T2 = 0.00 S = 3 N = 22 M = 9 P = 2
============================== a.out n=22 m=9 p=3 s=3 ===============
### Run  ./a.out 22 9 3 4 3
A:
 0.000e+00  1.000e+00  2.000e+00  3.000e+00 
 1.000e+00  0.000e+00  1.000e+00  2.000e+00 
 2.000e+00  1.000e+00  0.000e+00  1.000e+00 
 3.000e+00  2.000e+00  1.000e+00  0.000e+00 

b:
 1.100e+02  1.010e+02  9.200e+01  8.500e+01 

x:
 1.000e+00  0.000e+00  1.000e+00  0.000e+00 

./a.out : Task = 9 Res1 = 1.444356e-16 Res2 = 2.740357e-13 T1 = 0.00 T2 = 0.00 S = 3 N = 22 M = 9 P = 3
============================== a.out n=22 m=12 p=1 s=3 ===============
### Run  ./a.out 22 12 1 4 3
A:
 0.000e+00  1.000e+00  2.000e+00  3.000e+00 
 1.000e+00  0.000e+00  1.000e+00  2.000e+00 
 2.000e+00  1.000e+00  0.000e+00  1.000e+00 
 3.000e+00  2.000e+00  1.000e+00  0.000e+00 

b:
 1.100e+02  1.010e+02  9.200e+01  8.500e+01 

x:
 1.000e+00  2.665e-14  1.000e+00  2.798e-14 

./a.out : Task = 9 Res1 = 1.468428e-15 Res2 = 6.465434e-13 T1 = 0.00 T2 = 0.00 S = 3 N = 22 M = 12 P = 1
============================== a.out n=22 m=12 p=2 s=3 ===============
### Run  ./a.out 22 12 2 4 3
A:
 0.000e+00  1.000e+00  2.000e+00  3.000e+00 
 1.000e+00  0.000e+00  1.000e+00  2.000e+00 
 2.000e+00  1.000e+00  0.000e+00  1.000e+00 
 3.000e+00  2.000e+00  1.000e+00  0.000e+00 

b:
 1.100e+02  1.010e+02  9.200e+01  8.500e+01 

x:
 1.000e+00  2.665e-14  1.000e+00  2.798e-14 

./a.out : Task = 9 Res1 = 1.468428e-15 Res2 = 6.465434e-13 T1 = 0.00 T2 = 0.00 S = 3 N = 22 M = 12 P = 2
============================== a.out n=22 m=15 p=1 s=3 ===============
### Run  ./a.out 22 15 1 4 3
A:
 0.000e+00  1.000e+00  2.000e+00  3.000e+00 
 1.000e+00  0.000e+00  1.000e+00  2.000e+00 
 2.000e+00  1.000e+00  0.000e+00  1.000e+00 
 3.000e+00  2.000e+00  1.000e+00  0.000e+00 

b:
 1.100e+02  1.010e+02  9.200e+01  8.500e+01 

x:
 1.000e+00 -1.750e-13  1.000e+00 -1.261e-13 

./a.out : Task = 9 Res1 = 6.098391e-16 Res2 = 1.091191e-12 T1 = 0.00 T2 = 0.00 S = 3 N = 22 M = 15 P = 1
============================== a.out n=22 m=15 p=2 s=3 ===============
### Run  ./a.out 22 15 2 4 3
A:
 0.000e+00  1.000e+00  2.000e+00  3.000e+00 
 1.000e+00  0.000e+00  1.000e+00  2.000e+00 
 2.000e+00  1.000e+00  0.000e+00  1.000e+00 
 3.000e+00  2.000e+00  1.000e+00  0.000e+00 

b:
 1.100e+02  1.010e+02  9.200e+01  8.500e+01 

x:
 1.000e+00 -1.750e-13  1.000e+00 -1.261e-13 

./a.out : Task = 9 Res1 = 6.098391e-16 Res2 = 1.091191e-12 T1 = 0.00 T2 = 0.00 S = 3 N = 22 M = 15 P = 2
============================== a.out n=22 m=18 p=1 s=3 ===============
### Run  ./a.out 22 18 1 4 3
A:
 0.000e+00  1.000e+00  2.000e+00  3.000e+00 
 1.000e+00  0.000e+00  1.000e+00  2.000e+00 
 2.000e+00  1.000e+00  0.000e+00  1.000e+00 
 3.000e+00  2.000e+00  1.000e+00  0.000e+00 

b:
 1.100e+02  1.010e+02  9.200e+01  8.500e+01 

x:
 1.000e+00  2.225e-13  1.000e+00  8.404e-14 

./a.out : Task = 9 Res1 = 1.853590e-15 Res2 = 1.594502e-12 T1 = 0.00 T2 = 0.00 S = 3 N = 22 M = 18 P = 1
============================== a.out n=22 m=18 p=2 s=3 ===============
### Run  ./a.out 22 18 2 4 3
A:
 0.000e+00  1.000e+00  2.000e+00  3.000e+00 
 1.000e+00  0.000e+00  1.000e+00  2.000e+00 
 2.000e+00  1.000e+00  0.000e+00  1.000e+00 
 3.000e+00  2.000e+00  1.000e+00  0.000e+00 

b:
 1.100e+02  1.010e+02  9.200e+01  8.500e+01 

x:
 1.000e+00  2.225e-13  1.000e+00  8.404e-14 

./a.out : Task = 9 Res1 = 1.853590e-15 Res2 = 1.594502e-12 T1 = 0.00 T2 = 0.00 S = 3 N = 22 M = 18 P = 2
============================== a.out n=22 m=21 p=1 s=3 ===============
### Run  ./a.out 22 21 1 4 3
A:
 0.000e+00  1.000e+00  2.000e+00  3.000e+00 
 1.000e+00  0.000e+00  1.000e+00  2.000e+00 
 2.000e+00  1.000e+00  0.000e+00  1.000e+00 
 3.000e+00  2.000e+00  1.000e+00  0.000e+00 

b:
 1.100e+02  1.010e+02  9.200e+01  8.500e+01 

x:
 1.000e+00  2.884e-13  1.000e+00 -2.558e-13 

./a.out : Task = 9 Res1 = 2.246775e-15 Res2 = 3.313810e-12 T1 = 0.00 T2 = 0.00 S = 3 N = 22 M = 21 P = 1
============================== a.out n=22 m=21 p=2 s=3 ===============
### Run  ./a.out 22 21 2 4 3
A:
 0.000e+00  1.000e+00  2.000e+00  3.000e+00 
 1.000e+00  0.000e+00  1.000e+00  2.000e+00 
 2.000e+00  1.000e+00  0.000e+00  1.000e+00 
 3.000e+00  2.000e+00  1.000e+00  0.000e+00 

b:
 1.100e+02  1.010e+02  9.200e+01  8.500e+01 

x:
 1.000e+00  2.884e-13  1.000e+00 -2.558e-13 

./a.out : Task = 9 Res1 = 2.246775e-15 Res2 = 3.313810e-12 T1 = 0.00 T2 = 0.00 S = 3 N = 22 M = 21 P = 2
============================== a.out n=23 m=3 p=1 s=3 ===============
### Run  ./a.out 23 3 1 4 3
A:
 0.000e+00  1.000e+00  2.000e+00  3.000e+00 
 1.000e+00  0.000e+00  1.000e+00  2.000e+00 
 2.000e+00  1.000e+00  0.000e+00  1.000e+00 
 3.000e+00  2.000e+00  1.000e+00  0.000e+00 

b:
 1.320e+02  1.220e+02  1.120e+02  1.040e+02 

x:
 1.000e+00  0.000e+00  1.000e+00 -2.220e-15 

./a.out : Task = 9 Res1 = 1.997166e-15 Res2 = 1.853835e-12 T1 = 0.00 T2 = 0.00 S = 3 N = 23 M = 3 P = 1
============================== a.out n=23 m=3 p=2 s=3 ===============
### Run  ./a.out 23 3 2 4 3
A:
 0.000e+00  1.000e+00  2.000e+00  3.000e+00 
 1.000e+00  0.000e+00  1.000e+00  2.000e+00 
 2.000e+00  1.000e+00  0.000e+00  1.000e+00 
 3.000e+00  2.000e+00  1.000e+00  0.000e+00 

b:
 1.320e+02  1.220e+02  1.120e+02  1.040e+02 

x:
 1.000e+00  0.000e+00  1.000e+00 -2.220e-15 

./a.out : Task = 9 Res1 = 6.920871e-16 Res2 = 1.863605e-12 T1 = 0.00 T2 = 0.00 S = 3 N = 23 M = 3 P = 2
============================== a.out n=23 m=3 p=3 s=3 ===============
### Run  ./a.out 23 3 3 4 3
A:
 0.000e+00  1.000e+00  2.000e+00  3.000e+00 
 1.000e+00  0.000e+00  1.000e+00  2.000e+00 
 2.000e+00  1.000e+00  0.000e+00  1.000e+00 
 3.000e+00  2.000e+00  1.000e+00  0.000e+00 

b:
 1.320e+02  1.220e+02  1.120e+02  1.040e+02 

x:
 1.000e+00  0.000e+00  1.000e+00 -2.220e-15 

./a.out : Task = 9 Res1 = 1.377583e-15 Res2 = 1.852058e-12 T1 = 0.00 T2 = 0.00 S = 3 N = 23 M = 3 P = 3
============================== a.out n=23 m=3 p=4 s=3 ===============
### Run  ./a.out 23 3 4 4 3
A:
 0.000e+00  1.000e+00  2.000e+00  3.000e+00 
 1.000e+00  0.000e+00  1.000e+00  2.000e+00 
 2.000e+00  1.000e+00  0.000e+00  1.000e+00 
 3.000e+00  2.000e+00  1.000e+00  0.000e+00 

b:
 1.320e+02  1.220e+02  1.120e+02  1.040e+02 

x:
 1.000e+00  0.000e+00  1.000e+00 -2.220e-15 

./a.out : Task = 9 Res1 = 8.502784e-16 Res2 = 1.873374e-12 T1 = 0.00 T2 = 0.00 S = 3 N = 23 M = 3 P = 4
============================== a.out n=23 m=3 p=5 s=3 ===============
### Run  ./a.out 23 3 5 4 3
A:
 0.000e+00  1.000e+00  2.000e+00  3.000e+00 
 1.000e+00  0.000e+00  1.000e+00  2.000e+00 
 2.000e+00  1.000e+00  0.000e+00  1.000e+00 
 3.000e+00  2.000e+00  1.000e+00  0.000e+00 

b:
 1.320e+02  1.220e+02  1.120e+02  1.040e+02 

x:
 1.000e+00  0.000e+00  1.000e+00 -2.220e-15 

./a.out : Task = 9 Res1 = 6.920871e-16 Res2 = 1.866269e-12 T1 = 0.00 T2 = 0.00 S = 3 N = 23 M = 3 P = 5
============================== a.out n=23 m=3 p=6 s=3 ===============
### Run  ./a.out 23 3 6 4 3
A:
 0.000e+00  1.000e+00  2.000e+00  3.000e+00 
 1.000e+00  0.000e+00  1.000e+00  2.000e+00 
 2.000e+00  1.000e+00  0.000e+00  1.000e+00 
 3.000e+00  2.000e+00  1.000e+00  0.000e+00 

b:
 1.320e+02  1.220e+02  1.120e+02  1.040e+02 

x:
 1.000e+00  0.000e+00  1.000e+00 -2.220e-15 

./a.out : Task = 9 Res1 = 6.986784e-16 Res2 = 1.862716e-12 T1 = 0.00 T2 = 0.00 S = 3 N = 23 M = 3 P = 6
============================== a.out n=23 m=3 p=7 s=3 ===============
### Run  ./a.out 23 3 7 4 3
A:
 0.000e+00  1.000e+00  2.000e+00  3.000e+00 
 1.000e+00  0.000e+00  1.000e+00  2.000e+00 
 2.000e+00  1.000e+00  0.000e+00  1.000e+00 
 3.000e+00  2.000e+00  1.000e+00  0.000e+00 

b:
 1.320e+02  1.220e+02  1.120e+02  1.040e+02 

x:
 1.000e+00  0.000e+00  1.000e+00 -2.220e-15 

./a.out : Task = 9 Res1 = 2.076261e-15 Res2 = 1.856499e-12 T1 = 0.00 T2 = 0.00 S = 3 N = 23 M = 3 P = 7
============================== a.out n=23 m=3 p=8 s=3 ===============
### Run  ./a.out 23 3 8 4 3
A:
 0.000e+00  1.000e+00  2.000e+00  3.000e+00 
 1.000e+00  0.000e+00  1.000e+00  2.000e+00 
 2.000e+00  1.000e+00  0.000e+00  1.000e+00 
 3.000e+00  2.000e+00  1.000e+00  0.000e+00 

b:
 1.320e+02  1.220e+02  1.120e+02  1.040e+02 

x:
 1.000e+00  0.000e+00  1.000e+00 -2.220e-15 

./a.out : Task = 9 Res1 = 2.359687e-15 Res2 = 1.886697e-12 T1 = 0.00 T2 = 0.00 S = 3 N = 23 M = 3 P = 8
============================== a.out n=23 m=6 p=1 s=3 ===============
### Run  ./a.out 23 6 1 4 3
A:
 0.000e+00  1.000e+00  2.000e+00  3.000e+00 
 1.000e+00  0.000e+00  1.000e+00  2.000e+00 
 2.000e+00  1.000e+00  0.000e+00  1.000e+00 
 3.000e+00  2.000e+00  1.000e+00  0.000e+00 

b:
 1.320e+02  1.220e+02  1.120e+02  1.040e+02 

x:
 1.000e+00  8.882e-16  1.000e+00  1.998e-15 

./a.out : Task = 9 Res1 = 7.382262e-16 Res2 = 1.289332e-12 T1 = 0.00 T2 = 0.00 S = 3 N = 23 M = 6 P = 1
============================== a.out n=23 m=6 p=2 s=3 ===============
### Run  ./a.out 23 6 2 4 3
A:
 0.000e+00  1.000e+00  2.000e+00  3.000e+00 
 1.000e+00  0.000e+00  1.000e+00  2.000e+00 
 2.000e+00  1.000e+00  0.000e+00  1.000e+00 
 3.000e+00  2.000e+00  1.000e+00  0.000e+00 

b:
 1.320e+02  1.220e+02  1.120e+02  1.040e+02 

x:
 1.000e+00  8.882e-16  1.000e+00  1.998e-15 

./a.out : Task = 9 Res1 = 8.107306e-16 Res2 = 1.292885e-12 T1 = 0.00 T2 = 0.00 S = 3 N = 23 M = 6 P = 2
============================== a.out n=23 m=6 p=3 s=3 ===============
### Run  ./a.out 23 6 3 4 3
A:
 0.000e+00  1.000e+00  2.000e+00  3.000e+00 
 1.000e+00  0.000e+00  1.000e+00  2.000e+00 
 2.000e+00  1.000e+00  0.000e+00  1.000e+00 
 3.000e+00  2.000e+00  1.000e+00  0.000e+00 

b:
 1.320e+02  1.220e+02  1.120e+02  1.040e+02 

x:
 1.000e+00  8.882e-16  1.000e+00  1.998e-15 

./a.out : Task = 9 Res1 = 8.107306e-16 Res2 = 1.292885e-12 T1 = 0.00 T2 = 0.00 S = 3 N = 23 M = 6 P = 3
============================== a.out n=23 m=6 p=4 s=3 ===============
### Run  ./a.out 23 6 4 4 3
A:
 0.000e+00  1.000e+00  2.000e+00  3.000e+00 
 1.000e+00  0.000e+00  1.000e+00  2.000e+00 
 2.000e+00  1.000e+00  0.000e+00  1.000e+00 
 3.000e+00  2.000e+00  1.000e+00  0.000e+00 

b:
 1.320e+02  1.220e+02  1.120e+02  1.040e+02 

x:
 1.000e+00  8.882e-16  1.000e+00  1.998e-15 

./a.out : Task = 9 Res1 = 8.107306e-16 Res2 = 1.292885e-12 T1 = 0.00 T2 = 0.00 S = 3 N = 23 M = 6 P = 4
============================== a.out n=23 m=9 p=1 s=3 ===============
### Run  ./a.out 23 9 1 4 3
A:
 0.000e+00  1.000e+00  2.000e+00  3.000e+00 
 1.000e+00  0.000e+00  1.000e+00  2.000e+00 
 2.000e+00  1.000e+00  0.000e+00  1.000e+00 
 3.000e+00  2.000e+00  1.000e+00  0.000e+00 

b:
 1.320e+02  1.220e+02  1.120e+02  1.040e+02 

x:
 1.000e+00  0.000e+00  1.000e+00  0.000e+00 

./a.out : Task = 9 Res1 = 4.350262e-16 Res2 = 4.511097e-13 T1 = 0.00 T2 = 0.00 S = 3 N = 23 M = 9 P = 1
============================== a.out n=23 m=9 p=2 s=3 ===============
### Run  ./a.out 23 9 2 4 3
A:
 0.000e+00  1.000e+00  2.000e+00  3.000e+00 
 1.000e+00  0.000e+00  1.000e+00  2.000e+00 
 2.000e+00  1.000e+00  0.000e+00  1.000e+00 
 3.000e+00  2.000e+00  1.000e+00  0.000e+00 

b:
 1.320e+02  1.220e+02  1.120e+02  1.040e+02 

x:
 1.000e+00  0.000e+00  1.000e+00  0.000e+00 

./a.out : Task = 9 Res1 = 4.350262e-16 Res2 = 4.511097e-13 T1 = 0.00 T2 = 0.00 S = 3 N = 23 M = 9 P = 2
============================== a.out n=23 m=9 p=3 s=3 ===============
### Run  ./a.out 23 9 3 4 3
A:
 0.000e+00  1.000e+00  2.000e+00  3.000e+00 
 1.000e+00  0.000e+00  1.000e+00  2.000e+00 
 2.000e+00  1.000e+00  0.000e+00  1.000e+00 
 3.000e+00  2.000e+00  1.000e+00  0.000e+00 

b:
 1.320e+02  1.220e+02  1.120e+02  1.040e+02 

x:
 1.000e+00  0.000e+00  1.000e+00  0.000e+00 

./a.out : Task = 9 Res1 = 4.350262e-16 Res2 = 4.511097e-13 T1 = 0.00 T2 = 0.00 S = 3 N = 23 M = 9 P = 3
============================== a.out n=23 m=12 p=1 s=3 ===============
### Run  ./a.out 23 12 1 4 3
A:
 0.000e+00  1.000e+00  2.000e+00  3.000e+00 
 1.000e+00  0.000e+00  1.000e+00  2.000e+00 
 2.000e+00  1.000e+00  0.000e+00  1.000e+00 
 3.000e+00  2.000e+00  1.000e+00  0.000e+00 

b:
 1.320e+02  1.220e+02  1.120e+02  1.040e+02 

x:
 1.000e+00  2.665e-14  1.000e+00  1.554e-14 

./a.out : Task = 9 Res1 = 1.918070e-15 Res2 = 1.187939e-12 T1 = 0.00 T2 = 0.00 S = 3 N = 23 M = 12 P = 1
============================== a.out n=23 m=12 p=2 s=3 ===============
### Run  ./a.out 23 12 2 4 3
A:
 0.000e+00  1.000e+00  2.000e+00  3.000e+00 
 1.000e+00  0.000e+00  1.000e+00  2.000e+00 
 2.000e+00  1.000e+00  0.000e+00  1.000e+00 
 3.000e+00  2.000e+00  1.000e+00  0.000e+00 

b:
 1.320e+02  1.220e+02  1.120e+02  1.040e+02 

x:
 1.000e+00  2.665e-14  1.000e+00  1.554e-14 

./a.out : Task = 9 Res1 = 1.918070e-15 Res2 = 1.187939e-12 T1 = 0.00 T2 = 0.00 S = 3 N = 23 M = 12 P = 2
============================== a.out n=23 m=15 p=1 s=3 ===============
### Run  ./a.out 23 15 1 4 3
A:
 0.000e+00  1.000e+00  2.000e+00  3.000e+00 
 1.000e+00  0.000e+00  1.000e+00  2.000e+00 
 2.000e+00  1.000e+00  0.000e+00  1.000e+00 
 3.000e+00  2.000e+00  1.000e+00  0.000e+00 

b:
 1.320e+02  1.220e+02  1.120e+02  1.040e+02 

x:
 1.000e+00 -1.750e-13  1.000e+00 -1.386e-13 

./a.out : Task = 9 Res1 = 6.920871e-16 Res2 = 1.324195e-12 T1 = 0.00 T2 = 0.00 S = 3 N = 23 M = 15 P = 1
============================== a.out n=23 m=15 p=2 s=3 ===============
### Run  ./a.out 23 15 2 4 3
A:
 0.000e+00  1.000e+00  2.000e+00  3.000e+00 
 1.000e+00  0.000e+00  1.000e+00  2.000e+00 
 2.000e+00  1.000e+00  0.000e+00  1.000e+00 
 3.000e+00  2.000e+00  1.000e+00  0.000e+00 

b:
 1.320e+02  1.220e+02  1.120e+02  1.040e+02 

x:
 1.000e+00 -1.750e-13  1.000e+00 -1.386e-13 

./a.out : Task = 9 Res1 = 6.920871e-16 Res2 = 1.324195e-12 T1 = 0.00 T2 = 0.00 S = 3 N = 23 M = 15 P = 2
============================== a.out n=23 m=18 p=1 s=3 ===============
### Run  ./a.out 23 18 1 4 3
A:
 0.000e+00  1.000e+00  2.000e+00  3.000e+00 
 1.000e+00  0.000e+00  1.000e+00  2.000e+00 
 2.000e+00  1.000e+00  0.000e+00  1.000e+00 
 3.000e+00  2.000e+00  1.000e+00  0.000e+00 

b:
 1.320e+02  1.220e+02  1.120e+02  1.040e+02 

x:
 1.000e+00  2.225e-13  1.000e+00  8.937e-14 

./a.out : Task = 9 Res1 = 7.514088e-16 Res2 = 1.529247e-12 T1 = 0.00 T2 = 0.00 S = 3 N = 23 M = 18 P = 1
============================== a.out n=23 m=18 p=2 s=3 ===============
### Run  ./a.out 23 18 2 4 3
A:
 0.000e+00  1.000e+00  2.000e+00  3.000e+00 
 1.000e+00  0.000e+00  1.000e+00  2.000e+00 
 2.000e+00  1.000e+00  0.000e+00  1.000e+00 
 3.000e+00  2.000e+00  1.000e+00  0.000e+00 

b:
 1.320e+02  1.220e+02  1.120e+02  1.040e+02 

x:
 1.000e+00  2.225e-13  1.000e+00  8.937e-14 

./a.out : Task = 9 Res1 = 7.514088e-16 Res2 = 1.529247e-12 T1 = 0.00 T2 = 0.00 S = 3 N = 23 M = 18 P = 2
============================== a.out n=23 m=21 p=1 s=3 ===============
### Run  ./a.out 23 21 1 4 3
A:
 0.000e+00  1.000e+00  2.000e+00  3.000e+00 
 1.000e+00  0.000e+00  1.000e+00  2.000e+00 
 2.000e+00  1.000e+00  0.000e+00  1.000e+00 
 3.000e+00  2.000e+00  1.000e+00  0.000e+00 

b:
 1.320e+02  1.220e+02  1.120e+02  1.040e+02 

x:
 1.000e+00  2.884e-13  1.000e+00 -2.611e-13 

./a.out : Task = 9 Res1 = 1.647826e-15 Res2 = 3.141931e-12 T1 = 0.00 T2 = 0.00 S = 3 N = 23 M = 21 P = 1
============================== a.out n=23 m=21 p=2 s=3 ===============
### Run  ./a.out 23 21 2 4 3
A:
 0.000e+00  1.000e+00  2.000e+00  3.000e+00 
 1.000e+00  0.000e+00  1.000e+00  2.000e+00 
 2.000e+00  1.000e+00  0.000e+00  1.000e+00 
 3.000e+00  2.000e+00  1.000e+00  0.000e+00 

b:
 1.320e+02  1.220e+02  1.120e+02  1.040e+02 

x:
 1.000e+00  2.884e-13  1.000e+00 -2.611e-13 

./a.out : Task = 9 Res1 = 1.647826e-15 Res2 = 3.141931e-12 T1 = 0.00 T2 = 0.00 S = 3 N = 23 M = 21 P = 2
============================== a.out n=24 m=3 p=1 s=3 ===============
### Run  ./a.out 24 3 1 4 3
A:
 0.000e+00  1.000e+00  2.000e+00  3.000e+00 
 1.000e+00  0.000e+00  1.000e+00  2.000e+00 
 2.000e+00  1.000e+00  0.000e+00  1.000e+00 
 3.000e+00  2.000e+00  1.000e+00  0.000e+00 

b:
 1.320e+02  1.220e+02  1.120e+02  1.040e+02 

x:
 1.000e+00  0.000e+00  1.000e+00 -2.220e-15 

./a.out : Task = 9 Res1 = 2.749491e-15 Res2 = 2.072948e-12 T1 = 0.00 T2 = 0.00 S = 3 N = 24 M = 3 P = 1
============================== a.out n=24 m=3 p=2 s=3 ===============
### Run  ./a.out 24 3 2 4 3
A:
 0.000e+00  1.000e+00  2.000e+00  3.000e+00 
 1.000e+00  0.000e+00  1.000e+00  2.000e+00 
 2.000e+00  1.000e+00  0.000e+00  1.000e+00 
 3.000e+00  2.000e+00  1.000e+00  0.000e+00 

b:
 1.320e+02  1.220e+02  1.120e+02  1.040e+02 

x:
 1.000e+00  0.000e+00  1.000e+00 -2.220e-15 

./a.out : Task = 9 Res1 = 9.082590e-16 Res2 = 2.048079e-12 T1 = 0.00 T2 = 0.00 S = 3 N = 24 M = 3 P = 2
============================== a.out n=24 m=3 p=3 s=3 ===============
### Run  ./a.out 24 3 3 4 3
A:
 0.000e+00  1.000e+00  2.000e+00  3.000e+00 
 1.000e+00  0.000e+00  1.000e+00  2.000e+00 
 2.000e+00  1.000e+00  0.000e+00  1.000e+00 
 3.000e+00  2.000e+00  1.000e+00  0.000e+00 

b:
 1.320e+02  1.220e+02  1.120e+02  1.040e+02 

x:
 1.000e+00  0.000e+00  1.000e+00 -2.220e-15 

./a.out : Task = 9 Res1 = 1.890662e-15 Res2 = 2.065843e-12 T1 = 0.00 T2 = 0.00 S = 3 N = 24 M = 3 P = 3
============================== a.out n=24 m=3 p=4 s=3 ===============
### Run  ./a.out 24 3 4 4 3
A:
 0.000e+00  1.000e+00  2.000e+00  3.000e+00 
 1.000e+00  0.000e+00  1.000e+00  2.000e+00 
 2.000e+00  1.000e+00  0.000e+00  1.000e+00 
 3.000e+00  2.000e+00  1.000e+00  0.000e+00 

b:
 1.320e+02  1.220e+02  1.120e+02  1.040e+02 

x:
 1.000e+00  0.000e+00  1.000e+00 -2.220e-15 

./a.out : Task = 9 Res1 = 1.890662e-15 Res2 = 2.065843e-12 T1 = 0.00 T2 = 0.00 S = 3 N = 24 M = 3 P = 4
============================== a.out n=24 m=3 p=5 s=3 ===============
### Run  ./a.out 24 3 5 4 3
A:
 0.000e+00  1.000e+00  2.000e+00  3.000e+00 
 1.000e+00  0.000e+00  1.000e+00  2.000e+00 
 2.000e+00  1.000e+00  0.000e+00  1.000e+00 
 3.000e+00  2.000e+00  1.000e+00  0.000e+00 

b:
 1.320e+02  1.220e+02  1.120e+02  1.040e+02 

x:
 1.000e+00  0.000e+00  1.000e+00 -2.220e-15 

./a.out : Task = 9 Res1 = 1.155404e-15 Res2 = 2.058737e-12 T1 = 0.00 T2 = 0.00 S = 3 N = 24 M = 3 P = 5
============================== a.out n=24 m=3 p=6 s=3 ===============
### Run  ./a.out 24 3 6 4 3
A:
 0.000e+00  1.000e+00  2.000e+00  3.000e+00 
 1.000e+00  0.000e+00  1.000e+00  2.000e+00 
 2.000e+00  1.000e+00  0.000e+00  1.000e+00 
 3.000e+00  2.000e+00  1.000e+00  0.000e+00 

b:
 1.320e+02  1.220e+02  1.120e+02  1.040e+02 

x:
 1.000e+00  0.000e+00  1.000e+00 -2.220e-15 

./a.out : Task = 9 Res1 = 6.734709e-16 Res2 = 2.040974e-12 T1 = 0.00 T2 = 0.00 S = 3 N = 24 M = 3 P = 6
============================== a.out n=24 m=3 p=7 s=3 ===============
### Run  ./a.out 24 3 7 4 3
A:
 0.000e+00  1.000e+00  2.000e+00  3.000e+00 
 1.000e+00  0.000e+00  1.000e+00  2.000e+00 
 2.000e+00  1.000e+00  0.000e+00  1.000e+00 
 3.000e+00  2.000e+00  1.000e+00  0.000e+00 

b:
 1.320e+02  1.220e+02  1.120e+02  1.040e+02 

x:
 1.000e+00  0.000e+00  1.000e+00 -2.220e-15 

./a.out : Task = 9 Res1 = 1.155404e-15 Res2 = 2.058737e-12 T1 = 0.00 T2 = 0.00 S = 3 N = 24 M = 3 P = 7
============================== a.out n=24 m=3 p=8 s=3 ===============
### Run  ./a.out 24 3 8 4 3
A:
 0.000e+00  1.000e+00  2.000e+00  3.000e+00 
 1.000e+00  0.000e+00  1.000e+00  2.000e+00 
 2.000e+00  1.000e+00  0.000e+00  1.000e+00 
 3.000e+00  2.000e+00  1.000e+00  0.000e+00 

b:
 1.320e+02  1.220e+02  1.120e+02  1.040e+02 

x:
 1.000e+00  0.000e+00  1.000e+00 -2.220e-15 

./a.out : Task = 9 Res1 = 1.989520e-15 Res2 = 2.064066e-12 T1 = 0.00 T2 = 0.00 S = 3 N = 24 M = 3 P = 8
============================== a.out n=24 m=3 p=9 s=3 ===============
### Run  ./a.out 24 3 9 4 3
A:
 0.000e+00  1.000e+00  2.000e+00  3.000e+00 
 1.000e+00  0.000e+00  1.000e+00  2.000e+00 
 2.000e+00  1.000e+00  0.000e+00  1.000e+00 
 3.000e+00  2.000e+00  1.000e+00  0.000e+00 

b:
 1.320e+02  1.220e+02  1.120e+02  1.040e+02 

x:
 1.000e+00  0.000e+00  1.000e+00 -2.220e-15 

./a.out : Task = 9 Res1 = 6.796496e-16 Res2 = 2.042750e-12 T1 = 0.00 T2 = 0.00 S = 3 N = 24 M = 3 P = 9
============================== a.out n=24 m=6 p=1 s=3 ===============
### Run  ./a.out 24 6 1 4 3
A:
 0.000e+00  1.000e+00  2.000e+00  3.000e+00 
 1.000e+00  0.000e+00  1.000e+00  2.000e+00 
 2.000e+00  1.000e+00  0.000e+00  1.000e+00 
 3.000e+00  2.000e+00  1.000e+00  0.000e+00 

b:
 1.320e+02  1.220e+02  1.120e+02  1.040e+02 

x:
 1.000e+00  8.882e-16  1.000e+00  1.998e-15 

./a.out : Task = 9 Res1 = 7.970436e-16 Res2 = 1.271530e-12 T1 = 0.00 T2 = 0.00 S = 3 N = 24 M = 6 P = 1
============================== a.out n=24 m=6 p=2 s=3 ===============
### Run  ./a.out 24 6 2 4 3
A:
 0.000e+00  1.000e+00  2.000e+00  3.000e+00 
 1.000e+00  0.000e+00  1.000e+00  2.000e+00 
 2.000e+00  1.000e+00  0.000e+00  1.000e+00 
 3.000e+00  2.000e+00  1.000e+00  0.000e+00 

b:
 1.320e+02  1.220e+02  1.120e+02  1.040e+02 

x:
 1.000e+00  8.882e-16  1.000e+00  1.998e-15 

./a.out : Task = 9 Res1 = 7.167214e-16 Res2 = 1.275082e-12 T1 = 0.00 T2 = 0.00 S = 3 N = 24 M = 6 P = 2
============================== a.out n=24 m=6 p=3 s=3 ===============
### Run  ./a.out 24 6 3 4 3
A:
 0.000e+00  1.000e+00  2.000e+00  3.000e+00 
 1.000e+00  0.000e+00  1.000e+00  2.000e+00 
 2.000e+00  1.000e+00  0.000e+00  1.000e+00 
 3.000e+00  2.000e+00  1.000e+00  0.000e+00 

b:
 1.320e+02  1.220e+02  1.120e+02  1.040e+02 

x:
 1.000e+00  8.882e-16  1.000e+00  1.998e-15 

./a.out : Task = 9 Res1 = 7.970436e-16 Res2 = 1.271530e-12 T1 = 0.00 T2 = 0.00 S = 3 N = 24 M = 6 P = 3
============================== a.out n=24 m=6 p=4 s=3 ===============
### Run  ./a.out 24 6 4 4 3
A:
 0.000e+00  1.000e+00  2.000e+00  3.000e+00 
 1.000e+00  0.000e+00  1.000e+00  2.000e+00 
 2.000e+00  1.000e+00  0.000e+00  1.000e+00 
 3.000e+00  2.000e+00  1.000e+00  0.000e+00 

b:
 1.320e+02  1.220e+02  1.120e+02  1.040e+02 

x:
 1.000e+00  8.882e-16  1.000e+00  1.998e-15 

./a.out : Task = 9 Res1 = 7.970436e-16 Res2 = 1.271530e-12 T1 = 0.00 T2 = 0.00 S = 3 N = 24 M = 6 P = 4
============================== a.out n=24 m=6 p=5 s=3 ===============
### Run  ./a.out 24 6 5 4 3
A:
 0.000e+00  1.000e+00  2.000e+00  3.000e+00 
 1.000e+00  0.000e+00  1.000e+00  2.000e+00 
 2.000e+00  1.000e+00  0.000e+00  1.000e+00 
 3.000e+00  2.000e+00  1.000e+00  0.000e+00 

b:
 1.320e+02  1.220e+02  1.120e+02  1.040e+02 

x:
 1.000e+00  8.882e-16  1.000e+00  1.998e-15 

./a.out : Task = 9 Res1 = 7.970436e-16 Res2 = 1.271530e-12 T1 = 0.00 T2 = 0.00 S = 3 N = 24 M = 6 P = 5
============================== a.out n=24 m=9 p=1 s=3 ===============
### Run  ./a.out 24 9 1 4 3
A:
 0.000e+00  1.000e+00  2.000e+00  3.000e+00 
 1.000e+00  0.000e+00  1.000e+00  2.000e+00 
 2.000e+00  1.000e+00  0.000e+00  1.000e+00 
 3.000e+00  2.000e+00  1.000e+00  0.000e+00 

b:
 1.320e+02  1.220e+02  1.120e+02  1.040e+02 

x:
 1.000e+00  0.000e+00  1.000e+00  0.000e+00 

./a.out : Task = 9 Res1 = 3.645393e-16 Res2 = 4.304661e-13 T1 = 0.00 T2 = 0.00 S = 3 N = 24 M = 9 P = 1
============================== a.out n=24 m=9 p=2 s=3 ===============
### Run  ./a.out 24 9 2 4 3
A:
 0.000e+00  1.000e+00  2.000e+00  3.000e+00 
 1.000e+00  0.000e+00  1.000e+00  2.000e+00 
 2.000e+00  1.000e+00  0.000e+00  1.000e+00 
 3.000e+00  2.000e+00  1.000e+00  0.000e+00 

b:
 1.320e+02  1.220e+02  1.120e+02  1.040e+02 

x:
 1.000e+00  0.000e+00  1.000e+00  0.000e+00 

./a.out : Task = 9 Res1 = 3.645393e-16 Res2 = 4.304661e-13 T1 = 0.00 T2 = 0.00 S = 3 N = 24 M = 9 P = 2
============================== a.out n=24 m=9 p=3 s=3 ===============
### Run  ./a.out 24 9 3 4 3
A:
 0.000e+00  1.000e+00  2.000e+00  3.000e+00 
 1.000e+00  0.000e+00  1.000e+00  2.000e+00 
 2.000e+00  1.000e+00  0.000e+00  1.000e+00 
 3.000e+00  2.000e+00  1.000e+00  0.000e+00 

b:
 1.320e+02  1.220e+02  1.120e+02  1.040e+02 

x:
 1.000e+00  0.000e+00  1.000e+00  0.000e+00 

./a.out : Task = 9 Res1 = 3.645393e-16 Res2 = 4.304661e-13 T1 = 0.00 T2 = 0.00 S = 3 N = 24 M = 9 P = 3
============================== a.out n=24 m=12 p=1 s=3 ===============
### Run  ./a.out 24 12 1 4 3
A:
 0.000e+00  1.000e+00  2.000e+00  3.000e+00 
 1.000e+00  0.000e+00  1.000e+00  2.000e+00 
 2.000e+00  1.000e+00  0.000e+00  1.000e+00 
 3.000e+00  2.000e+00  1.000e+00  0.000e+00 

b:
 1.320e+02  1.220e+02  1.120e+02  1.040e+02 

x:
 1.000e+00  2.665e-14  1.000e+00  1.554e-14 

./a.out : Task = 9 Res1 = 1.736196e-15 Res2 = 1.313525e-12 T1 = 0.00 T2 = 0.00 S = 3 N = 24 M = 12 P = 1
============================== a.out n=24 m=12 p=2 s=3 ===============
### Run  ./a.out 24 12 2 4 3
A:
 0.000e+00  1.000e+00  2.000e+00  3.000e+00 
 1.000e+00  0.000e+00  1.000e+00  2.000e+00 
 2.000e+00  1.000e+00  0.000e+00  1.000e+00 
 3.000e+00  2.000e+00  1.000e+00  0.000e+00 

b:
 1.320e+02  1.220e+02  1.120e+02  1.040e+02 

x:
 1.000e+00  2.665e-14  1.000e+00  1.554e-14 

./a.out : Task = 9 Res1 = 1.736196e-15 Res2 = 1.313525e-12 T1 = 0.00 T2 = 0.00 S = 3 N = 24 M = 12 P = 2
============================== a.out n=24 m=12 p=3 s=3 ===============
### Run  ./a.out 24 12 3 4 3
A:
 0.000e+00  1.000e+00  2.000e+00  3.000e+00 
 1.000e+00  0.000e+00  1.000e+00  2.000e+00 
 2.000e+00  1.000e+00  0.000e+00  1.000e+00 
 3.000e+00  2.000e+00  1.000e+00  0.000e+00 

b:
 1.320e+02  1.220e+02  1.120e+02  1.040e+02 

x:
 1.000e+00  2.665e-14  1.000e+00  1.554e-14 

./a.out : Task = 9 Res1 = 1.736196e-15 Res2 = 1.313525e-12 T1 = 0.00 T2 = 0.00 S = 3 N = 24 M = 12 P = 3
============================== a.out n=24 m=15 p=1 s=3 ===============
### Run  ./a.out 24 15 1 4 3
A:
 0.000e+00  1.000e+00  2.000e+00  3.000e+00 
 1.000e+00  0.000e+00  1.000e+00  2.000e+00 
 2.000e+00  1.000e+00  0.000e+00  1.000e+00 
 3.000e+00  2.000e+00  1.000e+00  0.000e+00 

b:
 1.320e+02  1.220e+02  1.120e+02  1.040e+02 

x:
 1.000e+00 -1.750e-13  1.000e+00 -1.386e-13 

./a.out : Task = 9 Res1 = 7.167214e-16 Res2 = 1.145449e-12 T1 = 0.00 T2 = 0.00 S = 3 N = 24 M = 15 P = 1
============================== a.out n=24 m=15 p=2 s=3 ===============
### Run  ./a.out 24 15 2 4 3
A:
 0.000e+00  1.000e+00  2.000e+00  3.000e+00 
 1.000e+00  0.000e+00  1.000e+00  2.000e+00 
 2.000e+00  1.000e+00  0.000e+00  1.000e+00 
 3.000e+00  2.000e+00  1.000e+00  0.000e+00 

b:
 1.320e+02  1.220e+02  1.120e+02  1.040e+02 

x:
 1.000e+00 -1.750e-13  1.000e+00 -1.386e-13 

./a.out : Task = 9 Res1 = 7.167214e-16 Res2 = 1.145449e-12 T1 = 0.00 T2 = 0.00 S = 3 N = 24 M = 15 P = 2
============================== a.out n=24 m=18 p=1 s=3 ===============
### Run  ./a.out 24 18 1 4 3
A:
 0.000e+00  1.000e+00  2.000e+00  3.000e+00 
 1.000e+00  0.000e+00  1.000e+00  2.000e+00 
 2.000e+00  1.000e+00  0.000e+00  1.000e+00 
 3.000e+00  2.000e+00  1.000e+00  0.000e+00 

b:
 1.320e+02  1.220e+02  1.120e+02  1.040e+02 

x:
 1.000e+00  2.225e-13  1.000e+00  8.937e-14 

./a.out : Task = 9 Res1 = 6.549350e-16 Res2 = 1.517760e-12 T1 = 0.00 T2 = 0.00 S = 3 N = 24 M = 18 P = 1
============================== a.out n=24 m=18 p=2 s=3 ===============
### Run  ./a.out 24 18 2 4 3
A:
 0.000e+00  1.000e+00  2.000e+00  3.000e+00 
 1.000e+00  0.000e+00  1.000e+00  2.000e+00 
 2.000e+00  1.000e+00  0.000e+00  1.000e+00 
 3.000e+00  2.000e+00  1.000e+00  0.000e+00 

b:
 1.320e+02  1.220e+02  1.120e+02  1.040e+02 

x:
 1.000e+00  2.225e-13  1.000e+00  8.937e-14 

./a.out : Task = 9 Res1 = 6.549350e-16 Res2 = 1.517760e-12 T1 = 0.00 T2 = 0.00 S = 3 N = 24 M = 18 P = 2
============================== a.out n=24 m=21 p=1 s=3 ===============
### Run  ./a.out 24 21 1 4 3
A:
 0.000e+00  1.000e+00  2.000e+00  3.000e+00 
 1.000e+00  0.000e+00  1.000e+00  2.000e+00 
 2.000e+00  1.000e+00  0.000e+00  1.000e+00 
 3.000e+00  2.000e+00  1.000e+00  0.000e+00 

b:
 1.320e+02  1.220e+02  1.120e+02  1.040e+02 

x:
 1.000e+00  2.884e-13  1.000e+00 -2.611e-13 

./a.out : Task = 9 Res1 = 1.563194e-15 Res2 = 3.213874e-12 T1 = 0.00 T2 = 0.00 S = 3 N = 24 M = 21 P = 1
============================== a.out n=24 m=21 p=2 s=3 ===============
### Run  ./a.out 24 21 2 4 3
A:
 0.000e+00  1.000e+00  2.000e+00  3.000e+00 
 1.000e+00  0.000e+00  1.000e+00  2.000e+00 
 2.000e+00  1.000e+00  0.000e+00  1.000e+00 
 3.000e+00  2.000e+00  1.000e+00  0.000e+00 

b:
 1.320e+02  1.220e+02  1.120e+02  1.040e+02 

x:
 1.000e+00  2.884e-13  1.000e+00 -2.611e-13 

./a.out : Task = 9 Res1 = 1.563194e-15 Res2 = 3.213874e-12 T1 = 0.00 T2 = 0.00 S = 3 N = 24 M = 21 P = 2
============================== a.out n=24 m=24 p=1 s=3 ===============
### Run  ./a.out 24 24 1 4 3
A:
 0.000e+00  1.000e+00  2.000e+00  3.000e+00 
 1.000e+00  0.000e+00  1.000e+00  2.000e+00 
 2.000e+00  1.000e+00  0.000e+00  1.000e+00 
 3.000e+00  2.000e+00  1.000e+00  0.000e+00 

b:
 1.320e+02  1.220e+02  1.120e+02  1.040e+02 

x:
 1.000e+00  2.252e-13  1.000e+00 -3.348e-13 

./a.out : Task = 9 Res1 = 2.545597e-15 Res2 = 5.202949e-12 T1 = 0.00 T2 = 0.00 S = 3 N = 24 M = 24 P = 1
============================== a.out n=24 m=24 p=2 s=3 ===============
### Run  ./a.out 24 24 2 4 3
A:
 0.000e+00  1.000e+00  2.000e+00  3.000e+00 
 1.000e+00  0.000e+00  1.000e+00  2.000e+00 
 2.000e+00  1.000e+00  0.000e+00  1.000e+00 
 3.000e+00  2.000e+00  1.000e+00  0.000e+00 

b:
 1.320e+02  1.220e+02  1.120e+02  1.040e+02 

x:
 1.000e+00  2.252e-13  1.000e+00 -3.348e-13 

./a.out : Task = 9 Res1 = 2.545597e-15 Res2 = 5.202949e-12 T1 = 0.00 T2 = 0.00 S = 3 N = 24 M = 24 P = 2
============================== a.out n=25 m=3 p=1 s=3 ===============
### Run  ./a.out 25 3 1 4 3
A:
 0.000e+00  1.000e+00  2.000e+00  3.000e+00 
 1.000e+00  0.000e+00  1.000e+00  2.000e+00 
 2.000e+00  1.000e+00  0.000e+00  1.000e+00 
 3.000e+00  2.000e+00  1.000e+00  0.000e+00 

b:
 1.560e+02  1.450e+02  1.340e+02  1.250e+02 

x:
 1.000e+00  0.000e+00  1.000e+00 -2.220e-15 

./a.out : Task = 9 Res1 = 7.115740e-16 Res2 = 1.810691e-12 T1 = 0.00 T2 = 0.00 S = 3 N = 25 M = 3 P = 1
============================== a.out n=25 m=3 p=2 s=3 ===============
### Run  ./a.out 25 3 2 4 3
A:
 0.000e+00  1.000e+00  2.000e+00  3.000e+00 
 1.000e+00  0.000e+00  1.000e+00  2.000e+00 
 2.000e+00  1.000e+00  0.000e+00  1.000e+00 
 3.000e+00  2.000e+00  1.000e+00  0.000e+00 

b:
 1.560e+02  1.450e+02  1.340e+02  1.250e+02 

x:
 1.000e+00  0.000e+00  1.000e+00 -2.220e-15 

./a.out : Task = 9 Res1 = 1.629401e-15 Res2 = 1.792040e-12 T1 = 0.00 T2 = 0.00 S = 3 N = 25 M = 3 P = 2
============================== a.out n=25 m=3 p=3 s=3 ===============
### Run  ./a.out 25 3 3 4 3
A:
 0.000e+00  1.000e+00  2.000e+00  3.000e+00 
 1.000e+00  0.000e+00  1.000e+00  2.000e+00 
 2.000e+00  1.000e+00  0.000e+00  1.000e+00 
 3.000e+00  2.000e+00  1.000e+00  0.000e+00 

b:
 1.560e+02  1.450e+02  1.340e+02  1.250e+02 

x:
 1.000e+00  0.000e+00  1.000e+00 -2.220e-15 

./a.out : Task = 9 Res1 = 6.548543e-16 Res2 = 1.806250e-12 T1 = 0.00 T2 = 0.00 S = 3 N = 25 M = 3 P = 3
============================== a.out n=25 m=3 p=4 s=3 ===============
### Run  ./a.out 25 3 4 4 3
A:
 0.000e+00  1.000e+00  2.000e+00  3.000e+00 
 1.000e+00  0.000e+00  1.000e+00  2.000e+00 
 2.000e+00  1.000e+00  0.000e+00  1.000e+00 
 3.000e+00  2.000e+00  1.000e+00  0.000e+00 

b:
 1.560e+02  1.450e+02  1.340e+02  1.250e+02 

x:
 1.000e+00  0.000e+00  1.000e+00 -2.220e-15 

./a.out : Task = 9 Res1 = 1.216895e-15 Res2 = 1.825790e-12 T1 = 0.00 T2 = 0.00 S = 3 N = 25 M = 3 P = 4
============================== a.out n=25 m=3 p=5 s=3 ===============
### Run  ./a.out 25 3 5 4 3
A:
 0.000e+00  1.000e+00  2.000e+00  3.000e+00 
 1.000e+00  0.000e+00  1.000e+00  2.000e+00 
 2.000e+00  1.000e+00  0.000e+00  1.000e+00 
 3.000e+00  2.000e+00  1.000e+00  0.000e+00 

b:
 1.560e+02  1.450e+02  1.340e+02  1.250e+02 

x:
 1.000e+00  0.000e+00  1.000e+00 -2.220e-15 

./a.out : Task = 9 Res1 = 1.526275e-15 Res2 = 1.793816e-12 T1 = 0.00 T2 = 0.00 S = 3 N = 25 M = 3 P = 5
============================== a.out n=25 m=3 p=6 s=3 ===============
### Run  ./a.out 25 3 6 4 3
A:
 0.000e+00  1.000e+00  2.000e+00  3.000e+00 
 1.000e+00  0.000e+00  1.000e+00  2.000e+00 
 2.000e+00  1.000e+00  0.000e+00  1.000e+00 
 3.000e+00  2.000e+00  1.000e+00  0.000e+00 

b:
 1.560e+02  1.450e+02  1.340e+02  1.250e+02 

x:
 1.000e+00  0.000e+00  1.000e+00 -2.220e-15 

./a.out : Task = 9 Res1 = 1.747997e-15 Res2 = 1.796480e-12 T1 = 0.00 T2 = 0.00 S = 3 N = 25 M = 3 P = 6
============================== a.out n=25 m=3 p=7 s=3 ===============
### Run  ./a.out 25 3 7 4 3
A:
 0.000e+00  1.000e+00  2.000e+00  3.000e+00 
 1.000e+00  0.000e+00  1.000e+00  2.000e+00 
 2.000e+00  1.000e+00  0.000e+00  1.000e+00 
 3.000e+00  2.000e+00  1.000e+00  0.000e+00 

b:
 1.560e+02  1.450e+02  1.340e+02  1.250e+02 

x:
 1.000e+00  0.000e+00  1.000e+00 -2.220e-15 

./a.out : Task = 9 Res1 = 1.098299e-15 Res2 = 1.824014e-12 T1 = 0.00 T2 = 0.00 S = 3 N = 25 M = 3 P = 7
============================== a.out n=25 m=3 p=8 s=3 ===============
### Run  ./a.out 25 3 8 4 3
A:
 0.000e+00  1.000e+00  2.000e+00  3.000e+00 
 1.000e+00  0.000e+00  1.000e+00  2.000e+00 
 2.000e+00  1.000e+00  0.000e+00  1.000e+00 
 3.000e+00  2.000e+00  1.000e+00  0.000e+00 

b:
 1.560e+02  1.450e+02  1.340e+02  1.250e+02 

x:
 1.000e+00  0.000e+00  1.000e+00 -2.220e-15 

./a.out : Task = 9 Res1 = 1.268458e-15 Res2 = 1.785822e-12 T1 = 0.00 T2 = 0.00 S = 3 N = 25 M = 3 P = 8
============================== a.out n=25 m=3 p=9 s=3 ===============
### Run  ./a.out 25 3 9 4 3
A:
 0.000e+00  1.000e+00  2.000e+00  3.000e+00 
 1.000e+00  0.000e+00  1.000e+00  2.000e+00 
 2.000e+00  1.000e+00  0.000e+00  1.000e+00 
 3.000e+00  2.000e+00  1.000e+00  0.000e+00 

b:
 1.560e+02  1.450e+02  1.340e+02  1.250e+02 

x:
 1.000e+00  0.000e+00  1.000e+00 -2.220e-15 

./a.out : Task = 9 Res1 = 7.682937e-16 Res2 = 1.809803e-12 T1 = 0.00 T2 = 0.00 S = 3 N = 25 M = 3 P = 9
============================== a.out n=25 m=6 p=1 s=3 ===============
### Run  ./a.out 25 6 1 4 3
A:
 0.000e+00  1.000e+00  2.000e+00  3.000e+00 
 1.000e+00  0.000e+00  1.000e+00  2.000e+00 
 2.000e+00  1.000e+00  0.000e+00  1.000e+00 
 3.000e+00  2.000e+00  1.000e+00  0.000e+00 

b:
 1.560e+02  1.450e+02  1.340e+02  1.250e+02 

x:
 1.000e+00  8.882e-16  1.000e+00  1.998e-15 

./a.out : Task = 9 Res1 = 6.806360e-16 Res2 = 1.002673e-12 T1 = 0.00 T2 = 0.00 S = 3 N = 25 M = 6 P = 1
============================== a.out n=25 m=6 p=2 s=3 ===============
### Run  ./a.out 25 6 2 4 3
A:
 0.000e+00  1.000e+00  2.000e+00  3.000e+00 
 1.000e+00  0.000e+00  1.000e+00  2.000e+00 
 2.000e+00  1.000e+00  0.000e+00  1.000e+00 
 3.000e+00  2.000e+00  1.000e+00  0.000e+00 

b:
 1.560e+02  1.450e+02  1.340e+02  1.250e+02 

x:
 1.000e+00  8.882e-16  1.000e+00  1.998e-15 

./a.out : Task = 9 Res1 = 7.425120e-16 Res2 = 1.006226e-12 T1 = 0.00 T2 = 0.00 S = 3 N = 25 M = 6 P = 2
============================== a.out n=25 m=6 p=3 s=3 ===============
### Run  ./a.out 25 6 3 4 3
A:
 0.000e+00  1.000e+00  2.000e+00  3.000e+00 
 1.000e+00  0.000e+00  1.000e+00  2.000e+00 
 2.000e+00  1.000e+00  0.000e+00  1.000e+00 
 3.000e+00  2.000e+00  1.000e+00  0.000e+00 

b:
 1.560e+02  1.450e+02  1.340e+02  1.250e+02 

x:
 1.000e+00  8.882e-16  1.000e+00  1.998e-15 

./a.out : Task = 9 Res1 = 8.198570e-16 Res2 = 1.000897e-12 T1 = 0.00 T2 = 0.00 S = 3 N = 25 M = 6 P = 3
============================== a.out n=25 m=6 p=4 s=3 ===============
### Run  ./a.out 25 6 4 4 3
A:
 0.000e+00  1.000e+00  2.000e+00  3.000e+00 
 1.000e+00  0.000e+00  1.000e+00  2.000e+00 
 2.000e+00  1.000e+00  0.000e+00  1.000e+00 
 3.000e+00  2.000e+00  1.000e+00  0.000e+00 

b:
 1.560e+02  1.450e+02  1.340e+02  1.250e+02 

x:
 1.000e+00  8.882e-16  1.000e+00  1.998e-15 

./a.out : Task = 9 Res1 = 6.445417e-16 Res2 = 1.009779e-12 T1 = 0.00 T2 = 0.00 S = 3 N = 25 M = 6 P = 4
============================== a.out n=25 m=6 p=5 s=3 ===============
### Run  ./a.out 25 6 5 4 3
A:
 0.000e+00  1.000e+00  2.000e+00  3.000e+00 
 1.000e+00  0.000e+00  1.000e+00  2.000e+00 
 2.000e+00  1.000e+00  0.000e+00  1.000e+00 
 3.000e+00  2.000e+00  1.000e+00  0.000e+00 

b:
 1.560e+02  1.450e+02  1.340e+02  1.250e+02 

x:
 1.000e+00  8.882e-16  1.000e+00  1.998e-15 

./a.out : Task = 9 Res1 = 8.353260e-16 Res2 = 1.006226e-12 T1 = 0.00 T2 = 0.00 S = 3 N = 25 M = 6 P = 5
============================== a.out n=25 m=9 p=1 s=3 ===============
### Run  ./a.out 25 9 1 4 3
A:
 0.000e+00  1.000e+00  2.000e+00  3.000e+00 
 1.000e+00  0.000e+00  1.000e+00  2.000e+00 
 2.000e+00  1.000e+00  0.000e+00  1.000e+00 
 3.000e+00  2.000e+00  1.000e+00  0.000e+00 

b:
 1.560e+02  1.450e+02  1.340e+02  1.250e+02 

x:
 1.000e+00  0.000e+00  1.000e+00  0.000e+00 

./a.out : Task = 9 Res1 = 2.423477e-16 Res2 = 4.482362e-13 T1 = 0.00 T2 = 0.00 S = 3 N = 25 M = 9 P = 1
============================== a.out n=25 m=9 p=2 s=3 ===============
### Run  ./a.out 25 9 2 4 3
A:
 0.000e+00  1.000e+00  2.000e+00  3.000e+00 
 1.000e+00  0.000e+00  1.000e+00  2.000e+00 
 2.000e+00  1.000e+00  0.000e+00  1.000e+00 
 3.000e+00  2.000e+00  1.000e+00  0.000e+00 

b:
 1.560e+02  1.450e+02  1.340e+02  1.250e+02 

x:
 1.000e+00  0.000e+00  1.000e+00  0.000e+00 

./a.out : Task = 9 Res1 = 2.423477e-16 Res2 = 4.482362e-13 T1 = 0.00 T2 = 0.00 S = 3 N = 25 M = 9 P = 2
============================== a.out n=25 m=9 p=3 s=3 ===============
### Run  ./a.out 25 9 3 4 3
A:
 0.000e+00  1.000e+00  2.000e+00  3.000e+00 
 1.000e+00  0.000e+00  1.000e+00  2.000e+00 
 2.000e+00  1.000e+00  0.000e+00  1.000e+00 
 3.000e+00  2.000e+00  1.000e+00  0.000e+00 

b:
 1.560e+02  1.450e+02  1.340e+02  1.250e+02 

x:
 1.000e+00  0.000e+00  1.000e+00  0.000e+00 

./a.out : Task = 9 Res1 = 2.423477e-16 Res2 = 4.482362e-13 T1 = 0.00 T2 = 0.00 S = 3 N = 25 M = 9 P = 3
============================== a.out n=25 m=12 p=1 s=3 ===============
### Run  ./a.out 25 12 1 4 3
A:
 0.000e+00  1.000e+00  2.000e+00  3.000e+00 
 1.000e+00  0.000e+00  1.000e+00  2.000e+00 
 2.000e+00  1.000e+00  0.000e+00  1.000e+00 
 3.000e+00  2.000e+00  1.000e+00  0.000e+00 

b:
 1.560e+02  1.450e+02  1.340e+02  1.250e+02 

x:
 1.000e+00  2.665e-14  1.000e+00  2.265e-14 

./a.out : Task = 9 Res1 = 1.077674e-15 Res2 = 1.968708e-12 T1 = 0.00 T2 = 0.00 S = 3 N = 25 M = 12 P = 1
============================== a.out n=25 m=12 p=2 s=3 ===============
### Run  ./a.out 25 12 2 4 3
A:
 0.000e+00  1.000e+00  2.000e+00  3.000e+00 
 1.000e+00  0.000e+00  1.000e+00  2.000e+00 
 2.000e+00  1.000e+00  0.000e+00  1.000e+00 
 3.000e+00  2.000e+00  1.000e+00  0.000e+00 

b:
 1.560e+02  1.450e+02  1.340e+02  1.250e+02 

x:
 1.000e+00  2.665e-14  1.000e+00  2.265e-14 

./a.out : Task = 9 Res1 = 1.077674e-15 Res2 = 1.968708e-12 T1 = 0.00 T2 = 0.00 S = 3 N = 25 M = 12 P = 2
============================== a.out n=25 m=12 p=3 s=3 ===============
### Run  ./a.out 25 12 3 4 3
A:
 0.000e+00  1.000e+00  2.000e+00  3.000e+00 
 1.000e+00  0.000e+00  1.000e+00  2.000e+00 
 2.000e+00  1.000e+00  0.000e+00  1.000e+00 
 3.000e+00  2.000e+00  1.000e+00  0.000e+00 

b:
 1.560e+02  1.450e+02  1.340e+02  1.250e+02 

x:
 1.000e+00  2.665e-14  1.000e+00  2.265e-14 

./a.out : Task = 9 Res1 = 1.077674e-15 Res2 = 1.968708e-12 T1 = 0.00 T2 = 0.00 S = 3 N = 25 M = 12 P = 3
============================== a.out n=25 m=15 p=1 s=3 ===============
### Run  ./a.out 25 15 1 4 3
A:
 0.000e+00  1.000e+00  2.000e+00  3.000e+00 
 1.000e+00  0.000e+00  1.000e+00  2.000e+00 
 2.000e+00  1.000e+00  0.000e+00  1.000e+00 
 3.000e+00  2.000e+00  1.000e+00  0.000e+00 

b:
 1.560e+02  1.450e+02  1.340e+02  1.250e+02 

x:
 1.000e+00 -1.750e-13  1.000e+00 -1.332e-13 

./a.out : Task = 9 Res1 = 7.425120e-16 Res2 = 1.483115e-12 T1 = 0.00 T2 = 0.00 S = 3 N = 25 M = 15 P = 1
============================== a.out n=25 m=15 p=2 s=3 ===============
### Run  ./a.out 25 15 2 4 3
A:
 0.000e+00  1.000e+00  2.000e+00  3.000e+00 
 1.000e+00  0.000e+00  1.000e+00  2.000e+00 
 2.000e+00  1.000e+00  0.000e+00  1.000e+00 
 3.000e+00  2.000e+00  1.000e+00  0.000e+00 

b:
 1.560e+02  1.450e+02  1.340e+02  1.250e+02 

x:
 1.000e+00 -1.750e-13  1.000e+00 -1.332e-13 

./a.out : Task = 9 Res1 = 7.425120e-16 Res2 = 1.483115e-12 T1 = 0.00 T2 = 0.00 S = 3 N = 25 M = 15 P = 2
============================== a.out n=25 m=18 p=1 s=3 ===============
### Run  ./a.out 25 18 1 4 3
A:
 0.000e+00  1.000e+00  2.000e+00  3.000e+00 
 1.000e+00  0.000e+00  1.000e+00  2.000e+00 
 2.000e+00  1.000e+00  0.000e+00  1.000e+00 
 3.000e+00  2.000e+00  1.000e+00  0.000e+00 

b:
 1.560e+02  1.450e+02  1.340e+02  1.250e+02 

x:
 1.000e+00  2.225e-13  1.000e+00  8.760e-14 

./a.out : Task = 9 Res1 = 1.139550e-15 Res2 = 1.622859e-12 T1 = 0.00 T2 = 0.00 S = 3 N = 25 M = 18 P = 1
============================== a.out n=25 m=18 p=2 s=3 ===============
### Run  ./a.out 25 18 2 4 3
A:
 0.000e+00  1.000e+00  2.000e+00  3.000e+00 
 1.000e+00  0.000e+00  1.000e+00  2.000e+00 
 2.000e+00  1.000e+00  0.000e+00  1.000e+00 
 3.000e+00  2.000e+00  1.000e+00  0.000e+00 

b:
 1.560e+02  1.450e+02  1.340e+02  1.250e+02 

x:
 1.000e+00  2.225e-13  1.000e+00  8.760e-14 

./a.out : Task = 9 Res1 = 1.139550e-15 Res2 = 1.622859e-12 T1 = 0.00 T2 = 0.00 S = 3 N = 25 M = 18 P = 2
============================== a.out n=25 m=21 p=1 s=3 ===============
### Run  ./a.out 25 21 1 4 3
A:
 0.000e+00  1.000e+00  2.000e+00  3.000e+00 
 1.000e+00  0.000e+00  1.000e+00  2.000e+00 
 2.000e+00  1.000e+00  0.000e+00  1.000e+00 
 3.000e+00  2.000e+00  1.000e+00  0.000e+00 

b:
 1.560e+02  1.450e+02  1.340e+02  1.250e+02 

x:
 1.000e+00  2.884e-13  1.000e+00 -2.522e-13 

./a.out : Task = 9 Res1 = 1.500493e-15 Res2 = 3.174372e-12 T1 = 0.00 T2 = 0.00 S = 3 N = 25 M = 21 P = 1
============================== a.out n=25 m=21 p=2 s=3 ===============
### Run  ./a.out 25 21 2 4 3
A:
 0.000e+00  1.000e+00  2.000e+00  3.000e+00 
 1.000e+00  0.000e+00  1.000e+00  2.000e+00 
 2.000e+00  1.000e+00  0.000e+00  1.000e+00 
 3.000e+00  2.000e+00  1.000e+00  0.000e+00 

b:
 1.560e+02  1.450e+02  1.340e+02  1.250e+02 

x:
 1.000e+00  2.884e-13  1.000e+00 -2.522e-13 

./a.out : Task = 9 Res1 = 1.500493e-15 Res2 = 3.174372e-12 T1 = 0.00 T2 = 0.00 S = 3 N = 25 M = 21 P = 2
============================== a.out n=25 m=24 p=1 s=3 ===============
### Run  ./a.out 25 24 1 4 3
A:
 0.000e+00  1.000e+00  2.000e+00  3.000e+00 
 1.000e+00  0.000e+00  1.000e+00  2.000e+00 
 2.000e+00  1.000e+00  0.000e+00  1.000e+00 
 3.000e+00  2.000e+00  1.000e+00  0.000e+00 

b:
 1.560e+02  1.450e+02  1.340e+02  1.250e+02 

x:
 1.000e+00  2.145e-13  1.000e+00 -3.402e-13 

./a.out : Task = 9 Res1 = 1.763466e-15 Res2 = 5.287992e-12 T1 = 0.00 T2 = 0.00 S = 3 N = 25 M = 24 P = 1
============================== a.out n=25 m=24 p=2 s=3 ===============
### Run  ./a.out 25 24 2 4 3
A:
 0.000e+00  1.000e+00  2.000e+00  3.000e+00 
 1.000e+00  0.000e+00  1.000e+00  2.000e+00 
 2.000e+00  1.000e+00  0.000e+00  1.000e+00 
 3.000e+00  2.000e+00  1.000e+00  0.000e+00 

b:
 1.560e+02  1.450e+02  1.340e+02  1.250e+02 

x:
 1.000e+00  2.145e-13  1.000e+00 -3.402e-13 

./a.out : Task = 9 Res1 = 1.763466e-15 Res2 = 5.287992e-12 T1 = 0.00 T2 = 0.00 S = 3 N = 25 M = 24 P = 2
============================== a.out n=26 m=3 p=1 s=3 ===============
### Run  ./a.out 26 3 1 4 3
A:
 0.000e+00  1.000e+00  2.000e+00  3.000e+00 
 1.000e+00  0.000e+00  1.000e+00  2.000e+00 
 2.000e+00  1.000e+00  0.000e+00  1.000e+00 
 3.000e+00  2.000e+00  1.000e+00  0.000e+00 

b:
 1.560e+02  1.450e+02  1.340e+02  1.250e+02 

x:
 1.000e+00  0.000e+00  1.000e+00 -2.220e-15 

./a.out : Task = 9 Res1 = 1.258329e-15 Res2 = 2.433637e-12 T1 = 0.00 T2 = 0.00 S = 3 N = 26 M = 3 P = 1
============================== a.out n=26 m=3 p=2 s=3 ===============
### Run  ./a.out 26 3 2 4 3
A:
 0.000e+00  1.000e+00  2.000e+00  3.000e+00 
 1.000e+00  0.000e+00  1.000e+00  2.000e+00 
 2.000e+00  1.000e+00  0.000e+00  1.000e+00 
 3.000e+00  2.000e+00  1.000e+00  0.000e+00 

b:
 1.560e+02  1.450e+02  1.340e+02  1.250e+02 

x:
 1.000e+00  0.000e+00  1.000e+00 -2.220e-15 

./a.out : Task = 9 Res1 = 1.370072e-15 Res2 = 2.435414e-12 T1 = 0.00 T2 = 0.00 S = 3 N = 26 M = 3 P = 2
============================== a.out n=26 m=3 p=3 s=3 ===============
### Run  ./a.out 26 3 3 4 3
A:
 0.000e+00  1.000e+00  2.000e+00  3.000e+00 
 1.000e+00  0.000e+00  1.000e+00  2.000e+00 
 2.000e+00  1.000e+00  0.000e+00  1.000e+00 
 3.000e+00  2.000e+00  1.000e+00  0.000e+00 

b:
 1.560e+02  1.450e+02  1.340e+02  1.250e+02 

x:
 1.000e+00  0.000e+00  1.000e+00 -2.220e-15 

./a.out : Task = 9 Res1 = 1.836480e-15 Res2 = 2.440743e-12 T1 = 0.00 T2 = 0.00 S = 3 N = 26 M = 3 P = 3
============================== a.out n=26 m=3 p=4 s=3 ===============
### Run  ./a.out 26 3 4 4 3
A:
 0.000e+00  1.000e+00  2.000e+00  3.000e+00 
 1.000e+00  0.000e+00  1.000e+00  2.000e+00 
 2.000e+00  1.000e+00  0.000e+00  1.000e+00 
 3.000e+00  2.000e+00  1.000e+00  0.000e+00 

b:
 1.560e+02  1.450e+02  1.340e+02  1.250e+02 

x:
 1.000e+00  0.000e+00  1.000e+00 -2.220e-15 

./a.out : Task = 9 Res1 = 1.258329e-15 Res2 = 2.431861e-12 T1 = 0.00 T2 = 0.00 S = 3 N = 26 M = 3 P = 4
============================== a.out n=26 m=3 p=5 s=3 ===============
### Run  ./a.out 26 3 5 4 3
A:
 0.000e+00  1.000e+00  2.000e+00  3.000e+00 
 1.000e+00  0.000e+00  1.000e+00  2.000e+00 
 2.000e+00  1.000e+00  0.000e+00  1.000e+00 
 3.000e+00  2.000e+00  1.000e+00  0.000e+00 

b:
 1.560e+02  1.450e+02  1.340e+02  1.250e+02 

x:
 1.000e+00  0.000e+00  1.000e+00 -2.220e-15 

./a.out : Task = 9 Res1 = 1.029983e-15 Res2 = 2.442519e-12 T1 = 0.00 T2 = 0.00 S = 3 N = 26 M = 3 P = 5
============================== a.out n=26 m=3 p=6 s=3 ===============
### Run  ./a.out 26 3 6 4 3
A:
 0.000e+00  1.000e+00  2.000e+00  3.000e+00 
 1.000e+00  0.000e+00  1.000e+00  2.000e+00 
 2.000e+00  1.000e+00  0.000e+00  1.000e+00 
 3.000e+00  2.000e+00  1.000e+00  0.000e+00 

b:
 1.560e+02  1.450e+02  1.340e+02  1.250e+02 

x:
 1.000e+00  0.000e+00  1.000e+00 -2.220e-15 

./a.out : Task = 9 Res1 = 1.957940e-15 Res2 = 2.438966e-12 T1 = 0.00 T2 = 0.00 S = 3 N = 26 M = 3 P = 6
============================== a.out n=26 m=3 p=7 s=3 ===============
### Run  ./a.out 26 3 7 4 3
A:
 0.000e+00  1.000e+00  2.000e+00  3.000e+00 
 1.000e+00  0.000e+00  1.000e+00  2.000e+00 
 2.000e+00  1.000e+00  0.000e+00  1.000e+00 
 3.000e+00  2.000e+00  1.000e+00  0.000e+00 

b:
 1.560e+02  1.450e+02  1.340e+02  1.250e+02 

x:
 1.000e+00  0.000e+00  1.000e+00 -2.220e-15 

./a.out : Task = 9 Res1 = 2.419489e-15 Res2 = 2.455842e-12 T1 = 0.00 T2 = 0.00 S = 3 N = 26 M = 3 P = 7
============================== a.out n=26 m=3 p=8 s=3 ===============
### Run  ./a.out 26 3 8 4 3
A:
 0.000e+00  1.000e+00  2.000e+00  3.000e+00 
 1.000e+00  0.000e+00  1.000e+00  2.000e+00 
 2.000e+00  1.000e+00  0.000e+00  1.000e+00 
 3.000e+00  2.000e+00  1.000e+00  0.000e+00 

b:
 1.560e+02  1.450e+02  1.340e+02  1.250e+02 

x:
 1.000e+00  0.000e+00  1.000e+00 -2.220e-15 

./a.out : Task = 9 Res1 = 1.297196e-15 Res2 = 2.436302e-12 T1 = 0.00 T2 = 0.00 S = 3 N = 26 M = 3 P = 8
============================== a.out n=26 m=3 p=9 s=3 ===============
### Run  ./a.out 26 3 9 4 3
A:
 0.000e+00  1.000e+00  2.000e+00  3.000e+00 
 1.000e+00  0.000e+00  1.000e+00  2.000e+00 
 2.000e+00  1.000e+00  0.000e+00  1.000e+00 
 3.000e+00  2.000e+00  1.000e+00  0.000e+00 

b:
 1.560e+02  1.450e+02  1.340e+02  1.250e+02 

x:
 1.000e+00  0.000e+00  1.000e+00 -2.220e-15 

./a.out : Task = 9 Res1 = 1.768462e-15 Res2 = 2.433637e-12 T1 = 0.00 T2 = 0.00 S = 3 N = 26 M = 3 P = 9
============================== a.out n=26 m=6 p=1 s=3 ===============
### Run  ./a.out 26 6 1 4 3
A:
 0.000e+00  1.000e+00  2.000e+00  3.000e+00 
 1.000e+00  0.000e+00  1.000e+00  2.000e+00 
 2.000e+00  1.000e+00  0.000e+00  1.000e+00 
 3.000e+00  2.000e+00  1.000e+00  0.000e+00 

b:
 1.560e+02  1.450e+02  1.340e+02  1.250e+02 

x:
 1.000e+00  8.882e-16  1.000e+00  1.998e-15 

./a.out : Task = 9 Res1 = 8.502221e-16 Res2 = 1.019327e-12 T1 = 0.00 T2 = 0.00 S = 3 N = 26 M = 6 P = 1
============================== a.out n=26 m=6 p=2 s=3 ===============
### Run  ./a.out 26 6 2 4 3
A:
 0.000e+00  1.000e+00  2.000e+00  3.000e+00 
 1.000e+00  0.000e+00  1.000e+00  2.000e+00 
 2.000e+00  1.000e+00  0.000e+00  1.000e+00 
 3.000e+00  2.000e+00  1.000e+00  0.000e+00 

b:
 1.560e+02  1.450e+02  1.340e+02  1.250e+02 

x:
 1.000e+00  8.882e-16  1.000e+00  1.998e-15 

./a.out : Task = 9 Res1 = 8.502221e-16 Res2 = 1.019327e-12 T1 = 0.00 T2 = 0.00 S = 3 N = 26 M = 6 P = 2
============================== a.out n=26 m=6 p=3 s=3 ===============
### Run  ./a.out 26 6 3 4 3
A:
 0.000e+00  1.000e+00  2.000e+00  3.000e+00 
 1.000e+00  0.000e+00  1.000e+00  2.000e+00 
 2.000e+00  1.000e+00  0.000e+00  1.000e+00 
 3.000e+00  2.000e+00  1.000e+00  0.000e+00 

b:
 1.560e+02  1.450e+02  1.340e+02  1.250e+02 

x:
 1.000e+00  8.882e-16  1.000e+00  1.998e-15 

./a.out : Task = 9 Res1 = 8.502221e-16 Res2 = 1.019327e-12 T1 = 0.00 T2 = 0.00 S = 3 N = 26 M = 6 P = 3
============================== a.out n=26 m=6 p=4 s=3 ===============
### Run  ./a.out 26 6 4 4 3
A:
 0.000e+00  1.000e+00  2.000e+00  3.000e+00 
 1.000e+00  0.000e+00  1.000e+00  2.000e+00 
 2.000e+00  1.000e+00  0.000e+00  1.000e+00 
 3.000e+00  2.000e+00  1.000e+00  0.000e+00 

b:
 1.560e+02  1.450e+02  1.340e+02  1.250e+02 

x:
 1.000e+00  8.882e-16  1.000e+00  1.998e-15 

./a.out : Task = 9 Res1 = 8.502221e-16 Res2 = 1.019327e-12 T1 = 0.00 T2 = 0.00 S = 3 N = 26 M = 6 P = 4
============================== a.out n=26 m=6 p=5 s=3 ===============
### Run  ./a.out 26 6 5 4 3
A:
 0.000e+00  1.000e+00  2.000e+00  3.000e+00 
 1.000e+00  0.000e+00  1.000e+00  2.000e+00 
 2.000e+00  1.000e+00  0.000e+00  1.000e+00 
 3.000e+00  2.000e+00  1.000e+00  0.000e+00 

b:
 1.560e+02  1.450e+02  1.340e+02  1.250e+02 

x:
 1.000e+00  8.882e-16  1.000e+00  1.998e-15 

./a.out : Task = 9 Res1 = 8.502221e-16 Res2 = 1.019327e-12 T1 = 0.00 T2 = 0.00 S = 3 N = 26 M = 6 P = 5
============================== a.out n=26 m=9 p=1 s=3 ===============
### Run  ./a.out 26 9 1 4 3
A:
 0.000e+00  1.000e+00  2.000e+00  3.000e+00 
 1.000e+00  0.000e+00  1.000e+00  2.000e+00 
 2.000e+00  1.000e+00  0.000e+00  1.000e+00 
 3.000e+00  2.000e+00  1.000e+00  0.000e+00 

b:
 1.560e+02  1.450e+02  1.340e+02  1.250e+02 

x:
 1.000e+00  0.000e+00  1.000e+00  0.000e+00 

./a.out : Task = 9 Res1 = 4.226818e-16 Res2 = 4.605205e-13 T1 = 0.00 T2 = 0.00 S = 3 N = 26 M = 9 P = 1
============================== a.out n=26 m=9 p=2 s=3 ===============
### Run  ./a.out 26 9 2 4 3
A:
 0.000e+00  1.000e+00  2.000e+00  3.000e+00 
 1.000e+00  0.000e+00  1.000e+00  2.000e+00 
 2.000e+00  1.000e+00  0.000e+00  1.000e+00 
 3.000e+00  2.000e+00  1.000e+00  0.000e+00 

b:
 1.560e+02  1.450e+02  1.340e+02  1.250e+02 

x:
 1.000e+00  0.000e+00  1.000e+00  0.000e+00 

./a.out : Task = 9 Res1 = 4.226818e-16 Res2 = 4.605205e-13 T1 = 0.00 T2 = 0.00 S = 3 N = 26 M = 9 P = 2
============================== a.out n=26 m=9 p=3 s=3 ===============
### Run  ./a.out 26 9 3 4 3
A:
 0.000e+00  1.000e+00  2.000e+00  3.000e+00 
 1.000e+00  0.000e+00  1.000e+00  2.000e+00 
 2.000e+00  1.000e+00  0.000e+00  1.000e+00 
 3.000e+00  2.000e+00  1.000e+00  0.000e+00 

b:
 1.560e+02  1.450e+02  1.340e+02  1.250e+02 

x:
 1.000e+00  0.000e+00  1.000e+00  0.000e+00 

./a.out : Task = 9 Res1 = 4.226818e-16 Res2 = 4.605205e-13 T1 = 0.00 T2 = 0.00 S = 3 N = 26 M = 9 P = 3
============================== a.out n=26 m=12 p=1 s=3 ===============
### Run  ./a.out 26 12 1 4 3
A:
 0.000e+00  1.000e+00  2.000e+00  3.000e+00 
 1.000e+00  0.000e+00  1.000e+00  2.000e+00 
 2.000e+00  1.000e+00  0.000e+00  1.000e+00 
 3.000e+00  2.000e+00  1.000e+00  0.000e+00 

b:
 1.560e+02  1.450e+02  1.340e+02  1.250e+02 

x:
 1.000e+00  2.665e-14  1.000e+00  2.265e-14 

./a.out : Task = 9 Res1 = 1.005691e-15 Res2 = 1.994243e-12 T1 = 0.00 T2 = 0.00 S = 3 N = 26 M = 12 P = 1
============================== a.out n=26 m=12 p=2 s=3 ===============
### Run  ./a.out 26 12 2 4 3
A:
 0.000e+00  1.000e+00  2.000e+00  3.000e+00 
 1.000e+00  0.000e+00  1.000e+00  2.000e+00 
 2.000e+00  1.000e+00  0.000e+00  1.000e+00 
 3.000e+00  2.000e+00  1.000e+00  0.000e+00 

b:
 1.560e+02  1.450e+02  1.340e+02  1.250e+02 

x:
 1.000e+00  2.665e-14  1.000e+00  2.265e-14 

./a.out : Task = 9 Res1 = 1.005691e-15 Res2 = 1.994243e-12 T1 = 0.00 T2 = 0.00 S = 3 N = 26 M = 12 P = 2
============================== a.out n=26 m=12 p=3 s=3 ===============
### Run  ./a.out 26 12 3 4 3
A:
 0.000e+00  1.000e+00  2.000e+00  3.000e+00 
 1.000e+00  0.000e+00  1.000e+00  2.000e+00 
 2.000e+00  1.000e+00  0.000e+00  1.000e+00 
 3.000e+00  2.000e+00  1.000e+00  0.000e+00 

b:
 1.560e+02  1.450e+02  1.340e+02  1.250e+02 

x:
 1.000e+00  2.665e-14  1.000e+00  2.265e-14 

./a.out : Task = 9 Res1 = 1.005691e-15 Res2 = 1.994243e-12 T1 = 0.00 T2 = 0.00 S = 3 N = 26 M = 12 P = 3
============================== a.out n=26 m=15 p=1 s=3 ===============
### Run  ./a.out 26 15 1 4 3
A:
 0.000e+00  1.000e+00  2.000e+00  3.000e+00 
 1.000e+00  0.000e+00  1.000e+00  2.000e+00 
 2.000e+00  1.000e+00  0.000e+00  1.000e+00 
 3.000e+00  2.000e+00  1.000e+00  0.000e+00 

b:
 1.560e+02  1.450e+02  1.340e+02  1.250e+02 

x:
 1.000e+00 -1.750e-13  1.000e+00 -1.332e-13 

./a.out : Task = 9 Res1 = 1.987090e-15 Res2 = 1.981764e-12 T1 = 0.00 T2 = 0.00 S = 3 N = 26 M = 15 P = 1
============================== a.out n=26 m=15 p=2 s=3 ===============
### Run  ./a.out 26 15 2 4 3
A:
 0.000e+00  1.000e+00  2.000e+00  3.000e+00 
 1.000e+00  0.000e+00  1.000e+00  2.000e+00 
 2.000e+00  1.000e+00  0.000e+00  1.000e+00 
 3.000e+00  2.000e+00  1.000e+00  0.000e+00 

b:
 1.560e+02  1.450e+02  1.340e+02  1.250e+02 

x:
 1.000e+00 -1.750e-13  1.000e+00 -1.332e-13 

./a.out : Task = 9 Res1 = 1.987090e-15 Res2 = 1.981764e-12 T1 = 0.00 T2 = 0.00 S = 3 N = 26 M = 15 P = 2
============================== a.out n=26 m=18 p=1 s=3 ===============
### Run  ./a.out 26 18 1 4 3
A:
 0.000e+00  1.000e+00  2.000e+00  3.000e+00 
 1.000e+00  0.000e+00  1.000e+00  2.000e+00 
 2.000e+00  1.000e+00  0.000e+00  1.000e+00 
 3.000e+00  2.000e+00  1.000e+00  0.000e+00 

b:
 1.560e+02  1.450e+02  1.340e+02  1.250e+02 

x:
 1.000e+00  2.225e-13  1.000e+00  8.760e-14 

./a.out : Task = 9 Res1 = 1.292338e-15 Res2 = 1.520601e-12 T1 = 0.00 T2 = 0.00 S = 3 N = 26 M = 18 P = 1
============================== a.out n=26 m=18 p=2 s=3 ===============
### Run  ./a.out 26 18 2 4 3
A:
 0.000e+00  1.000e+00  2.000e+00  3.000e+00 
 1.000e+00  0.000e+00  1.000e+00  2.000e+00 
 2.000e+00  1.000e+00  0.000e+00  1.000e+00 
 3.000e+00  2.000e+00  1.000e+00  0.000e+00 

b:
 1.560e+02  1.450e+02  1.340e+02  1.250e+02 

x:
 1.000e+00  2.225e-13  1.000e+00  8.760e-14 

./a.out : Task = 9 Res1 = 1.292338e-15 Res2 = 1.520601e-12 T1 = 0.00 T2 = 0.00 S = 3 N = 26 M = 18 P = 2
============================== a.out n=26 m=21 p=1 s=3 ===============
### Run  ./a.out 26 21 1 4 3
A:
 0.000e+00  1.000e+00  2.000e+00  3.000e+00 
 1.000e+00  0.000e+00  1.000e+00  2.000e+00 
 2.000e+00  1.000e+00  0.000e+00  1.000e+00 
 3.000e+00  2.000e+00  1.000e+00  0.000e+00 

b:
 1.560e+02  1.450e+02  1.340e+02  1.250e+02 

x:
 1.000e+00  2.884e-13  1.000e+00 -2.522e-13 

./a.out : Task = 9 Res1 = 1.476957e-15 Res2 = 3.189982e-12 T1 = 0.00 T2 = 0.00 S = 3 N = 26 M = 21 P = 1
============================== a.out n=26 m=21 p=2 s=3 ===============
### Run  ./a.out 26 21 2 4 3
A:
 0.000e+00  1.000e+00  2.000e+00  3.000e+00 
 1.000e+00  0.000e+00  1.000e+00  2.000e+00 
 2.000e+00  1.000e+00  0.000e+00  1.000e+00 
 3.000e+00  2.000e+00  1.000e+00  0.000e+00 

b:
 1.560e+02  1.450e+02  1.340e+02  1.250e+02 

x:
 1.000e+00  2.884e-13  1.000e+00 -2.522e-13 

./a.out : Task = 9 Res1 = 1.476957e-15 Res2 = 3.189982e-12 T1 = 0.00 T2 = 0.00 S = 3 N = 26 M = 21 P = 2
============================== a.out n=26 m=24 p=1 s=3 ===============
### Run  ./a.out 26 24 1 4 3
A:
 0.000e+00  1.000e+00  2.000e+00  3.000e+00 
 1.000e+00  0.000e+00  1.000e+00  2.000e+00 
 2.000e+00  1.000e+00  0.000e+00  1.000e+00 
 3.000e+00  2.000e+00  1.000e+00  0.000e+00 

b:
 1.560e+02  1.450e+02  1.340e+02  1.250e+02 

x:
 1.000e+00  2.145e-13  1.000e+00 -3.402e-13 

./a.out : Task = 9 Res1 = 1.671294e-15 Res2 = 5.288214e-12 T1 = 0.00 T2 = 0.00 S = 3 N = 26 M = 24 P = 1
============================== a.out n=26 m=24 p=2 s=3 ===============
### Run  ./a.out 26 24 2 4 3
A:
 0.000e+00  1.000e+00  2.000e+00  3.000e+00 
 1.000e+00  0.000e+00  1.000e+00  2.000e+00 
 2.000e+00  1.000e+00  0.000e+00  1.000e+00 
 3.000e+00  2.000e+00  1.000e+00  0.000e+00 

b:
 1.560e+02  1.450e+02  1.340e+02  1.250e+02 

x:
 1.000e+00  2.145e-13  1.000e+00 -3.402e-13 

./a.out : Task = 9 Res1 = 1.671294e-15 Res2 = 5.288214e-12 T1 = 0.00 T2 = 0.00 S = 3 N = 26 M = 24 P = 2
============================== a.out n=27 m=3 p=1 s=3 ===============
### Run  ./a.out 27 3 1 4 3
A:
 0.000e+00  1.000e+00  2.000e+00  3.000e+00 
 1.000e+00  0.000e+00  1.000e+00  2.000e+00 
 2.000e+00  1.000e+00  0.000e+00  1.000e+00 
 3.000e+00  2.000e+00  1.000e+00  0.000e+00 

b:
 1.820e+02  1.700e+02  1.580e+02  1.480e+02 

x:
 1.000e+00  0.000e+00  1.000e+00 -2.220e-15 

./a.out : Task = 9 Res1 = 8.054735e-16 Res2 = 3.251317e-12 T1 = 0.00 T2 = 0.00 S = 3 N = 27 M = 3 P = 1
============================== a.out n=27 m=3 p=2 s=3 ===============
### Run  ./a.out 27 3 2 4 3
A:
 0.000e+00  1.000e+00  2.000e+00  3.000e+00 
 1.000e+00  0.000e+00  1.000e+00  2.000e+00 
 2.000e+00  1.000e+00  0.000e+00  1.000e+00 
 3.000e+00  2.000e+00  1.000e+00  0.000e+00 

b:
 1.820e+02  1.700e+02  1.580e+02  1.480e+02 

x:
 1.000e+00  0.000e+00  1.000e+00 -2.220e-15 

./a.out : Task = 9 Res1 = 8.301309e-16 Res2 = 3.266416e-12 T1 = 0.00 T2 = 0.00 S = 3 N = 27 M = 3 P = 2
============================== a.out n=27 m=3 p=3 s=3 ===============
### Run  ./a.out 27 3 3 4 3
A:
 0.000e+00  1.000e+00  2.000e+00  3.000e+00 
 1.000e+00  0.000e+00  1.000e+00  2.000e+00 
 2.000e+00  1.000e+00  0.000e+00  1.000e+00 
 3.000e+00  2.000e+00  1.000e+00  0.000e+00 

b:
 1.820e+02  1.700e+02  1.580e+02  1.480e+02 

x:
 1.000e+00  0.000e+00  1.000e+00 -2.220e-15 

./a.out : Task = 9 Res1 = 7.725971e-16 Res2 = 3.267304e-12 T1 = 0.00 T2 = 0.00 S = 3 N = 27 M = 3 P = 3
============================== a.out n=27 m=3 p=4 s=3 ===============
### Run  ./a.out 27 3 4 4 3
A:
 0.000e+00  1.000e+00  2.000e+00  3.000e+00 
 1.000e+00  0.000e+00  1.000e+00  2.000e+00 
 2.000e+00  1.000e+00  0.000e+00  1.000e+00 
 3.000e+00  2.000e+00  1.000e+00  0.000e+00 

b:
 1.820e+02  1.700e+02  1.580e+02  1.480e+02 

x:
 1.000e+00  0.000e+00  1.000e+00 -2.220e-15 

./a.out : Task = 9 Res1 = 2.613679e-15 Res2 = 3.265528e-12 T1 = 0.00 T2 = 0.00 S = 3 N = 27 M = 3 P = 4
============================== a.out n=27 m=3 p=5 s=3 ===============
### Run  ./a.out 27 3 5 4 3
A:
 0.000e+00  1.000e+00  2.000e+00  3.000e+00 
 1.000e+00  0.000e+00  1.000e+00  2.000e+00 
 2.000e+00  1.000e+00  0.000e+00  1.000e+00 
 3.000e+00  2.000e+00  1.000e+00  0.000e+00 

b:
 1.820e+02  1.700e+02  1.580e+02  1.480e+02 

x:
 1.000e+00  0.000e+00  1.000e+00 -2.220e-15 

./a.out : Task = 9 Res1 = 9.862941e-16 Res2 = 3.245099e-12 T1 = 0.00 T2 = 0.00 S = 3 N = 27 M = 3 P = 5
============================== a.out n=27 m=3 p=6 s=3 ===============
### Run  ./a.out 27 3 6 4 3
A:
 0.000e+00  1.000e+00  2.000e+00  3.000e+00 
 1.000e+00  0.000e+00  1.000e+00  2.000e+00 
 2.000e+00  1.000e+00  0.000e+00  1.000e+00 
 3.000e+00  2.000e+00  1.000e+00  0.000e+00 

b:
 1.820e+02  1.700e+02  1.580e+02  1.480e+02 

x:
 1.000e+00  0.000e+00  1.000e+00 -2.220e-15 

./a.out : Task = 9 Res1 = 9.451985e-16 Res2 = 3.239770e-12 T1 = 0.00 T2 = 0.00 S = 3 N = 27 M = 3 P = 6
============================== a.out n=27 m=3 p=7 s=3 ===============
### Run  ./a.out 27 3 7 4 3
A:
 0.000e+00  1.000e+00  2.000e+00  3.000e+00 
 1.000e+00  0.000e+00  1.000e+00  2.000e+00 
 2.000e+00  1.000e+00  0.000e+00  1.000e+00 
 3.000e+00  2.000e+00  1.000e+00  0.000e+00 

b:
 1.820e+02  1.700e+02  1.580e+02  1.480e+02 

x:
 1.000e+00  0.000e+00  1.000e+00 -2.220e-15 

./a.out : Task = 9 Res1 = 2.305463e-15 Res2 = 3.254869e-12 T1 = 0.00 T2 = 0.00 S = 3 N = 27 M = 3 P = 7
============================== a.out n=27 m=3 p=8 s=3 ===============
### Run  ./a.out 27 3 8 4 3
A:
 0.000e+00  1.000e+00  2.000e+00  3.000e+00 
 1.000e+00  0.000e+00  1.000e+00  2.000e+00 
 2.000e+00  1.000e+00  0.000e+00  1.000e+00 
 3.000e+00  2.000e+00  1.000e+00  0.000e+00 

b:
 1.820e+02  1.700e+02  1.580e+02  1.480e+02 

x:
 1.000e+00  0.000e+00  1.000e+00 -2.220e-15 

./a.out : Task = 9 Res1 = 5.009552e-15 Res2 = 3.283291e-12 T1 = 0.00 T2 = 0.00 S = 3 N = 27 M = 3 P = 8
============================== a.out n=27 m=3 p=9 s=3 ===============
### Run  ./a.out 27 3 9 4 3
A:
 0.000e+00  1.000e+00  2.000e+00  3.000e+00 
 1.000e+00  0.000e+00  1.000e+00  2.000e+00 
 2.000e+00  1.000e+00  0.000e+00  1.000e+00 
 3.000e+00  2.000e+00  1.000e+00  0.000e+00 

b:
 1.820e+02  1.700e+02  1.580e+02  1.480e+02 

x:
 1.000e+00  0.000e+00  1.000e+00 -2.220e-15 

./a.out : Task = 9 Res1 = 7.643780e-16 Res2 = 3.293949e-12 T1 = 0.00 T2 = 0.00 S = 3 N = 27 M = 3 P = 9
============================== a.out n=27 m=3 p=10 s=3 ===============
### Run  ./a.out 27 3 10 4 3
A:
 0.000e+00  1.000e+00  2.000e+00  3.000e+00 
 1.000e+00  0.000e+00  1.000e+00  2.000e+00 
 2.000e+00  1.000e+00  0.000e+00  1.000e+00 
 3.000e+00  2.000e+00  1.000e+00  0.000e+00 

b:
 1.820e+02  1.700e+02  1.580e+02  1.480e+02 

x:
 1.000e+00  0.000e+00  1.000e+00 -2.220e-15 

./a.out : Task = 9 Res1 = 9.246508e-16 Res2 = 3.255758e-12 T1 = 0.00 T2 = 0.00 S = 3 N = 27 M = 3 P = 10
============================== a.out n=27 m=6 p=1 s=3 ===============
### Run  ./a.out 27 6 1 4 3
A:
 0.000e+00  1.000e+00  2.000e+00  3.000e+00 
 1.000e+00  0.000e+00  1.000e+00  2.000e+00 
 2.000e+00  1.000e+00  0.000e+00  1.000e+00 
 3.000e+00  2.000e+00  1.000e+00  0.000e+00 

b:
 1.820e+02  1.700e+02  1.580e+02  1.480e+02 

x:
 1.000e+00  8.882e-16  1.000e+00  1.998e-15 

./a.out : Task = 9 Res1 = 2.642446e-15 Res2 = 3.647538e-12 T1 = 0.00 T2 = 0.00 S = 3 N = 27 M = 6 P = 1
============================== a.out n=27 m=6 p=2 s=3 ===============
### Run  ./a.out 27 6 2 4 3
A:
 0.000e+00  1.000e+00  2.000e+00  3.000e+00 
 1.000e+00  0.000e+00  1.000e+00  2.000e+00 
 2.000e+00  1.000e+00  0.000e+00  1.000e+00 
 3.000e+00  2.000e+00  1.000e+00  0.000e+00 

b:
 1.820e+02  1.700e+02  1.580e+02  1.480e+02 

x:
 1.000e+00  8.882e-16  1.000e+00  1.998e-15 

./a.out : Task = 9 Res1 = 2.556146e-15 Res2 = 3.654643e-12 T1 = 0.00 T2 = 0.00 S = 3 N = 27 M = 6 P = 2
============================== a.out n=27 m=6 p=3 s=3 ===============
### Run  ./a.out 27 6 3 4 3
A:
 0.000e+00  1.000e+00  2.000e+00  3.000e+00 
 1.000e+00  0.000e+00  1.000e+00  2.000e+00 
 2.000e+00  1.000e+00  0.000e+00  1.000e+00 
 3.000e+00  2.000e+00  1.000e+00  0.000e+00 

b:
 1.820e+02  1.700e+02  1.580e+02  1.480e+02 

x:
 1.000e+00  8.882e-16  1.000e+00  1.998e-15 

./a.out : Task = 9 Res1 = 2.642446e-15 Res2 = 3.647538e-12 T1 = 0.00 T2 = 0.00 S = 3 N = 27 M = 6 P = 3
============================== a.out n=27 m=6 p=4 s=3 ===============
### Run  ./a.out 27 6 4 4 3
A:
 0.000e+00  1.000e+00  2.000e+00  3.000e+00 
 1.000e+00  0.000e+00  1.000e+00  2.000e+00 
 2.000e+00  1.000e+00  0.000e+00  1.000e+00 
 3.000e+00  2.000e+00  1.000e+00  0.000e+00 

b:
 1.820e+02  1.700e+02  1.580e+02  1.480e+02 

x:
 1.000e+00  8.882e-16  1.000e+00  1.998e-15 

./a.out : Task = 9 Res1 = 2.642446e-15 Res2 = 3.647538e-12 T1 = 0.00 T2 = 0.00 S = 3 N = 27 M = 6 P = 4
============================== a.out n=27 m=6 p=5 s=3 ===============
### Run  ./a.out 27 6 5 4 3
A:
 0.000e+00  1.000e+00  2.000e+00  3.000e+00 
 1.000e+00  0.000e+00  1.000e+00  2.000e+00 
 2.000e+00  1.000e+00  0.000e+00  1.000e+00 
 3.000e+00  2.000e+00  1.000e+00  0.000e+00 

b:
 1.820e+02  1.700e+02  1.580e+02  1.480e+02 

x:
 1.000e+00  8.882e-16  1.000e+00  1.998e-15 

./a.out : Task = 9 Res1 = 2.642446e-15 Res2 = 3.647538e-12 T1 = 0.00 T2 = 0.00 S = 3 N = 27 M = 6 P = 5
============================== a.out n=27 m=9 p=1 s=3 ===============
### Run  ./a.out 27 9 1 4 3
A:
 0.000e+00  1.000e+00  2.000e+00  3.000e+00 
 1.000e+00  0.000e+00  1.000e+00  2.000e+00 
 2.000e+00  1.000e+00  0.000e+00  1.000e+00 
 3.000e+00  2.000e+00  1.000e+00  0.000e+00 

b:
 1.820e+02  1.700e+02  1.580e+02  1.480e+02 

x:
 1.000e+00  0.000e+00  1.000e+00  0.000e+00 

./a.out : Task = 9 Res1 = 4.479419e-16 Res2 = 5.963922e-13 T1 = 0.00 T2 = 0.00 S = 3 N = 27 M = 9 P = 1
============================== a.out n=27 m=9 p=2 s=3 ===============
### Run  ./a.out 27 9 2 4 3
A:
 0.000e+00  1.000e+00  2.000e+00  3.000e+00 
 1.000e+00  0.000e+00  1.000e+00  2.000e+00 
 2.000e+00  1.000e+00  0.000e+00  1.000e+00 
 3.000e+00  2.000e+00  1.000e+00  0.000e+00 

b:
 1.820e+02  1.700e+02  1.580e+02  1.480e+02 

x:
 1.000e+00  0.000e+00  1.000e+00  0.000e+00 

./a.out : Task = 9 Res1 = 4.479419e-16 Res2 = 5.963922e-13 T1 = 0.00 T2 = 0.00 S = 3 N = 27 M = 9 P = 2
============================== a.out n=27 m=9 p=3 s=3 ===============
### Run  ./a.out 27 9 3 4 3
A:
 0.000e+00  1.000e+00  2.000e+00  3.000e+00 
 1.000e+00  0.000e+00  1.000e+00  2.000e+00 
 2.000e+00  1.000e+00  0.000e+00  1.000e+00 
 3.000e+00  2.000e+00  1.000e+00  0.000e+00 

b:
 1.820e+02  1.700e+02  1.580e+02  1.480e+02 

x:
 1.000e+00  0.000e+00  1.000e+00  0.000e+00 

./a.out : Task = 9 Res1 = 4.479419e-16 Res2 = 5.963922e-13 T1 = 0.00 T2 = 0.00 S = 3 N = 27 M = 9 P = 3
============================== a.out n=27 m=9 p=4 s=3 ===============
### Run  ./a.out 27 9 4 4 3
A:
 0.000e+00  1.000e+00  2.000e+00  3.000e+00 
 1.000e+00  0.000e+00  1.000e+00  2.000e+00 
 2.000e+00  1.000e+00  0.000e+00  1.000e+00 
 3.000e+00  2.000e+00  1.000e+00  0.000e+00 

b:
 1.820e+02  1.700e+02  1.580e+02  1.480e+02 

x:
 1.000e+00  0.000e+00  1.000e+00  0.000e+00 

./a.out : Task = 9 Res1 = 4.479419e-16 Res2 = 5.963922e-13 T1 = 0.00 T2 = 0.00 S = 3 N = 27 M = 9 P = 4
============================== a.out n=27 m=12 p=1 s=3 ===============
### Run  ./a.out 27 12 1 4 3
A:
 0.000e+00  1.000e+00  2.000e+00  3.000e+00 
 1.000e+00  0.000e+00  1.000e+00  2.000e+00 
 2.000e+00  1.000e+00  0.000e+00  1.000e+00 
 3.000e+00  2.000e+00  1.000e+00  0.000e+00 

b:
 1.820e+02  1.700e+02  1.580e+02  1.480e+02 

x:
 1.000e+00  2.665e-14  1.000e+00  1.554e-14 

./a.out : Task = 9 Res1 = 2.893129e-15 Res2 = 3.119000e-12 T1 = 0.00 T2 = 0.00 S = 3 N = 27 M = 12 P = 1
============================== a.out n=27 m=12 p=2 s=3 ===============
### Run  ./a.out 27 12 2 4 3
A:
 0.000e+00  1.000e+00  2.000e+00  3.000e+00 
 1.000e+00  0.000e+00  1.000e+00  2.000e+00 
 2.000e+00  1.000e+00  0.000e+00  1.000e+00 
 3.000e+00  2.000e+00  1.000e+00  0.000e+00 

b:
 1.820e+02  1.700e+02  1.580e+02  1.480e+02 

x:
 1.000e+00  2.665e-14  1.000e+00  1.554e-14 

./a.out : Task = 9 Res1 = 2.893129e-15 Res2 = 3.119000e-12 T1 = 0.00 T2 = 0.00 S = 3 N = 27 M = 12 P = 2
============================== a.out n=27 m=12 p=3 s=3 ===============
### Run  ./a.out 27 12 3 4 3
A:
 0.000e+00  1.000e+00  2.000e+00  3.000e+00 
 1.000e+00  0.000e+00  1.000e+00  2.000e+00 
 2.000e+00  1.000e+00  0.000e+00  1.000e+00 
 3.000e+00  2.000e+00  1.000e+00  0.000e+00 

b:
 1.820e+02  1.700e+02  1.580e+02  1.480e+02 

x:
 1.000e+00  2.665e-14  1.000e+00  1.554e-14 

./a.out : Task = 9 Res1 = 2.893129e-15 Res2 = 3.119000e-12 T1 = 0.00 T2 = 0.00 S = 3 N = 27 M = 12 P = 3
============================== a.out n=27 m=15 p=1 s=3 ===============
### Run  ./a.out 27 15 1 4 3
A:
 0.000e+00  1.000e+00  2.000e+00  3.000e+00 
 1.000e+00  0.000e+00  1.000e+00  2.000e+00 
 2.000e+00  1.000e+00  0.000e+00  1.000e+00 
 3.000e+00  2.000e+00  1.000e+00  0.000e+00 

b:
 1.820e+02  1.700e+02  1.580e+02  1.480e+02 

x:
 1.000e+00 -1.750e-13  1.000e+00 -1.048e-13 

./a.out : Task = 9 Res1 = 1.105471e-15 Res2 = 2.738365e-12 T1 = 0.00 T2 = 0.00 S = 3 N = 27 M = 15 P = 1
============================== a.out n=27 m=15 p=2 s=3 ===============
### Run  ./a.out 27 15 2 4 3
A:
 0.000e+00  1.000e+00  2.000e+00  3.000e+00 
 1.000e+00  0.000e+00  1.000e+00  2.000e+00 
 2.000e+00  1.000e+00  0.000e+00  1.000e+00 
 3.000e+00  2.000e+00  1.000e+00  0.000e+00 

b:
 1.820e+02  1.700e+02  1.580e+02  1.480e+02 

x:
 1.000e+00 -1.750e-13  1.000e+00 -1.048e-13 

./a.out : Task = 9 Res1 = 1.105471e-15 Res2 = 2.738365e-12 T1 = 0.00 T2 = 0.00 S = 3 N = 27 M = 15 P = 2
============================== a.out n=27 m=18 p=1 s=3 ===============
### Run  ./a.out 27 18 1 4 3
A:
 0.000e+00  1.000e+00  2.000e+00  3.000e+00 
 1.000e+00  0.000e+00  1.000e+00  2.000e+00 
 2.000e+00  1.000e+00  0.000e+00  1.000e+00 
 3.000e+00  2.000e+00  1.000e+00  0.000e+00 

b:
 1.820e+02  1.700e+02  1.580e+02  1.480e+02 

x:
 1.000e+00  2.225e-13  1.000e+00  8.582e-14 

./a.out : Task = 9 Res1 = 8.753360e-16 Res2 = 1.875030e-12 T1 = 0.00 T2 = 0.00 S = 3 N = 27 M = 18 P = 1
============================== a.out n=27 m=18 p=2 s=3 ===============
### Run  ./a.out 27 18 2 4 3
A:
 0.000e+00  1.000e+00  2.000e+00  3.000e+00 
 1.000e+00  0.000e+00  1.000e+00  2.000e+00 
 2.000e+00  1.000e+00  0.000e+00  1.000e+00 
 3.000e+00  2.000e+00  1.000e+00  0.000e+00 

b:
 1.820e+02  1.700e+02  1.580e+02  1.480e+02 

x:
 1.000e+00  2.225e-13  1.000e+00  8.582e-14 

./a.out : Task = 9 Res1 = 8.753360e-16 Res2 = 1.875030e-12 T1 = 0.00 T2 = 0.00 S = 3 N = 27 M = 18 P = 2
============================== a.out n=27 m=21 p=1 s=3 ===============
### Run  ./a.out 27 21 1 4 3
A:
 0.000e+00  1.000e+00  2.000e+00  3.000e+00 
 1.000e+00  0.000e+00  1.000e+00  2.000e+00 
 2.000e+00  1.000e+00  0.000e+00  1.000e+00 
 3.000e+00  2.000e+00  1.000e+00  0.000e+00 

b:
 1.820e+02  1.700e+02  1.580e+02  1.480e+02 

x:
 1.000e+00  2.884e-13  1.000e+00 -2.629e-13 

./a.out : Task = 9 Res1 = 1.586290e-15 Res2 = 3.165779e-12 T1 = 0.00 T2 = 0.00 S = 3 N = 27 M = 21 P = 1
============================== a.out n=27 m=21 p=2 s=3 ===============
### Run  ./a.out 27 21 2 4 3
A:
 0.000e+00  1.000e+00  2.000e+00  3.000e+00 
 1.000e+00  0.000e+00  1.000e+00  2.000e+00 
 2.000e+00  1.000e+00  0.000e+00  1.000e+00 
 3.000e+00  2.000e+00  1.000e+00  0.000e+00 

b:
 1.820e+02  1.700e+02  1.580e+02  1.480e+02 

x:
 1.000e+00  2.884e-13  1.000e+00 -2.629e-13 

./a.out : Task = 9 Res1 = 1.586290e-15 Res2 = 3.165779e-12 T1 = 0.00 T2 = 0.00 S = 3 N = 27 M = 21 P = 2
============================== a.out n=27 m=24 p=1 s=3 ===============
### Run  ./a.out 27 24 1 4 3
A:
 0.000e+00  1.000e+00  2.000e+00  3.000e+00 
 1.000e+00  0.000e+00  1.000e+00  2.000e+00 
 2.000e+00  1.000e+00  0.000e+00  1.000e+00 
 3.000e+00  2.000e+00  1.000e+00  0.000e+00 

b:
 1.820e+02  1.700e+02  1.580e+02  1.480e+02 

x:
 1.000e+00  2.180e-13  1.000e+00 -3.331e-13 

./a.out : Task = 9 Res1 = 2.802719e-15 Res2 = 5.568546e-12 T1 = 0.00 T2 = 0.00 S = 3 N = 27 M = 24 P = 1
============================== a.out n=27 m=24 p=2 s=3 ===============
### Run  ./a.out 27 24 2 4 3
A:
 0.000e+00  1.000e+00  2.000e+00  3.000e+00 
 1.000e+00  0.000e+00  1.000e+00  2.000e+00 
 2.000e+00  1.000e+00  0.000e+00  1.000e+00 
 3.000e+00  2.000e+00  1.000e+00  0.000e+00 

b:
 1.820e+02  1.700e+02  1.580e+02  1.480e+02 

x:
 1.000e+00  2.180e-13  1.000e+00 -3.331e-13 

./a.out : Task = 9 Res1 = 2.802719e-15 Res2 = 5.568546e-12 T1 = 0.00 T2 = 0.00 S = 3 N = 27 M = 24 P = 2
============================== a.out n=27 m=27 p=1 s=3 ===============
### Run  ./a.out 27 27 1 4 3
A:
 0.000e+00  1.000e+00  2.000e+00  3.000e+00 
 1.000e+00  0.000e+00  1.000e+00  2.000e+00 
 2.000e+00  1.000e+00  0.000e+00  1.000e+00 
 3.000e+00  2.000e+00  1.000e+00  0.000e+00 

b:
 1.820e+02  1.700e+02  1.580e+02  1.480e+02 

x:
 1.000e+00  2.509e-13  1.000e+00  1.165e-12 

./a.out : Task = 9 Res1 = 1.919164e-15 Res2 = 7.292833e-12 T1 = 0.00 T2 = 0.00 S = 3 N = 27 M = 27 P = 1
============================== a.out n=27 m=27 p=2 s=3 ===============
### Run  ./a.out 27 27 2 4 3
A:
 0.000e+00  1.000e+00  2.000e+00  3.000e+00 
 1.000e+00  0.000e+00  1.000e+00  2.000e+00 
 2.000e+00  1.000e+00  0.000e+00  1.000e+00 
 3.000e+00  2.000e+00  1.000e+00  0.000e+00 

b:
 1.820e+02  1.700e+02  1.580e+02  1.480e+02 

x:
 1.000e+00  2.509e-13  1.000e+00  1.165e-12 

./a.out : Task = 9 Res1 = 1.919164e-15 Res2 = 7.292833e-12 T1 = 0.00 T2 = 0.00 S = 3 N = 27 M = 27 P = 2
============================== a.out n=28 m=3 p=1 s=3 ===============
### Run  ./a.out 28 3 1 4 3
A:
 0.000e+00  1.000e+00  2.000e+00  3.000e+00 
 1.000e+00  0.000e+00  1.000e+00  2.000e+00 
 2.000e+00  1.000e+00  0.000e+00  1.000e+00 
 3.000e+00  2.000e+00  1.000e+00  0.000e+00 

b:
 1.820e+02  1.700e+02  1.580e+02  1.480e+02 

x:
 1.000e+00  0.000e+00  1.000e+00 -2.220e-15 

./a.out : Task = 9 Res1 = 2.065124e-15 Res2 = 3.292025e-12 T1 = 0.00 T2 = 0.00 S = 3 N = 28 M = 3 P = 1
============================== a.out n=28 m=3 p=2 s=3 ===============
### Run  ./a.out 28 3 2 4 3
A:
 0.000e+00  1.000e+00  2.000e+00  3.000e+00 
 1.000e+00  0.000e+00  1.000e+00  2.000e+00 
 2.000e+00  1.000e+00  0.000e+00  1.000e+00 
 3.000e+00  2.000e+00  1.000e+00  0.000e+00 

b:
 1.820e+02  1.700e+02  1.580e+02  1.480e+02 

x:
 1.000e+00  0.000e+00  1.000e+00 -2.220e-15 

./a.out : Task = 9 Res1 = 3.554658e-15 Res2 = 3.305792e-12 T1 = 0.00 T2 = 0.00 S = 3 N = 28 M = 3 P = 2
============================== a.out n=28 m=3 p=3 s=3 ===============
### Run  ./a.out 28 3 3 4 3
A:
 0.000e+00  1.000e+00  2.000e+00  3.000e+00 
 1.000e+00  0.000e+00  1.000e+00  2.000e+00 
 2.000e+00  1.000e+00  0.000e+00  1.000e+00 
 3.000e+00  2.000e+00  1.000e+00  0.000e+00 

b:
 1.820e+02  1.700e+02  1.580e+02  1.480e+02 

x:
 1.000e+00  0.000e+00  1.000e+00 -2.220e-15 

./a.out : Task = 9 Res1 = 1.127846e-15 Res2 = 3.268488e-12 T1 = 0.00 T2 = 0.00 S = 3 N = 28 M = 3 P = 3
============================== a.out n=28 m=3 p=4 s=3 ===============
### Run  ./a.out 28 3 4 4 3
A:
 0.000e+00  1.000e+00  2.000e+00  3.000e+00 
 1.000e+00  0.000e+00  1.000e+00  2.000e+00 
 2.000e+00  1.000e+00  0.000e+00  1.000e+00 
 3.000e+00  2.000e+00  1.000e+00  0.000e+00 

b:
 1.820e+02  1.700e+02  1.580e+02  1.480e+02 

x:
 1.000e+00  0.000e+00  1.000e+00 -2.220e-15 

./a.out : Task = 9 Res1 = 9.567242e-16 Res2 = 3.273373e-12 T1 = 0.00 T2 = 0.00 S = 3 N = 28 M = 3 P = 4
============================== a.out n=28 m=3 p=5 s=3 ===============
### Run  ./a.out 28 3 5 4 3
A:
 0.000e+00  1.000e+00  2.000e+00  3.000e+00 
 1.000e+00  0.000e+00  1.000e+00  2.000e+00 
 2.000e+00  1.000e+00  0.000e+00  1.000e+00 
 3.000e+00  2.000e+00  1.000e+00  0.000e+00 

b:
 1.820e+02  1.700e+02  1.580e+02  1.480e+02 

x:
 1.000e+00  0.000e+00  1.000e+00 -2.220e-15 

./a.out : Task = 9 Res1 = 9.061656e-16 Res2 = 3.280923e-12 T1 = 0.00 T2 = 0.00 S = 3 N = 28 M = 3 P = 5
============================== a.out n=28 m=3 p=6 s=3 ===============
### Run  ./a.out 28 3 6 4 3
A:
 0.000e+00  1.000e+00  2.000e+00  3.000e+00 
 1.000e+00  0.000e+00  1.000e+00  2.000e+00 
 2.000e+00  1.000e+00  0.000e+00  1.000e+00 
 3.000e+00  2.000e+00  1.000e+00  0.000e+00 

b:
 1.820e+02  1.700e+02  1.580e+02  1.480e+02 

x:
 1.000e+00  0.000e+00  1.000e+00 -2.220e-15 

./a.out : Task = 9 Res1 = 9.956154e-16 Res2 = 3.272041e-12 T1 = 0.00 T2 = 0.00 S = 3 N = 28 M = 3 P = 6
============================== a.out n=28 m=3 p=7 s=3 ===============
### Run  ./a.out 28 3 7 4 3
A:
 0.000e+00  1.000e+00  2.000e+00  3.000e+00 
 1.000e+00  0.000e+00  1.000e+00  2.000e+00 
 2.000e+00  1.000e+00  0.000e+00  1.000e+00 
 3.000e+00  2.000e+00  1.000e+00  0.000e+00 

b:
 1.820e+02  1.700e+02  1.580e+02  1.480e+02 

x:
 1.000e+00  0.000e+00  1.000e+00 -2.220e-15 

./a.out : Task = 9 Res1 = 7.894919e-16 Res2 = 3.298686e-12 T1 = 0.00 T2 = 0.00 S = 3 N = 28 M = 3 P = 7
============================== a.out n=28 m=3 p=8 s=3 ===============
### Run  ./a.out 28 3 8 4 3
A:
 0.000e+00  1.000e+00  2.000e+00  3.000e+00 
 1.000e+00  0.000e+00  1.000e+00  2.000e+00 
 2.000e+00  1.000e+00  0.000e+00  1.000e+00 
 3.000e+00  2.000e+00  1.000e+00  0.000e+00 

b:
 1.820e+02  1.700e+02  1.580e+02  1.480e+02 

x:
 1.000e+00  0.000e+00  1.000e+00 -2.220e-15 

./a.out : Task = 9 Res1 = 2.080681e-15 Res2 = 3.291581e-12 T1 = 0.00 T2 = 0.00 S = 3 N = 28 M = 3 P = 8
============================== a.out n=28 m=3 p=9 s=3 ===============
### Run  ./a.out 28 3 9 4 3
A:
 0.000e+00  1.000e+00  2.000e+00  3.000e+00 
 1.000e+00  0.000e+00  1.000e+00  2.000e+00 
 2.000e+00  1.000e+00  0.000e+00  1.000e+00 
 3.000e+00  2.000e+00  1.000e+00  0.000e+00 

b:
 1.820e+02  1.700e+02  1.580e+02  1.480e+02 

x:
 1.000e+00  0.000e+00  1.000e+00 -2.220e-15 

./a.out : Task = 9 Res1 = 3.655775e-15 Res2 = 3.300463e-12 T1 = 0.00 T2 = 0.00 S = 3 N = 28 M = 3 P = 9
============================== a.out n=28 m=3 p=10 s=3 ===============
### Run  ./a.out 28 3 10 4 3
A:
 0.000e+00  1.000e+00  2.000e+00  3.000e+00 
 1.000e+00  0.000e+00  1.000e+00  2.000e+00 
 2.000e+00  1.000e+00  0.000e+00  1.000e+00 
 3.000e+00  2.000e+00  1.000e+00  0.000e+00 

b:
 1.820e+02  1.700e+02  1.580e+02  1.480e+02 

x:
 1.000e+00  0.000e+00  1.000e+00 -2.220e-15 

./a.out : Task = 9 Res1 = 1.127846e-15 Res2 = 3.268488e-12 T1 = 0.00 T2 = 0.00 S = 3 N = 28 M = 3 P = 10
============================== a.out n=28 m=6 p=1 s=3 ===============
### Run  ./a.out 28 6 1 4 3
A:
 0.000e+00  1.000e+00  2.000e+00  3.000e+00 
 1.000e+00  0.000e+00  1.000e+00  2.000e+00 
 2.000e+00  1.000e+00  0.000e+00  1.000e+00 
 3.000e+00  2.000e+00  1.000e+00  0.000e+00 

b:
 1.820e+02  1.700e+02  1.580e+02  1.480e+02 

x:
 1.000e+00  8.882e-16  1.000e+00  1.998e-15 

./a.out : Task = 9 Res1 = 2.411256e-15 Res2 = 3.648088e-12 T1 = 0.00 T2 = 0.00 S = 3 N = 28 M = 6 P = 1
============================== a.out n=28 m=6 p=2 s=3 ===============
### Run  ./a.out 28 6 2 4 3
A:
 0.000e+00  1.000e+00  2.000e+00  3.000e+00 
 1.000e+00  0.000e+00  1.000e+00  2.000e+00 
 2.000e+00  1.000e+00  0.000e+00  1.000e+00 
 3.000e+00  2.000e+00  1.000e+00  0.000e+00 

b:
 1.820e+02  1.700e+02  1.580e+02  1.480e+02 

x:
 1.000e+00  8.882e-16  1.000e+00  1.998e-15 

./a.out : Task = 9 Res1 = 2.457926e-15 Res2 = 3.642759e-12 T1 = 0.00 T2 = 0.00 S = 3 N = 28 M = 6 P = 2
============================== a.out n=28 m=6 p=3 s=3 ===============
### Run  ./a.out 28 6 3 4 3
A:
 0.000e+00  1.000e+00  2.000e+00  3.000e+00 
 1.000e+00  0.000e+00  1.000e+00  2.000e+00 
 2.000e+00  1.000e+00  0.000e+00  1.000e+00 
 3.000e+00  2.000e+00  1.000e+00  0.000e+00 

b:
 1.820e+02  1.700e+02  1.580e+02  1.480e+02 

x:
 1.000e+00  8.882e-16  1.000e+00  1.998e-15 

./a.out : Task = 9 Res1 = 2.489039e-15 Res2 = 3.639206e-12 T1 = 0.00 T2 = 0.00 S = 3 N = 28 M = 6 P = 3
============================== a.out n=28 m=6 p=4 s=3 ===============
### Run  ./a.out 28 6 4 4 3
A:
 0.000e+00  1.000e+00  2.000e+00  3.000e+00 
 1.000e+00  0.000e+00  1.000e+00  2.000e+00 
 2.000e+00  1.000e+00  0.000e+00  1.000e+00 
 3.000e+00  2.000e+00  1.000e+00  0.000e+00 

b:
 1.820e+02  1.700e+02  1.580e+02  1.480e+02 

x:
 1.000e+00  8.882e-16  1.000e+00  1.998e-15 

./a.out : Task = 9 Res1 = 2.457926e-15 Res2 = 3.642759e-12 T1 = 0.00 T2 = 0.00 S = 3 N = 28 M = 6 P = 4
============================== a.out n=28 m=6 p=5 s=3 ===============
### Run  ./a.out 28 6 5 4 3
A:
 0.000e+00  1.000e+00  2.000e+00  3.000e+00 
 1.000e+00  0.000e+00  1.000e+00  2.000e+00 
 2.000e+00  1.000e+00  0.000e+00  1.000e+00 
 3.000e+00  2.000e+00  1.000e+00  0.000e+00 

b:
 1.820e+02  1.700e+02  1.580e+02  1.480e+02 

x:
 1.000e+00  8.882e-16  1.000e+00  1.998e-15 

./a.out : Task = 9 Res1 = 2.489039e-15 Res2 = 3.639206e-12 T1 = 0.00 T2 = 0.00 S = 3 N = 28 M = 6 P = 5
============================== a.out n=28 m=9 p=1 s=3 ===============
### Run  ./a.out 28 9 1 4 3
A:
 0.000e+00  1.000e+00  2.000e+00  3.000e+00 
 1.000e+00  0.000e+00  1.000e+00  2.000e+00 
 2.000e+00  1.000e+00  0.000e+00  1.000e+00 
 3.000e+00  2.000e+00  1.000e+00  0.000e+00 

b:
 1.820e+02  1.700e+02  1.580e+02  1.480e+02 

x:
 1.000e+00  0.000e+00  1.000e+00  0.000e+00 

./a.out : Task = 9 Res1 = 4.666947e-16 Res2 = 7.061974e-13 T1 = 0.00 T2 = 0.00 S = 3 N = 28 M = 9 P = 1
============================== a.out n=28 m=9 p=2 s=3 ===============
### Run  ./a.out 28 9 2 4 3
A:
 0.000e+00  1.000e+00  2.000e+00  3.000e+00 
 1.000e+00  0.000e+00  1.000e+00  2.000e+00 
 2.000e+00  1.000e+00  0.000e+00  1.000e+00 
 3.000e+00  2.000e+00  1.000e+00  0.000e+00 

b:
 1.820e+02  1.700e+02  1.580e+02  1.480e+02 

x:
 1.000e+00  0.000e+00  1.000e+00  0.000e+00 

./a.out : Task = 9 Res1 = 4.666947e-16 Res2 = 7.061974e-13 T1 = 0.00 T2 = 0.00 S = 3 N = 28 M = 9 P = 2
============================== a.out n=28 m=9 p=3 s=3 ===============
### Run  ./a.out 28 9 3 4 3
A:
 0.000e+00  1.000e+00  2.000e+00  3.000e+00 
 1.000e+00  0.000e+00  1.000e+00  2.000e+00 
 2.000e+00  1.000e+00  0.000e+00  1.000e+00 
 3.000e+00  2.000e+00  1.000e+00  0.000e+00 

b:
 1.820e+02  1.700e+02  1.580e+02  1.480e+02 

x:
 1.000e+00  0.000e+00  1.000e+00  0.000e+00 

./a.out : Task = 9 Res1 = 4.666947e-16 Res2 = 7.061974e-13 T1 = 0.00 T2 = 0.00 S = 3 N = 28 M = 9 P = 3
============================== a.out n=28 m=9 p=4 s=3 ===============
### Run  ./a.out 28 9 4 4 3
A:
 0.000e+00  1.000e+00  2.000e+00  3.000e+00 
 1.000e+00  0.000e+00  1.000e+00  2.000e+00 
 2.000e+00  1.000e+00  0.000e+00  1.000e+00 
 3.000e+00  2.000e+00  1.000e+00  0.000e+00 

b:
 1.820e+02  1.700e+02  1.580e+02  1.480e+02 

x:
 1.000e+00  0.000e+00  1.000e+00  0.000e+00 

./a.out : Task = 9 Res1 = 4.666947e-16 Res2 = 7.061974e-13 T1 = 0.00 T2 = 0.00 S = 3 N = 28 M = 9 P = 4
============================== a.out n=28 m=12 p=1 s=3 ===============
### Run  ./a.out 28 12 1 4 3
A:
 0.000e+00  1.000e+00  2.000e+00  3.000e+00 
 1.000e+00  0.000e+00  1.000e+00  2.000e+00 
 2.000e+00  1.000e+00  0.000e+00  1.000e+00 
 3.000e+00  2.000e+00  1.000e+00  0.000e+00 

b:
 1.820e+02  1.700e+02  1.580e+02  1.480e+02 

x:
 1.000e+00  2.665e-14  1.000e+00  1.554e-14 

./a.out : Task = 9 Res1 = 2.706829e-15 Res2 = 3.125072e-12 T1 = 0.00 T2 = 0.00 S = 3 N = 28 M = 12 P = 1
============================== a.out n=28 m=12 p=2 s=3 ===============
### Run  ./a.out 28 12 2 4 3
A:
 0.000e+00  1.000e+00  2.000e+00  3.000e+00 
 1.000e+00  0.000e+00  1.000e+00  2.000e+00 
 2.000e+00  1.000e+00  0.000e+00  1.000e+00 
 3.000e+00  2.000e+00  1.000e+00  0.000e+00 

b:
 1.820e+02  1.700e+02  1.580e+02  1.480e+02 

x:
 1.000e+00  2.665e-14  1.000e+00  1.554e-14 

./a.out : Task = 9 Res1 = 2.706829e-15 Res2 = 3.125072e-12 T1 = 0.00 T2 = 0.00 S = 3 N = 28 M = 12 P = 2
============================== a.out n=28 m=12 p=3 s=3 ===============
### Run  ./a.out 28 12 3 4 3
A:
 0.000e+00  1.000e+00  2.000e+00  3.000e+00 
 1.000e+00  0.000e+00  1.000e+00  2.000e+00 
 2.000e+00  1.000e+00  0.000e+00  1.000e+00 
 3.000e+00  2.000e+00  1.000e+00  0.000e+00 

b:
 1.820e+02  1.700e+02  1.580e+02  1.480e+02 

x:
 1.000e+00  2.665e-14  1.000e+00  1.554e-14 

./a.out : Task = 9 Res1 = 2.706829e-15 Res2 = 3.125072e-12 T1 = 0.00 T2 = 0.00 S = 3 N = 28 M = 12 P = 3
============================== a.out n=28 m=15 p=1 s=3 ===============
### Run  ./a.out 28 15 1 4 3
A:
 0.000e+00  1.000e+00  2.000e+00  3.000e+00 
 1.000e+00  0.000e+00  1.000e+00  2.000e+00 
 2.000e+00  1.000e+00  0.000e+00  1.000e+00 
 3.000e+00  2.000e+00  1.000e+00  0.000e+00 

b:
 1.820e+02  1.700e+02  1.580e+02  1.480e+02 

x:
 1.000e+00 -1.750e-13  1.000e+00 -1.048e-13 

./a.out : Task = 9 Res1 = 1.753994e-15 Res2 = 2.751688e-12 T1 = 0.00 T2 = 0.00 S = 3 N = 28 M = 15 P = 1
============================== a.out n=28 m=15 p=2 s=3 ===============
### Run  ./a.out 28 15 2 4 3
A:
 0.000e+00  1.000e+00  2.000e+00  3.000e+00 
 1.000e+00  0.000e+00  1.000e+00  2.000e+00 
 2.000e+00  1.000e+00  0.000e+00  1.000e+00 
 3.000e+00  2.000e+00  1.000e+00  0.000e+00 

b:
 1.820e+02  1.700e+02  1.580e+02  1.480e+02 

x:
 1.000e+00 -1.750e-13  1.000e+00 -1.048e-13 

./a.out : Task = 9 Res1 = 1.753994e-15 Res2 = 2.751688e-12 T1 = 0.00 T2 = 0.00 S = 3 N = 28 M = 15 P = 2
============================== a.out n=28 m=18 p=1 s=3 ===============
### Run  ./a.out 28 18 1 4 3
A:
 0.000e+00  1.000e+00  2.000e+00  3.000e+00 
 1.000e+00  0.000e+00  1.000e+00  2.000e+00 
 2.000e+00  1.000e+00  0.000e+00  1.000e+00 
 3.000e+00  2.000e+00  1.000e+00  0.000e+00 

b:
 1.820e+02  1.700e+02  1.580e+02  1.480e+02 

x:
 1.000e+00  2.225e-13  1.000e+00  8.582e-14 

./a.out : Task = 9 Res1 = 1.046174e-15 Res2 = 1.863457e-12 T1 = 0.00 T2 = 0.00 S = 3 N = 28 M = 18 P = 1
============================== a.out n=28 m=18 p=2 s=3 ===============
### Run  ./a.out 28 18 2 4 3
A:
 0.000e+00  1.000e+00  2.000e+00  3.000e+00 
 1.000e+00  0.000e+00  1.000e+00  2.000e+00 
 2.000e+00  1.000e+00  0.000e+00  1.000e+00 
 3.000e+00  2.000e+00  1.000e+00  0.000e+00 

b:
 1.820e+02  1.700e+02  1.580e+02  1.480e+02 

x:
 1.000e+00  2.225e-13  1.000e+00  8.582e-14 

./a.out : Task = 9 Res1 = 1.046174e-15 Res2 = 1.863457e-12 T1 = 0.00 T2 = 0.00 S = 3 N = 28 M = 18 P = 2
============================== a.out n=28 m=21 p=1 s=3 ===============
### Run  ./a.out 28 21 1 4 3
A:
 0.000e+00  1.000e+00  2.000e+00  3.000e+00 
 1.000e+00  0.000e+00  1.000e+00  2.000e+00 
 2.000e+00  1.000e+00  0.000e+00  1.000e+00 
 3.000e+00  2.000e+00  1.000e+00  0.000e+00 

b:
 1.820e+02  1.700e+02  1.580e+02  1.480e+02 

x:
 1.000e+00  2.884e-13  1.000e+00 -2.629e-13 

./a.out : Task = 9 Res1 = 1.524536e-15 Res2 = 3.248801e-12 T1 = 0.00 T2 = 0.00 S = 3 N = 28 M = 21 P = 1
============================== a.out n=28 m=21 p=2 s=3 ===============
### Run  ./a.out 28 21 2 4 3
A:
 0.000e+00  1.000e+00  2.000e+00  3.000e+00 
 1.000e+00  0.000e+00  1.000e+00  2.000e+00 
 2.000e+00  1.000e+00  0.000e+00  1.000e+00 
 3.000e+00  2.000e+00  1.000e+00  0.000e+00 

b:
 1.820e+02  1.700e+02  1.580e+02  1.480e+02 

x:
 1.000e+00  2.884e-13  1.000e+00 -2.629e-13 

./a.out : Task = 9 Res1 = 1.524536e-15 Res2 = 3.248801e-12 T1 = 0.00 T2 = 0.00 S = 3 N = 28 M = 21 P = 2
============================== a.out n=28 m=24 p=1 s=3 ===============
### Run  ./a.out 28 24 1 4 3
A:
 0.000e+00  1.000e+00  2.000e+00  3.000e+00 
 1.000e+00  0.000e+00  1.000e+00  2.000e+00 
 2.000e+00  1.000e+00  0.000e+00  1.000e+00 
 3.000e+00  2.000e+00  1.000e+00  0.000e+00 

b:
 1.820e+02  1.700e+02  1.580e+02  1.480e+02 

x:
 1.000e+00  2.180e-13  1.000e+00 -3.331e-13 

./a.out : Task = 9 Res1 = 2.667938e-15 Res2 = 5.651407e-12 T1 = 0.00 T2 = 0.00 S = 3 N = 28 M = 24 P = 1
============================== a.out n=28 m=24 p=2 s=3 ===============
### Run  ./a.out 28 24 2 4 3
A:
 0.000e+00  1.000e+00  2.000e+00  3.000e+00 
 1.000e+00  0.000e+00  1.000e+00  2.000e+00 
 2.000e+00  1.000e+00  0.000e+00  1.000e+00 
 3.000e+00  2.000e+00  1.000e+00  0.000e+00 

b:
 1.820e+02  1.700e+02  1.580e+02  1.480e+02 

x:
 1.000e+00  2.180e-13  1.000e+00 -3.331e-13 

./a.out : Task = 9 Res1 = 2.667938e-15 Res2 = 5.651407e-12 T1 = 0.00 T2 = 0.00 S = 3 N = 28 M = 24 P = 2
============================== a.out n=28 m=27 p=1 s=3 ===============
### Run  ./a.out 28 27 1 4 3
A:
 0.000e+00  1.000e+00  2.000e+00  3.000e+00 
 1.000e+00  0.000e+00  1.000e+00  2.000e+00 
 2.000e+00  1.000e+00  0.000e+00  1.000e+00 
 3.000e+00  2.000e+00  1.000e+00  0.000e+00 

b:
 1.820e+02  1.700e+02  1.580e+02  1.480e+02 

x:
 1.000e+00  2.509e-13  1.000e+00  1.165e-12 

./a.out : Task = 9 Res1 = 1.827888e-15 Res2 = 7.378073e-12 T1 = 0.00 T2 = 0.00 S = 3 N = 28 M = 27 P = 1
============================== a.out n=28 m=27 p=2 s=3 ===============
### Run  ./a.out 28 27 2 4 3
A:
 0.000e+00  1.000e+00  2.000e+00  3.000e+00 
 1.000e+00  0.000e+00  1.000e+00  2.000e+00 
 2.000e+00  1.000e+00  0.000e+00  1.000e+00 
 3.000e+00  2.000e+00  1.000e+00  0.000e+00 

b:
 1.820e+02  1.700e+02  1.580e+02  1.480e+02 

x:
 1.000e+00  2.509e-13  1.000e+00  1.165e-12 

./a.out : Task = 9 Res1 = 1.827888e-15 Res2 = 7.378073e-12 T1 = 0.00 T2 = 0.00 S = 3 N = 28 M = 27 P = 2
============================== a.out n=29 m=3 p=1 s=3 ===============
### Run  ./a.out 29 3 1 4 3
A:
 0.000e+00  1.000e+00  2.000e+00  3.000e+00 
 1.000e+00  0.000e+00  1.000e+00  2.000e+00 
 2.000e+00  1.000e+00  0.000e+00  1.000e+00 
 3.000e+00  2.000e+00  1.000e+00  0.000e+00 

b:
 2.100e+02  1.970e+02  1.840e+02  1.730e+02 

x:
 1.000e+00  0.000e+00  1.000e+00 -2.220e-15 

./a.out : Task = 9 Res1 = 8.286892e-16 Res2 = 2.665785e-12 T1 = 0.00 T2 = 0.00 S = 3 N = 29 M = 3 P = 1
============================== a.out n=29 m=3 p=2 s=3 ===============
### Run  ./a.out 29 3 2 4 3
A:
 0.000e+00  1.000e+00  2.000e+00  3.000e+00 
 1.000e+00  0.000e+00  1.000e+00  2.000e+00 
 2.000e+00  1.000e+00  0.000e+00  1.000e+00 
 3.000e+00  2.000e+00  1.000e+00  0.000e+00 

b:
 2.100e+02  1.970e+02  1.840e+02  1.730e+02 

x:
 1.000e+00  0.000e+00  1.000e+00 -2.220e-15 

./a.out : Task = 9 Res1 = 7.388313e-16 Res2 = 2.671114e-12 T1 = 0.00 T2 = 0.00 S = 3 N = 29 M = 3 P = 2
============================== a.out n=29 m=3 p=3 s=3 ===============
### Run  ./a.out 29 3 3 4 3
A:
 0.000e+00  1.000e+00  2.000e+00  3.000e+00 
 1.000e+00  0.000e+00  1.000e+00  2.000e+00 
 2.000e+00  1.000e+00  0.000e+00  1.000e+00 
 3.000e+00  2.000e+00  1.000e+00  0.000e+00 

b:
 2.100e+02  1.970e+02  1.840e+02  1.730e+02 

x:
 1.000e+00  0.000e+00  1.000e+00 -2.220e-15 

./a.out : Task = 9 Res1 = 7.188629e-16 Res2 = 2.681772e-12 T1 = 0.00 T2 = 0.00 S = 3 N = 29 M = 3 P = 3
============================== a.out n=29 m=3 p=4 s=3 ===============
### Run  ./a.out 29 3 4 4 3
A:
 0.000e+00  1.000e+00  2.000e+00  3.000e+00 
 1.000e+00  0.000e+00  1.000e+00  2.000e+00 
 2.000e+00  1.000e+00  0.000e+00  1.000e+00 
 3.000e+00  2.000e+00  1.000e+00  0.000e+00 

b:
 2.100e+02  1.970e+02  1.840e+02  1.730e+02 

x:
 1.000e+00  0.000e+00  1.000e+00 -2.220e-15 

./a.out : Task = 9 Res1 = 1.504287e-15 Res2 = 2.706641e-12 T1 = 0.00 T2 = 0.00 S = 3 N = 29 M = 3 P = 4
============================== a.out n=29 m=3 p=5 s=3 ===============
### Run  ./a.out 29 3 5 4 3
A:
 0.000e+00  1.000e+00  2.000e+00  3.000e+00 
 1.000e+00  0.000e+00  1.000e+00  2.000e+00 
 2.000e+00  1.000e+00  0.000e+00  1.000e+00 
 3.000e+00  2.000e+00  1.000e+00  0.000e+00 

b:
 2.100e+02  1.970e+02  1.840e+02  1.730e+02 

x:
 1.000e+00  0.000e+00  1.000e+00 -2.220e-15 

./a.out : Task = 9 Res1 = 5.790840e-16 Res2 = 2.672890e-12 T1 = 0.00 T2 = 0.00 S = 3 N = 29 M = 3 P = 5
============================== a.out n=29 m=3 p=6 s=3 ===============
### Run  ./a.out 29 3 6 4 3
A:
 0.000e+00  1.000e+00  2.000e+00  3.000e+00 
 1.000e+00  0.000e+00  1.000e+00  2.000e+00 
 2.000e+00  1.000e+00  0.000e+00  1.000e+00 
 3.000e+00  2.000e+00  1.000e+00  0.000e+00 

b:
 2.100e+02  1.970e+02  1.840e+02  1.730e+02 

x:
 1.000e+00  0.000e+00  1.000e+00 -2.220e-15 

./a.out : Task = 9 Res1 = 1.837094e-15 Res2 = 2.694207e-12 T1 = 0.00 T2 = 0.00 S = 3 N = 29 M = 3 P = 6
============================== a.out n=29 m=3 p=7 s=3 ===============
### Run  ./a.out 29 3 7 4 3
A:
 0.000e+00  1.000e+00  2.000e+00  3.000e+00 
 1.000e+00  0.000e+00  1.000e+00  2.000e+00 
 2.000e+00  1.000e+00  0.000e+00  1.000e+00 
 3.000e+00  2.000e+00  1.000e+00  0.000e+00 

b:
 2.100e+02  1.970e+02  1.840e+02  1.730e+02 

x:
 1.000e+00  0.000e+00  1.000e+00 -2.220e-15 

./a.out : Task = 9 Res1 = 7.388313e-16 Res2 = 2.671114e-12 T1 = 0.00 T2 = 0.00 S = 3 N = 29 M = 3 P = 7
============================== a.out n=29 m=3 p=8 s=3 ===============
### Run  ./a.out 29 3 8 4 3
A:
 0.000e+00  1.000e+00  2.000e+00  3.000e+00 
 1.000e+00  0.000e+00  1.000e+00  2.000e+00 
 2.000e+00  1.000e+00  0.000e+00  1.000e+00 
 3.000e+00  2.000e+00  1.000e+00  0.000e+00 

b:
 2.100e+02  1.970e+02  1.840e+02  1.730e+02 

x:
 1.000e+00  0.000e+00  1.000e+00 -2.220e-15 

./a.out : Task = 9 Res1 = 6.622857e-16 Res2 = 2.695983e-12 T1 = 0.00 T2 = 0.00 S = 3 N = 29 M = 3 P = 8
============================== a.out n=29 m=3 p=9 s=3 ===============
### Run  ./a.out 29 3 9 4 3
A:
 0.000e+00  1.000e+00  2.000e+00  3.000e+00 
 1.000e+00  0.000e+00  1.000e+00  2.000e+00 
 2.000e+00  1.000e+00  0.000e+00  1.000e+00 
 3.000e+00  2.000e+00  1.000e+00  0.000e+00 

b:
 2.100e+02  1.970e+02  1.840e+02  1.730e+02 

x:
 1.000e+00  0.000e+00  1.000e+00 -2.220e-15 

./a.out : Task = 9 Res1 = 1.427742e-15 Res2 = 2.701312e-12 T1 = 0.00 T2 = 0.00 S = 3 N = 29 M = 3 P = 9
============================== a.out n=29 m=3 p=10 s=3 ===============
### Run  ./a.out 29 3 10 4 3
A:
 0.000e+00  1.000e+00  2.000e+00  3.000e+00 
 1.000e+00  0.000e+00  1.000e+00  2.000e+00 
 2.000e+00  1.000e+00  0.000e+00  1.000e+00 
 3.000e+00  2.000e+00  1.000e+00  0.000e+00 

b:
 2.100e+02  1.970e+02  1.840e+02  1.730e+02 

x:
 1.000e+00  0.000e+00  1.000e+00 -2.220e-15 

./a.out : Task = 9 Res1 = 8.320173e-16 Res2 = 2.681772e-12 T1 = 0.00 T2 = 0.00 S = 3 N = 29 M = 3 P = 10
============================== a.out n=29 m=6 p=1 s=3 ===============
### Run  ./a.out 29 6 1 4 3
A:
 0.000e+00  1.000e+00  2.000e+00  3.000e+00 
 1.000e+00  0.000e+00  1.000e+00  2.000e+00 
 2.000e+00  1.000e+00  0.000e+00  1.000e+00 
 3.000e+00  2.000e+00  1.000e+00  0.000e+00 

b:
 2.100e+02  1.970e+02  1.840e+02  1.730e+02 

x:
 1.000e+00  8.882e-16  1.000e+00  1.998e-15 

./a.out : Task = 9 Res1 = 7.587997e-16 Res2 = 2.478167e-12 T1 = 0.00 T2 = 0.00 S = 3 N = 29 M = 6 P = 1
============================== a.out n=29 m=6 p=2 s=3 ===============
### Run  ./a.out 29 6 2 4 3
A:
 0.000e+00  1.000e+00  2.000e+00  3.000e+00 
 1.000e+00  0.000e+00  1.000e+00  2.000e+00 
 2.000e+00  1.000e+00  0.000e+00  1.000e+00 
 3.000e+00  2.000e+00  1.000e+00  0.000e+00 

b:
 2.100e+02  1.970e+02  1.840e+02  1.730e+02 

x:
 1.000e+00  8.882e-16  1.000e+00  1.998e-15 

./a.out : Task = 9 Res1 = 5.657717e-16 Res2 = 2.488825e-12 T1 = 0.00 T2 = 0.00 S = 3 N = 29 M = 6 P = 2
============================== a.out n=29 m=6 p=3 s=3 ===============
### Run  ./a.out 29 6 3 4 3
A:
 0.000e+00  1.000e+00  2.000e+00  3.000e+00 
 1.000e+00  0.000e+00  1.000e+00  2.000e+00 
 2.000e+00  1.000e+00  0.000e+00  1.000e+00 
 3.000e+00  2.000e+00  1.000e+00  0.000e+00 

b:
 2.100e+02  1.970e+02  1.840e+02  1.730e+02 

x:
 1.000e+00  8.882e-16  1.000e+00  1.998e-15 

./a.out : Task = 9 Res1 = 5.657717e-16 Res2 = 2.488825e-12 T1 = 0.00 T2 = 0.00 S = 3 N = 29 M = 6 P = 3
============================== a.out n=29 m=6 p=4 s=3 ===============
### Run  ./a.out 29 6 4 4 3
A:
 0.000e+00  1.000e+00  2.000e+00  3.000e+00 
 1.000e+00  0.000e+00  1.000e+00  2.000e+00 
 2.000e+00  1.000e+00  0.000e+00  1.000e+00 
 3.000e+00  2.000e+00  1.000e+00  0.000e+00 

b:
 2.100e+02  1.970e+02  1.840e+02  1.730e+02 

x:
 1.000e+00  8.882e-16  1.000e+00  1.998e-15 

./a.out : Task = 9 Res1 = 5.657717e-16 Res2 = 2.488825e-12 T1 = 0.00 T2 = 0.00 S = 3 N = 29 M = 6 P = 4
============================== a.out n=29 m=6 p=5 s=3 ===============
### Run  ./a.out 29 6 5 4 3
A:
 0.000e+00  1.000e+00  2.000e+00  3.000e+00 
 1.000e+00  0.000e+00  1.000e+00  2.000e+00 
 2.000e+00  1.000e+00  0.000e+00  1.000e+00 
 3.000e+00  2.000e+00  1.000e+00  0.000e+00 

b:
 2.100e+02  1.970e+02  1.840e+02  1.730e+02 

x:
 1.000e+00  8.882e-16  1.000e+00  1.998e-15 

./a.out : Task = 9 Res1 = 5.657717e-16 Res2 = 2.488825e-12 T1 = 0.00 T2 = 0.00 S = 3 N = 29 M = 6 P = 5
============================== a.out n=29 m=9 p=1 s=3 ===============
### Run  ./a.out 29 9 1 4 3
A:
 0.000e+00  1.000e+00  2.000e+00  3.000e+00 
 1.000e+00  0.000e+00  1.000e+00  2.000e+00 
 2.000e+00  1.000e+00  0.000e+00  1.000e+00 
 3.000e+00  2.000e+00  1.000e+00  0.000e+00 

b:
 2.100e+02  1.970e+02  1.840e+02  1.730e+02 

x:
 1.000e+00  0.000e+00  1.000e+00  0.000e+00 

./a.out : Task = 9 Res1 = 1.005077e-15 Res2 = 1.269187e-12 T1 = 0.00 T2 = 0.00 S = 3 N = 29 M = 9 P = 1
============================== a.out n=29 m=9 p=2 s=3 ===============
### Run  ./a.out 29 9 2 4 3
A:
 0.000e+00  1.000e+00  2.000e+00  3.000e+00 
 1.000e+00  0.000e+00  1.000e+00  2.000e+00 
 2.000e+00  1.000e+00  0.000e+00  1.000e+00 
 3.000e+00  2.000e+00  1.000e+00  0.000e+00 

b:
 2.100e+02  1.970e+02  1.840e+02  1.730e+02 

x:
 1.000e+00  0.000e+00  1.000e+00  0.000e+00 

./a.out : Task = 9 Res1 = 1.005077e-15 Res2 = 1.269187e-12 T1 = 0.00 T2 = 0.00 S = 3 N = 29 M = 9 P = 2
============================== a.out n=29 m=9 p=3 s=3 ===============
### Run  ./a.out 29 9 3 4 3
A:
 0.000e+00  1.000e+00  2.000e+00  3.000e+00 
 1.000e+00  0.000e+00  1.000e+00  2.000e+00 
 2.000e+00  1.000e+00  0.000e+00  1.000e+00 
 3.000e+00  2.000e+00  1.000e+00  0.000e+00 

b:
 2.100e+02  1.970e+02  1.840e+02  1.730e+02 

x:
 1.000e+00  0.000e+00  1.000e+00  0.000e+00 

./a.out : Task = 9 Res1 = 1.005077e-15 Res2 = 1.269187e-12 T1 = 0.00 T2 = 0.00 S = 3 N = 29 M = 9 P = 3
============================== a.out n=29 m=9 p=4 s=3 ===============
### Run  ./a.out 29 9 4 4 3
A:
 0.000e+00  1.000e+00  2.000e+00  3.000e+00 
 1.000e+00  0.000e+00  1.000e+00  2.000e+00 
 2.000e+00  1.000e+00  0.000e+00  1.000e+00 
 3.000e+00  2.000e+00  1.000e+00  0.000e+00 

b:
 2.100e+02  1.970e+02  1.840e+02  1.730e+02 

x:
 1.000e+00  0.000e+00  1.000e+00  0.000e+00 

./a.out : Task = 9 Res1 = 1.005077e-15 Res2 = 1.269187e-12 T1 = 0.00 T2 = 0.00 S = 3 N = 29 M = 9 P = 4
============================== a.out n=29 m=12 p=1 s=3 ===============
### Run  ./a.out 29 12 1 4 3
A:
 0.000e+00  1.000e+00  2.000e+00  3.000e+00 
 1.000e+00  0.000e+00  1.000e+00  2.000e+00 
 2.000e+00  1.000e+00  0.000e+00  1.000e+00 
 3.000e+00  2.000e+00  1.000e+00  0.000e+00 

b:
 2.100e+02  1.970e+02  1.840e+02  1.730e+02 

x:
 1.000e+00  2.665e-14  1.000e+00  2.975e-14 

./a.out : Task = 9 Res1 = 9.551558e-16 Res2 = 2.403926e-12 T1 = 0.00 T2 = 0.00 S = 3 N = 29 M = 12 P = 1
============================== a.out n=29 m=12 p=2 s=3 ===============
### Run  ./a.out 29 12 2 4 3
A:
 0.000e+00  1.000e+00  2.000e+00  3.000e+00 
 1.000e+00  0.000e+00  1.000e+00  2.000e+00 
 2.000e+00  1.000e+00  0.000e+00  1.000e+00 
 3.000e+00  2.000e+00  1.000e+00  0.000e+00 

b:
 2.100e+02  1.970e+02  1.840e+02  1.730e+02 

x:
 1.000e+00  2.665e-14  1.000e+00  2.975e-14 

./a.out : Task = 9 Res1 = 9.551558e-16 Res2 = 2.403926e-12 T1 = 0.00 T2 = 0.00 S = 3 N = 29 M = 12 P = 2
============================== a.out n=29 m=12 p=3 s=3 ===============
### Run  ./a.out 29 12 3 4 3
A:
 0.000e+00  1.000e+00  2.000e+00  3.000e+00 
 1.000e+00  0.000e+00  1.000e+00  2.000e+00 
 2.000e+00  1.000e+00  0.000e+00  1.000e+00 
 3.000e+00  2.000e+00  1.000e+00  0.000e+00 

b:
 2.100e+02  1.970e+02  1.840e+02  1.730e+02 

x:
 1.000e+00  2.665e-14  1.000e+00  2.975e-14 

./a.out : Task = 9 Res1 = 9.551558e-16 Res2 = 2.403926e-12 T1 = 0.00 T2 = 0.00 S = 3 N = 29 M = 12 P = 3
============================== a.out n=29 m=15 p=1 s=3 ===============
### Run  ./a.out 29 15 1 4 3
A:
 0.000e+00  1.000e+00  2.000e+00  3.000e+00 
 1.000e+00  0.000e+00  1.000e+00  2.000e+00 
 2.000e+00  1.000e+00  0.000e+00  1.000e+00 
 3.000e+00  2.000e+00  1.000e+00  0.000e+00 

b:
 2.100e+02  1.970e+02  1.840e+02  1.730e+02 

x:
 1.000e+00 -1.750e-13  1.000e+00 -1.261e-13 

./a.out : Task = 9 Res1 = 1.131543e-15 Res2 = 3.662515e-12 T1 = 0.00 T2 = 0.00 S = 3 N = 29 M = 15 P = 1
============================== a.out n=29 m=15 p=2 s=3 ===============
### Run  ./a.out 29 15 2 4 3
A:
 0.000e+00  1.000e+00  2.000e+00  3.000e+00 
 1.000e+00  0.000e+00  1.000e+00  2.000e+00 
 2.000e+00  1.000e+00  0.000e+00  1.000e+00 
 3.000e+00  2.000e+00  1.000e+00  0.000e+00 

b:
 2.100e+02  1.970e+02  1.840e+02  1.730e+02 

x:
 1.000e+00 -1.750e-13  1.000e+00 -1.261e-13 

./a.out : Task = 9 Res1 = 1.131543e-15 Res2 = 3.662515e-12 T1 = 0.00 T2 = 0.00 S = 3 N = 29 M = 15 P = 2
============================== a.out n=29 m=18 p=1 s=3 ===============
### Run  ./a.out 29 18 1 4 3
A:
 0.000e+00  1.000e+00  2.000e+00  3.000e+00 
 1.000e+00  0.000e+00  1.000e+00  2.000e+00 
 2.000e+00  1.000e+00  0.000e+00  1.000e+00 
 3.000e+00  2.000e+00  1.000e+00  0.000e+00 

b:
 2.100e+02  1.970e+02  1.840e+02  1.730e+02 

x:
 1.000e+00  2.225e-13  1.000e+00  8.227e-14 

./a.out : Task = 9 Res1 = 2.905404e-15 Res2 = 2.655190e-12 T1 = 0.00 T2 = 0.00 S = 3 N = 29 M = 18 P = 1
============================== a.out n=29 m=18 p=2 s=3 ===============
### Run  ./a.out 29 18 2 4 3
A:
 0.000e+00  1.000e+00  2.000e+00  3.000e+00 
 1.000e+00  0.000e+00  1.000e+00  2.000e+00 
 2.000e+00  1.000e+00  0.000e+00  1.000e+00 
 3.000e+00  2.000e+00  1.000e+00  0.000e+00 

b:
 2.100e+02  1.970e+02  1.840e+02  1.730e+02 

x:
 1.000e+00  2.225e-13  1.000e+00  8.227e-14 

./a.out : Task = 9 Res1 = 2.905404e-15 Res2 = 2.655190e-12 T1 = 0.00 T2 = 0.00 S = 3 N = 29 M = 18 P = 2
============================== a.out n=29 m=21 p=1 s=3 ===============
### Run  ./a.out 29 21 1 4 3
A:
 0.000e+00  1.000e+00  2.000e+00  3.000e+00 
 1.000e+00  0.000e+00  1.000e+00  2.000e+00 
 2.000e+00  1.000e+00  0.000e+00  1.000e+00 
 3.000e+00  2.000e+00  1.000e+00  0.000e+00 

b:
 2.100e+02  1.970e+02  1.840e+02  1.730e+02 

x:
 1.000e+00  2.884e-13  1.000e+00 -2.487e-13 

./a.out : Task = 9 Res1 = 1.664035e-15 Res2 = 3.752665e-12 T1 = 0.00 T2 = 0.00 S = 3 N = 29 M = 21 P = 1
============================== a.out n=29 m=21 p=2 s=3 ===============
### Run  ./a.out 29 21 2 4 3
A:
 0.000e+00  1.000e+00  2.000e+00  3.000e+00 
 1.000e+00  0.000e+00  1.000e+00  2.000e+00 
 2.000e+00  1.000e+00  0.000e+00  1.000e+00 
 3.000e+00  2.000e+00  1.000e+00  0.000e+00 

b:
 2.100e+02  1.970e+02  1.840e+02  1.730e+02 

x:
 1.000e+00  2.884e-13  1.000e+00 -2.487e-13 

./a.out : Task = 9 Res1 = 1.664035e-15 Res2 = 3.752665e-12 T1 = 0.00 T2 = 0.00 S = 3 N = 29 M = 21 P = 2
============================== a.out n=29 m=24 p=1 s=3 ===============
### Run  ./a.out 29 24 1 4 3
A:
 0.000e+00  1.000e+00  2.000e+00  3.000e+00 
 1.000e+00  0.000e+00  1.000e+00  2.000e+00 
 2.000e+00  1.000e+00  0.000e+00  1.000e+00 
 3.000e+00  2.000e+00  1.000e+00  0.000e+00 

b:
 2.100e+02  1.970e+02  1.840e+02  1.730e+02 

x:
 1.000e+00  2.198e-13  1.000e+00 -3.437e-13 

./a.out : Task = 9 Res1 = 1.427742e-15 Res2 = 5.752669e-12 T1 = 0.00 T2 = 0.00 S = 3 N = 29 M = 24 P = 1
============================== a.out n=29 m=24 p=2 s=3 ===============
### Run  ./a.out 29 24 2 4 3
A:
 0.000e+00  1.000e+00  2.000e+00  3.000e+00 
 1.000e+00  0.000e+00  1.000e+00  2.000e+00 
 2.000e+00  1.000e+00  0.000e+00  1.000e+00 
 3.000e+00  2.000e+00  1.000e+00  0.000e+00 

b:
 2.100e+02  1.970e+02  1.840e+02  1.730e+02 

x:
 1.000e+00  2.198e-13  1.000e+00 -3.437e-13 

./a.out : Task = 9 Res1 = 1.427742e-15 Res2 = 5.752669e-12 T1 = 0.00 T2 = 0.00 S = 3 N = 29 M = 24 P = 2
============================== a.out n=29 m=27 p=1 s=3 ===============
### Run  ./a.out 29 27 1 4 3
A:
 0.000e+00  1.000e+00  2.000e+00  3.000e+00 
 1.000e+00  0.000e+00  1.000e+00  2.000e+00 
 2.000e+00  1.000e+00  0.000e+00  1.000e+00 
 3.000e+00  2.000e+00  1.000e+00  0.000e+00 

b:
 2.100e+02  1.970e+02  1.840e+02  1.730e+02 

x:
 1.000e+00  2.527e-13  1.000e+00  1.171e-12 

./a.out : Task = 9 Res1 = 4.133462e-15 Res2 = 8.064660e-12 T1 = 0.00 T2 = 0.00 S = 3 N = 29 M = 27 P = 1
============================== a.out n=29 m=27 p=2 s=3 ===============
### Run  ./a.out 29 27 2 4 3
A:
 0.000e+00  1.000e+00  2.000e+00  3.000e+00 
 1.000e+00  0.000e+00  1.000e+00  2.000e+00 
 2.000e+00  1.000e+00  0.000e+00  1.000e+00 
 3.000e+00  2.000e+00  1.000e+00  0.000e+00 

b:
 2.100e+02  1.970e+02  1.840e+02  1.730e+02 

x:
 1.000e+00  2.527e-13  1.000e+00  1.171e-12 

./a.out : Task = 9 Res1 = 4.133462e-15 Res2 = 8.064660e-12 T1 = 0.00 T2 = 0.00 S = 3 N = 29 M = 27 P = 2
============================== a.out n=30 m=3 p=1 s=3 ===============
### Run  ./a.out 30 3 1 4 3
A:
 0.000e+00  1.000e+00  2.000e+00  3.000e+00 
 1.000e+00  0.000e+00  1.000e+00  2.000e+00 
 2.000e+00  1.000e+00  0.000e+00  1.000e+00 
 3.000e+00  2.000e+00  1.000e+00  0.000e+00 

b:
 2.100e+02  1.970e+02  1.840e+02  1.730e+02 

x:
 1.000e+00  0.000e+00  1.000e+00 -2.220e-15 

./a.out : Task = 9 Res1 = 6.860413e-16 Res2 = 2.956441e-12 T1 = 0.00 T2 = 0.00 S = 3 N = 30 M = 3 P = 1
============================== a.out n=30 m=3 p=2 s=3 ===============
### Run  ./a.out 30 3 2 4 3
A:
 0.000e+00  1.000e+00  2.000e+00  3.000e+00 
 1.000e+00  0.000e+00  1.000e+00  2.000e+00 
 2.000e+00  1.000e+00  0.000e+00  1.000e+00 
 3.000e+00  2.000e+00  1.000e+00  0.000e+00 

b:
 2.100e+02  1.970e+02  1.840e+02  1.730e+02 

x:
 1.000e+00  0.000e+00  1.000e+00 -2.220e-15 

./a.out : Task = 9 Res1 = 1.223493e-15 Res2 = 2.970652e-12 T1 = 0.00 T2 = 0.00 S = 3 N = 30 M = 3 P = 2
============================== a.out n=30 m=3 p=3 s=3 ===============
### Run  ./a.out 30 3 3 4 3
A:
 0.000e+00  1.000e+00  2.000e+00  3.000e+00 
 1.000e+00  0.000e+00  1.000e+00  2.000e+00 
 2.000e+00  1.000e+00  0.000e+00  1.000e+00 
 3.000e+00  2.000e+00  1.000e+00  0.000e+00 

b:
 2.100e+02  1.970e+02  1.840e+02  1.730e+02 

x:
 1.000e+00  0.000e+00  1.000e+00 -2.220e-15 

./a.out : Task = 9 Res1 = 2.121353e-15 Res2 = 2.997298e-12 T1 = 0.00 T2 = 0.00 S = 3 N = 30 M = 3 P = 3
============================== a.out n=30 m=3 p=4 s=3 ===============
### Run  ./a.out 30 3 4 4 3
A:
 0.000e+00  1.000e+00  2.000e+00  3.000e+00 
 1.000e+00  0.000e+00  1.000e+00  2.000e+00 
 2.000e+00  1.000e+00  0.000e+00  1.000e+00 
 3.000e+00  2.000e+00  1.000e+00  0.000e+00 

b:
 2.100e+02  1.970e+02  1.840e+02  1.730e+02 

x:
 1.000e+00  0.000e+00  1.000e+00 -2.220e-15 

./a.out : Task = 9 Res1 = 1.836820e-15 Res2 = 2.991969e-12 T1 = 0.00 T2 = 0.00 S = 3 N = 30 M = 3 P = 4
============================== a.out n=30 m=3 p=5 s=3 ===============
### Run  ./a.out 30 3 5 4 3
A:
 0.000e+00  1.000e+00  2.000e+00  3.000e+00 
 1.000e+00  0.000e+00  1.000e+00  2.000e+00 
 2.000e+00  1.000e+00  0.000e+00  1.000e+00 
 3.000e+00  2.000e+00  1.000e+00  0.000e+00 

b:
 2.100e+02  1.970e+02  1.840e+02  1.730e+02 

x:
 1.000e+00  0.000e+00  1.000e+00 -2.220e-15 

./a.out : Task = 9 Res1 = 6.544265e-16 Res2 = 2.984863e-12 T1 = 0.00 T2 = 0.00 S = 3 N = 30 M = 3 P = 5
============================== a.out n=30 m=3 p=6 s=3 ===============
### Run  ./a.out 30 3 6 4 3
A:
 0.000e+00  1.000e+00  2.000e+00  3.000e+00 
 1.000e+00  0.000e+00  1.000e+00  2.000e+00 
 2.000e+00  1.000e+00  0.000e+00  1.000e+00 
 3.000e+00  2.000e+00  1.000e+00  0.000e+00 

b:
 2.100e+02  1.970e+02  1.840e+02  1.730e+02 

x:
 1.000e+00  0.000e+00  1.000e+00 -2.220e-15 

./a.out : Task = 9 Res1 = 6.955257e-16 Res2 = 2.961771e-12 T1 = 0.00 T2 = 0.00 S = 3 N = 30 M = 3 P = 6
============================== a.out n=30 m=3 p=7 s=3 ===============
### Run  ./a.out 30 3 7 4 3
A:
 0.000e+00  1.000e+00  2.000e+00  3.000e+00 
 1.000e+00  0.000e+00  1.000e+00  2.000e+00 
 2.000e+00  1.000e+00  0.000e+00  1.000e+00 
 3.000e+00  2.000e+00  1.000e+00  0.000e+00 

b:
 2.100e+02  1.970e+02  1.840e+02  1.730e+02 

x:
 1.000e+00  0.000e+00  1.000e+00 -2.220e-15 

./a.out : Task = 9 Res1 = 1.251946e-15 Res2 = 2.974205e-12 T1 = 0.00 T2 = 0.00 S = 3 N = 30 M = 3 P = 7
============================== a.out n=30 m=3 p=8 s=3 ===============
### Run  ./a.out 30 3 8 4 3
A:
 0.000e+00  1.000e+00  2.000e+00  3.000e+00 
 1.000e+00  0.000e+00  1.000e+00  2.000e+00 
 2.000e+00  1.000e+00  0.000e+00  1.000e+00 
 3.000e+00  2.000e+00  1.000e+00  0.000e+00 

b:
 2.100e+02  1.970e+02  1.840e+02  1.730e+02 

x:
 1.000e+00  0.000e+00  1.000e+00 -2.220e-15 

./a.out : Task = 9 Res1 = 1.033804e-15 Res2 = 2.983087e-12 T1 = 0.00 T2 = 0.00 S = 3 N = 30 M = 3 P = 8
============================== a.out n=30 m=3 p=9 s=3 ===============
### Run  ./a.out 30 3 9 4 3
A:
 0.000e+00  1.000e+00  2.000e+00  3.000e+00 
 1.000e+00  0.000e+00  1.000e+00  2.000e+00 
 2.000e+00  1.000e+00  0.000e+00  1.000e+00 
 3.000e+00  2.000e+00  1.000e+00  0.000e+00 

b:
 2.100e+02  1.970e+02  1.840e+02  1.730e+02 

x:
 1.000e+00  0.000e+00  1.000e+00 -2.220e-15 

./a.out : Task = 9 Res1 = 1.571256e-15 Res2 = 3.002627e-12 T1 = 0.00 T2 = 0.00 S = 3 N = 30 M = 3 P = 9
============================== a.out n=30 m=3 p=10 s=3 ===============
### Run  ./a.out 30 3 10 4 3
A:
 0.000e+00  1.000e+00  2.000e+00  3.000e+00 
 1.000e+00  0.000e+00  1.000e+00  2.000e+00 
 2.000e+00  1.000e+00  0.000e+00  1.000e+00 
 3.000e+00  2.000e+00  1.000e+00  0.000e+00 

b:
 2.100e+02  1.970e+02  1.840e+02  1.730e+02 

x:
 1.000e+00  0.000e+00  1.000e+00 -2.220e-15 

./a.out : Task = 9 Res1 = 6.860413e-16 Res2 = 2.956441e-12 T1 = 0.00 T2 = 0.00 S = 3 N = 30 M = 3 P = 10
============================== a.out n=30 m=3 p=11 s=3 ===============
### Run  ./a.out 30 3 11 4 3
A:
 0.000e+00  1.000e+00  2.000e+00  3.000e+00 
 1.000e+00  0.000e+00  1.000e+00  2.000e+00 
 2.000e+00  1.000e+00  0.000e+00  1.000e+00 
 3.000e+00  2.000e+00  1.000e+00  0.000e+00 

b:
 2.100e+02  1.970e+02  1.840e+02  1.730e+02 

x:
 1.000e+00  0.000e+00  1.000e+00 -2.220e-15 

./a.out : Task = 9 Res1 = 1.223493e-15 Res2 = 2.970652e-12 T1 = 0.00 T2 = 0.00 S = 3 N = 30 M = 3 P = 11
============================== a.out n=30 m=6 p=1 s=3 ===============
### Run  ./a.out 30 6 1 4 3
A:
 0.000e+00  1.000e+00  2.000e+00  3.000e+00 
 1.000e+00  0.000e+00  1.000e+00  2.000e+00 
 2.000e+00  1.000e+00  0.000e+00  1.000e+00 
 3.000e+00  2.000e+00  1.000e+00  0.000e+00 

b:
 2.100e+02  1.970e+02  1.840e+02  1.730e+02 

x:
 1.000e+00  8.882e-16  1.000e+00  1.998e-15 

./a.out : Task = 9 Res1 = 5.279672e-16 Res2 = 2.664689e-12 T1 = 0.00 T2 = 0.00 S = 3 N = 30 M = 6 P = 1
============================== a.out n=30 m=6 p=2 s=3 ===============
### Run  ./a.out 30 6 2 4 3
A:
 0.000e+00  1.000e+00  2.000e+00  3.000e+00 
 1.000e+00  0.000e+00  1.000e+00  2.000e+00 
 2.000e+00  1.000e+00  0.000e+00  1.000e+00 
 3.000e+00  2.000e+00  1.000e+00  0.000e+00 

b:
 2.100e+02  1.970e+02  1.840e+02  1.730e+02 

x:
 1.000e+00  8.882e-16  1.000e+00  1.998e-15 

./a.out : Task = 9 Res1 = 5.279672e-16 Res2 = 2.664689e-12 T1 = 0.00 T2 = 0.00 S = 3 N = 30 M = 6 P = 2
============================== a.out n=30 m=6 p=3 s=3 ===============
### Run  ./a.out 30 6 3 4 3
A:
 0.000e+00  1.000e+00  2.000e+00  3.000e+00 
 1.000e+00  0.000e+00  1.000e+00  2.000e+00 
 2.000e+00  1.000e+00  0.000e+00  1.000e+00 
 3.000e+00  2.000e+00  1.000e+00  0.000e+00 

b:
 2.100e+02  1.970e+02  1.840e+02  1.730e+02 

x:
 1.000e+00  8.882e-16  1.000e+00  1.998e-15 

./a.out : Task = 9 Res1 = 5.279672e-16 Res2 = 2.664689e-12 T1 = 0.00 T2 = 0.00 S = 3 N = 30 M = 6 P = 3
============================== a.out n=30 m=6 p=4 s=3 ===============
### Run  ./a.out 30 6 4 4 3
A:
 0.000e+00  1.000e+00  2.000e+00  3.000e+00 
 1.000e+00  0.000e+00  1.000e+00  2.000e+00 
 2.000e+00  1.000e+00  0.000e+00  1.000e+00 
 3.000e+00  2.000e+00  1.000e+00  0.000e+00 

b:
 2.100e+02  1.970e+02  1.840e+02  1.730e+02 

x:
 1.000e+00  8.882e-16  1.000e+00  1.998e-15 

./a.out : Task = 9 Res1 = 7.524324e-16 Res2 = 2.657583e-12 T1 = 0.00 T2 = 0.00 S = 3 N = 30 M = 6 P = 4
============================== a.out n=30 m=6 p=5 s=3 ===============
### Run  ./a.out 30 6 5 4 3
A:
 0.000e+00  1.000e+00  2.000e+00  3.000e+00 
 1.000e+00  0.000e+00  1.000e+00  2.000e+00 
 2.000e+00  1.000e+00  0.000e+00  1.000e+00 
 3.000e+00  2.000e+00  1.000e+00  0.000e+00 

b:
 2.100e+02  1.970e+02  1.840e+02  1.730e+02 

x:
 1.000e+00  8.882e-16  1.000e+00  1.998e-15 

./a.out : Task = 9 Res1 = 5.279672e-16 Res2 = 2.664689e-12 T1 = 0.00 T2 = 0.00 S = 3 N = 30 M = 6 P = 5
============================== a.out n=30 m=6 p=6 s=3 ===============
### Run  ./a.out 30 6 6 4 3
A:
 0.000e+00  1.000e+00  2.000e+00  3.000e+00 
 1.000e+00  0.000e+00  1.000e+00  2.000e+00 
 2.000e+00  1.000e+00  0.000e+00  1.000e+00 
 3.000e+00  2.000e+00  1.000e+00  0.000e+00 

b:
 2.100e+02  1.970e+02  1.840e+02  1.730e+02 

x:
 1.000e+00  8.882e-16  1.000e+00  1.998e-15 

./a.out : Task = 9 Res1 = 5.279672e-16 Res2 = 2.664689e-12 T1 = 0.00 T2 = 0.00 S = 3 N = 30 M = 6 P = 6
============================== a.out n=30 m=9 p=1 s=3 ===============
### Run  ./a.out 30 9 1 4 3
A:
 0.000e+00  1.000e+00  2.000e+00  3.000e+00 
 1.000e+00  0.000e+00  1.000e+00  2.000e+00 
 2.000e+00  1.000e+00  0.000e+00  1.000e+00 
 3.000e+00  2.000e+00  1.000e+00  0.000e+00 

b:
 2.100e+02  1.970e+02  1.840e+02  1.730e+02 

x:
 1.000e+00  0.000e+00  1.000e+00  0.000e+00 

./a.out : Task = 9 Res1 = 1.084388e-15 Res2 = 1.296482e-12 T1 = 0.00 T2 = 0.00 S = 3 N = 30 M = 9 P = 1
============================== a.out n=30 m=9 p=2 s=3 ===============
### Run  ./a.out 30 9 2 4 3
A:
 0.000e+00  1.000e+00  2.000e+00  3.000e+00 
 1.000e+00  0.000e+00  1.000e+00  2.000e+00 
 2.000e+00  1.000e+00  0.000e+00  1.000e+00 
 3.000e+00  2.000e+00  1.000e+00  0.000e+00 

b:
 2.100e+02  1.970e+02  1.840e+02  1.730e+02 

x:
 1.000e+00  0.000e+00  1.000e+00  0.000e+00 

./a.out : Task = 9 Res1 = 1.169748e-15 Res2 = 1.292929e-12 T1 = 0.00 T2 = 0.00 S = 3 N = 30 M = 9 P = 2
============================== a.out n=30 m=9 p=3 s=3 ===============
### Run  ./a.out 30 9 3 4 3
A:
 0.000e+00  1.000e+00  2.000e+00  3.000e+00 
 1.000e+00  0.000e+00  1.000e+00  2.000e+00 
 2.000e+00  1.000e+00  0.000e+00  1.000e+00 
 3.000e+00  2.000e+00  1.000e+00  0.000e+00 

b:
 2.100e+02  1.970e+02  1.840e+02  1.730e+02 

x:
 1.000e+00  0.000e+00  1.000e+00  0.000e+00 

./a.out : Task = 9 Res1 = 1.169748e-15 Res2 = 1.292929e-12 T1 = 0.00 T2 = 0.00 S = 3 N = 30 M = 9 P = 3
============================== a.out n=30 m=9 p=4 s=3 ===============
### Run  ./a.out 30 9 4 4 3
A:
 0.000e+00  1.000e+00  2.000e+00  3.000e+00 
 1.000e+00  0.000e+00  1.000e+00  2.000e+00 
 2.000e+00  1.000e+00  0.000e+00  1.000e+00 
 3.000e+00  2.000e+00  1.000e+00  0.000e+00 

b:
 2.100e+02  1.970e+02  1.840e+02  1.730e+02 

x:
 1.000e+00  0.000e+00  1.000e+00  0.000e+00 

./a.out : Task = 9 Res1 = 1.169748e-15 Res2 = 1.292929e-12 T1 = 0.00 T2 = 0.00 S = 3 N = 30 M = 9 P = 4
============================== a.out n=30 m=12 p=1 s=3 ===============
### Run  ./a.out 30 12 1 4 3
A:
 0.000e+00  1.000e+00  2.000e+00  3.000e+00 
 1.000e+00  0.000e+00  1.000e+00  2.000e+00 
 2.000e+00  1.000e+00  0.000e+00  1.000e+00 
 3.000e+00  2.000e+00  1.000e+00  0.000e+00 

b:
 2.100e+02  1.970e+02  1.840e+02  1.730e+02 

x:
 1.000e+00  2.665e-14  1.000e+00  2.975e-14 

./a.out : Task = 9 Res1 = 9.516056e-16 Res2 = 2.481517e-12 T1 = 0.00 T2 = 0.00 S = 3 N = 30 M = 12 P = 1
============================== a.out n=30 m=12 p=2 s=3 ===============
### Run  ./a.out 30 12 2 4 3
A:
 0.000e+00  1.000e+00  2.000e+00  3.000e+00 
 1.000e+00  0.000e+00  1.000e+00  2.000e+00 
 2.000e+00  1.000e+00  0.000e+00  1.000e+00 
 3.000e+00  2.000e+00  1.000e+00  0.000e+00 

b:
 2.100e+02  1.970e+02  1.840e+02  1.730e+02 

x:
 1.000e+00  2.665e-14  1.000e+00  2.975e-14 

./a.out : Task = 9 Res1 = 9.516056e-16 Res2 = 2.481517e-12 T1 = 0.00 T2 = 0.00 S = 3 N = 30 M = 12 P = 2
============================== a.out n=30 m=12 p=3 s=3 ===============
### Run  ./a.out 30 12 3 4 3
A:
 0.000e+00  1.000e+00  2.000e+00  3.000e+00 
 1.000e+00  0.000e+00  1.000e+00  2.000e+00 
 2.000e+00  1.000e+00  0.000e+00  1.000e+00 
 3.000e+00  2.000e+00  1.000e+00  0.000e+00 

b:
 2.100e+02  1.970e+02  1.840e+02  1.730e+02 

x:
 1.000e+00  2.665e-14  1.000e+00  2.975e-14 

./a.out : Task = 9 Res1 = 9.516056e-16 Res2 = 2.481517e-12 T1 = 0.00 T2 = 0.00 S = 3 N = 30 M = 12 P = 3
============================== a.out n=30 m=15 p=1 s=3 ===============
### Run  ./a.out 30 15 1 4 3
A:
 0.000e+00  1.000e+00  2.000e+00  3.000e+00 
 1.000e+00  0.000e+00  1.000e+00  2.000e+00 
 2.000e+00  1.000e+00  0.000e+00  1.000e+00 
 3.000e+00  2.000e+00  1.000e+00  0.000e+00 

b:
 2.100e+02  1.970e+02  1.840e+02  1.730e+02 

x:
 1.000e+00 -1.750e-13  1.000e+00 -1.261e-13 

./a.out : Task = 9 Res1 = 2.943338e-15 Res2 = 3.960943e-12 T1 = 0.00 T2 = 0.00 S = 3 N = 30 M = 15 P = 1
============================== a.out n=30 m=15 p=2 s=3 ===============
### Run  ./a.out 30 15 2 4 3
A:
 0.000e+00  1.000e+00  2.000e+00  3.000e+00 
 1.000e+00  0.000e+00  1.000e+00  2.000e+00 
 2.000e+00  1.000e+00  0.000e+00  1.000e+00 
 3.000e+00  2.000e+00  1.000e+00  0.000e+00 

b:
 2.100e+02  1.970e+02  1.840e+02  1.730e+02 

x:
 1.000e+00 -1.750e-13  1.000e+00 -1.261e-13 

./a.out : Task = 9 Res1 = 2.943338e-15 Res2 = 3.960943e-12 T1 = 0.00 T2 = 0.00 S = 3 N = 30 M = 15 P = 2
============================== a.out n=30 m=15 p=3 s=3 ===============
### Run  ./a.out 30 15 3 4 3
A:
 0.000e+00  1.000e+00  2.000e+00  3.000e+00 
 1.000e+00  0.000e+00  1.000e+00  2.000e+00 
 2.000e+00  1.000e+00  0.000e+00  1.000e+00 
 3.000e+00  2.000e+00  1.000e+00  0.000e+00 

b:
 2.100e+02  1.970e+02  1.840e+02  1.730e+02 

x:
 1.000e+00 -1.750e-13  1.000e+00 -1.261e-13 

./a.out : Task = 9 Res1 = 2.943338e-15 Res2 = 3.960943e-12 T1 = 0.00 T2 = 0.00 S = 3 N = 30 M = 15 P = 3
============================== a.out n=30 m=18 p=1 s=3 ===============
### Run  ./a.out 30 18 1 4 3
A:
 0.000e+00  1.000e+00  2.000e+00  3.000e+00 
 1.000e+00  0.000e+00  1.000e+00  2.000e+00 
 2.000e+00  1.000e+00  0.000e+00  1.000e+00 
 3.000e+00  2.000e+00  1.000e+00  0.000e+00 

b:
 2.100e+02  1.970e+02  1.840e+02  1.730e+02 

x:
 1.000e+00  2.225e-13  1.000e+00  8.227e-14 

./a.out : Task = 9 Res1 = 2.636675e-15 Res2 = 3.002631e-12 T1 = 0.00 T2 = 0.00 S = 3 N = 30 M = 18 P = 1
============================== a.out n=30 m=18 p=2 s=3 ===============
### Run  ./a.out 30 18 2 4 3
A:
 0.000e+00  1.000e+00  2.000e+00  3.000e+00 
 1.000e+00  0.000e+00  1.000e+00  2.000e+00 
 2.000e+00  1.000e+00  0.000e+00  1.000e+00 
 3.000e+00  2.000e+00  1.000e+00  0.000e+00 

b:
 2.100e+02  1.970e+02  1.840e+02  1.730e+02 

x:
 1.000e+00  2.225e-13  1.000e+00  8.227e-14 

./a.out : Task = 9 Res1 = 2.636675e-15 Res2 = 3.002631e-12 T1 = 0.00 T2 = 0.00 S = 3 N = 30 M = 18 P = 2
============================== a.out n=30 m=21 p=1 s=3 ===============
### Run  ./a.out 30 21 1 4 3
A:
 0.000e+00  1.000e+00  2.000e+00  3.000e+00 
 1.000e+00  0.000e+00  1.000e+00  2.000e+00 
 2.000e+00  1.000e+00  0.000e+00  1.000e+00 
 3.000e+00  2.000e+00  1.000e+00  0.000e+00 

b:
 2.100e+02  1.970e+02  1.840e+02  1.730e+02 

x:
 1.000e+00  2.884e-13  1.000e+00 -2.487e-13 

./a.out : Task = 9 Res1 = 1.675585e-15 Res2 = 3.980594e-12 T1 = 0.00 T2 = 0.00 S = 3 N = 30 M = 21 P = 1
============================== a.out n=30 m=21 p=2 s=3 ===============
### Run  ./a.out 30 21 2 4 3
A:
 0.000e+00  1.000e+00  2.000e+00  3.000e+00 
 1.000e+00  0.000e+00  1.000e+00  2.000e+00 
 2.000e+00  1.000e+00  0.000e+00  1.000e+00 
 3.000e+00  2.000e+00  1.000e+00  0.000e+00 

b:
 2.100e+02  1.970e+02  1.840e+02  1.730e+02 

x:
 1.000e+00  2.884e-13  1.000e+00 -2.487e-13 

./a.out : Task = 9 Res1 = 1.675585e-15 Res2 = 3.980594e-12 T1 = 0.00 T2 = 0.00 S = 3 N = 30 M = 21 P = 2
============================== a.out n=30 m=24 p=1 s=3 ===============
### Run  ./a.out 30 24 1 4 3
A:
 0.000e+00  1.000e+00  2.000e+00  3.000e+00 
 1.000e+00  0.000e+00  1.000e+00  2.000e+00 
 2.000e+00  1.000e+00  0.000e+00  1.000e+00 
 3.000e+00  2.000e+00  1.000e+00  0.000e+00 

b:
 2.100e+02  1.970e+02  1.840e+02  1.730e+02 

x:
 1.000e+00  2.198e-13  1.000e+00 -3.437e-13 

./a.out : Task = 9 Res1 = 1.372083e-15 Res2 = 5.747036e-12 T1 = 0.00 T2 = 0.00 S = 3 N = 30 M = 24 P = 1
============================== a.out n=30 m=24 p=2 s=3 ===============
### Run  ./a.out 30 24 2 4 3
A:
 0.000e+00  1.000e+00  2.000e+00  3.000e+00 
 1.000e+00  0.000e+00  1.000e+00  2.000e+00 
 2.000e+00  1.000e+00  0.000e+00  1.000e+00 
 3.000e+00  2.000e+00  1.000e+00  0.000e+00 

b:
 2.100e+02  1.970e+02  1.840e+02  1.730e+02 

x:
 1.000e+00  2.198e-13  1.000e+00 -3.437e-13 

./a.out : Task = 9 Res1 = 1.372083e-15 Res2 = 5.747036e-12 T1 = 0.00 T2 = 0.00 S = 3 N = 30 M = 24 P = 2
============================== a.out n=30 m=27 p=1 s=3 ===============
### Run  ./a.out 30 27 1 4 3
A:
 0.000e+00  1.000e+00  2.000e+00  3.000e+00 
 1.000e+00  0.000e+00  1.000e+00  2.000e+00 
 2.000e+00  1.000e+00  0.000e+00  1.000e+00 
 3.000e+00  2.000e+00  1.000e+00  0.000e+00 

b:
 2.100e+02  1.970e+02  1.840e+02  1.730e+02 

x:
 1.000e+00  2.527e-13  1.000e+00  1.171e-12 

./a.out : Task = 9 Res1 = 3.961335e-15 Res2 = 8.065147e-12 T1 = 0.00 T2 = 0.00 S = 3 N = 30 M = 27 P = 1
============================== a.out n=30 m=27 p=2 s=3 ===============
### Run  ./a.out 30 27 2 4 3
A:
 0.000e+00  1.000e+00  2.000e+00  3.000e+00 
 1.000e+00  0.000e+00  1.000e+00  2.000e+00 
 2.000e+00  1.000e+00  0.000e+00  1.000e+00 
 3.000e+00  2.000e+00  1.000e+00  0.000e+00 

b:
 2.100e+02  1.970e+02  1.840e+02  1.730e+02 

x:
 1.000e+00  2.527e-13  1.000e+00  1.171e-12 

./a.out : Task = 9 Res1 = 3.961335e-15 Res2 = 8.065147e-12 T1 = 0.00 T2 = 0.00 S = 3 N = 30 M = 27 P = 2
============================== a.out n=30 m=30 p=1 s=3 ===============
### Run  ./a.out 30 30 1 4 3
A:
 0.000e+00  1.000e+00  2.000e+00  3.000e+00 
 1.000e+00  0.000e+00  1.000e+00  2.000e+00 
 2.000e+00  1.000e+00  0.000e+00  1.000e+00 
 3.000e+00  2.000e+00  1.000e+00  0.000e+00 

b:
 2.100e+02  1.970e+02  1.840e+02  1.730e+02 

x:
 1.000e+00 -2.659e-12  1.000e+00 -4.022e-13 

./a.out : Task = 9 Res1 = 8.700394e-15 Res2 = 1.613754e-11 T1 = 0.00 T2 = 0.00 S = 3 N = 30 M = 30 P = 1
============================== a.out n=30 m=30 p=2 s=3 ===============
### Run  ./a.out 30 30 2 4 3
A:
 0.000e+00  1.000e+00  2.000e+00  3.000e+00 
 1.000e+00  0.000e+00  1.000e+00  2.000e+00 
 2.000e+00  1.000e+00  0.000e+00  1.000e+00 
 3.000e+00  2.000e+00  1.000e+00  0.000e+00 

b:
 2.100e+02  1.970e+02  1.840e+02  1.730e+02 

x:
 1.000e+00 -2.659e-12  1.000e+00 -4.022e-13 

./a.out : Task = 9 Res1 = 8.700394e-15 Res2 = 1.613754e-11 T1 = 0.00 T2 = 0.00 S = 3 N = 30 M = 30 P = 2
============================== a.out n=3 m=3 p=1 s=4 ===============
### Run  ./a.out 3 3 1 4 4
A:
 1.000e+00  5.000e-01  3.333e-01 
 5.000e-01  3.333e-01  2.500e-01 
 3.333e-01  2.500e-01  2.000e-01 

b:
 1.333e+00  7.500e-01  5.333e-01 

x:
 1.000e+00  0.000e+00  1.000e+00 

./a.out : Task = 9 Res1 = 2.970023e-15 Res2 = 1.598721e-14 T1 = 0.00 T2 = 0.00 S = 4 N = 3 M = 3 P = 1
============================== a.out n=3 m=3 p=2 s=4 ===============
### Run  ./a.out 3 3 2 4 4
A:
 1.000e+00  5.000e-01  3.333e-01 
 5.000e-01  3.333e-01  2.500e-01 
 3.333e-01  2.500e-01  2.000e-01 

b:
 1.333e+00  7.500e-01  5.333e-01 

x:
 1.000e+00  0.000e+00  1.000e+00 

./a.out : Task = 9 Res1 = 2.970023e-15 Res2 = 1.598721e-14 T1 = 0.00 T2 = 0.00 S = 4 N = 3 M = 3 P = 2
============================== a.out n=4 m=3 p=1 s=4 ===============
### Run  ./a.out 4 3 1 4 4
A:
 1.000e+00  5.000e-01  3.333e-01  2.500e-01 
 5.000e-01  3.333e-01  2.500e-01  2.000e-01 
 3.333e-01  2.500e-01  2.000e-01  1.667e-01 
 2.500e-01  2.000e-01  1.667e-01  1.429e-01 

b:
 1.333e+00  7.500e-01  5.333e-01  4.167e-01 

x:
 1.000e+00 -3.264e-12  1.000e+00 -5.440e-12 

./a.out : Task = 9 Res1 = 2.635255e-15 Res2 = 1.714873e-11 T1 = 0.00 T2 = 0.00 S = 4 N = 4 M = 3 P = 1
============================== a.out n=4 m=3 p=2 s=4 ===============
### Run  ./a.out 4 3 2 4 4
A:
 1.000e+00  5.000e-01  3.333e-01  2.500e-01 
 5.000e-01  3.333e-01  2.500e-01  2.000e-01 
 3.333e-01  2.500e-01  2.000e-01  1.667e-01 
 2.500e-01  2.000e-01  1.667e-01  1.429e-01 

b:
 1.333e+00  7.500e-01  5.333e-01  4.167e-01 

x:
 1.000e+00 -3.264e-12  1.000e+00 -5.440e-12 

./a.out : Task = 9 Res1 = 2.635255e-15 Res2 = 1.714873e-11 T1 = 0.00 T2 = 0.00 S = 4 N = 4 M = 3 P = 2
============================== a.out n=5 m=3 p=1 s=4 ===============
### Run  ./a.out 5 3 1 4 4
A:
 1.000e+00  5.000e-01  3.333e-01  2.500e-01 
 5.000e-01  3.333e-01  2.500e-01  2.000e-01 
 3.333e-01  2.500e-01  2.000e-01  1.667e-01 
 2.500e-01  2.000e-01  1.667e-01  1.429e-01 

b:
 1.533e+00  9.167e-01  6.762e-01  5.417e-01 

x:
 1.000e+00  4.062e-11  1.000e+00  2.617e-10 

./a.out : Task = 9 Res1 = 3.541982e-15 Res2 = 6.061914e-10 T1 = 0.00 T2 = 0.00 S = 4 N = 5 M = 3 P = 1
============================== a.out n=5 m=3 p=2 s=4 ===============
### Run  ./a.out 5 3 2 4 4
A:
 1.000e+00  5.000e-01  3.333e-01  2.500e-01 
 5.000e-01  3.333e-01  2.500e-01  2.000e-01 
 3.333e-01  2.500e-01  2.000e-01  1.667e-01 
 2.500e-01  2.000e-01  1.667e-01  1.429e-01 

b:
 1.533e+00  9.167e-01  6.762e-01  5.417e-01 

x:
 1.000e+00  4.062e-11  1.000e+00  2.617e-10 

./a.out : Task = 9 Res1 = 3.541982e-15 Res2 = 6.061914e-10 T1 = 0.00 T2 = 0.00 S = 4 N = 5 M = 3 P = 2
============================== a.out n=6 m=3 p=1 s=4 ===============
### Run  ./a.out 6 3 1 4 4
A:
 1.000e+00  5.000e-01  3.333e-01  2.500e-01 
 5.000e-01  3.333e-01  2.500e-01  2.000e-01 
 3.333e-01  2.500e-01  2.000e-01  1.667e-01 
 2.500e-01  2.000e-01  1.667e-01  1.429e-01 

b:
 1.533e+00  9.167e-01  6.762e-01  5.417e-01 

x:
 1.000e+00  1.991e-10  1.000e+00  3.233e-09 

./a.out : Task = 9 Res1 = 4.046350e-15 Res2 = 9.533575e-09 T1 = 0.00 T2 = 0.00 S = 4 N = 6 M = 3 P = 1
============================== a.out n=6 m=3 p=2 s=4 ===============
### Run  ./a.out 6 3 2 4 4
A:
 1.000e+00  5.000e-01  3.333e-01  2.500e-01 
 5.000e-01  3.333e-01  2.500e-01  2.000e-01 
 3.333e-01  2.500e-01  2.000e-01  1.667e-01 
 2.500e-01  2.000e-01  1.667e-01  1.429e-01 

b:
 1.533e+00  9.167e-01  6.762e-01  5.417e-01 

x:
 1.000e+00  1.991e-10  1.000e+00  3.233e-09 

./a.out : Task = 9 Res1 = 4.046350e-15 Res2 = 9.533575e-09 T1 = 0.00 T2 = 0.00 S = 4 N = 6 M = 3 P = 2
============================== a.out n=6 m=3 p=3 s=4 ===============
### Run  ./a.out 6 3 3 4 4
A:
 1.000e+00  5.000e-01  3.333e-01  2.500e-01 
 5.000e-01  3.333e-01  2.500e-01  2.000e-01 
 3.333e-01  2.500e-01  2.000e-01  1.667e-01 
 2.500e-01  2.000e-01  1.667e-01  1.429e-01 

b:
 1.533e+00  9.167e-01  6.762e-01  5.417e-01 

x:
 1.000e+00  1.991e-10  1.000e+00  3.233e-09 

./a.out : Task = 9 Res1 = 4.046350e-15 Res2 = 9.533575e-09 T1 = 0.00 T2 = 0.00 S = 4 N = 6 M = 3 P = 3
============================== a.out n=6 m=6 p=1 s=4 ===============
### Run  ./a.out 6 6 1 4 4
A:
 1.000e+00  5.000e-01  3.333e-01  2.500e-01 
 5.000e-01  3.333e-01  2.500e-01  2.000e-01 
 3.333e-01  2.500e-01  2.000e-01  1.667e-01 
 2.500e-01  2.000e-01  1.667e-01  1.429e-01 

b:
 1.533e+00  9.167e-01  6.762e-01  5.417e-01 

x:
 1.000e+00  9.495e-10  1.000e+00  1.164e-10 

./a.out : Task = 9 Res1 = 7.356868e-11 Res2 = 2.657316e-09 T1 = 0.00 T2 = 0.00 S = 4 N = 6 M = 6 P = 1
============================== a.out n=6 m=6 p=2 s=4 ===============
### Run  ./a.out 6 6 2 4 4
A:
 1.000e+00  5.000e-01  3.333e-01  2.500e-01 
 5.000e-01  3.333e-01  2.500e-01  2.000e-01 
 3.333e-01  2.500e-01  2.000e-01  1.667e-01 
 2.500e-01  2.000e-01  1.667e-01  1.429e-01 

b:
 1.533e+00  9.167e-01  6.762e-01  5.417e-01 

x:
 1.000e+00  9.495e-10  1.000e+00  1.164e-10 

./a.out : Task = 9 Res1 = 7.356868e-11 Res2 = 2.657316e-09 T1 = 0.00 T2 = 0.00 S = 4 N = 6 M = 6 P = 2
============================== a.out n=7 m=3 p=1 s=4 ===============
### Run  ./a.out 7 3 1 4 4
A:
 1.000e+00  5.000e-01  3.333e-01  2.500e-01 
 5.000e-01  3.333e-01  2.500e-01  2.000e-01 
 3.333e-01  2.500e-01  2.000e-01  1.667e-01 
 2.500e-01  2.000e-01  1.667e-01  1.429e-01 

b:
 1.676e+00  1.042e+00  7.873e-01  6.417e-01 

x:
 1.000e+00 -1.710e-10  1.000e+00 -1.616e-09 

./a.out : Task = 9 Res1 = 2.572672e-15 Res2 = 5.820111e-09 T1 = 0.00 T2 = 0.00 S = 4 N = 7 M = 3 P = 1
============================== a.out n=7 m=3 p=2 s=4 ===============
### Run  ./a.out 7 3 2 4 4
A:
 1.000e+00  5.000e-01  3.333e-01  2.500e-01 
 5.000e-01  3.333e-01  2.500e-01  2.000e-01 
 3.333e-01  2.500e-01  2.000e-01  1.667e-01 
 2.500e-01  2.000e-01  1.667e-01  1.429e-01 

b:
 1.676e+00  1.042e+00  7.873e-01  6.417e-01 

x:
 1.000e+00 -1.710e-10  1.000e+00 -1.616e-09 

./a.out : Task = 9 Res1 = 2.572672e-15 Res2 = 5.820111e-09 T1 = 0.00 T2 = 0.00 S = 4 N = 7 M = 3 P = 2
============================== a.out n=7 m=3 p=3 s=4 ===============
### Run  ./a.out 7 3 3 4 4
A:
 1.000e+00  5.000e-01  3.333e-01  2.500e-01 
 5.000e-01  3.333e-01  2.500e-01  2.000e-01 
 3.333e-01  2.500e-01  2.000e-01  1.667e-01 
 2.500e-01  2.000e-01  1.667e-01  1.429e-01 

b:
 1.676e+00  1.042e+00  7.873e-01  6.417e-01 

x:
 1.000e+00 -1.710e-10  1.000e+00 -1.616e-09 

./a.out : Task = 9 Res1 = 2.572672e-15 Res2 = 5.820111e-09 T1 = 0.00 T2 = 0.00 S = 4 N = 7 M = 3 P = 3
============================== a.out n=7 m=6 p=1 s=4 ===============
### Run  ./a.out 7 6 1 4 4
A:
 1.000e+00  5.000e-01  3.333e-01  2.500e-01 
 5.000e-01  3.333e-01  2.500e-01  2.000e-01 
 3.333e-01  2.500e-01  2.000e-01  1.667e-01 
 2.500e-01  2.000e-01  1.667e-01  1.429e-01 

b:
 1.676e+00  1.042e+00  7.873e-01  6.417e-01 

x:
 1.000e+00 -6.082e-06  1.000e+00 -2.433e-04 

./a.out : Task = 9 Res1 = 3.012951e-11 Res2 = 1.301819e-03 T1 = 0.00 T2 = 0.00 S = 4 N = 7 M = 6 P = 1
============================== a.out n=7 m=6 p=2 s=4 ===============
### Run  ./a.out 7 6 2 4 4
A:
 1.000e+00  5.000e-01  3.333e-01  2.500e-01 
 5.000e-01  3.333e-01  2.500e-01  2.000e-01 
 3.333e-01  2.500e-01  2.000e-01  1.667e-01 
 2.500e-01  2.000e-01  1.667e-01  1.429e-01 

b:
 1.676e+00  1.042e+00  7.873e-01  6.417e-01 

x:
 1.000e+00 -6.082e-06  1.000e+00 -2.433e-04 

./a.out : Task = 9 Res1 = 3.012951e-11 Res2 = 1.301819e-03 T1 = 0.00 T2 = 0.00 S = 4 N = 7 M = 6 P = 2
============================== a.out n=8 m=3 p=1 s=4 ===============
### Run  ./a.out 8 3 1 4 4
A:
 1.000e+00  5.000e-01  3.333e-01  2.500e-01 
 5.000e-01  3.333e-01  2.500e-01  2.000e-01 
 3.333e-01  2.500e-01  2.000e-01  1.667e-01 
 2.500e-01  2.000e-01  1.667e-01  1.429e-01 

b:
 1.676e+00  1.042e+00  7.873e-01  6.417e-01 

x:
 1.000e+00  7.794e-09  1.000e+00  5.958e-07 

./a.out : Task = 9 Res1 = 2.455478e-15 Res2 = 6.918462e-06 T1 = 0.00 T2 = 0.00 S = 4 N = 8 M = 3 P = 1
============================== a.out n=8 m=3 p=2 s=4 ===============
### Run  ./a.out 8 3 2 4 4
A:
 1.000e+00  5.000e-01  3.333e-01  2.500e-01 
 5.000e-01  3.333e-01  2.500e-01  2.000e-01 
 3.333e-01  2.500e-01  2.000e-01  1.667e-01 
 2.500e-01  2.000e-01  1.667e-01  1.429e-01 

b:
 1.676e+00  1.042e+00  7.873e-01  6.417e-01 

x:
 1.000e+00  7.794e-09  1.000e+00  5.958e-07 

./a.out : Task = 9 Res1 = 2.455478e-15 Res2 = 6.918462e-06 T1 = 0.00 T2 = 0.00 S = 4 N = 8 M = 3 P = 2
============================== a.out n=8 m=3 p=3 s=4 ===============
### Run  ./a.out 8 3 3 4 4
A:
 1.000e+00  5.000e-01  3.333e-01  2.500e-01 
 5.000e-01  3.333e-01  2.500e-01  2.000e-01 
 3.333e-01  2.500e-01  2.000e-01  1.667e-01 
 2.500e-01  2.000e-01  1.667e-01  1.429e-01 

b:
 1.676e+00  1.042e+00  7.873e-01  6.417e-01 

x:
 1.000e+00  7.794e-09  1.000e+00  5.958e-07 

./a.out : Task = 9 Res1 = 2.455478e-15 Res2 = 6.918462e-06 T1 = 0.00 T2 = 0.00 S = 4 N = 8 M = 3 P = 3
============================== a.out n=8 m=6 p=1 s=4 ===============
### Run  ./a.out 8 6 1 4 4
A:
 1.000e+00  5.000e-01  3.333e-01  2.500e-01 
 5.000e-01  3.333e-01  2.500e-01  2.000e-01 
 3.333e-01  2.500e-01  2.000e-01  1.667e-01 
 2.500e-01  2.000e-01  1.667e-01  1.429e-01 

b:
 1.676e+00  1.042e+00  7.873e-01  6.417e-01 

x:
 1.000e+00 -9.488e-05  1.001e+00 -6.905e-03 

./a.out : Task = 9 Res1 = 2.805074e-11 Res2 = 7.845515e-02 T1 = 0.00 T2 = 0.00 S = 4 N = 8 M = 6 P = 1
============================== a.out n=8 m=6 p=2 s=4 ===============
### Run  ./a.out 8 6 2 4 4
A:
 1.000e+00  5.000e-01  3.333e-01  2.500e-01 
 5.000e-01  3.333e-01  2.500e-01  2.000e-01 
 3.333e-01  2.500e-01  2.000e-01  1.667e-01 
 2.500e-01  2.000e-01  1.667e-01  1.429e-01 

b:
 1.676e+00  1.042e+00  7.873e-01  6.417e-01 

x:
 1.000e+00 -9.488e-05  1.001e+00 -6.905e-03 

./a.out : Task = 9 Res1 = 2.805074e-11 Res2 = 7.845515e-02 T1 = 0.00 T2 = 0.00 S = 4 N = 8 M = 6 P = 2
============================== a.out n=9 m=3 p=1 s=4 ===============
### Run  ./a.out 9 3 1 4 4
A:
 1.000e+00  5.000e-01  3.333e-01  2.500e-01 
 5.000e-01  3.333e-01  2.500e-01  2.000e-01 
 3.333e-01  2.500e-01  2.000e-01  1.667e-01 
 2.500e-01  2.000e-01  1.667e-01  1.429e-01 

b:
 1.787e+00  1.142e+00  8.782e-01  7.250e-01 

x:
 1.000e+00  1.737e-07  1.000e+00  2.118e-05 

./a.out : Task = 9 Res1 = 2.319681e-15 Res2 = 5.831981e-04 T1 = 0.00 T2 = 0.00 S = 4 N = 9 M = 3 P = 1
============================== a.out n=9 m=3 p=2 s=4 ===============
### Run  ./a.out 9 3 2 4 4
A:
 1.000e+00  5.000e-01  3.333e-01  2.500e-01 
 5.000e-01  3.333e-01  2.500e-01  2.000e-01 
 3.333e-01  2.500e-01  2.000e-01  1.667e-01 
 2.500e-01  2.000e-01  1.667e-01  1.429e-01 

b:
 1.787e+00  1.142e+00  8.782e-01  7.250e-01 

x:
 1.000e+00  1.737e-07  1.000e+00  2.118e-05 

./a.out : Task = 9 Res1 = 2.319681e-15 Res2 = 5.831981e-04 T1 = 0.00 T2 = 0.00 S = 4 N = 9 M = 3 P = 2
============================== a.out n=9 m=3 p=3 s=4 ===============
### Run  ./a.out 9 3 3 4 4
A:
 1.000e+00  5.000e-01  3.333e-01  2.500e-01 
 5.000e-01  3.333e-01  2.500e-01  2.000e-01 
 3.333e-01  2.500e-01  2.000e-01  1.667e-01 
 2.500e-01  2.000e-01  1.667e-01  1.429e-01 

b:
 1.787e+00  1.142e+00  8.782e-01  7.250e-01 

x:
 1.000e+00  1.737e-07  1.000e+00  2.118e-05 

./a.out : Task = 9 Res1 = 2.319681e-15 Res2 = 5.831981e-04 T1 = 0.00 T2 = 0.00 S = 4 N = 9 M = 3 P = 3
============================== a.out n=9 m=3 p=4 s=4 ===============
### Run  ./a.out 9 3 4 4 4
A:
 1.000e+00  5.000e-01  3.333e-01  2.500e-01 
 5.000e-01  3.333e-01  2.500e-01  2.000e-01 
 3.333e-01  2.500e-01  2.000e-01  1.667e-01 
 2.500e-01  2.000e-01  1.667e-01  1.429e-01 

b:
 1.787e+00  1.142e+00  8.782e-01  7.250e-01 

x:
 1.000e+00  1.737e-07  1.000e+00  2.118e-05 

./a.out : Task = 9 Res1 = 2.319681e-15 Res2 = 5.831981e-04 T1 = 0.00 T2 = 0.00 S = 4 N = 9 M = 3 P = 4
============================== a.out n=9 m=6 p=1 s=4 ===============
### Run  ./a.out 9 6 1 4 4
A:
 1.000e+00  5.000e-01  3.333e-01  2.500e-01 
 5.000e-01  3.333e-01  2.500e-01  2.000e-01 
 3.333e-01  2.500e-01  2.000e-01  1.667e-01 
 2.500e-01  2.000e-01  1.667e-01  1.429e-01 

b:
 1.787e+00  1.142e+00  8.782e-01  7.250e-01 

x:
 1.000e+00  1.878e-03  9.681e-01  2.286e-01 

./a.out : Task = 9 Res1 = 3.217098e-11 Res2 = 6.290270e+00 T1 = 0.00 T2 = 0.00 S = 4 N = 9 M = 6 P = 1
============================== a.out n=9 m=6 p=2 s=4 ===============
### Run  ./a.out 9 6 2 4 4
A:
 1.000e+00  5.000e-01  3.333e-01  2.500e-01 
 5.000e-01  3.333e-01  2.500e-01  2.000e-01 
 3.333e-01  2.500e-01  2.000e-01  1.667e-01 
 2.500e-01  2.000e-01  1.667e-01  1.429e-01 

b:
 1.787e+00  1.142e+00  8.782e-01  7.250e-01 

x:
 1.000e+00  1.878e-03  9.681e-01  2.286e-01 

./a.out : Task = 9 Res1 = 3.217098e-11 Res2 = 6.290270e+00 T1 = 0.00 T2 = 0.00 S = 4 N = 9 M = 6 P = 2
============================== a.out n=9 m=9 p=1 s=4 ===============
### Run  ./a.out 9 9 1 4 4
A:
 1.000e+00  5.000e-01  3.333e-01  2.500e-01 
 5.000e-01  3.333e-01  2.500e-01  2.000e-01 
 3.333e-01  2.500e-01  2.000e-01  1.667e-01 
 2.500e-01  2.000e-01  1.667e-01  1.429e-01 

b:
 1.787e+00  1.142e+00  8.782e-01  7.250e-01 

x:
 1.000e+00 -4.348e-05  1.000e+00  7.141e-05 

./a.out : Task = 9 Res1 = 2.426996e-07 Res2 = 3.026500e-04 T1 = 0.00 T2 = 0.00 S = 4 N = 9 M = 9 P = 1
============================== a.out n=9 m=9 p=2 s=4 ===============
### Run  ./a.out 9 9 2 4 4
A:
 1.000e+00  5.000e-01  3.333e-01  2.500e-01 
 5.000e-01  3.333e-01  2.500e-01  2.000e-01 
 3.333e-01  2.500e-01  2.000e-01  1.667e-01 
 2.500e-01  2.000e-01  1.667e-01  1.429e-01 

b:
 1.787e+00  1.142e+00  8.782e-01  7.250e-01 

x:
 1.000e+00 -4.348e-05  1.000e+00  7.141e-05 

./a.out : Task = 9 Res1 = 2.426996e-07 Res2 = 3.026500e-04 T1 = 0.00 T2 = 0.00 S = 4 N = 9 M = 9 P = 2
============================== a.out n=10 m=3 p=1 s=4 ===============
### Run  ./a.out 10 3 1 4 4
A:
 1.000e+00  5.000e-01  3.333e-01  2.500e-01 
 5.000e-01  3.333e-01  2.500e-01  2.000e-01 
 3.333e-01  2.500e-01  2.000e-01  1.667e-01 
 2.500e-01  2.000e-01  1.667e-01  1.429e-01 

b:
 1.787e+00  1.142e+00  8.782e-01  7.250e-01 

x:
 1.000e+00  1.452e-06  1.000e+00  2.834e-04 

./a.out : Task = 9 Res1 = 2.247904e-15 Res2 = 2.130246e-02 T1 = 0.00 T2 = 0.00 S = 4 N = 10 M = 3 P = 1
============================== a.out n=10 m=3 p=2 s=4 ===============
### Run  ./a.out 10 3 2 4 4
A:
 1.000e+00  5.000e-01  3.333e-01  2.500e-01 
 5.000e-01  3.333e-01  2.500e-01  2.000e-01 
 3.333e-01  2.500e-01  2.000e-01  1.667e-01 
 2.500e-01  2.000e-01  1.667e-01  1.429e-01 

b:
 1.787e+00  1.142e+00  8.782e-01  7.250e-01 

x:
 1.000e+00  1.452e-06  1.000e+00  2.834e-04 

./a.out : Task = 9 Res1 = 2.217932e-15 Res2 = 2.130246e-02 T1 = 0.00 T2 = 0.00 S = 4 N = 10 M = 3 P = 2
============================== a.out n=10 m=3 p=3 s=4 ===============
### Run  ./a.out 10 3 3 4 4
A:
 1.000e+00  5.000e-01  3.333e-01  2.500e-01 
 5.000e-01  3.333e-01  2.500e-01  2.000e-01 
 3.333e-01  2.500e-01  2.000e-01  1.667e-01 
 2.500e-01  2.000e-01  1.667e-01  1.429e-01 

b:
 1.787e+00  1.142e+00  8.782e-01  7.250e-01 

x:
 1.000e+00  1.452e-06  1.000e+00  2.834e-04 

./a.out : Task = 9 Res1 = 2.247904e-15 Res2 = 2.130246e-02 T1 = 0.00 T2 = 0.00 S = 4 N = 10 M = 3 P = 3
============================== a.out n=10 m=3 p=4 s=4 ===============
### Run  ./a.out 10 3 4 4 4
A:
 1.000e+00  5.000e-01  3.333e-01  2.500e-01 
 5.000e-01  3.333e-01  2.500e-01  2.000e-01 
 3.333e-01  2.500e-01  2.000e-01  1.667e-01 
 2.500e-01  2.000e-01  1.667e-01  1.429e-01 

b:
 1.787e+00  1.142e+00  8.782e-01  7.250e-01 

x:
 1.000e+00  1.452e-06  1.000e+00  2.834e-04 

./a.out : Task = 9 Res1 = 2.247904e-15 Res2 = 2.130246e-02 T1 = 0.00 T2 = 0.00 S = 4 N = 10 M = 3 P = 4
============================== a.out n=10 m=6 p=1 s=4 ===============
### Run  ./a.out 10 6 1 4 4
A:
 1.000e+00  5.000e-01  3.333e-01  2.500e-01 
 5.000e-01  3.333e-01  2.500e-01  2.000e-01 
 3.333e-01  2.500e-01  2.000e-01  1.667e-01 
 2.500e-01  2.000e-01  1.667e-01  1.429e-01 

b:
 1.787e+00  1.142e+00  8.782e-01  7.250e-01 

x:
 1.000e+00  1.154e-03  9.756e-01  2.210e-01 

./a.out : Task = 9 Res1 = 1.051316e-11 Res2 = 1.628394e+01 T1 = 0.00 T2 = 0.00 S = 4 N = 10 M = 6 P = 1
============================== a.out n=10 m=6 p=2 s=4 ===============
### Run  ./a.out 10 6 2 4 4
A:
 1.000e+00  5.000e-01  3.333e-01  2.500e-01 
 5.000e-01  3.333e-01  2.500e-01  2.000e-01 
 3.333e-01  2.500e-01  2.000e-01  1.667e-01 
 2.500e-01  2.000e-01  1.667e-01  1.429e-01 

b:
 1.787e+00  1.142e+00  8.782e-01  7.250e-01 

x:
 1.000e+00  1.154e-03  9.756e-01  2.210e-01 

./a.out : Task = 9 Res1 = 1.051316e-11 Res2 = 1.628394e+01 T1 = 0.00 T2 = 0.00 S = 4 N = 10 M = 6 P = 2
============================== a.out n=10 m=9 p=1 s=4 ===============
### Run  ./a.out 10 9 1 4 4
A:
 1.000e+00  5.000e-01  3.333e-01  2.500e-01 
 5.000e-01  3.333e-01  2.500e-01  2.000e-01 
 3.333e-01  2.500e-01  2.000e-01  1.667e-01 
 2.500e-01  2.000e-01  1.667e-01  1.429e-01 

b:
 1.787e+00  1.142e+00  8.782e-01  7.250e-01 

x:
 1.000e+00 -9.782e-03  1.214e+00 -1.994e+00 

./a.out : Task = 9 Res1 = 1.856420e-07 Res2 = 1.578050e+02 T1 = 0.00 T2 = 0.00 S = 4 N = 10 M = 9 P = 1
============================== a.out n=10 m=9 p=2 s=4 ===============
### Run  ./a.out 10 9 2 4 4
A:
 1.000e+00  5.000e-01  3.333e-01  2.500e-01 
 5.000e-01  3.333e-01  2.500e-01  2.000e-01 
 3.333e-01  2.500e-01  2.000e-01  1.667e-01 
 2.500e-01  2.000e-01  1.667e-01  1.429e-01 

b:
 1.787e+00  1.142e+00  8.782e-01  7.250e-01 

x:
 1.000e+00 -9.782e-03  1.214e+00 -1.994e+00 

./a.out : Task = 9 Res1 = 1.856420e-07 Res2 = 1.578050e+02 T1 = 0.00 T2 = 0.00 S = 4 N = 10 M = 9 P = 2
============================== a.out n=11 m=3 p=1 s=4 ===============
### Run  ./a.out 11 3 1 4 4
A:
 1.000e+00  5.000e-01  3.333e-01  2.500e-01 
 5.000e-01  3.333e-01  2.500e-01  2.000e-01 
 3.333e-01  2.500e-01  2.000e-01  1.667e-01 
 2.500e-01  2.000e-01  1.667e-01  1.429e-01 

b:
 1.878e+00  1.225e+00  9.551e-01  7.964e-01 

./a.out : Task = 9 Res1 = -1 Res2 = -1 T1 = 0.00 T2 = 0.00 S = 4 N = 11 M = 3 P = 1
============================== a.out n=11 m=3 p=2 s=4 ===============
### Run  ./a.out 11 3 2 4 4
A:
 1.000e+00  5.000e-01  3.333e-01  2.500e-01 
 5.000e-01  3.333e-01  2.500e-01  2.000e-01 
 3.333e-01  2.500e-01  2.000e-01  1.667e-01 
 2.500e-01  2.000e-01  1.667e-01  1.429e-01 

b:
 1.878e+00  1.225e+00  9.551e-01  7.964e-01 

./a.out : Task = 9 Res1 = -1 Res2 = -1 T1 = 0.00 T2 = 0.00 S = 4 N = 11 M = 3 P = 2
============================== a.out n=11 m=3 p=3 s=4 ===============
### Run  ./a.out 11 3 3 4 4
A:
 1.000e+00  5.000e-01  3.333e-01  2.500e-01 
 5.000e-01  3.333e-01  2.500e-01  2.000e-01 
 3.333e-01  2.500e-01  2.000e-01  1.667e-01 
 2.500e-01  2.000e-01  1.667e-01  1.429e-01 

b:
 1.878e+00  1.225e+00  9.551e-01  7.964e-01 

./a.out : Task = 9 Res1 = -1 Res2 = -1 T1 = 0.00 T2 = 0.00 S = 4 N = 11 M = 3 P = 3
============================== a.out n=11 m=3 p=4 s=4 ===============
### Run  ./a.out 11 3 4 4 4
A:
 1.000e+00  5.000e-01  3.333e-01  2.500e-01 
 5.000e-01  3.333e-01  2.500e-01  2.000e-01 
 3.333e-01  2.500e-01  2.000e-01  1.667e-01 
 2.500e-01  2.000e-01  1.667e-01  1.429e-01 

b:
 1.878e+00  1.225e+00  9.551e-01  7.964e-01 

./a.out : Task = 9 Res1 = -1 Res2 = -1 T1 = 0.00 T2 = 0.00 S = 4 N = 11 M = 3 P = 4
============================== a.out n=11 m=6 p=1 s=4 ===============
### Run  ./a.out 11 6 1 4 4
A:
 1.000e+00  5.000e-01  3.333e-01  2.500e-01 
 5.000e-01  3.333e-01  2.500e-01  2.000e-01 
 3.333e-01  2.500e-01  2.000e-01  1.667e-01 
 2.500e-01  2.000e-01  1.667e-01  1.429e-01 

b:
 1.878e+00  1.225e+00  9.551e-01  7.964e-01 

x:
 1.000e+00  2.480e-04  9.935e-01  7.230e-02 

./a.out : Task = 9 Res1 = 7.847510e-12 Res2 = 1.567430e+01 T1 = 0.00 T2 = 0.00 S = 4 N = 11 M = 6 P = 1
============================== a.out n=11 m=6 p=2 s=4 ===============
### Run  ./a.out 11 6 2 4 4
A:
 1.000e+00  5.000e-01  3.333e-01  2.500e-01 
 5.000e-01  3.333e-01  2.500e-01  2.000e-01 
 3.333e-01  2.500e-01  2.000e-01  1.667e-01 
 2.500e-01  2.000e-01  1.667e-01  1.429e-01 

b:
 1.878e+00  1.225e+00  9.551e-01  7.964e-01 

x:
 1.000e+00  2.480e-04  9.935e-01  7.230e-02 

./a.out : Task = 9 Res1 = 7.847510e-12 Res2 = 1.567430e+01 T1 = 0.00 T2 = 0.00 S = 4 N = 11 M = 6 P = 2
============================== a.out n=11 m=9 p=1 s=4 ===============
### Run  ./a.out 11 9 1 4 4
A:
 1.000e+00  5.000e-01  3.333e-01  2.500e-01 
 5.000e-01  3.333e-01  2.500e-01  2.000e-01 
 3.333e-01  2.500e-01  2.000e-01  1.667e-01 
 2.500e-01  2.000e-01  1.667e-01  1.429e-01 

b:
 1.878e+00  1.225e+00  9.551e-01  7.964e-01 

x:
 1.000e+00 -3.824e-03  1.065e+00 -3.599e-01 

./a.out : Task = 9 Res1 = 3.070261e-07 Res2 = 1.757761e+02 T1 = 0.00 T2 = 0.00 S = 4 N = 11 M = 9 P = 1
============================== a.out n=11 m=9 p=2 s=4 ===============
### Run  ./a.out 11 9 2 4 4
A:
 1.000e+00  5.000e-01  3.333e-01  2.500e-01 
 5.000e-01  3.333e-01  2.500e-01  2.000e-01 
 3.333e-01  2.500e-01  2.000e-01  1.667e-01 
 2.500e-01  2.000e-01  1.667e-01  1.429e-01 

b:
 1.878e+00  1.225e+00  9.551e-01  7.964e-01 

x:
 1.000e+00 -3.824e-03  1.065e+00 -3.599e-01 

./a.out : Task = 9 Res1 = 3.070261e-07 Res2 = 1.757761e+02 T1 = 0.00 T2 = 0.00 S = 4 N = 11 M = 9 P = 2
============================== a.out n=12 m=3 p=1 s=4 ===============
### Run  ./a.out 12 3 1 4 4
A:
 1.000e+00  5.000e-01  3.333e-01  2.500e-01 
 5.000e-01  3.333e-01  2.500e-01  2.000e-01 
 3.333e-01  2.500e-01  2.000e-01  1.667e-01 
 2.500e-01  2.000e-01  1.667e-01  1.429e-01 

b:
 1.878e+00  1.225e+00  9.551e-01  7.964e-01 

x:
 1.000e+00 -3.702e-05  1.001e+00 -1.639e-02 

./a.out : Task = 9 Res1 = 1.978279e-15 Res2 = 1.181580e+01 T1 = 0.00 T2 = 0.00 S = 4 N = 12 M = 3 P = 1
============================== a.out n=12 m=3 p=2 s=4 ===============
### Run  ./a.out 12 3 2 4 4
A:
 1.000e+00  5.000e-01  3.333e-01  2.500e-01 
 5.000e-01  3.333e-01  2.500e-01  2.000e-01 
 3.333e-01  2.500e-01  2.000e-01  1.667e-01 
 2.500e-01  2.000e-01  1.667e-01  1.429e-01 

b:
 1.878e+00  1.225e+00  9.551e-01  7.964e-01 

x:
 1.000e+00 -3.702e-05  1.001e+00 -1.639e-02 

./a.out : Task = 9 Res1 = 1.978279e-15 Res2 = 1.181580e+01 T1 = 0.00 T2 = 0.00 S = 4 N = 12 M = 3 P = 2
============================== a.out n=12 m=3 p=3 s=4 ===============
### Run  ./a.out 12 3 3 4 4
A:
 1.000e+00  5.000e-01  3.333e-01  2.500e-01 
 5.000e-01  3.333e-01  2.500e-01  2.000e-01 
 3.333e-01  2.500e-01  2.000e-01  1.667e-01 
 2.500e-01  2.000e-01  1.667e-01  1.429e-01 

b:
 1.878e+00  1.225e+00  9.551e-01  7.964e-01 

x:
 1.000e+00 -3.702e-05  1.001e+00 -1.639e-02 

./a.out : Task = 9 Res1 = 1.978279e-15 Res2 = 1.181580e+01 T1 = 0.00 T2 = 0.00 S = 4 N = 12 M = 3 P = 3
============================== a.out n=12 m=3 p=4 s=4 ===============
### Run  ./a.out 12 3 4 4 4
A:
 1.000e+00  5.000e-01  3.333e-01  2.500e-01 
 5.000e-01  3.333e-01  2.500e-01  2.000e-01 
 3.333e-01  2.500e-01  2.000e-01  1.667e-01 
 2.500e-01  2.000e-01  1.667e-01  1.429e-01 

b:
 1.878e+00  1.225e+00  9.551e-01  7.964e-01 

x:
 1.000e+00 -3.702e-05  1.001e+00 -1.639e-02 

./a.out : Task = 9 Res1 = 1.978279e-15 Res2 = 1.181580e+01 T1 = 0.00 T2 = 0.00 S = 4 N = 12 M = 3 P = 4
============================== a.out n=12 m=3 p=5 s=4 ===============
### Run  ./a.out 12 3 5 4 4
A:
 1.000e+00  5.000e-01  3.333e-01  2.500e-01 
 5.000e-01  3.333e-01  2.500e-01  2.000e-01 
 3.333e-01  2.500e-01  2.000e-01  1.667e-01 
 2.500e-01  2.000e-01  1.667e-01  1.429e-01 

b:
 1.878e+00  1.225e+00  9.551e-01  7.964e-01 

x:
 1.000e+00 -3.702e-05  1.001e+00 -1.639e-02 

./a.out : Task = 9 Res1 = 1.978279e-15 Res2 = 1.181580e+01 T1 = 0.00 T2 = 0.00 S = 4 N = 12 M = 3 P = 5
============================== a.out n=12 m=6 p=1 s=4 ===============
### Run  ./a.out 12 6 1 4 4
A:
 1.000e+00  5.000e-01  3.333e-01  2.500e-01 
 5.000e-01  3.333e-01  2.500e-01  2.000e-01 
 3.333e-01  2.500e-01  2.000e-01  1.667e-01 
 2.500e-01  2.000e-01  1.667e-01  1.429e-01 

b:
 1.878e+00  1.225e+00  9.551e-01  7.964e-01 

x:
 1.000e+00  7.201e-05  9.978e-01  3.007e-02 

./a.out : Task = 9 Res1 = 8.068098e-12 Res2 = 1.976009e+01 T1 = 0.00 T2 = 0.00 S = 4 N = 12 M = 6 P = 1
============================== a.out n=12 m=6 p=2 s=4 ===============
### Run  ./a.out 12 6 2 4 4
A:
 1.000e+00  5.000e-01  3.333e-01  2.500e-01 
 5.000e-01  3.333e-01  2.500e-01  2.000e-01 
 3.333e-01  2.500e-01  2.000e-01  1.667e-01 
 2.500e-01  2.000e-01  1.667e-01  1.429e-01 

b:
 1.878e+00  1.225e+00  9.551e-01  7.964e-01 

x:
 1.000e+00  7.201e-05  9.978e-01  3.007e-02 

./a.out : Task = 9 Res1 = 8.068098e-12 Res2 = 1.976009e+01 T1 = 0.00 T2 = 0.00 S = 4 N = 12 M = 6 P = 2
============================== a.out n=12 m=6 p=3 s=4 ===============
### Run  ./a.out 12 6 3 4 4
A:
 1.000e+00  5.000e-01  3.333e-01  2.500e-01 
 5.000e-01  3.333e-01  2.500e-01  2.000e-01 
 3.333e-01  2.500e-01  2.000e-01  1.667e-01 
 2.500e-01  2.000e-01  1.667e-01  1.429e-01 

b:
 1.878e+00  1.225e+00  9.551e-01  7.964e-01 

x:
 1.000e+00  7.201e-05  9.978e-01  3.007e-02 

./a.out : Task = 9 Res1 = 8.068098e-12 Res2 = 1.976009e+01 T1 = 0.00 T2 = 0.00 S = 4 N = 12 M = 6 P = 3
============================== a.out n=12 m=9 p=1 s=4 ===============
### Run  ./a.out 12 9 1 4 4
A:
 1.000e+00  5.000e-01  3.333e-01  2.500e-01 
 5.000e-01  3.333e-01  2.500e-01  2.000e-01 
 3.333e-01  2.500e-01  2.000e-01  1.667e-01 
 2.500e-01  2.000e-01  1.667e-01  1.429e-01 

b:
 1.878e+00  1.225e+00  9.551e-01  7.964e-01 

x:
 1.000e+00 -4.745e-03  1.085e+00 -5.309e-01 

./a.out : Task = 9 Res1 = 2.960190e-07 Res2 = 1.701357e+02 T1 = 0.00 T2 = 0.00 S = 4 N = 12 M = 9 P = 1
============================== a.out n=12 m=9 p=2 s=4 ===============
### Run  ./a.out 12 9 2 4 4
A:
 1.000e+00  5.000e-01  3.333e-01  2.500e-01 
 5.000e-01  3.333e-01  2.500e-01  2.000e-01 
 3.333e-01  2.500e-01  2.000e-01  1.667e-01 
 2.500e-01  2.000e-01  1.667e-01  1.429e-01 

b:
 1.878e+00  1.225e+00  9.551e-01  7.964e-01 

x:
 1.000e+00 -4.745e-03  1.085e+00 -5.309e-01 

./a.out : Task = 9 Res1 = 2.960190e-07 Res2 = 1.701357e+02 T1 = 0.00 T2 = 0.00 S = 4 N = 12 M = 9 P = 2
============================== a.out n=12 m=12 p=1 s=4 ===============
### Run  ./a.out 12 12 1 4 4
A:
 1.000e+00  5.000e-01  3.333e-01  2.500e-01 
 5.000e-01  3.333e-01  2.500e-01  2.000e-01 
 3.333e-01  2.500e-01  2.000e-01  1.667e-01 
 2.500e-01  2.000e-01  1.667e-01  1.429e-01 

b:
 1.878e+00  1.225e+00  9.551e-01  7.964e-01 

./a.out : Task = 9 Res1 = -1 Res2 = -1 T1 = 0.00 T2 = 0.00 S = 4 N = 12 M = 12 P = 1
============================== a.out n=12 m=12 p=2 s=4 ===============
### Run  ./a.out 12 12 2 4 4
A:
 1.000e+00  5.000e-01  3.333e-01  2.500e-01 
 5.000e-01  3.333e-01  2.500e-01  2.000e-01 
 3.333e-01  2.500e-01  2.000e-01  1.667e-01 
 2.500e-01  2.000e-01  1.667e-01  1.429e-01 

b:
 1.878e+00  1.225e+00  9.551e-01  7.964e-01 

./a.out : Task = 9 Res1 = -1 Res2 = -1 T1 = 0.00 T2 = 0.00 S = 4 N = 12 M = 12 P = 2
============================== a.out n=13 m=3 p=1 s=4 ===============
### Run  ./a.out 13 3 1 4 4
A:
 1.000e+00  5.000e-01  3.333e-01  2.500e-01 
 5.000e-01  3.333e-01  2.500e-01  2.000e-01 
 3.333e-01  2.500e-01  2.000e-01  1.667e-01 
 2.500e-01  2.000e-01  1.667e-01  1.429e-01 

b:
 1.955e+00  1.296e+00  1.022e+00  8.589e-01 

x:
 1.000e+00  9.034e-06  9.997e-01  4.862e-03 

./a.out : Task = 9 Res1 = 3.095826e-15 Res2 = 8.992570e+00 T1 = 0.00 T2 = 0.00 S = 4 N = 13 M = 3 P = 1
============================== a.out n=13 m=3 p=2 s=4 ===============
### Run  ./a.out 13 3 2 4 4
A:
 1.000e+00  5.000e-01  3.333e-01  2.500e-01 
 5.000e-01  3.333e-01  2.500e-01  2.000e-01 
 3.333e-01  2.500e-01  2.000e-01  1.667e-01 
 2.500e-01  2.000e-01  1.667e-01  1.429e-01 

b:
 1.955e+00  1.296e+00  1.022e+00  8.589e-01 

x:
 1.000e+00  9.034e-06  9.997e-01  4.862e-03 

./a.out : Task = 9 Res1 = 3.095826e-15 Res2 = 8.992570e+00 T1 = 0.00 T2 = 0.00 S = 4 N = 13 M = 3 P = 2
============================== a.out n=13 m=3 p=3 s=4 ===============
### Run  ./a.out 13 3 3 4 4
A:
 1.000e+00  5.000e-01  3.333e-01  2.500e-01 
 5.000e-01  3.333e-01  2.500e-01  2.000e-01 
 3.333e-01  2.500e-01  2.000e-01  1.667e-01 
 2.500e-01  2.000e-01  1.667e-01  1.429e-01 

b:
 1.955e+00  1.296e+00  1.022e+00  8.589e-01 

x:
 1.000e+00  9.034e-06  9.997e-01  4.862e-03 

./a.out : Task = 9 Res1 = 3.028525e-15 Res2 = 8.992570e+00 T1 = 0.00 T2 = 0.00 S = 4 N = 13 M = 3 P = 3
============================== a.out n=13 m=3 p=4 s=4 ===============
### Run  ./a.out 13 3 4 4 4
A:
 1.000e+00  5.000e-01  3.333e-01  2.500e-01 
 5.000e-01  3.333e-01  2.500e-01  2.000e-01 
 3.333e-01  2.500e-01  2.000e-01  1.667e-01 
 2.500e-01  2.000e-01  1.667e-01  1.429e-01 

b:
 1.955e+00  1.296e+00  1.022e+00  8.589e-01 

x:
 1.000e+00  9.034e-06  9.997e-01  4.862e-03 

./a.out : Task = 9 Res1 = 3.381853e-15 Res2 = 8.992570e+00 T1 = 0.00 T2 = 0.00 S = 4 N = 13 M = 3 P = 4
============================== a.out n=13 m=3 p=5 s=4 ===============
### Run  ./a.out 13 3 5 4 4
A:
 1.000e+00  5.000e-01  3.333e-01  2.500e-01 
 5.000e-01  3.333e-01  2.500e-01  2.000e-01 
 3.333e-01  2.500e-01  2.000e-01  1.667e-01 
 2.500e-01  2.000e-01  1.667e-01  1.429e-01 

b:
 1.955e+00  1.296e+00  1.022e+00  8.589e-01 

x:
 1.000e+00  9.034e-06  9.997e-01  4.862e-03 

./a.out : Task = 9 Res1 = 3.381853e-15 Res2 = 8.992570e+00 T1 = 0.00 T2 = 0.00 S = 4 N = 13 M = 3 P = 5
============================== a.out n=13 m=6 p=1 s=4 ===============
### Run  ./a.out 13 6 1 4 4
A:
 1.000e+00  5.000e-01  3.333e-01  2.500e-01 
 5.000e-01  3.333e-01  2.500e-01  2.000e-01 
 3.333e-01  2.500e-01  2.000e-01  1.667e-01 
 2.500e-01  2.000e-01  1.667e-01  1.429e-01 

b:
 1.955e+00  1.296e+00  1.022e+00  8.589e-01 

x:
 1.000e+00  1.067e-04  9.952e-01  7.459e-02 

./a.out : Task = 9 Res1 = 6.443995e-12 Res2 = 5.131714e+01 T1 = 0.00 T2 = 0.00 S = 4 N = 13 M = 6 P = 1
============================== a.out n=13 m=6 p=2 s=4 ===============
### Run  ./a.out 13 6 2 4 4
A:
 1.000e+00  5.000e-01  3.333e-01  2.500e-01 
 5.000e-01  3.333e-01  2.500e-01  2.000e-01 
 3.333e-01  2.500e-01  2.000e-01  1.667e-01 
 2.500e-01  2.000e-01  1.667e-01  1.429e-01 

b:
 1.955e+00  1.296e+00  1.022e+00  8.589e-01 

x:
 1.000e+00  1.067e-04  9.952e-01  7.459e-02 

./a.out : Task = 9 Res1 = 6.443995e-12 Res2 = 5.131714e+01 T1 = 0.00 T2 = 0.00 S = 4 N = 13 M = 6 P = 2
============================== a.out n=13 m=6 p=3 s=4 ===============
### Run  ./a.out 13 6 3 4 4
A:
 1.000e+00  5.000e-01  3.333e-01  2.500e-01 
 5.000e-01  3.333e-01  2.500e-01  2.000e-01 
 3.333e-01  2.500e-01  2.000e-01  1.667e-01 
 2.500e-01  2.000e-01  1.667e-01  1.429e-01 

b:
 1.955e+00  1.296e+00  1.022e+00  8.589e-01 

x:
 1.000e+00  1.067e-04  9.952e-01  7.459e-02 

./a.out : Task = 9 Res1 = 6.443995e-12 Res2 = 5.131714e+01 T1 = 0.00 T2 = 0.00 S = 4 N = 13 M = 6 P = 3
============================== a.out n=13 m=9 p=1 s=4 ===============
### Run  ./a.out 13 9 1 4 4
A:
 1.000e+00  5.000e-01  3.333e-01  2.500e-01 
 5.000e-01  3.333e-01  2.500e-01  2.000e-01 
 3.333e-01  2.500e-01  2.000e-01  1.667e-01 
 2.500e-01  2.000e-01  1.667e-01  1.429e-01 

b:
 1.955e+00  1.296e+00  1.022e+00  8.589e-01 

x:
 1.000e+00 -6.496e-03  1.156e+00 -1.563e+00 

./a.out : Task = 9 Res1 = 1.492429e-08 Res2 = 1.325495e+02 T1 = 0.00 T2 = 0.00 S = 4 N = 13 M = 9 P = 1
============================== a.out n=13 m=9 p=2 s=4 ===============
### Run  ./a.out 13 9 2 4 4
A:
 1.000e+00  5.000e-01  3.333e-01  2.500e-01 
 5.000e-01  3.333e-01  2.500e-01  2.000e-01 
 3.333e-01  2.500e-01  2.000e-01  1.667e-01 
 2.500e-01  2.000e-01  1.667e-01  1.429e-01 

b:
 1.955e+00  1.296e+00  1.022e+00  8.589e-01 

x:
 1.000e+00 -6.496e-03  1.156e+00 -1.563e+00 

./a.out : Task = 9 Res1 = 1.492429e-08 Res2 = 1.325495e+02 T1 = 0.00 T2 = 0.00 S = 4 N = 13 M = 9 P = 2
============================== a.out n=13 m=12 p=1 s=4 ===============
### Run  ./a.out 13 12 1 4 4
A:
 1.000e+00  5.000e-01  3.333e-01  2.500e-01 
 5.000e-01  3.333e-01  2.500e-01  2.000e-01 
 3.333e-01  2.500e-01  2.000e-01  1.667e-01 
 2.500e-01  2.000e-01  1.667e-01  1.429e-01 

b:
 1.955e+00  1.296e+00  1.022e+00  8.589e-01 

./a.out : Task = 9 Res1 = -1 Res2 = -1 T1 = 0.00 T2 = 0.00 S = 4 N = 13 M = 12 P = 1
============================== a.out n=13 m=12 p=2 s=4 ===============
### Run  ./a.out 13 12 2 4 4
A:
 1.000e+00  5.000e-01  3.333e-01  2.500e-01 
 5.000e-01  3.333e-01  2.500e-01  2.000e-01 
 3.333e-01  2.500e-01  2.000e-01  1.667e-01 
 2.500e-01  2.000e-01  1.667e-01  1.429e-01 

b:
 1.955e+00  1.296e+00  1.022e+00  8.589e-01 

./a.out : Task = 9 Res1 = -1 Res2 = -1 T1 = 0.00 T2 = 0.00 S = 4 N = 13 M = 12 P = 2
============================== a.out n=14 m=3 p=1 s=4 ===============
### Run  ./a.out 14 3 1 4 4
A:
 1.000e+00  5.000e-01  3.333e-01  2.500e-01 
 5.000e-01  3.333e-01  2.500e-01  2.000e-01 
 3.333e-01  2.500e-01  2.000e-01  1.667e-01 
 2.500e-01  2.000e-01  1.667e-01  1.429e-01 

b:
 1.955e+00  1.296e+00  1.022e+00  8.589e-01 

./a.out : Task = 9 Res1 = -1 Res2 = -1 T1 = 0.00 T2 = 0.00 S = 4 N = 14 M = 3 P = 1
============================== a.out n=14 m=3 p=2 s=4 ===============
### Run  ./a.out 14 3 2 4 4
A:
 1.000e+00  5.000e-01  3.333e-01  2.500e-01 
 5.000e-01  3.333e-01  2.500e-01  2.000e-01 
 3.333e-01  2.500e-01  2.000e-01  1.667e-01 
 2.500e-01  2.000e-01  1.667e-01  1.429e-01 

b:
 1.955e+00  1.296e+00  1.022e+00  8.589e-01 

./a.out : Task = 9 Res1 = -1 Res2 = -1 T1 = 0.00 T2 = 0.00 S = 4 N = 14 M = 3 P = 2
============================== a.out n=14 m=3 p=3 s=4 ===============
### Run  ./a.out 14 3 3 4 4
A:
 1.000e+00  5.000e-01  3.333e-01  2.500e-01 
 5.000e-01  3.333e-01  2.500e-01  2.000e-01 
 3.333e-01  2.500e-01  2.000e-01  1.667e-01 
 2.500e-01  2.000e-01  1.667e-01  1.429e-01 

b:
 1.955e+00  1.296e+00  1.022e+00  8.589e-01 

./a.out : Task = 9 Res1 = -1 Res2 = -1 T1 = 0.00 T2 = 0.00 S = 4 N = 14 M = 3 P = 3
============================== a.out n=14 m=3 p=4 s=4 ===============
### Run  ./a.out 14 3 4 4 4
A:
 1.000e+00  5.000e-01  3.333e-01  2.500e-01 
 5.000e-01  3.333e-01  2.500e-01  2.000e-01 
 3.333e-01  2.500e-01  2.000e-01  1.667e-01 
 2.500e-01  2.000e-01  1.667e-01  1.429e-01 

b:
 1.955e+00  1.296e+00  1.022e+00  8.589e-01 

./a.out : Task = 9 Res1 = -1 Res2 = -1 T1 = 0.00 T2 = 0.00 S = 4 N = 14 M = 3 P = 4
============================== a.out n=14 m=3 p=5 s=4 ===============
### Run  ./a.out 14 3 5 4 4
A:
 1.000e+00  5.000e-01  3.333e-01  2.500e-01 
 5.000e-01  3.333e-01  2.500e-01  2.000e-01 
 3.333e-01  2.500e-01  2.000e-01  1.667e-01 
 2.500e-01  2.000e-01  1.667e-01  1.429e-01 

b:
 1.955e+00  1.296e+00  1.022e+00  8.589e-01 

./a.out : Task = 9 Res1 = -1 Res2 = -1 T1 = 0.00 T2 = 0.00 S = 4 N = 14 M = 3 P = 5
============================== a.out n=14 m=6 p=1 s=4 ===============
### Run  ./a.out 14 6 1 4 4
A:
 1.000e+00  5.000e-01  3.333e-01  2.500e-01 
 5.000e-01  3.333e-01  2.500e-01  2.000e-01 
 3.333e-01  2.500e-01  2.000e-01  1.667e-01 
 2.500e-01  2.000e-01  1.667e-01  1.429e-01 

b:
 1.955e+00  1.296e+00  1.022e+00  8.589e-01 

x:
 1.000e+00 -6.903e-05  1.001e+00 -1.015e-02 

./a.out : Task = 9 Res1 = 4.771132e-12 Res2 = 2.401224e+01 T1 = 0.00 T2 = 0.00 S = 4 N = 14 M = 6 P = 1
============================== a.out n=14 m=6 p=2 s=4 ===============
### Run  ./a.out 14 6 2 4 4
A:
 1.000e+00  5.000e-01  3.333e-01  2.500e-01 
 5.000e-01  3.333e-01  2.500e-01  2.000e-01 
 3.333e-01  2.500e-01  2.000e-01  1.667e-01 
 2.500e-01  2.000e-01  1.667e-01  1.429e-01 

b:
 1.955e+00  1.296e+00  1.022e+00  8.589e-01 

x:
 1.000e+00 -6.903e-05  1.001e+00 -1.015e-02 

./a.out : Task = 9 Res1 = 4.771132e-12 Res2 = 2.401224e+01 T1 = 0.00 T2 = 0.00 S = 4 N = 14 M = 6 P = 2
============================== a.out n=14 m=6 p=3 s=4 ===============
### Run  ./a.out 14 6 3 4 4
A:
 1.000e+00  5.000e-01  3.333e-01  2.500e-01 
 5.000e-01  3.333e-01  2.500e-01  2.000e-01 
 3.333e-01  2.500e-01  2.000e-01  1.667e-01 
 2.500e-01  2.000e-01  1.667e-01  1.429e-01 

b:
 1.955e+00  1.296e+00  1.022e+00  8.589e-01 

x:
 1.000e+00 -6.903e-05  1.001e+00 -1.015e-02 

./a.out : Task = 9 Res1 = 4.771132e-12 Res2 = 2.401224e+01 T1 = 0.00 T2 = 0.00 S = 4 N = 14 M = 6 P = 3
============================== a.out n=14 m=9 p=1 s=4 ===============
### Run  ./a.out 14 9 1 4 4
A:
 1.000e+00  5.000e-01  3.333e-01  2.500e-01 
 5.000e-01  3.333e-01  2.500e-01  2.000e-01 
 3.333e-01  2.500e-01  2.000e-01  1.667e-01 
 2.500e-01  2.000e-01  1.667e-01  1.429e-01 

b:
 1.955e+00  1.296e+00  1.022e+00  8.589e-01 

x:
 1.000e+00  2.580e-04  9.909e-01  1.337e-01 

./a.out : Task = 9 Res1 = 2.970420e-09 Res2 = 9.949394e+01 T1 = 0.00 T2 = 0.00 S = 4 N = 14 M = 9 P = 1
============================== a.out n=14 m=9 p=2 s=4 ===============
### Run  ./a.out 14 9 2 4 4
A:
 1.000e+00  5.000e-01  3.333e-01  2.500e-01 
 5.000e-01  3.333e-01  2.500e-01  2.000e-01 
 3.333e-01  2.500e-01  2.000e-01  1.667e-01 
 2.500e-01  2.000e-01  1.667e-01  1.429e-01 

b:
 1.955e+00  1.296e+00  1.022e+00  8.589e-01 

x:
 1.000e+00  2.580e-04  9.909e-01  1.337e-01 

./a.out : Task = 9 Res1 = 2.970420e-09 Res2 = 9.949394e+01 T1 = 0.00 T2 = 0.00 S = 4 N = 14 M = 9 P = 2
============================== a.out n=14 m=12 p=1 s=4 ===============
### Run  ./a.out 14 12 1 4 4
A:
 1.000e+00  5.000e-01  3.333e-01  2.500e-01 
 5.000e-01  3.333e-01  2.500e-01  2.000e-01 
 3.333e-01  2.500e-01  2.000e-01  1.667e-01 
 2.500e-01  2.000e-01  1.667e-01  1.429e-01 

b:
 1.955e+00  1.296e+00  1.022e+00  8.589e-01 

./a.out : Task = 9 Res1 = -1 Res2 = -1 T1 = 0.00 T2 = 0.00 S = 4 N = 14 M = 12 P = 1
============================== a.out n=14 m=12 p=2 s=4 ===============
### Run  ./a.out 14 12 2 4 4
A:
 1.000e+00  5.000e-01  3.333e-01  2.500e-01 
 5.000e-01  3.333e-01  2.500e-01  2.000e-01 
 3.333e-01  2.500e-01  2.000e-01  1.667e-01 
 2.500e-01  2.000e-01  1.667e-01  1.429e-01 

b:
 1.955e+00  1.296e+00  1.022e+00  8.589e-01 

./a.out : Task = 9 Res1 = -1 Res2 = -1 T1 = 0.00 T2 = 0.00 S = 4 N = 14 M = 12 P = 2
============================== a.out n=15 m=3 p=1 s=4 ===============
### Run  ./a.out 15 3 1 4 4
A:
 1.000e+00  5.000e-01  3.333e-01  2.500e-01 
 5.000e-01  3.333e-01  2.500e-01  2.000e-01 
 3.333e-01  2.500e-01  2.000e-01  1.667e-01 
 2.500e-01  2.000e-01  1.667e-01  1.429e-01 

b:
 2.022e+00  1.359e+00  1.081e+00  9.145e-01 

./a.out : Task = 9 Res1 = -1 Res2 = -1 T1 = 0.00 T2 = 0.00 S = 4 N = 15 M = 3 P = 1
============================== a.out n=15 m=3 p=2 s=4 ===============
### Run  ./a.out 15 3 2 4 4
A:
 1.000e+00  5.000e-01  3.333e-01  2.500e-01 
 5.000e-01  3.333e-01  2.500e-01  2.000e-01 
 3.333e-01  2.500e-01  2.000e-01  1.667e-01 
 2.500e-01  2.000e-01  1.667e-01  1.429e-01 

b:
 2.022e+00  1.359e+00  1.081e+00  9.145e-01 

./a.out : Task = 9 Res1 = -1 Res2 = -1 T1 = 0.00 T2 = 0.00 S = 4 N = 15 M = 3 P = 2
============================== a.out n=15 m=3 p=3 s=4 ===============
### Run  ./a.out 15 3 3 4 4
A:
 1.000e+00  5.000e-01  3.333e-01  2.500e-01 
 5.000e-01  3.333e-01  2.500e-01  2.000e-01 
 3.333e-01  2.500e-01  2.000e-01  1.667e-01 
 2.500e-01  2.000e-01  1.667e-01  1.429e-01 

b:
 2.022e+00  1.359e+00  1.081e+00  9.145e-01 

./a.out : Task = 9 Res1 = -1 Res2 = -1 T1 = 0.00 T2 = 0.00 S = 4 N = 15 M = 3 P = 3
============================== a.out n=15 m=3 p=4 s=4 ===============
### Run  ./a.out 15 3 4 4 4
A:
 1.000e+00  5.000e-01  3.333e-01  2.500e-01 
 5.000e-01  3.333e-01  2.500e-01  2.000e-01 
 3.333e-01  2.500e-01  2.000e-01  1.667e-01 
 2.500e-01  2.000e-01  1.667e-01  1.429e-01 

b:
 2.022e+00  1.359e+00  1.081e+00  9.145e-01 

./a.out : Task = 9 Res1 = -1 Res2 = -1 T1 = 0.00 T2 = 0.00 S = 4 N = 15 M = 3 P = 4
============================== a.out n=15 m=3 p=5 s=4 ===============
### Run  ./a.out 15 3 5 4 4
A:
 1.000e+00  5.000e-01  3.333e-01  2.500e-01 
 5.000e-01  3.333e-01  2.500e-01  2.000e-01 
 3.333e-01  2.500e-01  2.000e-01  1.667e-01 
 2.500e-01  2.000e-01  1.667e-01  1.429e-01 

b:
 2.022e+00  1.359e+00  1.081e+00  9.145e-01 

./a.out : Task = 9 Res1 = -1 Res2 = -1 T1 = 0.00 T2 = 0.00 S = 4 N = 15 M = 3 P = 5
============================== a.out n=15 m=3 p=6 s=4 ===============
### Run  ./a.out 15 3 6 4 4
A:
 1.000e+00  5.000e-01  3.333e-01  2.500e-01 
 5.000e-01  3.333e-01  2.500e-01  2.000e-01 
 3.333e-01  2.500e-01  2.000e-01  1.667e-01 
 2.500e-01  2.000e-01  1.667e-01  1.429e-01 

b:
 2.022e+00  1.359e+00  1.081e+00  9.145e-01 

./a.out : Task = 9 Res1 = -1 Res2 = -1 T1 = 0.00 T2 = 0.00 S = 4 N = 15 M = 3 P = 6
============================== a.out n=15 m=6 p=1 s=4 ===============
### Run  ./a.out 15 6 1 4 4
A:
 1.000e+00  5.000e-01  3.333e-01  2.500e-01 
 5.000e-01  3.333e-01  2.500e-01  2.000e-01 
 3.333e-01  2.500e-01  2.000e-01  1.667e-01 
 2.500e-01  2.000e-01  1.667e-01  1.429e-01 

b:
 2.022e+00  1.359e+00  1.081e+00  9.145e-01 

x:
 1.000e+00 -9.090e-05  1.001e+00  4.169e-03 

./a.out : Task = 9 Res1 = 4.722635e-12 Res2 = 5.245588e+01 T1 = 0.00 T2 = 0.00 S = 4 N = 15 M = 6 P = 1
============================== a.out n=15 m=6 p=2 s=4 ===============
### Run  ./a.out 15 6 2 4 4
A:
 1.000e+00  5.000e-01  3.333e-01  2.500e-01 
 5.000e-01  3.333e-01  2.500e-01  2.000e-01 
 3.333e-01  2.500e-01  2.000e-01  1.667e-01 
 2.500e-01  2.000e-01  1.667e-01  1.429e-01 

b:
 2.022e+00  1.359e+00  1.081e+00  9.145e-01 

x:
 1.000e+00 -9.090e-05  1.001e+00  4.169e-03 

./a.out : Task = 9 Res1 = 4.722635e-12 Res2 = 5.245588e+01 T1 = 0.00 T2 = 0.00 S = 4 N = 15 M = 6 P = 2
============================== a.out n=15 m=6 p=3 s=4 ===============
### Run  ./a.out 15 6 3 4 4
A:
 1.000e+00  5.000e-01  3.333e-01  2.500e-01 
 5.000e-01  3.333e-01  2.500e-01  2.000e-01 
 3.333e-01  2.500e-01  2.000e-01  1.667e-01 
 2.500e-01  2.000e-01  1.667e-01  1.429e-01 

b:
 2.022e+00  1.359e+00  1.081e+00  9.145e-01 

x:
 1.000e+00 -9.090e-05  1.001e+00  4.169e-03 

./a.out : Task = 9 Res1 = 4.722635e-12 Res2 = 5.245588e+01 T1 = 0.00 T2 = 0.00 S = 4 N = 15 M = 6 P = 3
============================== a.out n=15 m=9 p=1 s=4 ===============
### Run  ./a.out 15 9 1 4 4
A:
 1.000e+00  5.000e-01  3.333e-01  2.500e-01 
 5.000e-01  3.333e-01  2.500e-01  2.000e-01 
 3.333e-01  2.500e-01  2.000e-01  1.667e-01 
 2.500e-01  2.000e-01  1.667e-01  1.429e-01 

b:
 2.022e+00  1.359e+00  1.081e+00  9.145e-01 

./a.out : Task = 9 Res1 = -1 Res2 = -1 T1 = 0.00 T2 = 0.00 S = 4 N = 15 M = 9 P = 1
============================== a.out n=15 m=9 p=2 s=4 ===============
### Run  ./a.out 15 9 2 4 4
A:
 1.000e+00  5.000e-01  3.333e-01  2.500e-01 
 5.000e-01  3.333e-01  2.500e-01  2.000e-01 
 3.333e-01  2.500e-01  2.000e-01  1.667e-01 
 2.500e-01  2.000e-01  1.667e-01  1.429e-01 

b:
 2.022e+00  1.359e+00  1.081e+00  9.145e-01 

./a.out : Task = 9 Res1 = -1 Res2 = -1 T1 = 0.00 T2 = 0.00 S = 4 N = 15 M = 9 P = 2
============================== a.out n=15 m=12 p=1 s=4 ===============
### Run  ./a.out 15 12 1 4 4
A:
 1.000e+00  5.000e-01  3.333e-01  2.500e-01 
 5.000e-01  3.333e-01  2.500e-01  2.000e-01 
 3.333e-01  2.500e-01  2.000e-01  1.667e-01 
 2.500e-01  2.000e-01  1.667e-01  1.429e-01 

b:
 2.022e+00  1.359e+00  1.081e+00  9.145e-01 

./a.out : Task = 9 Res1 = -1 Res2 = -1 T1 = 0.00 T2 = 0.00 S = 4 N = 15 M = 12 P = 1
============================== a.out n=15 m=12 p=2 s=4 ===============
### Run  ./a.out 15 12 2 4 4
A:
 1.000e+00  5.000e-01  3.333e-01  2.500e-01 
 5.000e-01  3.333e-01  2.500e-01  2.000e-01 
 3.333e-01  2.500e-01  2.000e-01  1.667e-01 
 2.500e-01  2.000e-01  1.667e-01  1.429e-01 

b:
 2.022e+00  1.359e+00  1.081e+00  9.145e-01 

./a.out : Task = 9 Res1 = -1 Res2 = -1 T1 = 0.00 T2 = 0.00 S = 4 N = 15 M = 12 P = 2
============================== a.out n=15 m=15 p=1 s=4 ===============
### Run  ./a.out 15 15 1 4 4
A:
 1.000e+00  5.000e-01  3.333e-01  2.500e-01 
 5.000e-01  3.333e-01  2.500e-01  2.000e-01 
 3.333e-01  2.500e-01  2.000e-01  1.667e-01 
 2.500e-01  2.000e-01  1.667e-01  1.429e-01 

b:
 2.022e+00  1.359e+00  1.081e+00  9.145e-01 

./a.out : Task = 9 Res1 = -1 Res2 = -1 T1 = 0.00 T2 = 0.00 S = 4 N = 15 M = 15 P = 1
============================== a.out n=15 m=15 p=2 s=4 ===============
### Run  ./a.out 15 15 2 4 4
A:
 1.000e+00  5.000e-01  3.333e-01  2.500e-01 
 5.000e-01  3.333e-01  2.500e-01  2.000e-01 
 3.333e-01  2.500e-01  2.000e-01  1.667e-01 
 2.500e-01  2.000e-01  1.667e-01  1.429e-01 

b:
 2.022e+00  1.359e+00  1.081e+00  9.145e-01 

./a.out : Task = 9 Res1 = -1 Res2 = -1 T1 = 0.00 T2 = 0.00 S = 4 N = 15 M = 15 P = 2
============================== a.out n=16 m=3 p=1 s=4 ===============
### Run  ./a.out 16 3 1 4 4
A:
 1.000e+00  5.000e-01  3.333e-01  2.500e-01 
 5.000e-01  3.333e-01  2.500e-01  2.000e-01 
 3.333e-01  2.500e-01  2.000e-01  1.667e-01 
 2.500e-01  2.000e-01  1.667e-01  1.429e-01 

b:
 2.022e+00  1.359e+00  1.081e+00  9.145e-01 

./a.out : Task = 9 Res1 = -1 Res2 = -1 T1 = 0.00 T2 = 0.00 S = 4 N = 16 M = 3 P = 1
============================== a.out n=16 m=3 p=2 s=4 ===============
### Run  ./a.out 16 3 2 4 4
A:
 1.000e+00  5.000e-01  3.333e-01  2.500e-01 
 5.000e-01  3.333e-01  2.500e-01  2.000e-01 
 3.333e-01  2.500e-01  2.000e-01  1.667e-01 
 2.500e-01  2.000e-01  1.667e-01  1.429e-01 

b:
 2.022e+00  1.359e+00  1.081e+00  9.145e-01 

./a.out : Task = 9 Res1 = -1 Res2 = -1 T1 = 0.00 T2 = 0.00 S = 4 N = 16 M = 3 P = 2
============================== a.out n=16 m=3 p=3 s=4 ===============
### Run  ./a.out 16 3 3 4 4
A:
 1.000e+00  5.000e-01  3.333e-01  2.500e-01 
 5.000e-01  3.333e-01  2.500e-01  2.000e-01 
 3.333e-01  2.500e-01  2.000e-01  1.667e-01 
 2.500e-01  2.000e-01  1.667e-01  1.429e-01 

b:
 2.022e+00  1.359e+00  1.081e+00  9.145e-01 

./a.out : Task = 9 Res1 = -1 Res2 = -1 T1 = 0.00 T2 = 0.00 S = 4 N = 16 M = 3 P = 3
============================== a.out n=16 m=3 p=4 s=4 ===============
### Run  ./a.out 16 3 4 4 4
A:
 1.000e+00  5.000e-01  3.333e-01  2.500e-01 
 5.000e-01  3.333e-01  2.500e-01  2.000e-01 
 3.333e-01  2.500e-01  2.000e-01  1.667e-01 
 2.500e-01  2.000e-01  1.667e-01  1.429e-01 

b:
 2.022e+00  1.359e+00  1.081e+00  9.145e-01 

./a.out : Task = 9 Res1 = -1 Res2 = -1 T1 = 0.00 T2 = 0.00 S = 4 N = 16 M = 3 P = 4
============================== a.out n=16 m=3 p=5 s=4 ===============
### Run  ./a.out 16 3 5 4 4
A:
 1.000e+00  5.000e-01  3.333e-01  2.500e-01 
 5.000e-01  3.333e-01  2.500e-01  2.000e-01 
 3.333e-01  2.500e-01  2.000e-01  1.667e-01 
 2.500e-01  2.000e-01  1.667e-01  1.429e-01 

b:
 2.022e+00  1.359e+00  1.081e+00  9.145e-01 

./a.out : Task = 9 Res1 = -1 Res2 = -1 T1 = 0.00 T2 = 0.00 S = 4 N = 16 M = 3 P = 5
============================== a.out n=16 m=3 p=6 s=4 ===============
### Run  ./a.out 16 3 6 4 4
A:
 1.000e+00  5.000e-01  3.333e-01  2.500e-01 
 5.000e-01  3.333e-01  2.500e-01  2.000e-01 
 3.333e-01  2.500e-01  2.000e-01  1.667e-01 
 2.500e-01  2.000e-01  1.667e-01  1.429e-01 

b:
 2.022e+00  1.359e+00  1.081e+00  9.145e-01 

./a.out : Task = 9 Res1 = -1 Res2 = -1 T1 = 0.00 T2 = 0.00 S = 4 N = 16 M = 3 P = 6
============================== a.out n=16 m=6 p=1 s=4 ===============
### Run  ./a.out 16 6 1 4 4
A:
 1.000e+00  5.000e-01  3.333e-01  2.500e-01 
 5.000e-01  3.333e-01  2.500e-01  2.000e-01 
 3.333e-01  2.500e-01  2.000e-01  1.667e-01 
 2.500e-01  2.000e-01  1.667e-01  1.429e-01 

b:
 2.022e+00  1.359e+00  1.081e+00  9.145e-01 

./a.out : Task = 9 Res1 = -1 Res2 = -1 T1 = 0.00 T2 = 0.00 S = 4 N = 16 M = 6 P = 1
============================== a.out n=16 m=6 p=2 s=4 ===============
### Run  ./a.out 16 6 2 4 4
A:
 1.000e+00  5.000e-01  3.333e-01  2.500e-01 
 5.000e-01  3.333e-01  2.500e-01  2.000e-01 
 3.333e-01  2.500e-01  2.000e-01  1.667e-01 
 2.500e-01  2.000e-01  1.667e-01  1.429e-01 

b:
 2.022e+00  1.359e+00  1.081e+00  9.145e-01 

./a.out : Task = 9 Res1 = -1 Res2 = -1 T1 = 0.00 T2 = 0.00 S = 4 N = 16 M = 6 P = 2
============================== a.out n=16 m=6 p=3 s=4 ===============
### Run  ./a.out 16 6 3 4 4
A:
 1.000e+00  5.000e-01  3.333e-01  2.500e-01 
 5.000e-01  3.333e-01  2.500e-01  2.000e-01 
 3.333e-01  2.500e-01  2.000e-01  1.667e-01 
 2.500e-01  2.000e-01  1.667e-01  1.429e-01 

b:
 2.022e+00  1.359e+00  1.081e+00  9.145e-01 

./a.out : Task = 9 Res1 = -1 Res2 = -1 T1 = 0.00 T2 = 0.00 S = 4 N = 16 M = 6 P = 3
============================== a.out n=16 m=9 p=1 s=4 ===============
### Run  ./a.out 16 9 1 4 4
A:
 1.000e+00  5.000e-01  3.333e-01  2.500e-01 
 5.000e-01  3.333e-01  2.500e-01  2.000e-01 
 3.333e-01  2.500e-01  2.000e-01  1.667e-01 
 2.500e-01  2.000e-01  1.667e-01  1.429e-01 

b:
 2.022e+00  1.359e+00  1.081e+00  9.145e-01 

x:
 1.000e+00 -1.070e-03  1.024e+00 -2.037e-01 

./a.out : Task = 9 Res1 = 6.130974e-09 Res2 = 1.306671e+02 T1 = 0.00 T2 = 0.00 S = 4 N = 16 M = 9 P = 1
============================== a.out n=16 m=9 p=2 s=4 ===============
### Run  ./a.out 16 9 2 4 4
A:
 1.000e+00  5.000e-01  3.333e-01  2.500e-01 
 5.000e-01  3.333e-01  2.500e-01  2.000e-01 
 3.333e-01  2.500e-01  2.000e-01  1.667e-01 
 2.500e-01  2.000e-01  1.667e-01  1.429e-01 

b:
 2.022e+00  1.359e+00  1.081e+00  9.145e-01 

x:
 1.000e+00 -1.070e-03  1.024e+00 -2.037e-01 

./a.out : Task = 9 Res1 = 6.130974e-09 Res2 = 1.306671e+02 T1 = 0.00 T2 = 0.00 S = 4 N = 16 M = 9 P = 2
============================== a.out n=16 m=12 p=1 s=4 ===============
### Run  ./a.out 16 12 1 4 4
A:
 1.000e+00  5.000e-01  3.333e-01  2.500e-01 
 5.000e-01  3.333e-01  2.500e-01  2.000e-01 
 3.333e-01  2.500e-01  2.000e-01  1.667e-01 
 2.500e-01  2.000e-01  1.667e-01  1.429e-01 

b:
 2.022e+00  1.359e+00  1.081e+00  9.145e-01 

./a.out : Task = 9 Res1 = -1 Res2 = -1 T1 = 0.00 T2 = 0.00 S = 4 N = 16 M = 12 P = 1
============================== a.out n=16 m=12 p=2 s=4 ===============
### Run  ./a.out 16 12 2 4 4
A:
 1.000e+00  5.000e-01  3.333e-01  2.500e-01 
 5.000e-01  3.333e-01  2.500e-01  2.000e-01 
 3.333e-01  2.500e-01  2.000e-01  1.667e-01 
 2.500e-01  2.000e-01  1.667e-01  1.429e-01 

b:
 2.022e+00  1.359e+00  1.081e+00  9.145e-01 

./a.out : Task = 9 Res1 = -1 Res2 = -1 T1 = 0.00 T2 = 0.00 S = 4 N = 16 M = 12 P = 2
============================== a.out n=16 m=15 p=1 s=4 ===============
### Run  ./a.out 16 15 1 4 4
A:
 1.000e+00  5.000e-01  3.333e-01  2.500e-01 
 5.000e-01  3.333e-01  2.500e-01  2.000e-01 
 3.333e-01  2.500e-01  2.000e-01  1.667e-01 
 2.500e-01  2.000e-01  1.667e-01  1.429e-01 

b:
 2.022e+00  1.359e+00  1.081e+00  9.145e-01 

./a.out : Task = 9 Res1 = -1 Res2 = -1 T1 = 0.00 T2 = 0.00 S = 4 N = 16 M = 15 P = 1
============================== a.out n=16 m=15 p=2 s=4 ===============
### Run  ./a.out 16 15 2 4 4
A:
 1.000e+00  5.000e-01  3.333e-01  2.500e-01 
 5.000e-01  3.333e-01  2.500e-01  2.000e-01 
 3.333e-01  2.500e-01  2.000e-01  1.667e-01 
 2.500e-01  2.000e-01  1.667e-01  1.429e-01 

b:
 2.022e+00  1.359e+00  1.081e+00  9.145e-01 

./a.out : Task = 9 Res1 = -1 Res2 = -1 T1 = 0.00 T2 = 0.00 S = 4 N = 16 M = 15 P = 2
============================== a.out n=17 m=3 p=1 s=4 ===============
### Run  ./a.out 17 3 1 4 4
A:
 1.000e+00  5.000e-01  3.333e-01  2.500e-01 
 5.000e-01  3.333e-01  2.500e-01  2.000e-01 
 3.333e-01  2.500e-01  2.000e-01  1.667e-01 
 2.500e-01  2.000e-01  1.667e-01  1.429e-01 

b:
 2.081e+00  1.414e+00  1.133e+00  9.645e-01 

./a.out : Task = 9 Res1 = -1 Res2 = -1 T1 = 0.00 T2 = 0.00 S = 4 N = 17 M = 3 P = 1
============================== a.out n=17 m=3 p=2 s=4 ===============
### Run  ./a.out 17 3 2 4 4
A:
 1.000e+00  5.000e-01  3.333e-01  2.500e-01 
 5.000e-01  3.333e-01  2.500e-01  2.000e-01 
 3.333e-01  2.500e-01  2.000e-01  1.667e-01 
 2.500e-01  2.000e-01  1.667e-01  1.429e-01 

b:
 2.081e+00  1.414e+00  1.133e+00  9.645e-01 

./a.out : Task = 9 Res1 = -1 Res2 = -1 T1 = 0.00 T2 = 0.00 S = 4 N = 17 M = 3 P = 2
============================== a.out n=17 m=3 p=3 s=4 ===============
### Run  ./a.out 17 3 3 4 4
A:
 1.000e+00  5.000e-01  3.333e-01  2.500e-01 
 5.000e-01  3.333e-01  2.500e-01  2.000e-01 
 3.333e-01  2.500e-01  2.000e-01  1.667e-01 
 2.500e-01  2.000e-01  1.667e-01  1.429e-01 

b:
 2.081e+00  1.414e+00  1.133e+00  9.645e-01 

./a.out : Task = 9 Res1 = -1 Res2 = -1 T1 = 0.00 T2 = 0.00 S = 4 N = 17 M = 3 P = 3
============================== a.out n=17 m=3 p=4 s=4 ===============
### Run  ./a.out 17 3 4 4 4
A:
 1.000e+00  5.000e-01  3.333e-01  2.500e-01 
 5.000e-01  3.333e-01  2.500e-01  2.000e-01 
 3.333e-01  2.500e-01  2.000e-01  1.667e-01 
 2.500e-01  2.000e-01  1.667e-01  1.429e-01 

b:
 2.081e+00  1.414e+00  1.133e+00  9.645e-01 

./a.out : Task = 9 Res1 = -1 Res2 = -1 T1 = 0.00 T2 = 0.00 S = 4 N = 17 M = 3 P = 4
============================== a.out n=17 m=3 p=5 s=4 ===============
### Run  ./a.out 17 3 5 4 4
A:
 1.000e+00  5.000e-01  3.333e-01  2.500e-01 
 5.000e-01  3.333e-01  2.500e-01  2.000e-01 
 3.333e-01  2.500e-01  2.000e-01  1.667e-01 
 2.500e-01  2.000e-01  1.667e-01  1.429e-01 

b:
 2.081e+00  1.414e+00  1.133e+00  9.645e-01 

./a.out : Task = 9 Res1 = -1 Res2 = -1 T1 = 0.00 T2 = 0.00 S = 4 N = 17 M = 3 P = 5
============================== a.out n=17 m=3 p=6 s=4 ===============
### Run  ./a.out 17 3 6 4 4
A:
 1.000e+00  5.000e-01  3.333e-01  2.500e-01 
 5.000e-01  3.333e-01  2.500e-01  2.000e-01 
 3.333e-01  2.500e-01  2.000e-01  1.667e-01 
 2.500e-01  2.000e-01  1.667e-01  1.429e-01 

b:
 2.081e+00  1.414e+00  1.133e+00  9.645e-01 

./a.out : Task = 9 Res1 = -1 Res2 = -1 T1 = 0.00 T2 = 0.00 S = 4 N = 17 M = 3 P = 6
============================== a.out n=17 m=6 p=1 s=4 ===============
### Run  ./a.out 17 6 1 4 4
A:
 1.000e+00  5.000e-01  3.333e-01  2.500e-01 
 5.000e-01  3.333e-01  2.500e-01  2.000e-01 
 3.333e-01  2.500e-01  2.000e-01  1.667e-01 
 2.500e-01  2.000e-01  1.667e-01  1.429e-01 

b:
 2.081e+00  1.414e+00  1.133e+00  9.645e-01 

./a.out : Task = 9 Res1 = -1 Res2 = -1 T1 = 0.00 T2 = 0.00 S = 4 N = 17 M = 6 P = 1
============================== a.out n=17 m=6 p=2 s=4 ===============
### Run  ./a.out 17 6 2 4 4
A:
 1.000e+00  5.000e-01  3.333e-01  2.500e-01 
 5.000e-01  3.333e-01  2.500e-01  2.000e-01 
 3.333e-01  2.500e-01  2.000e-01  1.667e-01 
 2.500e-01  2.000e-01  1.667e-01  1.429e-01 

b:
 2.081e+00  1.414e+00  1.133e+00  9.645e-01 

./a.out : Task = 9 Res1 = -1 Res2 = -1 T1 = 0.00 T2 = 0.00 S = 4 N = 17 M = 6 P = 2
============================== a.out n=17 m=6 p=3 s=4 ===============
### Run  ./a.out 17 6 3 4 4
A:
 1.000e+00  5.000e-01  3.333e-01  2.500e-01 
 5.000e-01  3.333e-01  2.500e-01  2.000e-01 
 3.333e-01  2.500e-01  2.000e-01  1.667e-01 
 2.500e-01  2.000e-01  1.667e-01  1.429e-01 

b:
 2.081e+00  1.414e+00  1.133e+00  9.645e-01 

./a.out : Task = 9 Res1 = -1 Res2 = -1 T1 = 0.00 T2 = 0.00 S = 4 N = 17 M = 6 P = 3
============================== a.out n=17 m=9 p=1 s=4 ===============
### Run  ./a.out 17 9 1 4 4
A:
 1.000e+00  5.000e-01  3.333e-01  2.500e-01 
 5.000e-01  3.333e-01  2.500e-01  2.000e-01 
 3.333e-01  2.500e-01  2.000e-01  1.667e-01 
 2.500e-01  2.000e-01  1.667e-01  1.429e-01 

b:
 2.081e+00  1.414e+00  1.133e+00  9.645e-01 

./a.out : Task = 9 Res1 = -1 Res2 = -1 T1 = 0.00 T2 = 0.00 S = 4 N = 17 M = 9 P = 1
============================== a.out n=17 m=9 p=2 s=4 ===============
### Run  ./a.out 17 9 2 4 4
A:
 1.000e+00  5.000e-01  3.333e-01  2.500e-01 
 5.000e-01  3.333e-01  2.500e-01  2.000e-01 
 3.333e-01  2.500e-01  2.000e-01  1.667e-01 
 2.500e-01  2.000e-01  1.667e-01  1.429e-01 

b:
 2.081e+00  1.414e+00  1.133e+00  9.645e-01 

./a.out : Task = 9 Res1 = -1 Res2 = -1 T1 = 0.00 T2 = 0.00 S = 4 N = 17 M = 9 P = 2
============================== a.out n=17 m=12 p=1 s=4 ===============
### Run  ./a.out 17 12 1 4 4
A:
 1.000e+00  5.000e-01  3.333e-01  2.500e-01 
 5.000e-01  3.333e-01  2.500e-01  2.000e-01 
 3.333e-01  2.500e-01  2.000e-01  1.667e-01 
 2.500e-01  2.000e-01  1.667e-01  1.429e-01 

b:
 2.081e+00  1.414e+00  1.133e+00  9.645e-01 

./a.out : Task = 9 Res1 = -1 Res2 = -1 T1 = 0.00 T2 = 0.00 S = 4 N = 17 M = 12 P = 1
============================== a.out n=17 m=12 p=2 s=4 ===============
### Run  ./a.out 17 12 2 4 4
A:
 1.000e+00  5.000e-01  3.333e-01  2.500e-01 
 5.000e-01  3.333e-01  2.500e-01  2.000e-01 
 3.333e-01  2.500e-01  2.000e-01  1.667e-01 
 2.500e-01  2.000e-01  1.667e-01  1.429e-01 

b:
 2.081e+00  1.414e+00  1.133e+00  9.645e-01 

./a.out : Task = 9 Res1 = -1 Res2 = -1 T1 = 0.00 T2 = 0.00 S = 4 N = 17 M = 12 P = 2
============================== a.out n=17 m=15 p=1 s=4 ===============
### Run  ./a.out 17 15 1 4 4
A:
 1.000e+00  5.000e-01  3.333e-01  2.500e-01 
 5.000e-01  3.333e-01  2.500e-01  2.000e-01 
 3.333e-01  2.500e-01  2.000e-01  1.667e-01 
 2.500e-01  2.000e-01  1.667e-01  1.429e-01 

b:
 2.081e+00  1.414e+00  1.133e+00  9.645e-01 

./a.out : Task = 9 Res1 = -1 Res2 = -1 T1 = 0.00 T2 = 0.00 S = 4 N = 17 M = 15 P = 1
============================== a.out n=17 m=15 p=2 s=4 ===============
### Run  ./a.out 17 15 2 4 4
A:
 1.000e+00  5.000e-01  3.333e-01  2.500e-01 
 5.000e-01  3.333e-01  2.500e-01  2.000e-01 
 3.333e-01  2.500e-01  2.000e-01  1.667e-01 
 2.500e-01  2.000e-01  1.667e-01  1.429e-01 

b:
 2.081e+00  1.414e+00  1.133e+00  9.645e-01 

./a.out : Task = 9 Res1 = -1 Res2 = -1 T1 = 0.00 T2 = 0.00 S = 4 N = 17 M = 15 P = 2
============================== a.out n=18 m=3 p=1 s=4 ===============
### Run  ./a.out 18 3 1 4 4
A:
 1.000e+00  5.000e-01  3.333e-01  2.500e-01 
 5.000e-01  3.333e-01  2.500e-01  2.000e-01 
 3.333e-01  2.500e-01  2.000e-01  1.667e-01 
 2.500e-01  2.000e-01  1.667e-01  1.429e-01 

b:
 2.081e+00  1.414e+00  1.133e+00  9.645e-01 

./a.out : Task = 9 Res1 = -1 Res2 = -1 T1 = 0.00 T2 = 0.00 S = 4 N = 18 M = 3 P = 1
============================== a.out n=18 m=3 p=2 s=4 ===============
### Run  ./a.out 18 3 2 4 4
A:
 1.000e+00  5.000e-01  3.333e-01  2.500e-01 
 5.000e-01  3.333e-01  2.500e-01  2.000e-01 
 3.333e-01  2.500e-01  2.000e-01  1.667e-01 
 2.500e-01  2.000e-01  1.667e-01  1.429e-01 

b:
 2.081e+00  1.414e+00  1.133e+00  9.645e-01 

./a.out : Task = 9 Res1 = -1 Res2 = -1 T1 = 0.00 T2 = 0.00 S = 4 N = 18 M = 3 P = 2
============================== a.out n=18 m=3 p=3 s=4 ===============
### Run  ./a.out 18 3 3 4 4
A:
 1.000e+00  5.000e-01  3.333e-01  2.500e-01 
 5.000e-01  3.333e-01  2.500e-01  2.000e-01 
 3.333e-01  2.500e-01  2.000e-01  1.667e-01 
 2.500e-01  2.000e-01  1.667e-01  1.429e-01 

b:
 2.081e+00  1.414e+00  1.133e+00  9.645e-01 

./a.out : Task = 9 Res1 = -1 Res2 = -1 T1 = 0.00 T2 = 0.00 S = 4 N = 18 M = 3 P = 3
============================== a.out n=18 m=3 p=4 s=4 ===============
### Run  ./a.out 18 3 4 4 4
A:
 1.000e+00  5.000e-01  3.333e-01  2.500e-01 
 5.000e-01  3.333e-01  2.500e-01  2.000e-01 
 3.333e-01  2.500e-01  2.000e-01  1.667e-01 
 2.500e-01  2.000e-01  1.667e-01  1.429e-01 

b:
 2.081e+00  1.414e+00  1.133e+00  9.645e-01 

./a.out : Task = 9 Res1 = -1 Res2 = -1 T1 = 0.00 T2 = 0.00 S = 4 N = 18 M = 3 P = 4
============================== a.out n=18 m=3 p=5 s=4 ===============
### Run  ./a.out 18 3 5 4 4
A:
 1.000e+00  5.000e-01  3.333e-01  2.500e-01 
 5.000e-01  3.333e-01  2.500e-01  2.000e-01 
 3.333e-01  2.500e-01  2.000e-01  1.667e-01 
 2.500e-01  2.000e-01  1.667e-01  1.429e-01 

b:
 2.081e+00  1.414e+00  1.133e+00  9.645e-01 

./a.out : Task = 9 Res1 = -1 Res2 = -1 T1 = 0.00 T2 = 0.00 S = 4 N = 18 M = 3 P = 5
============================== a.out n=18 m=3 p=6 s=4 ===============
### Run  ./a.out 18 3 6 4 4
A:
 1.000e+00  5.000e-01  3.333e-01  2.500e-01 
 5.000e-01  3.333e-01  2.500e-01  2.000e-01 
 3.333e-01  2.500e-01  2.000e-01  1.667e-01 
 2.500e-01  2.000e-01  1.667e-01  1.429e-01 

b:
 2.081e+00  1.414e+00  1.133e+00  9.645e-01 

./a.out : Task = 9 Res1 = -1 Res2 = -1 T1 = 0.00 T2 = 0.00 S = 4 N = 18 M = 3 P = 6
============================== a.out n=18 m=3 p=7 s=4 ===============
### Run  ./a.out 18 3 7 4 4
A:
 1.000e+00  5.000e-01  3.333e-01  2.500e-01 
 5.000e-01  3.333e-01  2.500e-01  2.000e-01 
 3.333e-01  2.500e-01  2.000e-01  1.667e-01 
 2.500e-01  2.000e-01  1.667e-01  1.429e-01 

b:
 2.081e+00  1.414e+00  1.133e+00  9.645e-01 

./a.out : Task = 9 Res1 = -1 Res2 = -1 T1 = 0.00 T2 = 0.00 S = 4 N = 18 M = 3 P = 7
============================== a.out n=18 m=6 p=1 s=4 ===============
### Run  ./a.out 18 6 1 4 4
A:
 1.000e+00  5.000e-01  3.333e-01  2.500e-01 
 5.000e-01  3.333e-01  2.500e-01  2.000e-01 
 3.333e-01  2.500e-01  2.000e-01  1.667e-01 
 2.500e-01  2.000e-01  1.667e-01  1.429e-01 

b:
 2.081e+00  1.414e+00  1.133e+00  9.645e-01 

./a.out : Task = 9 Res1 = -1 Res2 = -1 T1 = 0.00 T2 = 0.00 S = 4 N = 18 M = 6 P = 1
============================== a.out n=18 m=6 p=2 s=4 ===============
### Run  ./a.out 18 6 2 4 4
A:
 1.000e+00  5.000e-01  3.333e-01  2.500e-01 
 5.000e-01  3.333e-01  2.500e-01  2.000e-01 
 3.333e-01  2.500e-01  2.000e-01  1.667e-01 
 2.500e-01  2.000e-01  1.667e-01  1.429e-01 

b:
 2.081e+00  1.414e+00  1.133e+00  9.645e-01 

./a.out : Task = 9 Res1 = -1 Res2 = -1 T1 = 0.00 T2 = 0.00 S = 4 N = 18 M = 6 P = 2
============================== a.out n=18 m=6 p=3 s=4 ===============
### Run  ./a.out 18 6 3 4 4
A:
 1.000e+00  5.000e-01  3.333e-01  2.500e-01 
 5.000e-01  3.333e-01  2.500e-01  2.000e-01 
 3.333e-01  2.500e-01  2.000e-01  1.667e-01 
 2.500e-01  2.000e-01  1.667e-01  1.429e-01 

b:
 2.081e+00  1.414e+00  1.133e+00  9.645e-01 

./a.out : Task = 9 Res1 = -1 Res2 = -1 T1 = 0.00 T2 = 0.00 S = 4 N = 18 M = 6 P = 3
============================== a.out n=18 m=6 p=4 s=4 ===============
### Run  ./a.out 18 6 4 4 4
A:
 1.000e+00  5.000e-01  3.333e-01  2.500e-01 
 5.000e-01  3.333e-01  2.500e-01  2.000e-01 
 3.333e-01  2.500e-01  2.000e-01  1.667e-01 
 2.500e-01  2.000e-01  1.667e-01  1.429e-01 

b:
 2.081e+00  1.414e+00  1.133e+00  9.645e-01 

./a.out : Task = 9 Res1 = -1 Res2 = -1 T1 = 0.00 T2 = 0.00 S = 4 N = 18 M = 6 P = 4
============================== a.out n=18 m=9 p=1 s=4 ===============
### Run  ./a.out 18 9 1 4 4
A:
 1.000e+00  5.000e-01  3.333e-01  2.500e-01 
 5.000e-01  3.333e-01  2.500e-01  2.000e-01 
 3.333e-01  2.500e-01  2.000e-01  1.667e-01 
 2.500e-01  2.000e-01  1.667e-01  1.429e-01 

b:
 2.081e+00  1.414e+00  1.133e+00  9.645e-01 

./a.out : Task = 9 Res1 = -1 Res2 = -1 T1 = 0.00 T2 = 0.00 S = 4 N = 18 M = 9 P = 1
============================== a.out n=18 m=9 p=2 s=4 ===============
### Run  ./a.out 18 9 2 4 4
A:
 1.000e+00  5.000e-01  3.333e-01  2.500e-01 
 5.000e-01  3.333e-01  2.500e-01  2.000e-01 
 3.333e-01  2.500e-01  2.000e-01  1.667e-01 
 2.500e-01  2.000e-01  1.667e-01  1.429e-01 

b:
 2.081e+00  1.414e+00  1.133e+00  9.645e-01 

./a.out : Task = 9 Res1 = -1 Res2 = -1 T1 = 0.00 T2 = 0.00 S = 4 N = 18 M = 9 P = 2
============================== a.out n=18 m=9 p=3 s=4 ===============
### Run  ./a.out 18 9 3 4 4
A:
 1.000e+00  5.000e-01  3.333e-01  2.500e-01 
 5.000e-01  3.333e-01  2.500e-01  2.000e-01 
 3.333e-01  2.500e-01  2.000e-01  1.667e-01 
 2.500e-01  2.000e-01  1.667e-01  1.429e-01 

b:
 2.081e+00  1.414e+00  1.133e+00  9.645e-01 

./a.out : Task = 9 Res1 = -1 Res2 = -1 T1 = 0.00 T2 = 0.00 S = 4 N = 18 M = 9 P = 3
============================== a.out n=18 m=12 p=1 s=4 ===============
### Run  ./a.out 18 12 1 4 4
A:
 1.000e+00  5.000e-01  3.333e-01  2.500e-01 
 5.000e-01  3.333e-01  2.500e-01  2.000e-01 
 3.333e-01  2.500e-01  2.000e-01  1.667e-01 
 2.500e-01  2.000e-01  1.667e-01  1.429e-01 

b:
 2.081e+00  1.414e+00  1.133e+00  9.645e-01 

./a.out : Task = 9 Res1 = -1 Res2 = -1 T1 = 0.00 T2 = 0.00 S = 4 N = 18 M = 12 P = 1
============================== a.out n=18 m=12 p=2 s=4 ===============
### Run  ./a.out 18 12 2 4 4
A:
 1.000e+00  5.000e-01  3.333e-01  2.500e-01 
 5.000e-01  3.333e-01  2.500e-01  2.000e-01 
 3.333e-01  2.500e-01  2.000e-01  1.667e-01 
 2.500e-01  2.000e-01  1.667e-01  1.429e-01 

b:
 2.081e+00  1.414e+00  1.133e+00  9.645e-01 

./a.out : Task = 9 Res1 = -1 Res2 = -1 T1 = 0.00 T2 = 0.00 S = 4 N = 18 M = 12 P = 2
============================== a.out n=18 m=15 p=1 s=4 ===============
### Run  ./a.out 18 15 1 4 4
A:
 1.000e+00  5.000e-01  3.333e-01  2.500e-01 
 5.000e-01  3.333e-01  2.500e-01  2.000e-01 
 3.333e-01  2.500e-01  2.000e-01  1.667e-01 
 2.500e-01  2.000e-01  1.667e-01  1.429e-01 

b:
 2.081e+00  1.414e+00  1.133e+00  9.645e-01 

./a.out : Task = 9 Res1 = -1 Res2 = -1 T1 = 0.00 T2 = 0.00 S = 4 N = 18 M = 15 P = 1
============================== a.out n=18 m=15 p=2 s=4 ===============
### Run  ./a.out 18 15 2 4 4
A:
 1.000e+00  5.000e-01  3.333e-01  2.500e-01 
 5.000e-01  3.333e-01  2.500e-01  2.000e-01 
 3.333e-01  2.500e-01  2.000e-01  1.667e-01 
 2.500e-01  2.000e-01  1.667e-01  1.429e-01 

b:
 2.081e+00  1.414e+00  1.133e+00  9.645e-01 

./a.out : Task = 9 Res1 = -1 Res2 = -1 T1 = 0.00 T2 = 0.00 S = 4 N = 18 M = 15 P = 2
============================== a.out n=18 m=18 p=1 s=4 ===============
### Run  ./a.out 18 18 1 4 4
A:
 1.000e+00  5.000e-01  3.333e-01  2.500e-01 
 5.000e-01  3.333e-01  2.500e-01  2.000e-01 
 3.333e-01  2.500e-01  2.000e-01  1.667e-01 
 2.500e-01  2.000e-01  1.667e-01  1.429e-01 

b:
 2.081e+00  1.414e+00  1.133e+00  9.645e-01 

./a.out : Task = 9 Res1 = -1 Res2 = -1 T1 = 0.00 T2 = 0.00 S = 4 N = 18 M = 18 P = 1
============================== a.out n=18 m=18 p=2 s=4 ===============
### Run  ./a.out 18 18 2 4 4
A:
 1.000e+00  5.000e-01  3.333e-01  2.500e-01 
 5.000e-01  3.333e-01  2.500e-01  2.000e-01 
 3.333e-01  2.500e-01  2.000e-01  1.667e-01 
 2.500e-01  2.000e-01  1.667e-01  1.429e-01 

b:
 2.081e+00  1.414e+00  1.133e+00  9.645e-01 

./a.out : Task = 9 Res1 = -1 Res2 = -1 T1 = 0.00 T2 = 0.00 S = 4 N = 18 M = 18 P = 2
============================== a.out n=19 m=3 p=1 s=4 ===============
### Run  ./a.out 19 3 1 4 4
A:
 1.000e+00  5.000e-01  3.333e-01  2.500e-01 
 5.000e-01  3.333e-01  2.500e-01  2.000e-01 
 3.333e-01  2.500e-01  2.000e-01  1.667e-01 
 2.500e-01  2.000e-01  1.667e-01  1.429e-01 

b:
 2.133e+00  1.464e+00  1.181e+00  1.010e+00 

./a.out : Task = 9 Res1 = -1 Res2 = -1 T1 = 0.00 T2 = 0.00 S = 4 N = 19 M = 3 P = 1
============================== a.out n=19 m=3 p=2 s=4 ===============
### Run  ./a.out 19 3 2 4 4
A:
 1.000e+00  5.000e-01  3.333e-01  2.500e-01 
 5.000e-01  3.333e-01  2.500e-01  2.000e-01 
 3.333e-01  2.500e-01  2.000e-01  1.667e-01 
 2.500e-01  2.000e-01  1.667e-01  1.429e-01 

b:
 2.133e+00  1.464e+00  1.181e+00  1.010e+00 

./a.out : Task = 9 Res1 = -1 Res2 = -1 T1 = 0.00 T2 = 0.00 S = 4 N = 19 M = 3 P = 2
============================== a.out n=19 m=3 p=3 s=4 ===============
### Run  ./a.out 19 3 3 4 4
A:
 1.000e+00  5.000e-01  3.333e-01  2.500e-01 
 5.000e-01  3.333e-01  2.500e-01  2.000e-01 
 3.333e-01  2.500e-01  2.000e-01  1.667e-01 
 2.500e-01  2.000e-01  1.667e-01  1.429e-01 

b:
 2.133e+00  1.464e+00  1.181e+00  1.010e+00 

./a.out : Task = 9 Res1 = -1 Res2 = -1 T1 = 0.00 T2 = 0.00 S = 4 N = 19 M = 3 P = 3
============================== a.out n=19 m=3 p=4 s=4 ===============
### Run  ./a.out 19 3 4 4 4
A:
 1.000e+00  5.000e-01  3.333e-01  2.500e-01 
 5.000e-01  3.333e-01  2.500e-01  2.000e-01 
 3.333e-01  2.500e-01  2.000e-01  1.667e-01 
 2.500e-01  2.000e-01  1.667e-01  1.429e-01 

b:
 2.133e+00  1.464e+00  1.181e+00  1.010e+00 

./a.out : Task = 9 Res1 = -1 Res2 = -1 T1 = 0.00 T2 = 0.00 S = 4 N = 19 M = 3 P = 4
============================== a.out n=19 m=3 p=5 s=4 ===============
### Run  ./a.out 19 3 5 4 4
A:
 1.000e+00  5.000e-01  3.333e-01  2.500e-01 
 5.000e-01  3.333e-01  2.500e-01  2.000e-01 
 3.333e-01  2.500e-01  2.000e-01  1.667e-01 
 2.500e-01  2.000e-01  1.667e-01  1.429e-01 

b:
 2.133e+00  1.464e+00  1.181e+00  1.010e+00 

./a.out : Task = 9 Res1 = -1 Res2 = -1 T1 = 0.00 T2 = 0.00 S = 4 N = 19 M = 3 P = 5
============================== a.out n=19 m=3 p=6 s=4 ===============
### Run  ./a.out 19 3 6 4 4
A:
 1.000e+00  5.000e-01  3.333e-01  2.500e-01 
 5.000e-01  3.333e-01  2.500e-01  2.000e-01 
 3.333e-01  2.500e-01  2.000e-01  1.667e-01 
 2.500e-01  2.000e-01  1.667e-01  1.429e-01 

b:
 2.133e+00  1.464e+00  1.181e+00  1.010e+00 

./a.out : Task = 9 Res1 = -1 Res2 = -1 T1 = 0.00 T2 = 0.00 S = 4 N = 19 M = 3 P = 6
============================== a.out n=19 m=3 p=7 s=4 ===============
### Run  ./a.out 19 3 7 4 4
A:
 1.000e+00  5.000e-01  3.333e-01  2.500e-01 
 5.000e-01  3.333e-01  2.500e-01  2.000e-01 
 3.333e-01  2.500e-01  2.000e-01  1.667e-01 
 2.500e-01  2.000e-01  1.667e-01  1.429e-01 

b:
 2.133e+00  1.464e+00  1.181e+00  1.010e+00 

./a.out : Task = 9 Res1 = -1 Res2 = -1 T1 = 0.00 T2 = 0.00 S = 4 N = 19 M = 3 P = 7
============================== a.out n=19 m=6 p=1 s=4 ===============
### Run  ./a.out 19 6 1 4 4
A:
 1.000e+00  5.000e-01  3.333e-01  2.500e-01 
 5.000e-01  3.333e-01  2.500e-01  2.000e-01 
 3.333e-01  2.500e-01  2.000e-01  1.667e-01 
 2.500e-01  2.000e-01  1.667e-01  1.429e-01 

b:
 2.133e+00  1.464e+00  1.181e+00  1.010e+00 

./a.out : Task = 9 Res1 = -1 Res2 = -1 T1 = 0.00 T2 = 0.00 S = 4 N = 19 M = 6 P = 1
============================== a.out n=19 m=6 p=2 s=4 ===============
### Run  ./a.out 19 6 2 4 4
A:
 1.000e+00  5.000e-01  3.333e-01  2.500e-01 
 5.000e-01  3.333e-01  2.500e-01  2.000e-01 
 3.333e-01  2.500e-01  2.000e-01  1.667e-01 
 2.500e-01  2.000e-01  1.667e-01  1.429e-01 

b:
 2.133e+00  1.464e+00  1.181e+00  1.010e+00 

./a.out : Task = 9 Res1 = -1 Res2 = -1 T1 = 0.00 T2 = 0.00 S = 4 N = 19 M = 6 P = 2
============================== a.out n=19 m=6 p=3 s=4 ===============
### Run  ./a.out 19 6 3 4 4
A:
 1.000e+00  5.000e-01  3.333e-01  2.500e-01 
 5.000e-01  3.333e-01  2.500e-01  2.000e-01 
 3.333e-01  2.500e-01  2.000e-01  1.667e-01 
 2.500e-01  2.000e-01  1.667e-01  1.429e-01 

b:
 2.133e+00  1.464e+00  1.181e+00  1.010e+00 

./a.out : Task = 9 Res1 = -1 Res2 = -1 T1 = 0.00 T2 = 0.00 S = 4 N = 19 M = 6 P = 3
============================== a.out n=19 m=6 p=4 s=4 ===============
### Run  ./a.out 19 6 4 4 4
A:
 1.000e+00  5.000e-01  3.333e-01  2.500e-01 
 5.000e-01  3.333e-01  2.500e-01  2.000e-01 
 3.333e-01  2.500e-01  2.000e-01  1.667e-01 
 2.500e-01  2.000e-01  1.667e-01  1.429e-01 

b:
 2.133e+00  1.464e+00  1.181e+00  1.010e+00 

./a.out : Task = 9 Res1 = -1 Res2 = -1 T1 = 0.00 T2 = 0.00 S = 4 N = 19 M = 6 P = 4
============================== a.out n=19 m=9 p=1 s=4 ===============
### Run  ./a.out 19 9 1 4 4
A:
 1.000e+00  5.000e-01  3.333e-01  2.500e-01 
 5.000e-01  3.333e-01  2.500e-01  2.000e-01 
 3.333e-01  2.500e-01  2.000e-01  1.667e-01 
 2.500e-01  2.000e-01  1.667e-01  1.429e-01 

b:
 2.133e+00  1.464e+00  1.181e+00  1.010e+00 

./a.out : Task = 9 Res1 = -1 Res2 = -1 T1 = 0.00 T2 = 0.00 S = 4 N = 19 M = 9 P = 1
============================== a.out n=19 m=9 p=2 s=4 ===============
### Run  ./a.out 19 9 2 4 4
A:
 1.000e+00  5.000e-01  3.333e-01  2.500e-01 
 5.000e-01  3.333e-01  2.500e-01  2.000e-01 
 3.333e-01  2.500e-01  2.000e-01  1.667e-01 
 2.500e-01  2.000e-01  1.667e-01  1.429e-01 

b:
 2.133e+00  1.464e+00  1.181e+00  1.010e+00 

./a.out : Task = 9 Res1 = -1 Res2 = -1 T1 = 0.00 T2 = 0.00 S = 4 N = 19 M = 9 P = 2
============================== a.out n=19 m=9 p=3 s=4 ===============
### Run  ./a.out 19 9 3 4 4
A:
 1.000e+00  5.000e-01  3.333e-01  2.500e-01 
 5.000e-01  3.333e-01  2.500e-01  2.000e-01 
 3.333e-01  2.500e-01  2.000e-01  1.667e-01 
 2.500e-01  2.000e-01  1.667e-01  1.429e-01 

b:
 2.133e+00  1.464e+00  1.181e+00  1.010e+00 

./a.out : Task = 9 Res1 = -1 Res2 = -1 T1 = 0.00 T2 = 0.00 S = 4 N = 19 M = 9 P = 3
============================== a.out n=19 m=12 p=1 s=4 ===============
### Run  ./a.out 19 12 1 4 4
A:
 1.000e+00  5.000e-01  3.333e-01  2.500e-01 
 5.000e-01  3.333e-01  2.500e-01  2.000e-01 
 3.333e-01  2.500e-01  2.000e-01  1.667e-01 
 2.500e-01  2.000e-01  1.667e-01  1.429e-01 

b:
 2.133e+00  1.464e+00  1.181e+00  1.010e+00 

./a.out : Task = 9 Res1 = -1 Res2 = -1 T1 = 0.00 T2 = 0.00 S = 4 N = 19 M = 12 P = 1
============================== a.out n=19 m=12 p=2 s=4 ===============
### Run  ./a.out 19 12 2 4 4
A:
 1.000e+00  5.000e-01  3.333e-01  2.500e-01 
 5.000e-01  3.333e-01  2.500e-01  2.000e-01 
 3.333e-01  2.500e-01  2.000e-01  1.667e-01 
 2.500e-01  2.000e-01  1.667e-01  1.429e-01 

b:
 2.133e+00  1.464e+00  1.181e+00  1.010e+00 

./a.out : Task = 9 Res1 = -1 Res2 = -1 T1 = 0.00 T2 = 0.00 S = 4 N = 19 M = 12 P = 2
============================== a.out n=19 m=15 p=1 s=4 ===============
### Run  ./a.out 19 15 1 4 4
A:
 1.000e+00  5.000e-01  3.333e-01  2.500e-01 
 5.000e-01  3.333e-01  2.500e-01  2.000e-01 
 3.333e-01  2.500e-01  2.000e-01  1.667e-01 
 2.500e-01  2.000e-01  1.667e-01  1.429e-01 

b:
 2.133e+00  1.464e+00  1.181e+00  1.010e+00 

./a.out : Task = 9 Res1 = -1 Res2 = -1 T1 = 0.00 T2 = 0.00 S = 4 N = 19 M = 15 P = 1
============================== a.out n=19 m=15 p=2 s=4 ===============
### Run  ./a.out 19 15 2 4 4
A:
 1.000e+00  5.000e-01  3.333e-01  2.500e-01 
 5.000e-01  3.333e-01  2.500e-01  2.000e-01 
 3.333e-01  2.500e-01  2.000e-01  1.667e-01 
 2.500e-01  2.000e-01  1.667e-01  1.429e-01 

b:
 2.133e+00  1.464e+00  1.181e+00  1.010e+00 

./a.out : Task = 9 Res1 = -1 Res2 = -1 T1 = 0.00 T2 = 0.00 S = 4 N = 19 M = 15 P = 2
============================== a.out n=19 m=18 p=1 s=4 ===============
### Run  ./a.out 19 18 1 4 4
A:
 1.000e+00  5.000e-01  3.333e-01  2.500e-01 
 5.000e-01  3.333e-01  2.500e-01  2.000e-01 
 3.333e-01  2.500e-01  2.000e-01  1.667e-01 
 2.500e-01  2.000e-01  1.667e-01  1.429e-01 

b:
 2.133e+00  1.464e+00  1.181e+00  1.010e+00 

./a.out : Task = 9 Res1 = -1 Res2 = -1 T1 = 0.00 T2 = 0.00 S = 4 N = 19 M = 18 P = 1
============================== a.out n=19 m=18 p=2 s=4 ===============
### Run  ./a.out 19 18 2 4 4
A:
 1.000e+00  5.000e-01  3.333e-01  2.500e-01 
 5.000e-01  3.333e-01  2.500e-01  2.000e-01 
 3.333e-01  2.500e-01  2.000e-01  1.667e-01 
 2.500e-01  2.000e-01  1.667e-01  1.429e-01 

b:
 2.133e+00  1.464e+00  1.181e+00  1.010e+00 

./a.out : Task = 9 Res1 = -1 Res2 = -1 T1 = 0.00 T2 = 0.00 S = 4 N = 19 M = 18 P = 2
============================== a.out n=20 m=3 p=1 s=4 ===============
### Run  ./a.out 20 3 1 4 4
A:
 1.000e+00  5.000e-01  3.333e-01  2.500e-01 
 5.000e-01  3.333e-01  2.500e-01  2.000e-01 
 3.333e-01  2.500e-01  2.000e-01  1.667e-01 
 2.500e-01  2.000e-01  1.667e-01  1.429e-01 

b:
 2.133e+00  1.464e+00  1.181e+00  1.010e+00 

./a.out : Task = 9 Res1 = -1 Res2 = -1 T1 = 0.00 T2 = 0.00 S = 4 N = 20 M = 3 P = 1
============================== a.out n=20 m=3 p=2 s=4 ===============
### Run  ./a.out 20 3 2 4 4
A:
 1.000e+00  5.000e-01  3.333e-01  2.500e-01 
 5.000e-01  3.333e-01  2.500e-01  2.000e-01 
 3.333e-01  2.500e-01  2.000e-01  1.667e-01 
 2.500e-01  2.000e-01  1.667e-01  1.429e-01 

b:
 2.133e+00  1.464e+00  1.181e+00  1.010e+00 

./a.out : Task = 9 Res1 = -1 Res2 = -1 T1 = 0.00 T2 = 0.00 S = 4 N = 20 M = 3 P = 2
============================== a.out n=20 m=3 p=3 s=4 ===============
### Run  ./a.out 20 3 3 4 4
A:
 1.000e+00  5.000e-01  3.333e-01  2.500e-01 
 5.000e-01  3.333e-01  2.500e-01  2.000e-01 
 3.333e-01  2.500e-01  2.000e-01  1.667e-01 
 2.500e-01  2.000e-01  1.667e-01  1.429e-01 

b:
 2.133e+00  1.464e+00  1.181e+00  1.010e+00 

./a.out : Task = 9 Res1 = -1 Res2 = -1 T1 = 0.00 T2 = 0.00 S = 4 N = 20 M = 3 P = 3
============================== a.out n=20 m=3 p=4 s=4 ===============
### Run  ./a.out 20 3 4 4 4
A:
 1.000e+00  5.000e-01  3.333e-01  2.500e-01 
 5.000e-01  3.333e-01  2.500e-01  2.000e-01 
 3.333e-01  2.500e-01  2.000e-01  1.667e-01 
 2.500e-01  2.000e-01  1.667e-01  1.429e-01 

b:
 2.133e+00  1.464e+00  1.181e+00  1.010e+00 

./a.out : Task = 9 Res1 = -1 Res2 = -1 T1 = 0.00 T2 = 0.00 S = 4 N = 20 M = 3 P = 4
============================== a.out n=20 m=3 p=5 s=4 ===============
### Run  ./a.out 20 3 5 4 4
A:
 1.000e+00  5.000e-01  3.333e-01  2.500e-01 
 5.000e-01  3.333e-01  2.500e-01  2.000e-01 
 3.333e-01  2.500e-01  2.000e-01  1.667e-01 
 2.500e-01  2.000e-01  1.667e-01  1.429e-01 

b:
 2.133e+00  1.464e+00  1.181e+00  1.010e+00 

./a.out : Task = 9 Res1 = -1 Res2 = -1 T1 = 0.00 T2 = 0.00 S = 4 N = 20 M = 3 P = 5
============================== a.out n=20 m=3 p=6 s=4 ===============
### Run  ./a.out 20 3 6 4 4
A:
 1.000e+00  5.000e-01  3.333e-01  2.500e-01 
 5.000e-01  3.333e-01  2.500e-01  2.000e-01 
 3.333e-01  2.500e-01  2.000e-01  1.667e-01 
 2.500e-01  2.000e-01  1.667e-01  1.429e-01 

b:
 2.133e+00  1.464e+00  1.181e+00  1.010e+00 

./a.out : Task = 9 Res1 = -1 Res2 = -1 T1 = 0.00 T2 = 0.00 S = 4 N = 20 M = 3 P = 6
============================== a.out n=20 m=3 p=7 s=4 ===============
### Run  ./a.out 20 3 7 4 4
A:
 1.000e+00  5.000e-01  3.333e-01  2.500e-01 
 5.000e-01  3.333e-01  2.500e-01  2.000e-01 
 3.333e-01  2.500e-01  2.000e-01  1.667e-01 
 2.500e-01  2.000e-01  1.667e-01  1.429e-01 

b:
 2.133e+00  1.464e+00  1.181e+00  1.010e+00 

./a.out : Task = 9 Res1 = -1 Res2 = -1 T1 = 0.00 T2 = 0.00 S = 4 N = 20 M = 3 P = 7
============================== a.out n=20 m=6 p=1 s=4 ===============
### Run  ./a.out 20 6 1 4 4
A:
 1.000e+00  5.000e-01  3.333e-01  2.500e-01 
 5.000e-01  3.333e-01  2.500e-01  2.000e-01 
 3.333e-01  2.500e-01  2.000e-01  1.667e-01 
 2.500e-01  2.000e-01  1.667e-01  1.429e-01 

b:
 2.133e+00  1.464e+00  1.181e+00  1.010e+00 

./a.out : Task = 9 Res1 = -1 Res2 = -1 T1 = 0.00 T2 = 0.00 S = 4 N = 20 M = 6 P = 1
============================== a.out n=20 m=6 p=2 s=4 ===============
### Run  ./a.out 20 6 2 4 4
A:
 1.000e+00  5.000e-01  3.333e-01  2.500e-01 
 5.000e-01  3.333e-01  2.500e-01  2.000e-01 
 3.333e-01  2.500e-01  2.000e-01  1.667e-01 
 2.500e-01  2.000e-01  1.667e-01  1.429e-01 

b:
 2.133e+00  1.464e+00  1.181e+00  1.010e+00 

./a.out : Task = 9 Res1 = -1 Res2 = -1 T1 = 0.00 T2 = 0.00 S = 4 N = 20 M = 6 P = 2
============================== a.out n=20 m=6 p=3 s=4 ===============
### Run  ./a.out 20 6 3 4 4
A:
 1.000e+00  5.000e-01  3.333e-01  2.500e-01 
 5.000e-01  3.333e-01  2.500e-01  2.000e-01 
 3.333e-01  2.500e-01  2.000e-01  1.667e-01 
 2.500e-01  2.000e-01  1.667e-01  1.429e-01 

b:
 2.133e+00  1.464e+00  1.181e+00  1.010e+00 

./a.out : Task = 9 Res1 = -1 Res2 = -1 T1 = 0.00 T2 = 0.00 S = 4 N = 20 M = 6 P = 3
============================== a.out n=20 m=6 p=4 s=4 ===============
### Run  ./a.out 20 6 4 4 4
A:
 1.000e+00  5.000e-01  3.333e-01  2.500e-01 
 5.000e-01  3.333e-01  2.500e-01  2.000e-01 
 3.333e-01  2.500e-01  2.000e-01  1.667e-01 
 2.500e-01  2.000e-01  1.667e-01  1.429e-01 

b:
 2.133e+00  1.464e+00  1.181e+00  1.010e+00 

./a.out : Task = 9 Res1 = -1 Res2 = -1 T1 = 0.00 T2 = 0.00 S = 4 N = 20 M = 6 P = 4
============================== a.out n=20 m=9 p=1 s=4 ===============
### Run  ./a.out 20 9 1 4 4
A:
 1.000e+00  5.000e-01  3.333e-01  2.500e-01 
 5.000e-01  3.333e-01  2.500e-01  2.000e-01 
 3.333e-01  2.500e-01  2.000e-01  1.667e-01 
 2.500e-01  2.000e-01  1.667e-01  1.429e-01 

b:
 2.133e+00  1.464e+00  1.181e+00  1.010e+00 

./a.out : Task = 9 Res1 = -1 Res2 = -1 T1 = 0.00 T2 = 0.00 S = 4 N = 20 M = 9 P = 1
============================== a.out n=20 m=9 p=2 s=4 ===============
### Run  ./a.out 20 9 2 4 4
A:
 1.000e+00  5.000e-01  3.333e-01  2.500e-01 
 5.000e-01  3.333e-01  2.500e-01  2.000e-01 
 3.333e-01  2.500e-01  2.000e-01  1.667e-01 
 2.500e-01  2.000e-01  1.667e-01  1.429e-01 

b:
 2.133e+00  1.464e+00  1.181e+00  1.010e+00 

./a.out : Task = 9 Res1 = -1 Res2 = -1 T1 = 0.00 T2 = 0.00 S = 4 N = 20 M = 9 P = 2
============================== a.out n=20 m=9 p=3 s=4 ===============
### Run  ./a.out 20 9 3 4 4
A:
 1.000e+00  5.000e-01  3.333e-01  2.500e-01 
 5.000e-01  3.333e-01  2.500e-01  2.000e-01 
 3.333e-01  2.500e-01  2.000e-01  1.667e-01 
 2.500e-01  2.000e-01  1.667e-01  1.429e-01 

b:
 2.133e+00  1.464e+00  1.181e+00  1.010e+00 

./a.out : Task = 9 Res1 = -1 Res2 = -1 T1 = 0.00 T2 = 0.00 S = 4 N = 20 M = 9 P = 3
============================== a.out n=20 m=12 p=1 s=4 ===============
### Run  ./a.out 20 12 1 4 4
A:
 1.000e+00  5.000e-01  3.333e-01  2.500e-01 
 5.000e-01  3.333e-01  2.500e-01  2.000e-01 
 3.333e-01  2.500e-01  2.000e-01  1.667e-01 
 2.500e-01  2.000e-01  1.667e-01  1.429e-01 

b:
 2.133e+00  1.464e+00  1.181e+00  1.010e+00 

./a.out : Task = 9 Res1 = -1 Res2 = -1 T1 = 0.00 T2 = 0.00 S = 4 N = 20 M = 12 P = 1
============================== a.out n=20 m=12 p=2 s=4 ===============
### Run  ./a.out 20 12 2 4 4
A:
 1.000e+00  5.000e-01  3.333e-01  2.500e-01 
 5.000e-01  3.333e-01  2.500e-01  2.000e-01 
 3.333e-01  2.500e-01  2.000e-01  1.667e-01 
 2.500e-01  2.000e-01  1.667e-01  1.429e-01 

b:
 2.133e+00  1.464e+00  1.181e+00  1.010e+00 

./a.out : Task = 9 Res1 = -1 Res2 = -1 T1 = 0.00 T2 = 0.00 S = 4 N = 20 M = 12 P = 2
============================== a.out n=20 m=15 p=1 s=4 ===============
### Run  ./a.out 20 15 1 4 4
A:
 1.000e+00  5.000e-01  3.333e-01  2.500e-01 
 5.000e-01  3.333e-01  2.500e-01  2.000e-01 
 3.333e-01  2.500e-01  2.000e-01  1.667e-01 
 2.500e-01  2.000e-01  1.667e-01  1.429e-01 

b:
 2.133e+00  1.464e+00  1.181e+00  1.010e+00 

./a.out : Task = 9 Res1 = -1 Res2 = -1 T1 = 0.00 T2 = 0.00 S = 4 N = 20 M = 15 P = 1
============================== a.out n=20 m=15 p=2 s=4 ===============
### Run  ./a.out 20 15 2 4 4
A:
 1.000e+00  5.000e-01  3.333e-01  2.500e-01 
 5.000e-01  3.333e-01  2.500e-01  2.000e-01 
 3.333e-01  2.500e-01  2.000e-01  1.667e-01 
 2.500e-01  2.000e-01  1.667e-01  1.429e-01 

b:
 2.133e+00  1.464e+00  1.181e+00  1.010e+00 

./a.out : Task = 9 Res1 = -1 Res2 = -1 T1 = 0.00 T2 = 0.00 S = 4 N = 20 M = 15 P = 2
============================== a.out n=20 m=18 p=1 s=4 ===============
### Run  ./a.out 20 18 1 4 4
A:
 1.000e+00  5.000e-01  3.333e-01  2.500e-01 
 5.000e-01  3.333e-01  2.500e-01  2.000e-01 
 3.333e-01  2.500e-01  2.000e-01  1.667e-01 
 2.500e-01  2.000e-01  1.667e-01  1.429e-01 

b:
 2.133e+00  1.464e+00  1.181e+00  1.010e+00 

./a.out : Task = 9 Res1 = -1 Res2 = -1 T1 = 0.00 T2 = 0.00 S = 4 N = 20 M = 18 P = 1
============================== a.out n=20 m=18 p=2 s=4 ===============
### Run  ./a.out 20 18 2 4 4
A:
 1.000e+00  5.000e-01  3.333e-01  2.500e-01 
 5.000e-01  3.333e-01  2.500e-01  2.000e-01 
 3.333e-01  2.500e-01  2.000e-01  1.667e-01 
 2.500e-01  2.000e-01  1.667e-01  1.429e-01 

b:
 2.133e+00  1.464e+00  1.181e+00  1.010e+00 

./a.out : Task = 9 Res1 = -1 Res2 = -1 T1 = 0.00 T2 = 0.00 S = 4 N = 20 M = 18 P = 2
============================== a.out n=21 m=3 p=1 s=4 ===============
### Run  ./a.out 21 3 1 4 4
A:
 1.000e+00  5.000e-01  3.333e-01  2.500e-01 
 5.000e-01  3.333e-01  2.500e-01  2.000e-01 
 3.333e-01  2.500e-01  2.000e-01  1.667e-01 
 2.500e-01  2.000e-01  1.667e-01  1.429e-01 

b:
 2.181e+00  1.510e+00  1.224e+00  1.052e+00 

./a.out : Task = 9 Res1 = -1 Res2 = -1 T1 = 0.00 T2 = 0.00 S = 4 N = 21 M = 3 P = 1
============================== a.out n=21 m=3 p=2 s=4 ===============
### Run  ./a.out 21 3 2 4 4
A:
 1.000e+00  5.000e-01  3.333e-01  2.500e-01 
 5.000e-01  3.333e-01  2.500e-01  2.000e-01 
 3.333e-01  2.500e-01  2.000e-01  1.667e-01 
 2.500e-01  2.000e-01  1.667e-01  1.429e-01 

b:
 2.181e+00  1.510e+00  1.224e+00  1.052e+00 

./a.out : Task = 9 Res1 = -1 Res2 = -1 T1 = 0.00 T2 = 0.00 S = 4 N = 21 M = 3 P = 2
============================== a.out n=21 m=3 p=3 s=4 ===============
### Run  ./a.out 21 3 3 4 4
A:
 1.000e+00  5.000e-01  3.333e-01  2.500e-01 
 5.000e-01  3.333e-01  2.500e-01  2.000e-01 
 3.333e-01  2.500e-01  2.000e-01  1.667e-01 
 2.500e-01  2.000e-01  1.667e-01  1.429e-01 

b:
 2.181e+00  1.510e+00  1.224e+00  1.052e+00 

./a.out : Task = 9 Res1 = -1 Res2 = -1 T1 = 0.00 T2 = 0.00 S = 4 N = 21 M = 3 P = 3
============================== a.out n=21 m=3 p=4 s=4 ===============
### Run  ./a.out 21 3 4 4 4
A:
 1.000e+00  5.000e-01  3.333e-01  2.500e-01 
 5.000e-01  3.333e-01  2.500e-01  2.000e-01 
 3.333e-01  2.500e-01  2.000e-01  1.667e-01 
 2.500e-01  2.000e-01  1.667e-01  1.429e-01 

b:
 2.181e+00  1.510e+00  1.224e+00  1.052e+00 

./a.out : Task = 9 Res1 = -1 Res2 = -1 T1 = 0.00 T2 = 0.00 S = 4 N = 21 M = 3 P = 4
============================== a.out n=21 m=3 p=5 s=4 ===============
### Run  ./a.out 21 3 5 4 4
A:
 1.000e+00  5.000e-01  3.333e-01  2.500e-01 
 5.000e-01  3.333e-01  2.500e-01  2.000e-01 
 3.333e-01  2.500e-01  2.000e-01  1.667e-01 
 2.500e-01  2.000e-01  1.667e-01  1.429e-01 

b:
 2.181e+00  1.510e+00  1.224e+00  1.052e+00 

./a.out : Task = 9 Res1 = -1 Res2 = -1 T1 = 0.00 T2 = 0.00 S = 4 N = 21 M = 3 P = 5
============================== a.out n=21 m=3 p=6 s=4 ===============
### Run  ./a.out 21 3 6 4 4
A:
 1.000e+00  5.000e-01  3.333e-01  2.500e-01 
 5.000e-01  3.333e-01  2.500e-01  2.000e-01 
 3.333e-01  2.500e-01  2.000e-01  1.667e-01 
 2.500e-01  2.000e-01  1.667e-01  1.429e-01 

b:
 2.181e+00  1.510e+00  1.224e+00  1.052e+00 

./a.out : Task = 9 Res1 = -1 Res2 = -1 T1 = 0.00 T2 = 0.00 S = 4 N = 21 M = 3 P = 6
============================== a.out n=21 m=3 p=7 s=4 ===============
### Run  ./a.out 21 3 7 4 4
A:
 1.000e+00  5.000e-01  3.333e-01  2.500e-01 
 5.000e-01  3.333e-01  2.500e-01  2.000e-01 
 3.333e-01  2.500e-01  2.000e-01  1.667e-01 
 2.500e-01  2.000e-01  1.667e-01  1.429e-01 

b:
 2.181e+00  1.510e+00  1.224e+00  1.052e+00 

./a.out : Task = 9 Res1 = -1 Res2 = -1 T1 = 0.00 T2 = 0.00 S = 4 N = 21 M = 3 P = 7
============================== a.out n=21 m=3 p=8 s=4 ===============
### Run  ./a.out 21 3 8 4 4
A:
 1.000e+00  5.000e-01  3.333e-01  2.500e-01 
 5.000e-01  3.333e-01  2.500e-01  2.000e-01 
 3.333e-01  2.500e-01  2.000e-01  1.667e-01 
 2.500e-01  2.000e-01  1.667e-01  1.429e-01 

b:
 2.181e+00  1.510e+00  1.224e+00  1.052e+00 

./a.out : Task = 9 Res1 = -1 Res2 = -1 T1 = 0.00 T2 = 0.00 S = 4 N = 21 M = 3 P = 8
============================== a.out n=21 m=6 p=1 s=4 ===============
### Run  ./a.out 21 6 1 4 4
A:
 1.000e+00  5.000e-01  3.333e-01  2.500e-01 
 5.000e-01  3.333e-01  2.500e-01  2.000e-01 
 3.333e-01  2.500e-01  2.000e-01  1.667e-01 
 2.500e-01  2.000e-01  1.667e-01  1.429e-01 

b:
 2.181e+00  1.510e+00  1.224e+00  1.052e+00 

./a.out : Task = 9 Res1 = -1 Res2 = -1 T1 = 0.00 T2 = 0.00 S = 4 N = 21 M = 6 P = 1
============================== a.out n=21 m=6 p=2 s=4 ===============
### Run  ./a.out 21 6 2 4 4
A:
 1.000e+00  5.000e-01  3.333e-01  2.500e-01 
 5.000e-01  3.333e-01  2.500e-01  2.000e-01 
 3.333e-01  2.500e-01  2.000e-01  1.667e-01 
 2.500e-01  2.000e-01  1.667e-01  1.429e-01 

b:
 2.181e+00  1.510e+00  1.224e+00  1.052e+00 

./a.out : Task = 9 Res1 = -1 Res2 = -1 T1 = 0.00 T2 = 0.00 S = 4 N = 21 M = 6 P = 2
============================== a.out n=21 m=6 p=3 s=4 ===============
### Run  ./a.out 21 6 3 4 4
A:
 1.000e+00  5.000e-01  3.333e-01  2.500e-01 
 5.000e-01  3.333e-01  2.500e-01  2.000e-01 
 3.333e-01  2.500e-01  2.000e-01  1.667e-01 
 2.500e-01  2.000e-01  1.667e-01  1.429e-01 

b:
 2.181e+00  1.510e+00  1.224e+00  1.052e+00 

./a.out : Task = 9 Res1 = -1 Res2 = -1 T1 = 0.00 T2 = 0.00 S = 4 N = 21 M = 6 P = 3
============================== a.out n=21 m=6 p=4 s=4 ===============
### Run  ./a.out 21 6 4 4 4
A:
 1.000e+00  5.000e-01  3.333e-01  2.500e-01 
 5.000e-01  3.333e-01  2.500e-01  2.000e-01 
 3.333e-01  2.500e-01  2.000e-01  1.667e-01 
 2.500e-01  2.000e-01  1.667e-01  1.429e-01 

b:
 2.181e+00  1.510e+00  1.224e+00  1.052e+00 

./a.out : Task = 9 Res1 = -1 Res2 = -1 T1 = 0.00 T2 = 0.00 S = 4 N = 21 M = 6 P = 4
============================== a.out n=21 m=9 p=1 s=4 ===============
### Run  ./a.out 21 9 1 4 4
A:
 1.000e+00  5.000e-01  3.333e-01  2.500e-01 
 5.000e-01  3.333e-01  2.500e-01  2.000e-01 
 3.333e-01  2.500e-01  2.000e-01  1.667e-01 
 2.500e-01  2.000e-01  1.667e-01  1.429e-01 

b:
 2.181e+00  1.510e+00  1.224e+00  1.052e+00 

./a.out : Task = 9 Res1 = -1 Res2 = -1 T1 = 0.00 T2 = 0.00 S = 4 N = 21 M = 9 P = 1
============================== a.out n=21 m=9 p=2 s=4 ===============
### Run  ./a.out 21 9 2 4 4
A:
 1.000e+00  5.000e-01  3.333e-01  2.500e-01 
 5.000e-01  3.333e-01  2.500e-01  2.000e-01 
 3.333e-01  2.500e-01  2.000e-01  1.667e-01 
 2.500e-01  2.000e-01  1.667e-01  1.429e-01 

b:
 2.181e+00  1.510e+00  1.224e+00  1.052e+00 

./a.out : Task = 9 Res1 = -1 Res2 = -1 T1 = 0.00 T2 = 0.00 S = 4 N = 21 M = 9 P = 2
============================== a.out n=21 m=9 p=3 s=4 ===============
### Run  ./a.out 21 9 3 4 4
A:
 1.000e+00  5.000e-01  3.333e-01  2.500e-01 
 5.000e-01  3.333e-01  2.500e-01  2.000e-01 
 3.333e-01  2.500e-01  2.000e-01  1.667e-01 
 2.500e-01  2.000e-01  1.667e-01  1.429e-01 

b:
 2.181e+00  1.510e+00  1.224e+00  1.052e+00 

./a.out : Task = 9 Res1 = -1 Res2 = -1 T1 = 0.00 T2 = 0.00 S = 4 N = 21 M = 9 P = 3
============================== a.out n=21 m=12 p=1 s=4 ===============
### Run  ./a.out 21 12 1 4 4
A:
 1.000e+00  5.000e-01  3.333e-01  2.500e-01 
 5.000e-01  3.333e-01  2.500e-01  2.000e-01 
 3.333e-01  2.500e-01  2.000e-01  1.667e-01 
 2.500e-01  2.000e-01  1.667e-01  1.429e-01 

b:
 2.181e+00  1.510e+00  1.224e+00  1.052e+00 

./a.out : Task = 9 Res1 = -1 Res2 = -1 T1 = 0.00 T2 = 0.00 S = 4 N = 21 M = 12 P = 1
============================== a.out n=21 m=12 p=2 s=4 ===============
### Run  ./a.out 21 12 2 4 4
A:
 1.000e+00  5.000e-01  3.333e-01  2.500e-01 
 5.000e-01  3.333e-01  2.500e-01  2.000e-01 
 3.333e-01  2.500e-01  2.000e-01  1.667e-01 
 2.500e-01  2.000e-01  1.667e-01  1.429e-01 

b:
 2.181e+00  1.510e+00  1.224e+00  1.052e+00 

./a.out : Task = 9 Res1 = -1 Res2 = -1 T1 = 0.00 T2 = 0.00 S = 4 N = 21 M = 12 P = 2
============================== a.out n=21 m=15 p=1 s=4 ===============
### Run  ./a.out 21 15 1 4 4
A:
 1.000e+00  5.000e-01  3.333e-01  2.500e-01 
 5.000e-01  3.333e-01  2.500e-01  2.000e-01 
 3.333e-01  2.500e-01  2.000e-01  1.667e-01 
 2.500e-01  2.000e-01  1.667e-01  1.429e-01 

b:
 2.181e+00  1.510e+00  1.224e+00  1.052e+00 

./a.out : Task = 9 Res1 = -1 Res2 = -1 T1 = 0.00 T2 = 0.00 S = 4 N = 21 M = 15 P = 1
============================== a.out n=21 m=15 p=2 s=4 ===============
### Run  ./a.out 21 15 2 4 4
A:
 1.000e+00  5.000e-01  3.333e-01  2.500e-01 
 5.000e-01  3.333e-01  2.500e-01  2.000e-01 
 3.333e-01  2.500e-01  2.000e-01  1.667e-01 
 2.500e-01  2.000e-01  1.667e-01  1.429e-01 

b:
 2.181e+00  1.510e+00  1.224e+00  1.052e+00 

./a.out : Task = 9 Res1 = -1 Res2 = -1 T1 = 0.00 T2 = 0.00 S = 4 N = 21 M = 15 P = 2
============================== a.out n=21 m=18 p=1 s=4 ===============
### Run  ./a.out 21 18 1 4 4
A:
 1.000e+00  5.000e-01  3.333e-01  2.500e-01 
 5.000e-01  3.333e-01  2.500e-01  2.000e-01 
 3.333e-01  2.500e-01  2.000e-01  1.667e-01 
 2.500e-01  2.000e-01  1.667e-01  1.429e-01 

b:
 2.181e+00  1.510e+00  1.224e+00  1.052e+00 

./a.out : Task = 9 Res1 = -1 Res2 = -1 T1 = 0.00 T2 = 0.00 S = 4 N = 21 M = 18 P = 1
============================== a.out n=21 m=18 p=2 s=4 ===============
### Run  ./a.out 21 18 2 4 4
A:
 1.000e+00  5.000e-01  3.333e-01  2.500e-01 
 5.000e-01  3.333e-01  2.500e-01  2.000e-01 
 3.333e-01  2.500e-01  2.000e-01  1.667e-01 
 2.500e-01  2.000e-01  1.667e-01  1.429e-01 

b:
 2.181e+00  1.510e+00  1.224e+00  1.052e+00 

./a.out : Task = 9 Res1 = -1 Res2 = -1 T1 = 0.00 T2 = 0.00 S = 4 N = 21 M = 18 P = 2
============================== a.out n=21 m=21 p=1 s=4 ===============
### Run  ./a.out 21 21 1 4 4
A:
 1.000e+00  5.000e-01  3.333e-01  2.500e-01 
 5.000e-01  3.333e-01  2.500e-01  2.000e-01 
 3.333e-01  2.500e-01  2.000e-01  1.667e-01 
 2.500e-01  2.000e-01  1.667e-01  1.429e-01 

b:
 2.181e+00  1.510e+00  1.224e+00  1.052e+00 

./a.out : Task = 9 Res1 = -1 Res2 = -1 T1 = 0.00 T2 = 0.00 S = 4 N = 21 M = 21 P = 1
============================== a.out n=21 m=21 p=2 s=4 ===============
### Run  ./a.out 21 21 2 4 4
A:
 1.000e+00  5.000e-01  3.333e-01  2.500e-01 
 5.000e-01  3.333e-01  2.500e-01  2.000e-01 
 3.333e-01  2.500e-01  2.000e-01  1.667e-01 
 2.500e-01  2.000e-01  1.667e-01  1.429e-01 

b:
 2.181e+00  1.510e+00  1.224e+00  1.052e+00 

./a.out : Task = 9 Res1 = -1 Res2 = -1 T1 = 0.00 T2 = 0.00 S = 4 N = 21 M = 21 P = 2
============================== a.out n=22 m=3 p=1 s=4 ===============
### Run  ./a.out 22 3 1 4 4
A:
 1.000e+00  5.000e-01  3.333e-01  2.500e-01 
 5.000e-01  3.333e-01  2.500e-01  2.000e-01 
 3.333e-01  2.500e-01  2.000e-01  1.667e-01 
 2.500e-01  2.000e-01  1.667e-01  1.429e-01 

b:
 2.181e+00  1.510e+00  1.224e+00  1.052e+00 

./a.out : Task = 9 Res1 = -1 Res2 = -1 T1 = 0.00 T2 = 0.00 S = 4 N = 22 M = 3 P = 1
============================== a.out n=22 m=3 p=2 s=4 ===============
### Run  ./a.out 22 3 2 4 4
A:
 1.000e+00  5.000e-01  3.333e-01  2.500e-01 
 5.000e-01  3.333e-01  2.500e-01  2.000e-01 
 3.333e-01  2.500e-01  2.000e-01  1.667e-01 
 2.500e-01  2.000e-01  1.667e-01  1.429e-01 

b:
 2.181e+00  1.510e+00  1.224e+00  1.052e+00 

./a.out : Task = 9 Res1 = -1 Res2 = -1 T1 = 0.00 T2 = 0.00 S = 4 N = 22 M = 3 P = 2
============================== a.out n=22 m=3 p=3 s=4 ===============
### Run  ./a.out 22 3 3 4 4
A:
 1.000e+00  5.000e-01  3.333e-01  2.500e-01 
 5.000e-01  3.333e-01  2.500e-01  2.000e-01 
 3.333e-01  2.500e-01  2.000e-01  1.667e-01 
 2.500e-01  2.000e-01  1.667e-01  1.429e-01 

b:
 2.181e+00  1.510e+00  1.224e+00  1.052e+00 

./a.out : Task = 9 Res1 = -1 Res2 = -1 T1 = 0.00 T2 = 0.00 S = 4 N = 22 M = 3 P = 3
============================== a.out n=22 m=3 p=4 s=4 ===============
### Run  ./a.out 22 3 4 4 4
A:
 1.000e+00  5.000e-01  3.333e-01  2.500e-01 
 5.000e-01  3.333e-01  2.500e-01  2.000e-01 
 3.333e-01  2.500e-01  2.000e-01  1.667e-01 
 2.500e-01  2.000e-01  1.667e-01  1.429e-01 

b:
 2.181e+00  1.510e+00  1.224e+00  1.052e+00 

./a.out : Task = 9 Res1 = -1 Res2 = -1 T1 = 0.00 T2 = 0.00 S = 4 N = 22 M = 3 P = 4
============================== a.out n=22 m=3 p=5 s=4 ===============
### Run  ./a.out 22 3 5 4 4
A:
 1.000e+00  5.000e-01  3.333e-01  2.500e-01 
 5.000e-01  3.333e-01  2.500e-01  2.000e-01 
 3.333e-01  2.500e-01  2.000e-01  1.667e-01 
 2.500e-01  2.000e-01  1.667e-01  1.429e-01 

b:
 2.181e+00  1.510e+00  1.224e+00  1.052e+00 

./a.out : Task = 9 Res1 = -1 Res2 = -1 T1 = 0.00 T2 = 0.00 S = 4 N = 22 M = 3 P = 5
============================== a.out n=22 m=3 p=6 s=4 ===============
### Run  ./a.out 22 3 6 4 4
A:
 1.000e+00  5.000e-01  3.333e-01  2.500e-01 
 5.000e-01  3.333e-01  2.500e-01  2.000e-01 
 3.333e-01  2.500e-01  2.000e-01  1.667e-01 
 2.500e-01  2.000e-01  1.667e-01  1.429e-01 

b:
 2.181e+00  1.510e+00  1.224e+00  1.052e+00 

./a.out : Task = 9 Res1 = -1 Res2 = -1 T1 = 0.00 T2 = 0.00 S = 4 N = 22 M = 3 P = 6
============================== a.out n=22 m=3 p=7 s=4 ===============
### Run  ./a.out 22 3 7 4 4
A:
 1.000e+00  5.000e-01  3.333e-01  2.500e-01 
 5.000e-01  3.333e-01  2.500e-01  2.000e-01 
 3.333e-01  2.500e-01  2.000e-01  1.667e-01 
 2.500e-01  2.000e-01  1.667e-01  1.429e-01 

b:
 2.181e+00  1.510e+00  1.224e+00  1.052e+00 

./a.out : Task = 9 Res1 = -1 Res2 = -1 T1 = 0.00 T2 = 0.00 S = 4 N = 22 M = 3 P = 7
============================== a.out n=22 m=3 p=8 s=4 ===============
### Run  ./a.out 22 3 8 4 4
A:
 1.000e+00  5.000e-01  3.333e-01  2.500e-01 
 5.000e-01  3.333e-01  2.500e-01  2.000e-01 
 3.333e-01  2.500e-01  2.000e-01  1.667e-01 
 2.500e-01  2.000e-01  1.667e-01  1.429e-01 

b:
 2.181e+00  1.510e+00  1.224e+00  1.052e+00 

./a.out : Task = 9 Res1 = -1 Res2 = -1 T1 = 0.00 T2 = 0.00 S = 4 N = 22 M = 3 P = 8
============================== a.out n=22 m=6 p=1 s=4 ===============
### Run  ./a.out 22 6 1 4 4
A:
 1.000e+00  5.000e-01  3.333e-01  2.500e-01 
 5.000e-01  3.333e-01  2.500e-01  2.000e-01 
 3.333e-01  2.500e-01  2.000e-01  1.667e-01 
 2.500e-01  2.000e-01  1.667e-01  1.429e-01 

b:
 2.181e+00  1.510e+00  1.224e+00  1.052e+00 

./a.out : Task = 9 Res1 = -1 Res2 = -1 T1 = 0.00 T2 = 0.00 S = 4 N = 22 M = 6 P = 1
============================== a.out n=22 m=6 p=2 s=4 ===============
### Run  ./a.out 22 6 2 4 4
A:
 1.000e+00  5.000e-01  3.333e-01  2.500e-01 
 5.000e-01  3.333e-01  2.500e-01  2.000e-01 
 3.333e-01  2.500e-01  2.000e-01  1.667e-01 
 2.500e-01  2.000e-01  1.667e-01  1.429e-01 

b:
 2.181e+00  1.510e+00  1.224e+00  1.052e+00 

./a.out : Task = 9 Res1 = -1 Res2 = -1 T1 = 0.00 T2 = 0.00 S = 4 N = 22 M = 6 P = 2
============================== a.out n=22 m=6 p=3 s=4 ===============
### Run  ./a.out 22 6 3 4 4
A:
 1.000e+00  5.000e-01  3.333e-01  2.500e-01 
 5.000e-01  3.333e-01  2.500e-01  2.000e-01 
 3.333e-01  2.500e-01  2.000e-01  1.667e-01 
 2.500e-01  2.000e-01  1.667e-01  1.429e-01 

b:
 2.181e+00  1.510e+00  1.224e+00  1.052e+00 

./a.out : Task = 9 Res1 = -1 Res2 = -1 T1 = 0.00 T2 = 0.00 S = 4 N = 22 M = 6 P = 3
============================== a.out n=22 m=6 p=4 s=4 ===============
### Run  ./a.out 22 6 4 4 4
A:
 1.000e+00  5.000e-01  3.333e-01  2.500e-01 
 5.000e-01  3.333e-01  2.500e-01  2.000e-01 
 3.333e-01  2.500e-01  2.000e-01  1.667e-01 
 2.500e-01  2.000e-01  1.667e-01  1.429e-01 

b:
 2.181e+00  1.510e+00  1.224e+00  1.052e+00 

./a.out : Task = 9 Res1 = -1 Res2 = -1 T1 = 0.00 T2 = 0.00 S = 4 N = 22 M = 6 P = 4
============================== a.out n=22 m=9 p=1 s=4 ===============
### Run  ./a.out 22 9 1 4 4
A:
 1.000e+00  5.000e-01  3.333e-01  2.500e-01 
 5.000e-01  3.333e-01  2.500e-01  2.000e-01 
 3.333e-01  2.500e-01  2.000e-01  1.667e-01 
 2.500e-01  2.000e-01  1.667e-01  1.429e-01 

b:
 2.181e+00  1.510e+00  1.224e+00  1.052e+00 

./a.out : Task = 9 Res1 = -1 Res2 = -1 T1 = 0.00 T2 = 0.00 S = 4 N = 22 M = 9 P = 1
============================== a.out n=22 m=9 p=2 s=4 ===============
### Run  ./a.out 22 9 2 4 4
A:
 1.000e+00  5.000e-01  3.333e-01  2.500e-01 
 5.000e-01  3.333e-01  2.500e-01  2.000e-01 
 3.333e-01  2.500e-01  2.000e-01  1.667e-01 
 2.500e-01  2.000e-01  1.667e-01  1.429e-01 

b:
 2.181e+00  1.510e+00  1.224e+00  1.052e+00 

./a.out : Task = 9 Res1 = -1 Res2 = -1 T1 = 0.00 T2 = 0.00 S = 4 N = 22 M = 9 P = 2
============================== a.out n=22 m=9 p=3 s=4 ===============
### Run  ./a.out 22 9 3 4 4
A:
 1.000e+00  5.000e-01  3.333e-01  2.500e-01 
 5.000e-01  3.333e-01  2.500e-01  2.000e-01 
 3.333e-01  2.500e-01  2.000e-01  1.667e-01 
 2.500e-01  2.000e-01  1.667e-01  1.429e-01 

b:
 2.181e+00  1.510e+00  1.224e+00  1.052e+00 

./a.out : Task = 9 Res1 = -1 Res2 = -1 T1 = 0.00 T2 = 0.00 S = 4 N = 22 M = 9 P = 3
============================== a.out n=22 m=12 p=1 s=4 ===============
### Run  ./a.out 22 12 1 4 4
A:
 1.000e+00  5.000e-01  3.333e-01  2.500e-01 
 5.000e-01  3.333e-01  2.500e-01  2.000e-01 
 3.333e-01  2.500e-01  2.000e-01  1.667e-01 
 2.500e-01  2.000e-01  1.667e-01  1.429e-01 

b:
 2.181e+00  1.510e+00  1.224e+00  1.052e+00 

./a.out : Task = 9 Res1 = -1 Res2 = -1 T1 = 0.00 T2 = 0.00 S = 4 N = 22 M = 12 P = 1
============================== a.out n=22 m=12 p=2 s=4 ===============
### Run  ./a.out 22 12 2 4 4
A:
 1.000e+00  5.000e-01  3.333e-01  2.500e-01 
 5.000e-01  3.333e-01  2.500e-01  2.000e-01 
 3.333e-01  2.500e-01  2.000e-01  1.667e-01 
 2.500e-01  2.000e-01  1.667e-01  1.429e-01 

b:
 2.181e+00  1.510e+00  1.224e+00  1.052e+00 

./a.out : Task = 9 Res1 = -1 Res2 = -1 T1 = 0.00 T2 = 0.00 S = 4 N = 22 M = 12 P = 2
============================== a.out n=22 m=15 p=1 s=4 ===============
### Run  ./a.out 22 15 1 4 4
A:
 1.000e+00  5.000e-01  3.333e-01  2.500e-01 
 5.000e-01  3.333e-01  2.500e-01  2.000e-01 
 3.333e-01  2.500e-01  2.000e-01  1.667e-01 
 2.500e-01  2.000e-01  1.667e-01  1.429e-01 

b:
 2.181e+00  1.510e+00  1.224e+00  1.052e+00 

./a.out : Task = 9 Res1 = -1 Res2 = -1 T1 = 0.00 T2 = 0.00 S = 4 N = 22 M = 15 P = 1
============================== a.out n=22 m=15 p=2 s=4 ===============
### Run  ./a.out 22 15 2 4 4
A:
 1.000e+00  5.000e-01  3.333e-01  2.500e-01 
 5.000e-01  3.333e-01  2.500e-01  2.000e-01 
 3.333e-01  2.500e-01  2.000e-01  1.667e-01 
 2.500e-01  2.000e-01  1.667e-01  1.429e-01 

b:
 2.181e+00  1.510e+00  1.224e+00  1.052e+00 

./a.out : Task = 9 Res1 = -1 Res2 = -1 T1 = 0.00 T2 = 0.00 S = 4 N = 22 M = 15 P = 2
============================== a.out n=22 m=18 p=1 s=4 ===============
### Run  ./a.out 22 18 1 4 4
A:
 1.000e+00  5.000e-01  3.333e-01  2.500e-01 
 5.000e-01  3.333e-01  2.500e-01  2.000e-01 
 3.333e-01  2.500e-01  2.000e-01  1.667e-01 
 2.500e-01  2.000e-01  1.667e-01  1.429e-01 

b:
 2.181e+00  1.510e+00  1.224e+00  1.052e+00 

./a.out : Task = 9 Res1 = -1 Res2 = -1 T1 = 0.00 T2 = 0.00 S = 4 N = 22 M = 18 P = 1
============================== a.out n=22 m=18 p=2 s=4 ===============
### Run  ./a.out 22 18 2 4 4
A:
 1.000e+00  5.000e-01  3.333e-01  2.500e-01 
 5.000e-01  3.333e-01  2.500e-01  2.000e-01 
 3.333e-01  2.500e-01  2.000e-01  1.667e-01 
 2.500e-01  2.000e-01  1.667e-01  1.429e-01 

b:
 2.181e+00  1.510e+00  1.224e+00  1.052e+00 

./a.out : Task = 9 Res1 = -1 Res2 = -1 T1 = 0.00 T2 = 0.00 S = 4 N = 22 M = 18 P = 2
============================== a.out n=22 m=21 p=1 s=4 ===============
### Run  ./a.out 22 21 1 4 4
A:
 1.000e+00  5.000e-01  3.333e-01  2.500e-01 
 5.000e-01  3.333e-01  2.500e-01  2.000e-01 
 3.333e-01  2.500e-01  2.000e-01  1.667e-01 
 2.500e-01  2.000e-01  1.667e-01  1.429e-01 

b:
 2.181e+00  1.510e+00  1.224e+00  1.052e+00 

./a.out : Task = 9 Res1 = -1 Res2 = -1 T1 = 0.00 T2 = 0.00 S = 4 N = 22 M = 21 P = 1
============================== a.out n=22 m=21 p=2 s=4 ===============
### Run  ./a.out 22 21 2 4 4
A:
 1.000e+00  5.000e-01  3.333e-01  2.500e-01 
 5.000e-01  3.333e-01  2.500e-01  2.000e-01 
 3.333e-01  2.500e-01  2.000e-01  1.667e-01 
 2.500e-01  2.000e-01  1.667e-01  1.429e-01 

b:
 2.181e+00  1.510e+00  1.224e+00  1.052e+00 

./a.out : Task = 9 Res1 = -1 Res2 = -1 T1 = 0.00 T2 = 0.00 S = 4 N = 22 M = 21 P = 2
============================== a.out n=23 m=3 p=1 s=4 ===============
### Run  ./a.out 23 3 1 4 4
A:
 1.000e+00  5.000e-01  3.333e-01  2.500e-01 
 5.000e-01  3.333e-01  2.500e-01  2.000e-01 
 3.333e-01  2.500e-01  2.000e-01  1.667e-01 
 2.500e-01  2.000e-01  1.667e-01  1.429e-01 

b:
 2.224e+00  1.552e+00  1.264e+00  1.090e+00 

./a.out : Task = 9 Res1 = -1 Res2 = -1 T1 = 0.00 T2 = 0.00 S = 4 N = 23 M = 3 P = 1
============================== a.out n=23 m=3 p=2 s=4 ===============
### Run  ./a.out 23 3 2 4 4
A:
 1.000e+00  5.000e-01  3.333e-01  2.500e-01 
 5.000e-01  3.333e-01  2.500e-01  2.000e-01 
 3.333e-01  2.500e-01  2.000e-01  1.667e-01 
 2.500e-01  2.000e-01  1.667e-01  1.429e-01 

b:
 2.224e+00  1.552e+00  1.264e+00  1.090e+00 

./a.out : Task = 9 Res1 = -1 Res2 = -1 T1 = 0.00 T2 = 0.00 S = 4 N = 23 M = 3 P = 2
============================== a.out n=23 m=3 p=3 s=4 ===============
### Run  ./a.out 23 3 3 4 4
A:
 1.000e+00  5.000e-01  3.333e-01  2.500e-01 
 5.000e-01  3.333e-01  2.500e-01  2.000e-01 
 3.333e-01  2.500e-01  2.000e-01  1.667e-01 
 2.500e-01  2.000e-01  1.667e-01  1.429e-01 

b:
 2.224e+00  1.552e+00  1.264e+00  1.090e+00 

./a.out : Task = 9 Res1 = -1 Res2 = -1 T1 = 0.00 T2 = 0.00 S = 4 N = 23 M = 3 P = 3
============================== a.out n=23 m=3 p=4 s=4 ===============
### Run  ./a.out 23 3 4 4 4
A:
 1.000e+00  5.000e-01  3.333e-01  2.500e-01 
 5.000e-01  3.333e-01  2.500e-01  2.000e-01 
 3.333e-01  2.500e-01  2.000e-01  1.667e-01 
 2.500e-01  2.000e-01  1.667e-01  1.429e-01 

b:
 2.224e+00  1.552e+00  1.264e+00  1.090e+00 

./a.out : Task = 9 Res1 = -1 Res2 = -1 T1 = 0.00 T2 = 0.00 S = 4 N = 23 M = 3 P = 4
============================== a.out n=23 m=3 p=5 s=4 ===============
### Run  ./a.out 23 3 5 4 4
A:
 1.000e+00  5.000e-01  3.333e-01  2.500e-01 
 5.000e-01  3.333e-01  2.500e-01  2.000e-01 
 3.333e-01  2.500e-01  2.000e-01  1.667e-01 
 2.500e-01  2.000e-01  1.667e-01  1.429e-01 

b:
 2.224e+00  1.552e+00  1.264e+00  1.090e+00 

./a.out : Task = 9 Res1 = -1 Res2 = -1 T1 = 0.00 T2 = 0.00 S = 4 N = 23 M = 3 P = 5
============================== a.out n=23 m=3 p=6 s=4 ===============
### Run  ./a.out 23 3 6 4 4
A:
 1.000e+00  5.000e-01  3.333e-01  2.500e-01 
 5.000e-01  3.333e-01  2.500e-01  2.000e-01 
 3.333e-01  2.500e-01  2.000e-01  1.667e-01 
 2.500e-01  2.000e-01  1.667e-01  1.429e-01 

b:
 2.224e+00  1.552e+00  1.264e+00  1.090e+00 

./a.out : Task = 9 Res1 = -1 Res2 = -1 T1 = 0.00 T2 = 0.00 S = 4 N = 23 M = 3 P = 6
============================== a.out n=23 m=3 p=7 s=4 ===============
### Run  ./a.out 23 3 7 4 4
A:
 1.000e+00  5.000e-01  3.333e-01  2.500e-01 
 5.000e-01  3.333e-01  2.500e-01  2.000e-01 
 3.333e-01  2.500e-01  2.000e-01  1.667e-01 
 2.500e-01  2.000e-01  1.667e-01  1.429e-01 

b:
 2.224e+00  1.552e+00  1.264e+00  1.090e+00 

./a.out : Task = 9 Res1 = -1 Res2 = -1 T1 = 0.00 T2 = 0.00 S = 4 N = 23 M = 3 P = 7
============================== a.out n=23 m=3 p=8 s=4 ===============
### Run  ./a.out 23 3 8 4 4
A:
 1.000e+00  5.000e-01  3.333e-01  2.500e-01 
 5.000e-01  3.333e-01  2.500e-01  2.000e-01 
 3.333e-01  2.500e-01  2.000e-01  1.667e-01 
 2.500e-01  2.000e-01  1.667e-01  1.429e-01 

b:
 2.224e+00  1.552e+00  1.264e+00  1.090e+00 

./a.out : Task = 9 Res1 = -1 Res2 = -1 T1 = 0.00 T2 = 0.00 S = 4 N = 23 M = 3 P = 8
============================== a.out n=23 m=6 p=1 s=4 ===============
### Run  ./a.out 23 6 1 4 4
A:
 1.000e+00  5.000e-01  3.333e-01  2.500e-01 
 5.000e-01  3.333e-01  2.500e-01  2.000e-01 
 3.333e-01  2.500e-01  2.000e-01  1.667e-01 
 2.500e-01  2.000e-01  1.667e-01  1.429e-01 

b:
 2.224e+00  1.552e+00  1.264e+00  1.090e+00 

./a.out : Task = 9 Res1 = -1 Res2 = -1 T1 = 0.00 T2 = 0.00 S = 4 N = 23 M = 6 P = 1
============================== a.out n=23 m=6 p=2 s=4 ===============
### Run  ./a.out 23 6 2 4 4
A:
 1.000e+00  5.000e-01  3.333e-01  2.500e-01 
 5.000e-01  3.333e-01  2.500e-01  2.000e-01 
 3.333e-01  2.500e-01  2.000e-01  1.667e-01 
 2.500e-01  2.000e-01  1.667e-01  1.429e-01 

b:
 2.224e+00  1.552e+00  1.264e+00  1.090e+00 

./a.out : Task = 9 Res1 = -1 Res2 = -1 T1 = 0.00 T2 = 0.00 S = 4 N = 23 M = 6 P = 2
============================== a.out n=23 m=6 p=3 s=4 ===============
### Run  ./a.out 23 6 3 4 4
A:
 1.000e+00  5.000e-01  3.333e-01  2.500e-01 
 5.000e-01  3.333e-01  2.500e-01  2.000e-01 
 3.333e-01  2.500e-01  2.000e-01  1.667e-01 
 2.500e-01  2.000e-01  1.667e-01  1.429e-01 

b:
 2.224e+00  1.552e+00  1.264e+00  1.090e+00 

./a.out : Task = 9 Res1 = -1 Res2 = -1 T1 = 0.00 T2 = 0.00 S = 4 N = 23 M = 6 P = 3
============================== a.out n=23 m=6 p=4 s=4 ===============
### Run  ./a.out 23 6 4 4 4
A:
 1.000e+00  5.000e-01  3.333e-01  2.500e-01 
 5.000e-01  3.333e-01  2.500e-01  2.000e-01 
 3.333e-01  2.500e-01  2.000e-01  1.667e-01 
 2.500e-01  2.000e-01  1.667e-01  1.429e-01 

b:
 2.224e+00  1.552e+00  1.264e+00  1.090e+00 

./a.out : Task = 9 Res1 = -1 Res2 = -1 T1 = 0.00 T2 = 0.00 S = 4 N = 23 M = 6 P = 4
============================== a.out n=23 m=9 p=1 s=4 ===============
### Run  ./a.out 23 9 1 4 4
A:
 1.000e+00  5.000e-01  3.333e-01  2.500e-01 
 5.000e-01  3.333e-01  2.500e-01  2.000e-01 
 3.333e-01  2.500e-01  2.000e-01  1.667e-01 
 2.500e-01  2.000e-01  1.667e-01  1.429e-01 

b:
 2.224e+00  1.552e+00  1.264e+00  1.090e+00 

./a.out : Task = 9 Res1 = -1 Res2 = -1 T1 = 0.00 T2 = 0.00 S = 4 N = 23 M = 9 P = 1
============================== a.out n=23 m=9 p=2 s=4 ===============
### Run  ./a.out 23 9 2 4 4
A:
 1.000e+00  5.000e-01  3.333e-01  2.500e-01 
 5.000e-01  3.333e-01  2.500e-01  2.000e-01 
 3.333e-01  2.500e-01  2.000e-01  1.667e-01 
 2.500e-01  2.000e-01  1.667e-01  1.429e-01 

b:
 2.224e+00  1.552e+00  1.264e+00  1.090e+00 

./a.out : Task = 9 Res1 = -1 Res2 = -1 T1 = 0.00 T2 = 0.00 S = 4 N = 23 M = 9 P = 2
============================== a.out n=23 m=9 p=3 s=4 ===============
### Run  ./a.out 23 9 3 4 4
A:
 1.000e+00  5.000e-01  3.333e-01  2.500e-01 
 5.000e-01  3.333e-01  2.500e-01  2.000e-01 
 3.333e-01  2.500e-01  2.000e-01  1.667e-01 
 2.500e-01  2.000e-01  1.667e-01  1.429e-01 

b:
 2.224e+00  1.552e+00  1.264e+00  1.090e+00 

./a.out : Task = 9 Res1 = -1 Res2 = -1 T1 = 0.00 T2 = 0.00 S = 4 N = 23 M = 9 P = 3
============================== a.out n=23 m=12 p=1 s=4 ===============
### Run  ./a.out 23 12 1 4 4
A:
 1.000e+00  5.000e-01  3.333e-01  2.500e-01 
 5.000e-01  3.333e-01  2.500e-01  2.000e-01 
 3.333e-01  2.500e-01  2.000e-01  1.667e-01 
 2.500e-01  2.000e-01  1.667e-01  1.429e-01 

b:
 2.224e+00  1.552e+00  1.264e+00  1.090e+00 

./a.out : Task = 9 Res1 = -1 Res2 = -1 T1 = 0.00 T2 = 0.00 S = 4 N = 23 M = 12 P = 1
============================== a.out n=23 m=12 p=2 s=4 ===============
### Run  ./a.out 23 12 2 4 4
A:
 1.000e+00  5.000e-01  3.333e-01  2.500e-01 
 5.000e-01  3.333e-01  2.500e-01  2.000e-01 
 3.333e-01  2.500e-01  2.000e-01  1.667e-01 
 2.500e-01  2.000e-01  1.667e-01  1.429e-01 

b:
 2.224e+00  1.552e+00  1.264e+00  1.090e+00 

./a.out : Task = 9 Res1 = -1 Res2 = -1 T1 = 0.00 T2 = 0.00 S = 4 N = 23 M = 12 P = 2
============================== a.out n=23 m=15 p=1 s=4 ===============
### Run  ./a.out 23 15 1 4 4
A:
 1.000e+00  5.000e-01  3.333e-01  2.500e-01 
 5.000e-01  3.333e-01  2.500e-01  2.000e-01 
 3.333e-01  2.500e-01  2.000e-01  1.667e-01 
 2.500e-01  2.000e-01  1.667e-01  1.429e-01 

b:
 2.224e+00  1.552e+00  1.264e+00  1.090e+00 

./a.out : Task = 9 Res1 = -1 Res2 = -1 T1 = 0.00 T2 = 0.00 S = 4 N = 23 M = 15 P = 1
============================== a.out n=23 m=15 p=2 s=4 ===============
### Run  ./a.out 23 15 2 4 4
A:
 1.000e+00  5.000e-01  3.333e-01  2.500e-01 
 5.000e-01  3.333e-01  2.500e-01  2.000e-01 
 3.333e-01  2.500e-01  2.000e-01  1.667e-01 
 2.500e-01  2.000e-01  1.667e-01  1.429e-01 

b:
 2.224e+00  1.552e+00  1.264e+00  1.090e+00 

./a.out : Task = 9 Res1 = -1 Res2 = -1 T1 = 0.00 T2 = 0.00 S = 4 N = 23 M = 15 P = 2
============================== a.out n=23 m=18 p=1 s=4 ===============
### Run  ./a.out 23 18 1 4 4
A:
 1.000e+00  5.000e-01  3.333e-01  2.500e-01 
 5.000e-01  3.333e-01  2.500e-01  2.000e-01 
 3.333e-01  2.500e-01  2.000e-01  1.667e-01 
 2.500e-01  2.000e-01  1.667e-01  1.429e-01 

b:
 2.224e+00  1.552e+00  1.264e+00  1.090e+00 

./a.out : Task = 9 Res1 = -1 Res2 = -1 T1 = 0.00 T2 = 0.00 S = 4 N = 23 M = 18 P = 1
============================== a.out n=23 m=18 p=2 s=4 ===============
### Run  ./a.out 23 18 2 4 4
A:
 1.000e+00  5.000e-01  3.333e-01  2.500e-01 
 5.000e-01  3.333e-01  2.500e-01  2.000e-01 
 3.333e-01  2.500e-01  2.000e-01  1.667e-01 
 2.500e-01  2.000e-01  1.667e-01  1.429e-01 

b:
 2.224e+00  1.552e+00  1.264e+00  1.090e+00 

./a.out : Task = 9 Res1 = -1 Res2 = -1 T1 = 0.00 T2 = 0.00 S = 4 N = 23 M = 18 P = 2
============================== a.out n=23 m=21 p=1 s=4 ===============
### Run  ./a.out 23 21 1 4 4
A:
 1.000e+00  5.000e-01  3.333e-01  2.500e-01 
 5.000e-01  3.333e-01  2.500e-01  2.000e-01 
 3.333e-01  2.500e-01  2.000e-01  1.667e-01 
 2.500e-01  2.000e-01  1.667e-01  1.429e-01 

b:
 2.224e+00  1.552e+00  1.264e+00  1.090e+00 

./a.out : Task = 9 Res1 = -1 Res2 = -1 T1 = 0.00 T2 = 0.00 S = 4 N = 23 M = 21 P = 1
============================== a.out n=23 m=21 p=2 s=4 ===============
### Run  ./a.out 23 21 2 4 4
A:
 1.000e+00  5.000e-01  3.333e-01  2.500e-01 
 5.000e-01  3.333e-01  2.500e-01  2.000e-01 
 3.333e-01  2.500e-01  2.000e-01  1.667e-01 
 2.500e-01  2.000e-01  1.667e-01  1.429e-01 

b:
 2.224e+00  1.552e+00  1.264e+00  1.090e+00 

./a.out : Task = 9 Res1 = -1 Res2 = -1 T1 = 0.00 T2 = 0.00 S = 4 N = 23 M = 21 P = 2
============================== a.out n=24 m=3 p=1 s=4 ===============
### Run  ./a.out 24 3 1 4 4
A:
 1.000e+00  5.000e-01  3.333e-01  2.500e-01 
 5.000e-01  3.333e-01  2.500e-01  2.000e-01 
 3.333e-01  2.500e-01  2.000e-01  1.667e-01 
 2.500e-01  2.000e-01  1.667e-01  1.429e-01 

b:
 2.224e+00  1.552e+00  1.264e+00  1.090e+00 

./a.out : Task = 9 Res1 = -1 Res2 = -1 T1 = 0.00 T2 = 0.00 S = 4 N = 24 M = 3 P = 1
============================== a.out n=24 m=3 p=2 s=4 ===============
### Run  ./a.out 24 3 2 4 4
A:
 1.000e+00  5.000e-01  3.333e-01  2.500e-01 
 5.000e-01  3.333e-01  2.500e-01  2.000e-01 
 3.333e-01  2.500e-01  2.000e-01  1.667e-01 
 2.500e-01  2.000e-01  1.667e-01  1.429e-01 

b:
 2.224e+00  1.552e+00  1.264e+00  1.090e+00 

./a.out : Task = 9 Res1 = -1 Res2 = -1 T1 = 0.00 T2 = 0.00 S = 4 N = 24 M = 3 P = 2
============================== a.out n=24 m=3 p=3 s=4 ===============
### Run  ./a.out 24 3 3 4 4
A:
 1.000e+00  5.000e-01  3.333e-01  2.500e-01 
 5.000e-01  3.333e-01  2.500e-01  2.000e-01 
 3.333e-01  2.500e-01  2.000e-01  1.667e-01 
 2.500e-01  2.000e-01  1.667e-01  1.429e-01 

b:
 2.224e+00  1.552e+00  1.264e+00  1.090e+00 

./a.out : Task = 9 Res1 = -1 Res2 = -1 T1 = 0.00 T2 = 0.00 S = 4 N = 24 M = 3 P = 3
============================== a.out n=24 m=3 p=4 s=4 ===============
### Run  ./a.out 24 3 4 4 4
A:
 1.000e+00  5.000e-01  3.333e-01  2.500e-01 
 5.000e-01  3.333e-01  2.500e-01  2.000e-01 
 3.333e-01  2.500e-01  2.000e-01  1.667e-01 
 2.500e-01  2.000e-01  1.667e-01  1.429e-01 

b:
 2.224e+00  1.552e+00  1.264e+00  1.090e+00 

./a.out : Task = 9 Res1 = -1 Res2 = -1 T1 = 0.00 T2 = 0.00 S = 4 N = 24 M = 3 P = 4
============================== a.out n=24 m=3 p=5 s=4 ===============
### Run  ./a.out 24 3 5 4 4
A:
 1.000e+00  5.000e-01  3.333e-01  2.500e-01 
 5.000e-01  3.333e-01  2.500e-01  2.000e-01 
 3.333e-01  2.500e-01  2.000e-01  1.667e-01 
 2.500e-01  2.000e-01  1.667e-01  1.429e-01 

b:
 2.224e+00  1.552e+00  1.264e+00  1.090e+00 

./a.out : Task = 9 Res1 = -1 Res2 = -1 T1 = 0.00 T2 = 0.00 S = 4 N = 24 M = 3 P = 5
============================== a.out n=24 m=3 p=6 s=4 ===============
### Run  ./a.out 24 3 6 4 4
A:
 1.000e+00  5.000e-01  3.333e-01  2.500e-01 
 5.000e-01  3.333e-01  2.500e-01  2.000e-01 
 3.333e-01  2.500e-01  2.000e-01  1.667e-01 
 2.500e-01  2.000e-01  1.667e-01  1.429e-01 

b:
 2.224e+00  1.552e+00  1.264e+00  1.090e+00 

./a.out : Task = 9 Res1 = -1 Res2 = -1 T1 = 0.00 T2 = 0.00 S = 4 N = 24 M = 3 P = 6
============================== a.out n=24 m=3 p=7 s=4 ===============
### Run  ./a.out 24 3 7 4 4
A:
 1.000e+00  5.000e-01  3.333e-01  2.500e-01 
 5.000e-01  3.333e-01  2.500e-01  2.000e-01 
 3.333e-01  2.500e-01  2.000e-01  1.667e-01 
 2.500e-01  2.000e-01  1.667e-01  1.429e-01 

b:
 2.224e+00  1.552e+00  1.264e+00  1.090e+00 

./a.out : Task = 9 Res1 = -1 Res2 = -1 T1 = 0.00 T2 = 0.00 S = 4 N = 24 M = 3 P = 7
============================== a.out n=24 m=3 p=8 s=4 ===============
### Run  ./a.out 24 3 8 4 4
A:
 1.000e+00  5.000e-01  3.333e-01  2.500e-01 
 5.000e-01  3.333e-01  2.500e-01  2.000e-01 
 3.333e-01  2.500e-01  2.000e-01  1.667e-01 
 2.500e-01  2.000e-01  1.667e-01  1.429e-01 

b:
 2.224e+00  1.552e+00  1.264e+00  1.090e+00 

./a.out : Task = 9 Res1 = -1 Res2 = -1 T1 = 0.00 T2 = 0.00 S = 4 N = 24 M = 3 P = 8
============================== a.out n=24 m=3 p=9 s=4 ===============
### Run  ./a.out 24 3 9 4 4
A:
 1.000e+00  5.000e-01  3.333e-01  2.500e-01 
 5.000e-01  3.333e-01  2.500e-01  2.000e-01 
 3.333e-01  2.500e-01  2.000e-01  1.667e-01 
 2.500e-01  2.000e-01  1.667e-01  1.429e-01 

b:
 2.224e+00  1.552e+00  1.264e+00  1.090e+00 

./a.out : Task = 9 Res1 = -1 Res2 = -1 T1 = 0.00 T2 = 0.00 S = 4 N = 24 M = 3 P = 9
============================== a.out n=24 m=6 p=1 s=4 ===============
### Run  ./a.out 24 6 1 4 4
A:
 1.000e+00  5.000e-01  3.333e-01  2.500e-01 
 5.000e-01  3.333e-01  2.500e-01  2.000e-01 
 3.333e-01  2.500e-01  2.000e-01  1.667e-01 
 2.500e-01  2.000e-01  1.667e-01  1.429e-01 

b:
 2.224e+00  1.552e+00  1.264e+00  1.090e+00 

./a.out : Task = 9 Res1 = -1 Res2 = -1 T1 = 0.00 T2 = 0.00 S = 4 N = 24 M = 6 P = 1
============================== a.out n=24 m=6 p=2 s=4 ===============
### Run  ./a.out 24 6 2 4 4
A:
 1.000e+00  5.000e-01  3.333e-01  2.500e-01 
 5.000e-01  3.333e-01  2.500e-01  2.000e-01 
 3.333e-01  2.500e-01  2.000e-01  1.667e-01 
 2.500e-01  2.000e-01  1.667e-01  1.429e-01 

b:
 2.224e+00  1.552e+00  1.264e+00  1.090e+00 

./a.out : Task = 9 Res1 = -1 Res2 = -1 T1 = 0.00 T2 = 0.00 S = 4 N = 24 M = 6 P = 2
============================== a.out n=24 m=6 p=3 s=4 ===============
### Run  ./a.out 24 6 3 4 4
A:
 1.000e+00  5.000e-01  3.333e-01  2.500e-01 
 5.000e-01  3.333e-01  2.500e-01  2.000e-01 
 3.333e-01  2.500e-01  2.000e-01  1.667e-01 
 2.500e-01  2.000e-01  1.667e-01  1.429e-01 

b:
 2.224e+00  1.552e+00  1.264e+00  1.090e+00 

./a.out : Task = 9 Res1 = -1 Res2 = -1 T1 = 0.00 T2 = 0.00 S = 4 N = 24 M = 6 P = 3
============================== a.out n=24 m=6 p=4 s=4 ===============
### Run  ./a.out 24 6 4 4 4
A:
 1.000e+00  5.000e-01  3.333e-01  2.500e-01 
 5.000e-01  3.333e-01  2.500e-01  2.000e-01 
 3.333e-01  2.500e-01  2.000e-01  1.667e-01 
 2.500e-01  2.000e-01  1.667e-01  1.429e-01 

b:
 2.224e+00  1.552e+00  1.264e+00  1.090e+00 

./a.out : Task = 9 Res1 = -1 Res2 = -1 T1 = 0.00 T2 = 0.00 S = 4 N = 24 M = 6 P = 4
============================== a.out n=24 m=6 p=5 s=4 ===============
### Run  ./a.out 24 6 5 4 4
A:
 1.000e+00  5.000e-01  3.333e-01  2.500e-01 
 5.000e-01  3.333e-01  2.500e-01  2.000e-01 
 3.333e-01  2.500e-01  2.000e-01  1.667e-01 
 2.500e-01  2.000e-01  1.667e-01  1.429e-01 

b:
 2.224e+00  1.552e+00  1.264e+00  1.090e+00 

./a.out : Task = 9 Res1 = -1 Res2 = -1 T1 = 0.00 T2 = 0.00 S = 4 N = 24 M = 6 P = 5
============================== a.out n=24 m=9 p=1 s=4 ===============
### Run  ./a.out 24 9 1 4 4
A:
 1.000e+00  5.000e-01  3.333e-01  2.500e-01 
 5.000e-01  3.333e-01  2.500e-01  2.000e-01 
 3.333e-01  2.500e-01  2.000e-01  1.667e-01 
 2.500e-01  2.000e-01  1.667e-01  1.429e-01 

b:
 2.224e+00  1.552e+00  1.264e+00  1.090e+00 

./a.out : Task = 9 Res1 = -1 Res2 = -1 T1 = 0.00 T2 = 0.00 S = 4 N = 24 M = 9 P = 1
============================== a.out n=24 m=9 p=2 s=4 ===============
### Run  ./a.out 24 9 2 4 4
A:
 1.000e+00  5.000e-01  3.333e-01  2.500e-01 
 5.000e-01  3.333e-01  2.500e-01  2.000e-01 
 3.333e-01  2.500e-01  2.000e-01  1.667e-01 
 2.500e-01  2.000e-01  1.667e-01  1.429e-01 

b:
 2.224e+00  1.552e+00  1.264e+00  1.090e+00 

./a.out : Task = 9 Res1 = -1 Res2 = -1 T1 = 0.00 T2 = 0.00 S = 4 N = 24 M = 9 P = 2
============================== a.out n=24 m=9 p=3 s=4 ===============
### Run  ./a.out 24 9 3 4 4
A:
 1.000e+00  5.000e-01  3.333e-01  2.500e-01 
 5.000e-01  3.333e-01  2.500e-01  2.000e-01 
 3.333e-01  2.500e-01  2.000e-01  1.667e-01 
 2.500e-01  2.000e-01  1.667e-01  1.429e-01 

b:
 2.224e+00  1.552e+00  1.264e+00  1.090e+00 

./a.out : Task = 9 Res1 = -1 Res2 = -1 T1 = 0.00 T2 = 0.00 S = 4 N = 24 M = 9 P = 3
============================== a.out n=24 m=12 p=1 s=4 ===============
### Run  ./a.out 24 12 1 4 4
A:
 1.000e+00  5.000e-01  3.333e-01  2.500e-01 
 5.000e-01  3.333e-01  2.500e-01  2.000e-01 
 3.333e-01  2.500e-01  2.000e-01  1.667e-01 
 2.500e-01  2.000e-01  1.667e-01  1.429e-01 

b:
 2.224e+00  1.552e+00  1.264e+00  1.090e+00 

./a.out : Task = 9 Res1 = -1 Res2 = -1 T1 = 0.00 T2 = 0.00 S = 4 N = 24 M = 12 P = 1
============================== a.out n=24 m=12 p=2 s=4 ===============
### Run  ./a.out 24 12 2 4 4
A:
 1.000e+00  5.000e-01  3.333e-01  2.500e-01 
 5.000e-01  3.333e-01  2.500e-01  2.000e-01 
 3.333e-01  2.500e-01  2.000e-01  1.667e-01 
 2.500e-01  2.000e-01  1.667e-01  1.429e-01 

b:
 2.224e+00  1.552e+00  1.264e+00  1.090e+00 

./a.out : Task = 9 Res1 = -1 Res2 = -1 T1 = 0.00 T2 = 0.00 S = 4 N = 24 M = 12 P = 2
============================== a.out n=24 m=12 p=3 s=4 ===============
### Run  ./a.out 24 12 3 4 4
A:
 1.000e+00  5.000e-01  3.333e-01  2.500e-01 
 5.000e-01  3.333e-01  2.500e-01  2.000e-01 
 3.333e-01  2.500e-01  2.000e-01  1.667e-01 
 2.500e-01  2.000e-01  1.667e-01  1.429e-01 

b:
 2.224e+00  1.552e+00  1.264e+00  1.090e+00 

./a.out : Task = 9 Res1 = -1 Res2 = -1 T1 = 0.00 T2 = 0.00 S = 4 N = 24 M = 12 P = 3
============================== a.out n=24 m=15 p=1 s=4 ===============
### Run  ./a.out 24 15 1 4 4
A:
 1.000e+00  5.000e-01  3.333e-01  2.500e-01 
 5.000e-01  3.333e-01  2.500e-01  2.000e-01 
 3.333e-01  2.500e-01  2.000e-01  1.667e-01 
 2.500e-01  2.000e-01  1.667e-01  1.429e-01 

b:
 2.224e+00  1.552e+00  1.264e+00  1.090e+00 

./a.out : Task = 9 Res1 = -1 Res2 = -1 T1 = 0.00 T2 = 0.00 S = 4 N = 24 M = 15 P = 1
============================== a.out n=24 m=15 p=2 s=4 ===============
### Run  ./a.out 24 15 2 4 4
A:
 1.000e+00  5.000e-01  3.333e-01  2.500e-01 
 5.000e-01  3.333e-01  2.500e-01  2.000e-01 
 3.333e-01  2.500e-01  2.000e-01  1.667e-01 
 2.500e-01  2.000e-01  1.667e-01  1.429e-01 

b:
 2.224e+00  1.552e+00  1.264e+00  1.090e+00 

./a.out : Task = 9 Res1 = -1 Res2 = -1 T1 = 0.00 T2 = 0.00 S = 4 N = 24 M = 15 P = 2
============================== a.out n=24 m=18 p=1 s=4 ===============
### Run  ./a.out 24 18 1 4 4
A:
 1.000e+00  5.000e-01  3.333e-01  2.500e-01 
 5.000e-01  3.333e-01  2.500e-01  2.000e-01 
 3.333e-01  2.500e-01  2.000e-01  1.667e-01 
 2.500e-01  2.000e-01  1.667e-01  1.429e-01 

b:
 2.224e+00  1.552e+00  1.264e+00  1.090e+00 

./a.out : Task = 9 Res1 = -1 Res2 = -1 T1 = 0.00 T2 = 0.00 S = 4 N = 24 M = 18 P = 1
============================== a.out n=24 m=18 p=2 s=4 ===============
### Run  ./a.out 24 18 2 4 4
A:
 1.000e+00  5.000e-01  3.333e-01  2.500e-01 
 5.000e-01  3.333e-01  2.500e-01  2.000e-01 
 3.333e-01  2.500e-01  2.000e-01  1.667e-01 
 2.500e-01  2.000e-01  1.667e-01  1.429e-01 

b:
 2.224e+00  1.552e+00  1.264e+00  1.090e+00 

./a.out : Task = 9 Res1 = -1 Res2 = -1 T1 = 0.00 T2 = 0.00 S = 4 N = 24 M = 18 P = 2
============================== a.out n=24 m=21 p=1 s=4 ===============
### Run  ./a.out 24 21 1 4 4
A:
 1.000e+00  5.000e-01  3.333e-01  2.500e-01 
 5.000e-01  3.333e-01  2.500e-01  2.000e-01 
 3.333e-01  2.500e-01  2.000e-01  1.667e-01 
 2.500e-01  2.000e-01  1.667e-01  1.429e-01 

b:
 2.224e+00  1.552e+00  1.264e+00  1.090e+00 

./a.out : Task = 9 Res1 = -1 Res2 = -1 T1 = 0.00 T2 = 0.00 S = 4 N = 24 M = 21 P = 1
============================== a.out n=24 m=21 p=2 s=4 ===============
### Run  ./a.out 24 21 2 4 4
A:
 1.000e+00  5.000e-01  3.333e-01  2.500e-01 
 5.000e-01  3.333e-01  2.500e-01  2.000e-01 
 3.333e-01  2.500e-01  2.000e-01  1.667e-01 
 2.500e-01  2.000e-01  1.667e-01  1.429e-01 

b:
 2.224e+00  1.552e+00  1.264e+00  1.090e+00 

./a.out : Task = 9 Res1 = -1 Res2 = -1 T1 = 0.00 T2 = 0.00 S = 4 N = 24 M = 21 P = 2
============================== a.out n=24 m=24 p=1 s=4 ===============
### Run  ./a.out 24 24 1 4 4
A:
 1.000e+00  5.000e-01  3.333e-01  2.500e-01 
 5.000e-01  3.333e-01  2.500e-01  2.000e-01 
 3.333e-01  2.500e-01  2.000e-01  1.667e-01 
 2.500e-01  2.000e-01  1.667e-01  1.429e-01 

b:
 2.224e+00  1.552e+00  1.264e+00  1.090e+00 

./a.out : Task = 9 Res1 = -1 Res2 = -1 T1 = 0.00 T2 = 0.00 S = 4 N = 24 M = 24 P = 1
============================== a.out n=24 m=24 p=2 s=4 ===============
### Run  ./a.out 24 24 2 4 4
A:
 1.000e+00  5.000e-01  3.333e-01  2.500e-01 
 5.000e-01  3.333e-01  2.500e-01  2.000e-01 
 3.333e-01  2.500e-01  2.000e-01  1.667e-01 
 2.500e-01  2.000e-01  1.667e-01  1.429e-01 

b:
 2.224e+00  1.552e+00  1.264e+00  1.090e+00 

./a.out : Task = 9 Res1 = -1 Res2 = -1 T1 = 0.00 T2 = 0.00 S = 4 N = 24 M = 24 P = 2
============================== a.out n=25 m=3 p=1 s=4 ===============
### Run  ./a.out 25 3 1 4 4
A:
 1.000e+00  5.000e-01  3.333e-01  2.500e-01 
 5.000e-01  3.333e-01  2.500e-01  2.000e-01 
 3.333e-01  2.500e-01  2.000e-01  1.667e-01 
 2.500e-01  2.000e-01  1.667e-01  1.429e-01 

b:
 2.264e+00  1.590e+00  1.301e+00  1.126e+00 

./a.out : Task = 9 Res1 = -1 Res2 = -1 T1 = 0.00 T2 = 0.00 S = 4 N = 25 M = 3 P = 1
============================== a.out n=25 m=3 p=2 s=4 ===============
### Run  ./a.out 25 3 2 4 4
A:
 1.000e+00  5.000e-01  3.333e-01  2.500e-01 
 5.000e-01  3.333e-01  2.500e-01  2.000e-01 
 3.333e-01  2.500e-01  2.000e-01  1.667e-01 
 2.500e-01  2.000e-01  1.667e-01  1.429e-01 

b:
 2.264e+00  1.590e+00  1.301e+00  1.126e+00 

./a.out : Task = 9 Res1 = -1 Res2 = -1 T1 = 0.00 T2 = 0.00 S = 4 N = 25 M = 3 P = 2
============================== a.out n=25 m=3 p=3 s=4 ===============
### Run  ./a.out 25 3 3 4 4
A:
 1.000e+00  5.000e-01  3.333e-01  2.500e-01 
 5.000e-01  3.333e-01  2.500e-01  2.000e-01 
 3.333e-01  2.500e-01  2.000e-01  1.667e-01 
 2.500e-01  2.000e-01  1.667e-01  1.429e-01 

b:
 2.264e+00  1.590e+00  1.301e+00  1.126e+00 

./a.out : Task = 9 Res1 = -1 Res2 = -1 T1 = 0.00 T2 = 0.00 S = 4 N = 25 M = 3 P = 3
============================== a.out n=25 m=3 p=4 s=4 ===============
### Run  ./a.out 25 3 4 4 4
A:
 1.000e+00  5.000e-01  3.333e-01  2.500e-01 
 5.000e-01  3.333e-01  2.500e-01  2.000e-01 
 3.333e-01  2.500e-01  2.000e-01  1.667e-01 
 2.500e-01  2.000e-01  1.667e-01  1.429e-01 

b:
 2.264e+00  1.590e+00  1.301e+00  1.126e+00 

./a.out : Task = 9 Res1 = -1 Res2 = -1 T1 = 0.00 T2 = 0.00 S = 4 N = 25 M = 3 P = 4
============================== a.out n=25 m=3 p=5 s=4 ===============
### Run  ./a.out 25 3 5 4 4
A:
 1.000e+00  5.000e-01  3.333e-01  2.500e-01 
 5.000e-01  3.333e-01  2.500e-01  2.000e-01 
 3.333e-01  2.500e-01  2.000e-01  1.667e-01 
 2.500e-01  2.000e-01  1.667e-01  1.429e-01 

b:
 2.264e+00  1.590e+00  1.301e+00  1.126e+00 

./a.out : Task = 9 Res1 = -1 Res2 = -1 T1 = 0.00 T2 = 0.00 S = 4 N = 25 M = 3 P = 5
============================== a.out n=25 m=3 p=6 s=4 ===============
### Run  ./a.out 25 3 6 4 4
A:
 1.000e+00  5.000e-01  3.333e-01  2.500e-01 
 5.000e-01  3.333e-01  2.500e-01  2.000e-01 
 3.333e-01  2.500e-01  2.000e-01  1.667e-01 
 2.500e-01  2.000e-01  1.667e-01  1.429e-01 

b:
 2.264e+00  1.590e+00  1.301e+00  1.126e+00 

./a.out : Task = 9 Res1 = -1 Res2 = -1 T1 = 0.00 T2 = 0.00 S = 4 N = 25 M = 3 P = 6
============================== a.out n=25 m=3 p=7 s=4 ===============
### Run  ./a.out 25 3 7 4 4
A:
 1.000e+00  5.000e-01  3.333e-01  2.500e-01 
 5.000e-01  3.333e-01  2.500e-01  2.000e-01 
 3.333e-01  2.500e-01  2.000e-01  1.667e-01 
 2.500e-01  2.000e-01  1.667e-01  1.429e-01 

b:
 2.264e+00  1.590e+00  1.301e+00  1.126e+00 

./a.out : Task = 9 Res1 = -1 Res2 = -1 T1 = 0.00 T2 = 0.00 S = 4 N = 25 M = 3 P = 7
============================== a.out n=25 m=3 p=8 s=4 ===============
### Run  ./a.out 25 3 8 4 4
A:
 1.000e+00  5.000e-01  3.333e-01  2.500e-01 
 5.000e-01  3.333e-01  2.500e-01  2.000e-01 
 3.333e-01  2.500e-01  2.000e-01  1.667e-01 
 2.500e-01  2.000e-01  1.667e-01  1.429e-01 

b:
 2.264e+00  1.590e+00  1.301e+00  1.126e+00 

./a.out : Task = 9 Res1 = -1 Res2 = -1 T1 = 0.00 T2 = 0.00 S = 4 N = 25 M = 3 P = 8
============================== a.out n=25 m=3 p=9 s=4 ===============
### Run  ./a.out 25 3 9 4 4
A:
 1.000e+00  5.000e-01  3.333e-01  2.500e-01 
 5.000e-01  3.333e-01  2.500e-01  2.000e-01 
 3.333e-01  2.500e-01  2.000e-01  1.667e-01 
 2.500e-01  2.000e-01  1.667e-01  1.429e-01 

b:
 2.264e+00  1.590e+00  1.301e+00  1.126e+00 

./a.out : Task = 9 Res1 = -1 Res2 = -1 T1 = 0.00 T2 = 0.00 S = 4 N = 25 M = 3 P = 9
============================== a.out n=25 m=6 p=1 s=4 ===============
### Run  ./a.out 25 6 1 4 4
A:
 1.000e+00  5.000e-01  3.333e-01  2.500e-01 
 5.000e-01  3.333e-01  2.500e-01  2.000e-01 
 3.333e-01  2.500e-01  2.000e-01  1.667e-01 
 2.500e-01  2.000e-01  1.667e-01  1.429e-01 

b:
 2.264e+00  1.590e+00  1.301e+00  1.126e+00 

./a.out : Task = 9 Res1 = -1 Res2 = -1 T1 = 0.00 T2 = 0.00 S = 4 N = 25 M = 6 P = 1
============================== a.out n=25 m=6 p=2 s=4 ===============
### Run  ./a.out 25 6 2 4 4
A:
 1.000e+00  5.000e-01  3.333e-01  2.500e-01 
 5.000e-01  3.333e-01  2.500e-01  2.000e-01 
 3.333e-01  2.500e-01  2.000e-01  1.667e-01 
 2.500e-01  2.000e-01  1.667e-01  1.429e-01 

b:
 2.264e+00  1.590e+00  1.301e+00  1.126e+00 

./a.out : Task = 9 Res1 = -1 Res2 = -1 T1 = 0.00 T2 = 0.00 S = 4 N = 25 M = 6 P = 2
============================== a.out n=25 m=6 p=3 s=4 ===============
### Run  ./a.out 25 6 3 4 4
A:
 1.000e+00  5.000e-01  3.333e-01  2.500e-01 
 5.000e-01  3.333e-01  2.500e-01  2.000e-01 
 3.333e-01  2.500e-01  2.000e-01  1.667e-01 
 2.500e-01  2.000e-01  1.667e-01  1.429e-01 

b:
 2.264e+00  1.590e+00  1.301e+00  1.126e+00 

./a.out : Task = 9 Res1 = -1 Res2 = -1 T1 = 0.00 T2 = 0.00 S = 4 N = 25 M = 6 P = 3
============================== a.out n=25 m=6 p=4 s=4 ===============
### Run  ./a.out 25 6 4 4 4
A:
 1.000e+00  5.000e-01  3.333e-01  2.500e-01 
 5.000e-01  3.333e-01  2.500e-01  2.000e-01 
 3.333e-01  2.500e-01  2.000e-01  1.667e-01 
 2.500e-01  2.000e-01  1.667e-01  1.429e-01 

b:
 2.264e+00  1.590e+00  1.301e+00  1.126e+00 

./a.out : Task = 9 Res1 = -1 Res2 = -1 T1 = 0.00 T2 = 0.00 S = 4 N = 25 M = 6 P = 4
============================== a.out n=25 m=6 p=5 s=4 ===============
### Run  ./a.out 25 6 5 4 4
A:
 1.000e+00  5.000e-01  3.333e-01  2.500e-01 
 5.000e-01  3.333e-01  2.500e-01  2.000e-01 
 3.333e-01  2.500e-01  2.000e-01  1.667e-01 
 2.500e-01  2.000e-01  1.667e-01  1.429e-01 

b:
 2.264e+00  1.590e+00  1.301e+00  1.126e+00 

./a.out : Task = 9 Res1 = -1 Res2 = -1 T1 = 0.00 T2 = 0.00 S = 4 N = 25 M = 6 P = 5
============================== a.out n=25 m=9 p=1 s=4 ===============
### Run  ./a.out 25 9 1 4 4
A:
 1.000e+00  5.000e-01  3.333e-01  2.500e-01 
 5.000e-01  3.333e-01  2.500e-01  2.000e-01 
 3.333e-01  2.500e-01  2.000e-01  1.667e-01 
 2.500e-01  2.000e-01  1.667e-01  1.429e-01 

b:
 2.264e+00  1.590e+00  1.301e+00  1.126e+00 

./a.out : Task = 9 Res1 = -1 Res2 = -1 T1 = 0.00 T2 = 0.00 S = 4 N = 25 M = 9 P = 1
============================== a.out n=25 m=9 p=2 s=4 ===============
### Run  ./a.out 25 9 2 4 4
A:
 1.000e+00  5.000e-01  3.333e-01  2.500e-01 
 5.000e-01  3.333e-01  2.500e-01  2.000e-01 
 3.333e-01  2.500e-01  2.000e-01  1.667e-01 
 2.500e-01  2.000e-01  1.667e-01  1.429e-01 

b:
 2.264e+00  1.590e+00  1.301e+00  1.126e+00 

./a.out : Task = 9 Res1 = -1 Res2 = -1 T1 = 0.00 T2 = 0.00 S = 4 N = 25 M = 9 P = 2
============================== a.out n=25 m=9 p=3 s=4 ===============
### Run  ./a.out 25 9 3 4 4
A:
 1.000e+00  5.000e-01  3.333e-01  2.500e-01 
 5.000e-01  3.333e-01  2.500e-01  2.000e-01 
 3.333e-01  2.500e-01  2.000e-01  1.667e-01 
 2.500e-01  2.000e-01  1.667e-01  1.429e-01 

b:
 2.264e+00  1.590e+00  1.301e+00  1.126e+00 

./a.out : Task = 9 Res1 = -1 Res2 = -1 T1 = 0.00 T2 = 0.00 S = 4 N = 25 M = 9 P = 3
============================== a.out n=25 m=12 p=1 s=4 ===============
### Run  ./a.out 25 12 1 4 4
A:
 1.000e+00  5.000e-01  3.333e-01  2.500e-01 
 5.000e-01  3.333e-01  2.500e-01  2.000e-01 
 3.333e-01  2.500e-01  2.000e-01  1.667e-01 
 2.500e-01  2.000e-01  1.667e-01  1.429e-01 

b:
 2.264e+00  1.590e+00  1.301e+00  1.126e+00 

./a.out : Task = 9 Res1 = -1 Res2 = -1 T1 = 0.00 T2 = 0.00 S = 4 N = 25 M = 12 P = 1
============================== a.out n=25 m=12 p=2 s=4 ===============
### Run  ./a.out 25 12 2 4 4
A:
 1.000e+00  5.000e-01  3.333e-01  2.500e-01 
 5.000e-01  3.333e-01  2.500e-01  2.000e-01 
 3.333e-01  2.500e-01  2.000e-01  1.667e-01 
 2.500e-01  2.000e-01  1.667e-01  1.429e-01 

b:
 2.264e+00  1.590e+00  1.301e+00  1.126e+00 

./a.out : Task = 9 Res1 = -1 Res2 = -1 T1 = 0.00 T2 = 0.00 S = 4 N = 25 M = 12 P = 2
============================== a.out n=25 m=12 p=3 s=4 ===============
### Run  ./a.out 25 12 3 4 4
A:
 1.000e+00  5.000e-01  3.333e-01  2.500e-01 
 5.000e-01  3.333e-01  2.500e-01  2.000e-01 
 3.333e-01  2.500e-01  2.000e-01  1.667e-01 
 2.500e-01  2.000e-01  1.667e-01  1.429e-01 

b:
 2.264e+00  1.590e+00  1.301e+00  1.126e+00 

./a.out : Task = 9 Res1 = -1 Res2 = -1 T1 = 0.00 T2 = 0.00 S = 4 N = 25 M = 12 P = 3
============================== a.out n=25 m=15 p=1 s=4 ===============
### Run  ./a.out 25 15 1 4 4
A:
 1.000e+00  5.000e-01  3.333e-01  2.500e-01 
 5.000e-01  3.333e-01  2.500e-01  2.000e-01 
 3.333e-01  2.500e-01  2.000e-01  1.667e-01 
 2.500e-01  2.000e-01  1.667e-01  1.429e-01 

b:
 2.264e+00  1.590e+00  1.301e+00  1.126e+00 

./a.out : Task = 9 Res1 = -1 Res2 = -1 T1 = 0.00 T2 = 0.00 S = 4 N = 25 M = 15 P = 1
============================== a.out n=25 m=15 p=2 s=4 ===============
### Run  ./a.out 25 15 2 4 4
A:
 1.000e+00  5.000e-01  3.333e-01  2.500e-01 
 5.000e-01  3.333e-01  2.500e-01  2.000e-01 
 3.333e-01  2.500e-01  2.000e-01  1.667e-01 
 2.500e-01  2.000e-01  1.667e-01  1.429e-01 

b:
 2.264e+00  1.590e+00  1.301e+00  1.126e+00 

./a.out : Task = 9 Res1 = -1 Res2 = -1 T1 = 0.00 T2 = 0.00 S = 4 N = 25 M = 15 P = 2
============================== a.out n=25 m=18 p=1 s=4 ===============
### Run  ./a.out 25 18 1 4 4
A:
 1.000e+00  5.000e-01  3.333e-01  2.500e-01 
 5.000e-01  3.333e-01  2.500e-01  2.000e-01 
 3.333e-01  2.500e-01  2.000e-01  1.667e-01 
 2.500e-01  2.000e-01  1.667e-01  1.429e-01 

b:
 2.264e+00  1.590e+00  1.301e+00  1.126e+00 

./a.out : Task = 9 Res1 = -1 Res2 = -1 T1 = 0.00 T2 = 0.00 S = 4 N = 25 M = 18 P = 1
============================== a.out n=25 m=18 p=2 s=4 ===============
### Run  ./a.out 25 18 2 4 4
A:
 1.000e+00  5.000e-01  3.333e-01  2.500e-01 
 5.000e-01  3.333e-01  2.500e-01  2.000e-01 
 3.333e-01  2.500e-01  2.000e-01  1.667e-01 
 2.500e-01  2.000e-01  1.667e-01  1.429e-01 

b:
 2.264e+00  1.590e+00  1.301e+00  1.126e+00 

./a.out : Task = 9 Res1 = -1 Res2 = -1 T1 = 0.00 T2 = 0.00 S = 4 N = 25 M = 18 P = 2
============================== a.out n=25 m=21 p=1 s=4 ===============
### Run  ./a.out 25 21 1 4 4
A:
 1.000e+00  5.000e-01  3.333e-01  2.500e-01 
 5.000e-01  3.333e-01  2.500e-01  2.000e-01 
 3.333e-01  2.500e-01  2.000e-01  1.667e-01 
 2.500e-01  2.000e-01  1.667e-01  1.429e-01 

b:
 2.264e+00  1.590e+00  1.301e+00  1.126e+00 

./a.out : Task = 9 Res1 = -1 Res2 = -1 T1 = 0.00 T2 = 0.00 S = 4 N = 25 M = 21 P = 1
============================== a.out n=25 m=21 p=2 s=4 ===============
### Run  ./a.out 25 21 2 4 4
A:
 1.000e+00  5.000e-01  3.333e-01  2.500e-01 
 5.000e-01  3.333e-01  2.500e-01  2.000e-01 
 3.333e-01  2.500e-01  2.000e-01  1.667e-01 
 2.500e-01  2.000e-01  1.667e-01  1.429e-01 

b:
 2.264e+00  1.590e+00  1.301e+00  1.126e+00 

./a.out : Task = 9 Res1 = -1 Res2 = -1 T1 = 0.00 T2 = 0.00 S = 4 N = 25 M = 21 P = 2
============================== a.out n=25 m=24 p=1 s=4 ===============
### Run  ./a.out 25 24 1 4 4
A:
 1.000e+00  5.000e-01  3.333e-01  2.500e-01 
 5.000e-01  3.333e-01  2.500e-01  2.000e-01 
 3.333e-01  2.500e-01  2.000e-01  1.667e-01 
 2.500e-01  2.000e-01  1.667e-01  1.429e-01 

b:
 2.264e+00  1.590e+00  1.301e+00  1.126e+00 

./a.out : Task = 9 Res1 = -1 Res2 = -1 T1 = 0.00 T2 = 0.00 S = 4 N = 25 M = 24 P = 1
============================== a.out n=25 m=24 p=2 s=4 ===============
### Run  ./a.out 25 24 2 4 4
A:
 1.000e+00  5.000e-01  3.333e-01  2.500e-01 
 5.000e-01  3.333e-01  2.500e-01  2.000e-01 
 3.333e-01  2.500e-01  2.000e-01  1.667e-01 
 2.500e-01  2.000e-01  1.667e-01  1.429e-01 

b:
 2.264e+00  1.590e+00  1.301e+00  1.126e+00 

./a.out : Task = 9 Res1 = -1 Res2 = -1 T1 = 0.00 T2 = 0.00 S = 4 N = 25 M = 24 P = 2
============================== a.out n=26 m=3 p=1 s=4 ===============
### Run  ./a.out 26 3 1 4 4
A:
 1.000e+00  5.000e-01  3.333e-01  2.500e-01 
 5.000e-01  3.333e-01  2.500e-01  2.000e-01 
 3.333e-01  2.500e-01  2.000e-01  1.667e-01 
 2.500e-01  2.000e-01  1.667e-01  1.429e-01 

b:
 2.264e+00  1.590e+00  1.301e+00  1.126e+00 

./a.out : Task = 9 Res1 = -1 Res2 = -1 T1 = 0.00 T2 = 0.00 S = 4 N = 26 M = 3 P = 1
============================== a.out n=26 m=3 p=2 s=4 ===============
### Run  ./a.out 26 3 2 4 4
A:
 1.000e+00  5.000e-01  3.333e-01  2.500e-01 
 5.000e-01  3.333e-01  2.500e-01  2.000e-01 
 3.333e-01  2.500e-01  2.000e-01  1.667e-01 
 2.500e-01  2.000e-01  1.667e-01  1.429e-01 

b:
 2.264e+00  1.590e+00  1.301e+00  1.126e+00 

./a.out : Task = 9 Res1 = -1 Res2 = -1 T1 = 0.00 T2 = 0.00 S = 4 N = 26 M = 3 P = 2
============================== a.out n=26 m=3 p=3 s=4 ===============
### Run  ./a.out 26 3 3 4 4
A:
 1.000e+00  5.000e-01  3.333e-01  2.500e-01 
 5.000e-01  3.333e-01  2.500e-01  2.000e-01 
 3.333e-01  2.500e-01  2.000e-01  1.667e-01 
 2.500e-01  2.000e-01  1.667e-01  1.429e-01 

b:
 2.264e+00  1.590e+00  1.301e+00  1.126e+00 

./a.out : Task = 9 Res1 = -1 Res2 = -1 T1 = 0.00 T2 = 0.00 S = 4 N = 26 M = 3 P = 3
============================== a.out n=26 m=3 p=4 s=4 ===============
### Run  ./a.out 26 3 4 4 4
A:
 1.000e+00  5.000e-01  3.333e-01  2.500e-01 
 5.000e-01  3.333e-01  2.500e-01  2.000e-01 
 3.333e-01  2.500e-01  2.000e-01  1.667e-01 
 2.500e-01  2.000e-01  1.667e-01  1.429e-01 

b:
 2.264e+00  1.590e+00  1.301e+00  1.126e+00 

./a.out : Task = 9 Res1 = -1 Res2 = -1 T1 = 0.00 T2 = 0.00 S = 4 N = 26 M = 3 P = 4
============================== a.out n=26 m=3 p=5 s=4 ===============
### Run  ./a.out 26 3 5 4 4
A:
 1.000e+00  5.000e-01  3.333e-01  2.500e-01 
 5.000e-01  3.333e-01  2.500e-01  2.000e-01 
 3.333e-01  2.500e-01  2.000e-01  1.667e-01 
 2.500e-01  2.000e-01  1.667e-01  1.429e-01 

b:
 2.264e+00  1.590e+00  1.301e+00  1.126e+00 

./a.out : Task = 9 Res1 = -1 Res2 = -1 T1 = 0.00 T2 = 0.00 S = 4 N = 26 M = 3 P = 5
============================== a.out n=26 m=3 p=6 s=4 ===============
### Run  ./a.out 26 3 6 4 4
A:
 1.000e+00  5.000e-01  3.333e-01  2.500e-01 
 5.000e-01  3.333e-01  2.500e-01  2.000e-01 
 3.333e-01  2.500e-01  2.000e-01  1.667e-01 
 2.500e-01  2.000e-01  1.667e-01  1.429e-01 

b:
 2.264e+00  1.590e+00  1.301e+00  1.126e+00 

./a.out : Task = 9 Res1 = -1 Res2 = -1 T1 = 0.00 T2 = 0.00 S = 4 N = 26 M = 3 P = 6
============================== a.out n=26 m=3 p=7 s=4 ===============
### Run  ./a.out 26 3 7 4 4
A:
 1.000e+00  5.000e-01  3.333e-01  2.500e-01 
 5.000e-01  3.333e-01  2.500e-01  2.000e-01 
 3.333e-01  2.500e-01  2.000e-01  1.667e-01 
 2.500e-01  2.000e-01  1.667e-01  1.429e-01 

b:
 2.264e+00  1.590e+00  1.301e+00  1.126e+00 

./a.out : Task = 9 Res1 = -1 Res2 = -1 T1 = 0.00 T2 = 0.00 S = 4 N = 26 M = 3 P = 7
============================== a.out n=26 m=3 p=8 s=4 ===============
### Run  ./a.out 26 3 8 4 4
A:
 1.000e+00  5.000e-01  3.333e-01  2.500e-01 
 5.000e-01  3.333e-01  2.500e-01  2.000e-01 
 3.333e-01  2.500e-01  2.000e-01  1.667e-01 
 2.500e-01  2.000e-01  1.667e-01  1.429e-01 

b:
 2.264e+00  1.590e+00  1.301e+00  1.126e+00 

./a.out : Task = 9 Res1 = -1 Res2 = -1 T1 = 0.00 T2 = 0.00 S = 4 N = 26 M = 3 P = 8
============================== a.out n=26 m=3 p=9 s=4 ===============
### Run  ./a.out 26 3 9 4 4
A:
 1.000e+00  5.000e-01  3.333e-01  2.500e-01 
 5.000e-01  3.333e-01  2.500e-01  2.000e-01 
 3.333e-01  2.500e-01  2.000e-01  1.667e-01 
 2.500e-01  2.000e-01  1.667e-01  1.429e-01 

b:
 2.264e+00  1.590e+00  1.301e+00  1.126e+00 

./a.out : Task = 9 Res1 = -1 Res2 = -1 T1 = 0.00 T2 = 0.00 S = 4 N = 26 M = 3 P = 9
============================== a.out n=26 m=6 p=1 s=4 ===============
### Run  ./a.out 26 6 1 4 4
A:
 1.000e+00  5.000e-01  3.333e-01  2.500e-01 
 5.000e-01  3.333e-01  2.500e-01  2.000e-01 
 3.333e-01  2.500e-01  2.000e-01  1.667e-01 
 2.500e-01  2.000e-01  1.667e-01  1.429e-01 

b:
 2.264e+00  1.590e+00  1.301e+00  1.126e+00 

./a.out : Task = 9 Res1 = -1 Res2 = -1 T1 = 0.00 T2 = 0.00 S = 4 N = 26 M = 6 P = 1
============================== a.out n=26 m=6 p=2 s=4 ===============
### Run  ./a.out 26 6 2 4 4
A:
 1.000e+00  5.000e-01  3.333e-01  2.500e-01 
 5.000e-01  3.333e-01  2.500e-01  2.000e-01 
 3.333e-01  2.500e-01  2.000e-01  1.667e-01 
 2.500e-01  2.000e-01  1.667e-01  1.429e-01 

b:
 2.264e+00  1.590e+00  1.301e+00  1.126e+00 

./a.out : Task = 9 Res1 = -1 Res2 = -1 T1 = 0.00 T2 = 0.00 S = 4 N = 26 M = 6 P = 2
============================== a.out n=26 m=6 p=3 s=4 ===============
### Run  ./a.out 26 6 3 4 4
A:
 1.000e+00  5.000e-01  3.333e-01  2.500e-01 
 5.000e-01  3.333e-01  2.500e-01  2.000e-01 
 3.333e-01  2.500e-01  2.000e-01  1.667e-01 
 2.500e-01  2.000e-01  1.667e-01  1.429e-01 

b:
 2.264e+00  1.590e+00  1.301e+00  1.126e+00 

./a.out : Task = 9 Res1 = -1 Res2 = -1 T1 = 0.00 T2 = 0.00 S = 4 N = 26 M = 6 P = 3
============================== a.out n=26 m=6 p=4 s=4 ===============
### Run  ./a.out 26 6 4 4 4
A:
 1.000e+00  5.000e-01  3.333e-01  2.500e-01 
 5.000e-01  3.333e-01  2.500e-01  2.000e-01 
 3.333e-01  2.500e-01  2.000e-01  1.667e-01 
 2.500e-01  2.000e-01  1.667e-01  1.429e-01 

b:
 2.264e+00  1.590e+00  1.301e+00  1.126e+00 

./a.out : Task = 9 Res1 = -1 Res2 = -1 T1 = 0.00 T2 = 0.00 S = 4 N = 26 M = 6 P = 4
============================== a.out n=26 m=6 p=5 s=4 ===============
### Run  ./a.out 26 6 5 4 4
A:
 1.000e+00  5.000e-01  3.333e-01  2.500e-01 
 5.000e-01  3.333e-01  2.500e-01  2.000e-01 
 3.333e-01  2.500e-01  2.000e-01  1.667e-01 
 2.500e-01  2.000e-01  1.667e-01  1.429e-01 

b:
 2.264e+00  1.590e+00  1.301e+00  1.126e+00 

./a.out : Task = 9 Res1 = -1 Res2 = -1 T1 = 0.00 T2 = 0.00 S = 4 N = 26 M = 6 P = 5
============================== a.out n=26 m=9 p=1 s=4 ===============
### Run  ./a.out 26 9 1 4 4
A:
 1.000e+00  5.000e-01  3.333e-01  2.500e-01 
 5.000e-01  3.333e-01  2.500e-01  2.000e-01 
 3.333e-01  2.500e-01  2.000e-01  1.667e-01 
 2.500e-01  2.000e-01  1.667e-01  1.429e-01 

b:
 2.264e+00  1.590e+00  1.301e+00  1.126e+00 

./a.out : Task = 9 Res1 = -1 Res2 = -1 T1 = 0.00 T2 = 0.00 S = 4 N = 26 M = 9 P = 1
============================== a.out n=26 m=9 p=2 s=4 ===============
### Run  ./a.out 26 9 2 4 4
A:
 1.000e+00  5.000e-01  3.333e-01  2.500e-01 
 5.000e-01  3.333e-01  2.500e-01  2.000e-01 
 3.333e-01  2.500e-01  2.000e-01  1.667e-01 
 2.500e-01  2.000e-01  1.667e-01  1.429e-01 

b:
 2.264e+00  1.590e+00  1.301e+00  1.126e+00 

./a.out : Task = 9 Res1 = -1 Res2 = -1 T1 = 0.00 T2 = 0.00 S = 4 N = 26 M = 9 P = 2
============================== a.out n=26 m=9 p=3 s=4 ===============
### Run  ./a.out 26 9 3 4 4
A:
 1.000e+00  5.000e-01  3.333e-01  2.500e-01 
 5.000e-01  3.333e-01  2.500e-01  2.000e-01 
 3.333e-01  2.500e-01  2.000e-01  1.667e-01 
 2.500e-01  2.000e-01  1.667e-01  1.429e-01 

b:
 2.264e+00  1.590e+00  1.301e+00  1.126e+00 

./a.out : Task = 9 Res1 = -1 Res2 = -1 T1 = 0.00 T2 = 0.00 S = 4 N = 26 M = 9 P = 3
============================== a.out n=26 m=12 p=1 s=4 ===============
### Run  ./a.out 26 12 1 4 4
A:
 1.000e+00  5.000e-01  3.333e-01  2.500e-01 
 5.000e-01  3.333e-01  2.500e-01  2.000e-01 
 3.333e-01  2.500e-01  2.000e-01  1.667e-01 
 2.500e-01  2.000e-01  1.667e-01  1.429e-01 

b:
 2.264e+00  1.590e+00  1.301e+00  1.126e+00 

./a.out : Task = 9 Res1 = -1 Res2 = -1 T1 = 0.00 T2 = 0.00 S = 4 N = 26 M = 12 P = 1
============================== a.out n=26 m=12 p=2 s=4 ===============
### Run  ./a.out 26 12 2 4 4
A:
 1.000e+00  5.000e-01  3.333e-01  2.500e-01 
 5.000e-01  3.333e-01  2.500e-01  2.000e-01 
 3.333e-01  2.500e-01  2.000e-01  1.667e-01 
 2.500e-01  2.000e-01  1.667e-01  1.429e-01 

b:
 2.264e+00  1.590e+00  1.301e+00  1.126e+00 

./a.out : Task = 9 Res1 = -1 Res2 = -1 T1 = 0.00 T2 = 0.00 S = 4 N = 26 M = 12 P = 2
============================== a.out n=26 m=12 p=3 s=4 ===============
### Run  ./a.out 26 12 3 4 4
A:
 1.000e+00  5.000e-01  3.333e-01  2.500e-01 
 5.000e-01  3.333e-01  2.500e-01  2.000e-01 
 3.333e-01  2.500e-01  2.000e-01  1.667e-01 
 2.500e-01  2.000e-01  1.667e-01  1.429e-01 

b:
 2.264e+00  1.590e+00  1.301e+00  1.126e+00 

./a.out : Task = 9 Res1 = -1 Res2 = -1 T1 = 0.00 T2 = 0.00 S = 4 N = 26 M = 12 P = 3
============================== a.out n=26 m=15 p=1 s=4 ===============
### Run  ./a.out 26 15 1 4 4
A:
 1.000e+00  5.000e-01  3.333e-01  2.500e-01 
 5.000e-01  3.333e-01  2.500e-01  2.000e-01 
 3.333e-01  2.500e-01  2.000e-01  1.667e-01 
 2.500e-01  2.000e-01  1.667e-01  1.429e-01 

b:
 2.264e+00  1.590e+00  1.301e+00  1.126e+00 

./a.out : Task = 9 Res1 = -1 Res2 = -1 T1 = 0.00 T2 = 0.00 S = 4 N = 26 M = 15 P = 1
============================== a.out n=26 m=15 p=2 s=4 ===============
### Run  ./a.out 26 15 2 4 4
A:
 1.000e+00  5.000e-01  3.333e-01  2.500e-01 
 5.000e-01  3.333e-01  2.500e-01  2.000e-01 
 3.333e-01  2.500e-01  2.000e-01  1.667e-01 
 2.500e-01  2.000e-01  1.667e-01  1.429e-01 

b:
 2.264e+00  1.590e+00  1.301e+00  1.126e+00 

./a.out : Task = 9 Res1 = -1 Res2 = -1 T1 = 0.00 T2 = 0.00 S = 4 N = 26 M = 15 P = 2
============================== a.out n=26 m=18 p=1 s=4 ===============
### Run  ./a.out 26 18 1 4 4
A:
 1.000e+00  5.000e-01  3.333e-01  2.500e-01 
 5.000e-01  3.333e-01  2.500e-01  2.000e-01 
 3.333e-01  2.500e-01  2.000e-01  1.667e-01 
 2.500e-01  2.000e-01  1.667e-01  1.429e-01 

b:
 2.264e+00  1.590e+00  1.301e+00  1.126e+00 

./a.out : Task = 9 Res1 = -1 Res2 = -1 T1 = 0.00 T2 = 0.00 S = 4 N = 26 M = 18 P = 1
============================== a.out n=26 m=18 p=2 s=4 ===============
### Run  ./a.out 26 18 2 4 4
A:
 1.000e+00  5.000e-01  3.333e-01  2.500e-01 
 5.000e-01  3.333e-01  2.500e-01  2.000e-01 
 3.333e-01  2.500e-01  2.000e-01  1.667e-01 
 2.500e-01  2.000e-01  1.667e-01  1.429e-01 

b:
 2.264e+00  1.590e+00  1.301e+00  1.126e+00 

./a.out : Task = 9 Res1 = -1 Res2 = -1 T1 = 0.00 T2 = 0.00 S = 4 N = 26 M = 18 P = 2
============================== a.out n=26 m=21 p=1 s=4 ===============
### Run  ./a.out 26 21 1 4 4
A:
 1.000e+00  5.000e-01  3.333e-01  2.500e-01 
 5.000e-01  3.333e-01  2.500e-01  2.000e-01 
 3.333e-01  2.500e-01  2.000e-01  1.667e-01 
 2.500e-01  2.000e-01  1.667e-01  1.429e-01 

b:
 2.264e+00  1.590e+00  1.301e+00  1.126e+00 

./a.out : Task = 9 Res1 = -1 Res2 = -1 T1 = 0.00 T2 = 0.00 S = 4 N = 26 M = 21 P = 1
============================== a.out n=26 m=21 p=2 s=4 ===============
### Run  ./a.out 26 21 2 4 4
A:
 1.000e+00  5.000e-01  3.333e-01  2.500e-01 
 5.000e-01  3.333e-01  2.500e-01  2.000e-01 
 3.333e-01  2.500e-01  2.000e-01  1.667e-01 
 2.500e-01  2.000e-01  1.667e-01  1.429e-01 

b:
 2.264e+00  1.590e+00  1.301e+00  1.126e+00 

./a.out : Task = 9 Res1 = -1 Res2 = -1 T1 = 0.00 T2 = 0.00 S = 4 N = 26 M = 21 P = 2
============================== a.out n=26 m=24 p=1 s=4 ===============
### Run  ./a.out 26 24 1 4 4
A:
 1.000e+00  5.000e-01  3.333e-01  2.500e-01 
 5.000e-01  3.333e-01  2.500e-01  2.000e-01 
 3.333e-01  2.500e-01  2.000e-01  1.667e-01 
 2.500e-01  2.000e-01  1.667e-01  1.429e-01 

b:
 2.264e+00  1.590e+00  1.301e+00  1.126e+00 

./a.out : Task = 9 Res1 = -1 Res2 = -1 T1 = 0.00 T2 = 0.00 S = 4 N = 26 M = 24 P = 1
============================== a.out n=26 m=24 p=2 s=4 ===============
### Run  ./a.out 26 24 2 4 4
A:
 1.000e+00  5.000e-01  3.333e-01  2.500e-01 
 5.000e-01  3.333e-01  2.500e-01  2.000e-01 
 3.333e-01  2.500e-01  2.000e-01  1.667e-01 
 2.500e-01  2.000e-01  1.667e-01  1.429e-01 

b:
 2.264e+00  1.590e+00  1.301e+00  1.126e+00 

./a.out : Task = 9 Res1 = -1 Res2 = -1 T1 = 0.00 T2 = 0.00 S = 4 N = 26 M = 24 P = 2
============================== a.out n=27 m=3 p=1 s=4 ===============
### Run  ./a.out 27 3 1 4 4
A:
 1.000e+00  5.000e-01  3.333e-01  2.500e-01 
 5.000e-01  3.333e-01  2.500e-01  2.000e-01 
 3.333e-01  2.500e-01  2.000e-01  1.667e-01 
 2.500e-01  2.000e-01  1.667e-01  1.429e-01 

b:
 2.301e+00  1.626e+00  1.336e+00  1.159e+00 

./a.out : Task = 9 Res1 = -1 Res2 = -1 T1 = 0.00 T2 = 0.00 S = 4 N = 27 M = 3 P = 1
============================== a.out n=27 m=3 p=2 s=4 ===============
### Run  ./a.out 27 3 2 4 4
A:
 1.000e+00  5.000e-01  3.333e-01  2.500e-01 
 5.000e-01  3.333e-01  2.500e-01  2.000e-01 
 3.333e-01  2.500e-01  2.000e-01  1.667e-01 
 2.500e-01  2.000e-01  1.667e-01  1.429e-01 

b:
 2.301e+00  1.626e+00  1.336e+00  1.159e+00 

./a.out : Task = 9 Res1 = -1 Res2 = -1 T1 = 0.00 T2 = 0.00 S = 4 N = 27 M = 3 P = 2
============================== a.out n=27 m=3 p=3 s=4 ===============
### Run  ./a.out 27 3 3 4 4
A:
 1.000e+00  5.000e-01  3.333e-01  2.500e-01 
 5.000e-01  3.333e-01  2.500e-01  2.000e-01 
 3.333e-01  2.500e-01  2.000e-01  1.667e-01 
 2.500e-01  2.000e-01  1.667e-01  1.429e-01 

b:
 2.301e+00  1.626e+00  1.336e+00  1.159e+00 

./a.out : Task = 9 Res1 = -1 Res2 = -1 T1 = 0.00 T2 = 0.00 S = 4 N = 27 M = 3 P = 3
============================== a.out n=27 m=3 p=4 s=4 ===============
### Run  ./a.out 27 3 4 4 4
A:
 1.000e+00  5.000e-01  3.333e-01  2.500e-01 
 5.000e-01  3.333e-01  2.500e-01  2.000e-01 
 3.333e-01  2.500e-01  2.000e-01  1.667e-01 
 2.500e-01  2.000e-01  1.667e-01  1.429e-01 

b:
 2.301e+00  1.626e+00  1.336e+00  1.159e+00 

./a.out : Task = 9 Res1 = -1 Res2 = -1 T1 = 0.00 T2 = 0.00 S = 4 N = 27 M = 3 P = 4
============================== a.out n=27 m=3 p=5 s=4 ===============
### Run  ./a.out 27 3 5 4 4
A:
 1.000e+00  5.000e-01  3.333e-01  2.500e-01 
 5.000e-01  3.333e-01  2.500e-01  2.000e-01 
 3.333e-01  2.500e-01  2.000e-01  1.667e-01 
 2.500e-01  2.000e-01  1.667e-01  1.429e-01 

b:
 2.301e+00  1.626e+00  1.336e+00  1.159e+00 

./a.out : Task = 9 Res1 = -1 Res2 = -1 T1 = 0.00 T2 = 0.00 S = 4 N = 27 M = 3 P = 5
============================== a.out n=27 m=3 p=6 s=4 ===============
### Run  ./a.out 27 3 6 4 4
A:
 1.000e+00  5.000e-01  3.333e-01  2.500e-01 
 5.000e-01  3.333e-01  2.500e-01  2.000e-01 
 3.333e-01  2.500e-01  2.000e-01  1.667e-01 
 2.500e-01  2.000e-01  1.667e-01  1.429e-01 

b:
 2.301e+00  1.626e+00  1.336e+00  1.159e+00 

./a.out : Task = 9 Res1 = -1 Res2 = -1 T1 = 0.00 T2 = 0.00 S = 4 N = 27 M = 3 P = 6
============================== a.out n=27 m=3 p=7 s=4 ===============
### Run  ./a.out 27 3 7 4 4
A:
 1.000e+00  5.000e-01  3.333e-01  2.500e-01 
 5.000e-01  3.333e-01  2.500e-01  2.000e-01 
 3.333e-01  2.500e-01  2.000e-01  1.667e-01 
 2.500e-01  2.000e-01  1.667e-01  1.429e-01 

b:
 2.301e+00  1.626e+00  1.336e+00  1.159e+00 

./a.out : Task = 9 Res1 = -1 Res2 = -1 T1 = 0.00 T2 = 0.00 S = 4 N = 27 M = 3 P = 7
============================== a.out n=27 m=3 p=8 s=4 ===============
### Run  ./a.out 27 3 8 4 4
A:
 1.000e+00  5.000e-01  3.333e-01  2.500e-01 
 5.000e-01  3.333e-01  2.500e-01  2.000e-01 
 3.333e-01  2.500e-01  2.000e-01  1.667e-01 
 2.500e-01  2.000e-01  1.667e-01  1.429e-01 

b:
 2.301e+00  1.626e+00  1.336e+00  1.159e+00 

./a.out : Task = 9 Res1 = -1 Res2 = -1 T1 = 0.00 T2 = 0.00 S = 4 N = 27 M = 3 P = 8
============================== a.out n=27 m=3 p=9 s=4 ===============
### Run  ./a.out 27 3 9 4 4
A:
 1.000e+00  5.000e-01  3.333e-01  2.500e-01 
 5.000e-01  3.333e-01  2.500e-01  2.000e-01 
 3.333e-01  2.500e-01  2.000e-01  1.667e-01 
 2.500e-01  2.000e-01  1.667e-01  1.429e-01 

b:
 2.301e+00  1.626e+00  1.336e+00  1.159e+00 

./a.out : Task = 9 Res1 = -1 Res2 = -1 T1 = 0.00 T2 = 0.00 S = 4 N = 27 M = 3 P = 9
============================== a.out n=27 m=3 p=10 s=4 ===============
### Run  ./a.out 27 3 10 4 4
A:
 1.000e+00  5.000e-01  3.333e-01  2.500e-01 
 5.000e-01  3.333e-01  2.500e-01  2.000e-01 
 3.333e-01  2.500e-01  2.000e-01  1.667e-01 
 2.500e-01  2.000e-01  1.667e-01  1.429e-01 

b:
 2.301e+00  1.626e+00  1.336e+00  1.159e+00 

./a.out : Task = 9 Res1 = -1 Res2 = -1 T1 = 0.00 T2 = 0.00 S = 4 N = 27 M = 3 P = 10
============================== a.out n=27 m=6 p=1 s=4 ===============
### Run  ./a.out 27 6 1 4 4
A:
 1.000e+00  5.000e-01  3.333e-01  2.500e-01 
 5.000e-01  3.333e-01  2.500e-01  2.000e-01 
 3.333e-01  2.500e-01  2.000e-01  1.667e-01 
 2.500e-01  2.000e-01  1.667e-01  1.429e-01 

b:
 2.301e+00  1.626e+00  1.336e+00  1.159e+00 

./a.out : Task = 9 Res1 = -1 Res2 = -1 T1 = 0.00 T2 = 0.00 S = 4 N = 27 M = 6 P = 1
============================== a.out n=27 m=6 p=2 s=4 ===============
### Run  ./a.out 27 6 2 4 4
A:
 1.000e+00  5.000e-01  3.333e-01  2.500e-01 
 5.000e-01  3.333e-01  2.500e-01  2.000e-01 
 3.333e-01  2.500e-01  2.000e-01  1.667e-01 
 2.500e-01  2.000e-01  1.667e-01  1.429e-01 

b:
 2.301e+00  1.626e+00  1.336e+00  1.159e+00 

./a.out : Task = 9 Res1 = -1 Res2 = -1 T1 = 0.00 T2 = 0.00 S = 4 N = 27 M = 6 P = 2
============================== a.out n=27 m=6 p=3 s=4 ===============
### Run  ./a.out 27 6 3 4 4
A:
 1.000e+00  5.000e-01  3.333e-01  2.500e-01 
 5.000e-01  3.333e-01  2.500e-01  2.000e-01 
 3.333e-01  2.500e-01  2.000e-01  1.667e-01 
 2.500e-01  2.000e-01  1.667e-01  1.429e-01 

b:
 2.301e+00  1.626e+00  1.336e+00  1.159e+00 

./a.out : Task = 9 Res1 = -1 Res2 = -1 T1 = 0.00 T2 = 0.00 S = 4 N = 27 M = 6 P = 3
============================== a.out n=27 m=6 p=4 s=4 ===============
### Run  ./a.out 27 6 4 4 4
A:
 1.000e+00  5.000e-01  3.333e-01  2.500e-01 
 5.000e-01  3.333e-01  2.500e-01  2.000e-01 
 3.333e-01  2.500e-01  2.000e-01  1.667e-01 
 2.500e-01  2.000e-01  1.667e-01  1.429e-01 

b:
 2.301e+00  1.626e+00  1.336e+00  1.159e+00 

./a.out : Task = 9 Res1 = -1 Res2 = -1 T1 = 0.00 T2 = 0.00 S = 4 N = 27 M = 6 P = 4
============================== a.out n=27 m=6 p=5 s=4 ===============
### Run  ./a.out 27 6 5 4 4
A:
 1.000e+00  5.000e-01  3.333e-01  2.500e-01 
 5.000e-01  3.333e-01  2.500e-01  2.000e-01 
 3.333e-01  2.500e-01  2.000e-01  1.667e-01 
 2.500e-01  2.000e-01  1.667e-01  1.429e-01 

b:
 2.301e+00  1.626e+00  1.336e+00  1.159e+00 

./a.out : Task = 9 Res1 = -1 Res2 = -1 T1 = 0.00 T2 = 0.00 S = 4 N = 27 M = 6 P = 5
============================== a.out n=27 m=9 p=1 s=4 ===============
### Run  ./a.out 27 9 1 4 4
A:
 1.000e+00  5.000e-01  3.333e-01  2.500e-01 
 5.000e-01  3.333e-01  2.500e-01  2.000e-01 
 3.333e-01  2.500e-01  2.000e-01  1.667e-01 
 2.500e-01  2.000e-01  1.667e-01  1.429e-01 

b:
 2.301e+00  1.626e+00  1.336e+00  1.159e+00 

./a.out : Task = 9 Res1 = -1 Res2 = -1 T1 = 0.00 T2 = 0.00 S = 4 N = 27 M = 9 P = 1
============================== a.out n=27 m=9 p=2 s=4 ===============
### Run  ./a.out 27 9 2 4 4
A:
 1.000e+00  5.000e-01  3.333e-01  2.500e-01 
 5.000e-01  3.333e-01  2.500e-01  2.000e-01 
 3.333e-01  2.500e-01  2.000e-01  1.667e-01 
 2.500e-01  2.000e-01  1.667e-01  1.429e-01 

b:
 2.301e+00  1.626e+00  1.336e+00  1.159e+00 

./a.out : Task = 9 Res1 = -1 Res2 = -1 T1 = 0.00 T2 = 0.00 S = 4 N = 27 M = 9 P = 2
============================== a.out n=27 m=9 p=3 s=4 ===============
### Run  ./a.out 27 9 3 4 4
A:
 1.000e+00  5.000e-01  3.333e-01  2.500e-01 
 5.000e-01  3.333e-01  2.500e-01  2.000e-01 
 3.333e-01  2.500e-01  2.000e-01  1.667e-01 
 2.500e-01  2.000e-01  1.667e-01  1.429e-01 

b:
 2.301e+00  1.626e+00  1.336e+00  1.159e+00 

./a.out : Task = 9 Res1 = -1 Res2 = -1 T1 = 0.00 T2 = 0.00 S = 4 N = 27 M = 9 P = 3
============================== a.out n=27 m=9 p=4 s=4 ===============
### Run  ./a.out 27 9 4 4 4
A:
 1.000e+00  5.000e-01  3.333e-01  2.500e-01 
 5.000e-01  3.333e-01  2.500e-01  2.000e-01 
 3.333e-01  2.500e-01  2.000e-01  1.667e-01 
 2.500e-01  2.000e-01  1.667e-01  1.429e-01 

b:
 2.301e+00  1.626e+00  1.336e+00  1.159e+00 

./a.out : Task = 9 Res1 = -1 Res2 = -1 T1 = 0.00 T2 = 0.00 S = 4 N = 27 M = 9 P = 4
============================== a.out n=27 m=12 p=1 s=4 ===============
### Run  ./a.out 27 12 1 4 4
A:
 1.000e+00  5.000e-01  3.333e-01  2.500e-01 
 5.000e-01  3.333e-01  2.500e-01  2.000e-01 
 3.333e-01  2.500e-01  2.000e-01  1.667e-01 
 2.500e-01  2.000e-01  1.667e-01  1.429e-01 

b:
 2.301e+00  1.626e+00  1.336e+00  1.159e+00 

./a.out : Task = 9 Res1 = -1 Res2 = -1 T1 = 0.00 T2 = 0.00 S = 4 N = 27 M = 12 P = 1
============================== a.out n=27 m=12 p=2 s=4 ===============
### Run  ./a.out 27 12 2 4 4
A:
 1.000e+00  5.000e-01  3.333e-01  2.500e-01 
 5.000e-01  3.333e-01  2.500e-01  2.000e-01 
 3.333e-01  2.500e-01  2.000e-01  1.667e-01 
 2.500e-01  2.000e-01  1.667e-01  1.429e-01 

b:
 2.301e+00  1.626e+00  1.336e+00  1.159e+00 

./a.out : Task = 9 Res1 = -1 Res2 = -1 T1 = 0.00 T2 = 0.00 S = 4 N = 27 M = 12 P = 2
============================== a.out n=27 m=12 p=3 s=4 ===============
### Run  ./a.out 27 12 3 4 4
A:
 1.000e+00  5.000e-01  3.333e-01  2.500e-01 
 5.000e-01  3.333e-01  2.500e-01  2.000e-01 
 3.333e-01  2.500e-01  2.000e-01  1.667e-01 
 2.500e-01  2.000e-01  1.667e-01  1.429e-01 

b:
 2.301e+00  1.626e+00  1.336e+00  1.159e+00 

./a.out : Task = 9 Res1 = -1 Res2 = -1 T1 = 0.00 T2 = 0.00 S = 4 N = 27 M = 12 P = 3
============================== a.out n=27 m=15 p=1 s=4 ===============
### Run  ./a.out 27 15 1 4 4
A:
 1.000e+00  5.000e-01  3.333e-01  2.500e-01 
 5.000e-01  3.333e-01  2.500e-01  2.000e-01 
 3.333e-01  2.500e-01  2.000e-01  1.667e-01 
 2.500e-01  2.000e-01  1.667e-01  1.429e-01 

b:
 2.301e+00  1.626e+00  1.336e+00  1.159e+00 

./a.out : Task = 9 Res1 = -1 Res2 = -1 T1 = 0.00 T2 = 0.00 S = 4 N = 27 M = 15 P = 1
============================== a.out n=27 m=15 p=2 s=4 ===============
### Run  ./a.out 27 15 2 4 4
A:
 1.000e+00  5.000e-01  3.333e-01  2.500e-01 
 5.000e-01  3.333e-01  2.500e-01  2.000e-01 
 3.333e-01  2.500e-01  2.000e-01  1.667e-01 
 2.500e-01  2.000e-01  1.667e-01  1.429e-01 

b:
 2.301e+00  1.626e+00  1.336e+00  1.159e+00 

./a.out : Task = 9 Res1 = -1 Res2 = -1 T1 = 0.00 T2 = 0.00 S = 4 N = 27 M = 15 P = 2
============================== a.out n=27 m=18 p=1 s=4 ===============
### Run  ./a.out 27 18 1 4 4
A:
 1.000e+00  5.000e-01  3.333e-01  2.500e-01 
 5.000e-01  3.333e-01  2.500e-01  2.000e-01 
 3.333e-01  2.500e-01  2.000e-01  1.667e-01 
 2.500e-01  2.000e-01  1.667e-01  1.429e-01 

b:
 2.301e+00  1.626e+00  1.336e+00  1.159e+00 

./a.out : Task = 9 Res1 = -1 Res2 = -1 T1 = 0.00 T2 = 0.00 S = 4 N = 27 M = 18 P = 1
============================== a.out n=27 m=18 p=2 s=4 ===============
### Run  ./a.out 27 18 2 4 4
A:
 1.000e+00  5.000e-01  3.333e-01  2.500e-01 
 5.000e-01  3.333e-01  2.500e-01  2.000e-01 
 3.333e-01  2.500e-01  2.000e-01  1.667e-01 
 2.500e-01  2.000e-01  1.667e-01  1.429e-01 

b:
 2.301e+00  1.626e+00  1.336e+00  1.159e+00 

./a.out : Task = 9 Res1 = -1 Res2 = -1 T1 = 0.00 T2 = 0.00 S = 4 N = 27 M = 18 P = 2
============================== a.out n=27 m=21 p=1 s=4 ===============
### Run  ./a.out 27 21 1 4 4
A:
 1.000e+00  5.000e-01  3.333e-01  2.500e-01 
 5.000e-01  3.333e-01  2.500e-01  2.000e-01 
 3.333e-01  2.500e-01  2.000e-01  1.667e-01 
 2.500e-01  2.000e-01  1.667e-01  1.429e-01 

b:
 2.301e+00  1.626e+00  1.336e+00  1.159e+00 

./a.out : Task = 9 Res1 = -1 Res2 = -1 T1 = 0.00 T2 = 0.00 S = 4 N = 27 M = 21 P = 1
============================== a.out n=27 m=21 p=2 s=4 ===============
### Run  ./a.out 27 21 2 4 4
A:
 1.000e+00  5.000e-01  3.333e-01  2.500e-01 
 5.000e-01  3.333e-01  2.500e-01  2.000e-01 
 3.333e-01  2.500e-01  2.000e-01  1.667e-01 
 2.500e-01  2.000e-01  1.667e-01  1.429e-01 

b:
 2.301e+00  1.626e+00  1.336e+00  1.159e+00 

./a.out : Task = 9 Res1 = -1 Res2 = -1 T1 = 0.00 T2 = 0.00 S = 4 N = 27 M = 21 P = 2
============================== a.out n=27 m=24 p=1 s=4 ===============
### Run  ./a.out 27 24 1 4 4
A:
 1.000e+00  5.000e-01  3.333e-01  2.500e-01 
 5.000e-01  3.333e-01  2.500e-01  2.000e-01 
 3.333e-01  2.500e-01  2.000e-01  1.667e-01 
 2.500e-01  2.000e-01  1.667e-01  1.429e-01 

b:
 2.301e+00  1.626e+00  1.336e+00  1.159e+00 

./a.out : Task = 9 Res1 = -1 Res2 = -1 T1 = 0.00 T2 = 0.00 S = 4 N = 27 M = 24 P = 1
============================== a.out n=27 m=24 p=2 s=4 ===============
### Run  ./a.out 27 24 2 4 4
A:
 1.000e+00  5.000e-01  3.333e-01  2.500e-01 
 5.000e-01  3.333e-01  2.500e-01  2.000e-01 
 3.333e-01  2.500e-01  2.000e-01  1.667e-01 
 2.500e-01  2.000e-01  1.667e-01  1.429e-01 

b:
 2.301e+00  1.626e+00  1.336e+00  1.159e+00 

./a.out : Task = 9 Res1 = -1 Res2 = -1 T1 = 0.00 T2 = 0.00 S = 4 N = 27 M = 24 P = 2
============================== a.out n=27 m=27 p=1 s=4 ===============
### Run  ./a.out 27 27 1 4 4
A:
 1.000e+00  5.000e-01  3.333e-01  2.500e-01 
 5.000e-01  3.333e-01  2.500e-01  2.000e-01 
 3.333e-01  2.500e-01  2.000e-01  1.667e-01 
 2.500e-01  2.000e-01  1.667e-01  1.429e-01 

b:
 2.301e+00  1.626e+00  1.336e+00  1.159e+00 

./a.out : Task = 9 Res1 = -1 Res2 = -1 T1 = 0.00 T2 = 0.00 S = 4 N = 27 M = 27 P = 1
============================== a.out n=27 m=27 p=2 s=4 ===============
### Run  ./a.out 27 27 2 4 4
A:
 1.000e+00  5.000e-01  3.333e-01  2.500e-01 
 5.000e-01  3.333e-01  2.500e-01  2.000e-01 
 3.333e-01  2.500e-01  2.000e-01  1.667e-01 
 2.500e-01  2.000e-01  1.667e-01  1.429e-01 

b:
 2.301e+00  1.626e+00  1.336e+00  1.159e+00 

./a.out : Task = 9 Res1 = -1 Res2 = -1 T1 = 0.00 T2 = 0.00 S = 4 N = 27 M = 27 P = 2
============================== a.out n=28 m=3 p=1 s=4 ===============
### Run  ./a.out 28 3 1 4 4
A:
 1.000e+00  5.000e-01  3.333e-01  2.500e-01 
 5.000e-01  3.333e-01  2.500e-01  2.000e-01 
 3.333e-01  2.500e-01  2.000e-01  1.667e-01 
 2.500e-01  2.000e-01  1.667e-01  1.429e-01 

b:
 2.301e+00  1.626e+00  1.336e+00  1.159e+00 

./a.out : Task = 9 Res1 = -1 Res2 = -1 T1 = 0.00 T2 = 0.00 S = 4 N = 28 M = 3 P = 1
============================== a.out n=28 m=3 p=2 s=4 ===============
### Run  ./a.out 28 3 2 4 4
A:
 1.000e+00  5.000e-01  3.333e-01  2.500e-01 
 5.000e-01  3.333e-01  2.500e-01  2.000e-01 
 3.333e-01  2.500e-01  2.000e-01  1.667e-01 
 2.500e-01  2.000e-01  1.667e-01  1.429e-01 

b:
 2.301e+00  1.626e+00  1.336e+00  1.159e+00 

./a.out : Task = 9 Res1 = -1 Res2 = -1 T1 = 0.00 T2 = 0.00 S = 4 N = 28 M = 3 P = 2
============================== a.out n=28 m=3 p=3 s=4 ===============
### Run  ./a.out 28 3 3 4 4
A:
 1.000e+00  5.000e-01  3.333e-01  2.500e-01 
 5.000e-01  3.333e-01  2.500e-01  2.000e-01 
 3.333e-01  2.500e-01  2.000e-01  1.667e-01 
 2.500e-01  2.000e-01  1.667e-01  1.429e-01 

b:
 2.301e+00  1.626e+00  1.336e+00  1.159e+00 

./a.out : Task = 9 Res1 = -1 Res2 = -1 T1 = 0.00 T2 = 0.00 S = 4 N = 28 M = 3 P = 3
============================== a.out n=28 m=3 p=4 s=4 ===============
### Run  ./a.out 28 3 4 4 4
A:
 1.000e+00  5.000e-01  3.333e-01  2.500e-01 
 5.000e-01  3.333e-01  2.500e-01  2.000e-01 
 3.333e-01  2.500e-01  2.000e-01  1.667e-01 
 2.500e-01  2.000e-01  1.667e-01  1.429e-01 

b:
 2.301e+00  1.626e+00  1.336e+00  1.159e+00 

./a.out : Task = 9 Res1 = -1 Res2 = -1 T1 = 0.00 T2 = 0.00 S = 4 N = 28 M = 3 P = 4
============================== a.out n=28 m=3 p=5 s=4 ===============
### Run  ./a.out 28 3 5 4 4
A:
 1.000e+00  5.000e-01  3.333e-01  2.500e-01 
 5.000e-01  3.333e-01  2.500e-01  2.000e-01 
 3.333e-01  2.500e-01  2.000e-01  1.667e-01 
 2.500e-01  2.000e-01  1.667e-01  1.429e-01 

b:
 2.301e+00  1.626e+00  1.336e+00  1.159e+00 

./a.out : Task = 9 Res1 = -1 Res2 = -1 T1 = 0.00 T2 = 0.00 S = 4 N = 28 M = 3 P = 5
============================== a.out n=28 m=3 p=6 s=4 ===============
### Run  ./a.out 28 3 6 4 4
A:
 1.000e+00  5.000e-01  3.333e-01  2.500e-01 
 5.000e-01  3.333e-01  2.500e-01  2.000e-01 
 3.333e-01  2.500e-01  2.000e-01  1.667e-01 
 2.500e-01  2.000e-01  1.667e-01  1.429e-01 

b:
 2.301e+00  1.626e+00  1.336e+00  1.159e+00 

./a.out : Task = 9 Res1 = -1 Res2 = -1 T1 = 0.00 T2 = 0.00 S = 4 N = 28 M = 3 P = 6
============================== a.out n=28 m=3 p=7 s=4 ===============
### Run  ./a.out 28 3 7 4 4
A:
 1.000e+00  5.000e-01  3.333e-01  2.500e-01 
 5.000e-01  3.333e-01  2.500e-01  2.000e-01 
 3.333e-01  2.500e-01  2.000e-01  1.667e-01 
 2.500e-01  2.000e-01  1.667e-01  1.429e-01 

b:
 2.301e+00  1.626e+00  1.336e+00  1.159e+00 

./a.out : Task = 9 Res1 = -1 Res2 = -1 T1 = 0.00 T2 = 0.00 S = 4 N = 28 M = 3 P = 7
============================== a.out n=28 m=3 p=8 s=4 ===============
### Run  ./a.out 28 3 8 4 4
A:
 1.000e+00  5.000e-01  3.333e-01  2.500e-01 
 5.000e-01  3.333e-01  2.500e-01  2.000e-01 
 3.333e-01  2.500e-01  2.000e-01  1.667e-01 
 2.500e-01  2.000e-01  1.667e-01  1.429e-01 

b:
 2.301e+00  1.626e+00  1.336e+00  1.159e+00 

./a.out : Task = 9 Res1 = -1 Res2 = -1 T1 = 0.00 T2 = 0.00 S = 4 N = 28 M = 3 P = 8
============================== a.out n=28 m=3 p=9 s=4 ===============
### Run  ./a.out 28 3 9 4 4
A:
 1.000e+00  5.000e-01  3.333e-01  2.500e-01 
 5.000e-01  3.333e-01  2.500e-01  2.000e-01 
 3.333e-01  2.500e-01  2.000e-01  1.667e-01 
 2.500e-01  2.000e-01  1.667e-01  1.429e-01 

b:
 2.301e+00  1.626e+00  1.336e+00  1.159e+00 

./a.out : Task = 9 Res1 = -1 Res2 = -1 T1 = 0.00 T2 = 0.00 S = 4 N = 28 M = 3 P = 9
============================== a.out n=28 m=3 p=10 s=4 ===============
### Run  ./a.out 28 3 10 4 4
A:
 1.000e+00  5.000e-01  3.333e-01  2.500e-01 
 5.000e-01  3.333e-01  2.500e-01  2.000e-01 
 3.333e-01  2.500e-01  2.000e-01  1.667e-01 
 2.500e-01  2.000e-01  1.667e-01  1.429e-01 

b:
 2.301e+00  1.626e+00  1.336e+00  1.159e+00 

./a.out : Task = 9 Res1 = -1 Res2 = -1 T1 = 0.00 T2 = 0.00 S = 4 N = 28 M = 3 P = 10
============================== a.out n=28 m=6 p=1 s=4 ===============
### Run  ./a.out 28 6 1 4 4
A:
 1.000e+00  5.000e-01  3.333e-01  2.500e-01 
 5.000e-01  3.333e-01  2.500e-01  2.000e-01 
 3.333e-01  2.500e-01  2.000e-01  1.667e-01 
 2.500e-01  2.000e-01  1.667e-01  1.429e-01 

b:
 2.301e+00  1.626e+00  1.336e+00  1.159e+00 

./a.out : Task = 9 Res1 = -1 Res2 = -1 T1 = 0.00 T2 = 0.00 S = 4 N = 28 M = 6 P = 1
============================== a.out n=28 m=6 p=2 s=4 ===============
### Run  ./a.out 28 6 2 4 4
A:
 1.000e+00  5.000e-01  3.333e-01  2.500e-01 
 5.000e-01  3.333e-01  2.500e-01  2.000e-01 
 3.333e-01  2.500e-01  2.000e-01  1.667e-01 
 2.500e-01  2.000e-01  1.667e-01  1.429e-01 

b:
 2.301e+00  1.626e+00  1.336e+00  1.159e+00 

./a.out : Task = 9 Res1 = -1 Res2 = -1 T1 = 0.00 T2 = 0.00 S = 4 N = 28 M = 6 P = 2
============================== a.out n=28 m=6 p=3 s=4 ===============
### Run  ./a.out 28 6 3 4 4
A:
 1.000e+00  5.000e-01  3.333e-01  2.500e-01 
 5.000e-01  3.333e-01  2.500e-01  2.000e-01 
 3.333e-01  2.500e-01  2.000e-01  1.667e-01 
 2.500e-01  2.000e-01  1.667e-01  1.429e-01 

b:
 2.301e+00  1.626e+00  1.336e+00  1.159e+00 

./a.out : Task = 9 Res1 = -1 Res2 = -1 T1 = 0.00 T2 = 0.00 S = 4 N = 28 M = 6 P = 3
============================== a.out n=28 m=6 p=4 s=4 ===============
### Run  ./a.out 28 6 4 4 4
A:
 1.000e+00  5.000e-01  3.333e-01  2.500e-01 
 5.000e-01  3.333e-01  2.500e-01  2.000e-01 
 3.333e-01  2.500e-01  2.000e-01  1.667e-01 
 2.500e-01  2.000e-01  1.667e-01  1.429e-01 

b:
 2.301e+00  1.626e+00  1.336e+00  1.159e+00 

./a.out : Task = 9 Res1 = -1 Res2 = -1 T1 = 0.00 T2 = 0.00 S = 4 N = 28 M = 6 P = 4
============================== a.out n=28 m=6 p=5 s=4 ===============
### Run  ./a.out 28 6 5 4 4
A:
 1.000e+00  5.000e-01  3.333e-01  2.500e-01 
 5.000e-01  3.333e-01  2.500e-01  2.000e-01 
 3.333e-01  2.500e-01  2.000e-01  1.667e-01 
 2.500e-01  2.000e-01  1.667e-01  1.429e-01 

b:
 2.301e+00  1.626e+00  1.336e+00  1.159e+00 

./a.out : Task = 9 Res1 = -1 Res2 = -1 T1 = 0.00 T2 = 0.00 S = 4 N = 28 M = 6 P = 5
============================== a.out n=28 m=9 p=1 s=4 ===============
### Run  ./a.out 28 9 1 4 4
A:
 1.000e+00  5.000e-01  3.333e-01  2.500e-01 
 5.000e-01  3.333e-01  2.500e-01  2.000e-01 
 3.333e-01  2.500e-01  2.000e-01  1.667e-01 
 2.500e-01  2.000e-01  1.667e-01  1.429e-01 

b:
 2.301e+00  1.626e+00  1.336e+00  1.159e+00 

./a.out : Task = 9 Res1 = -1 Res2 = -1 T1 = 0.00 T2 = 0.00 S = 4 N = 28 M = 9 P = 1
============================== a.out n=28 m=9 p=2 s=4 ===============
### Run  ./a.out 28 9 2 4 4
A:
 1.000e+00  5.000e-01  3.333e-01  2.500e-01 
 5.000e-01  3.333e-01  2.500e-01  2.000e-01 
 3.333e-01  2.500e-01  2.000e-01  1.667e-01 
 2.500e-01  2.000e-01  1.667e-01  1.429e-01 

b:
 2.301e+00  1.626e+00  1.336e+00  1.159e+00 

./a.out : Task = 9 Res1 = -1 Res2 = -1 T1 = 0.00 T2 = 0.00 S = 4 N = 28 M = 9 P = 2
============================== a.out n=28 m=9 p=3 s=4 ===============
### Run  ./a.out 28 9 3 4 4
A:
 1.000e+00  5.000e-01  3.333e-01  2.500e-01 
 5.000e-01  3.333e-01  2.500e-01  2.000e-01 
 3.333e-01  2.500e-01  2.000e-01  1.667e-01 
 2.500e-01  2.000e-01  1.667e-01  1.429e-01 

b:
 2.301e+00  1.626e+00  1.336e+00  1.159e+00 

./a.out : Task = 9 Res1 = -1 Res2 = -1 T1 = 0.00 T2 = 0.00 S = 4 N = 28 M = 9 P = 3
============================== a.out n=28 m=9 p=4 s=4 ===============
### Run  ./a.out 28 9 4 4 4
A:
 1.000e+00  5.000e-01  3.333e-01  2.500e-01 
 5.000e-01  3.333e-01  2.500e-01  2.000e-01 
 3.333e-01  2.500e-01  2.000e-01  1.667e-01 
 2.500e-01  2.000e-01  1.667e-01  1.429e-01 

b:
 2.301e+00  1.626e+00  1.336e+00  1.159e+00 

./a.out : Task = 9 Res1 = -1 Res2 = -1 T1 = 0.00 T2 = 0.00 S = 4 N = 28 M = 9 P = 4
============================== a.out n=28 m=12 p=1 s=4 ===============
### Run  ./a.out 28 12 1 4 4
A:
 1.000e+00  5.000e-01  3.333e-01  2.500e-01 
 5.000e-01  3.333e-01  2.500e-01  2.000e-01 
 3.333e-01  2.500e-01  2.000e-01  1.667e-01 
 2.500e-01  2.000e-01  1.667e-01  1.429e-01 

b:
 2.301e+00  1.626e+00  1.336e+00  1.159e+00 

./a.out : Task = 9 Res1 = -1 Res2 = -1 T1 = 0.00 T2 = 0.00 S = 4 N = 28 M = 12 P = 1
============================== a.out n=28 m=12 p=2 s=4 ===============
### Run  ./a.out 28 12 2 4 4
A:
 1.000e+00  5.000e-01  3.333e-01  2.500e-01 
 5.000e-01  3.333e-01  2.500e-01  2.000e-01 
 3.333e-01  2.500e-01  2.000e-01  1.667e-01 
 2.500e-01  2.000e-01  1.667e-01  1.429e-01 

b:
 2.301e+00  1.626e+00  1.336e+00  1.159e+00 

./a.out : Task = 9 Res1 = -1 Res2 = -1 T1 = 0.00 T2 = 0.00 S = 4 N = 28 M = 12 P = 2
============================== a.out n=28 m=12 p=3 s=4 ===============
### Run  ./a.out 28 12 3 4 4
A:
 1.000e+00  5.000e-01  3.333e-01  2.500e-01 
 5.000e-01  3.333e-01  2.500e-01  2.000e-01 
 3.333e-01  2.500e-01  2.000e-01  1.667e-01 
 2.500e-01  2.000e-01  1.667e-01  1.429e-01 

b:
 2.301e+00  1.626e+00  1.336e+00  1.159e+00 

./a.out : Task = 9 Res1 = -1 Res2 = -1 T1 = 0.00 T2 = 0.00 S = 4 N = 28 M = 12 P = 3
============================== a.out n=28 m=15 p=1 s=4 ===============
### Run  ./a.out 28 15 1 4 4
A:
 1.000e+00  5.000e-01  3.333e-01  2.500e-01 
 5.000e-01  3.333e-01  2.500e-01  2.000e-01 
 3.333e-01  2.500e-01  2.000e-01  1.667e-01 
 2.500e-01  2.000e-01  1.667e-01  1.429e-01 

b:
 2.301e+00  1.626e+00  1.336e+00  1.159e+00 

./a.out : Task = 9 Res1 = -1 Res2 = -1 T1 = 0.00 T2 = 0.00 S = 4 N = 28 M = 15 P = 1
============================== a.out n=28 m=15 p=2 s=4 ===============
### Run  ./a.out 28 15 2 4 4
A:
 1.000e+00  5.000e-01  3.333e-01  2.500e-01 
 5.000e-01  3.333e-01  2.500e-01  2.000e-01 
 3.333e-01  2.500e-01  2.000e-01  1.667e-01 
 2.500e-01  2.000e-01  1.667e-01  1.429e-01 

b:
 2.301e+00  1.626e+00  1.336e+00  1.159e+00 

./a.out : Task = 9 Res1 = -1 Res2 = -1 T1 = 0.00 T2 = 0.00 S = 4 N = 28 M = 15 P = 2
============================== a.out n=28 m=18 p=1 s=4 ===============
### Run  ./a.out 28 18 1 4 4
A:
 1.000e+00  5.000e-01  3.333e-01  2.500e-01 
 5.000e-01  3.333e-01  2.500e-01  2.000e-01 
 3.333e-01  2.500e-01  2.000e-01  1.667e-01 
 2.500e-01  2.000e-01  1.667e-01  1.429e-01 

b:
 2.301e+00  1.626e+00  1.336e+00  1.159e+00 

./a.out : Task = 9 Res1 = -1 Res2 = -1 T1 = 0.00 T2 = 0.00 S = 4 N = 28 M = 18 P = 1
============================== a.out n=28 m=18 p=2 s=4 ===============
### Run  ./a.out 28 18 2 4 4
A:
 1.000e+00  5.000e-01  3.333e-01  2.500e-01 
 5.000e-01  3.333e-01  2.500e-01  2.000e-01 
 3.333e-01  2.500e-01  2.000e-01  1.667e-01 
 2.500e-01  2.000e-01  1.667e-01  1.429e-01 

b:
 2.301e+00  1.626e+00  1.336e+00  1.159e+00 

./a.out : Task = 9 Res1 = -1 Res2 = -1 T1 = 0.00 T2 = 0.00 S = 4 N = 28 M = 18 P = 2
============================== a.out n=28 m=21 p=1 s=4 ===============
### Run  ./a.out 28 21 1 4 4
A:
 1.000e+00  5.000e-01  3.333e-01  2.500e-01 
 5.000e-01  3.333e-01  2.500e-01  2.000e-01 
 3.333e-01  2.500e-01  2.000e-01  1.667e-01 
 2.500e-01  2.000e-01  1.667e-01  1.429e-01 

b:
 2.301e+00  1.626e+00  1.336e+00  1.159e+00 

./a.out : Task = 9 Res1 = -1 Res2 = -1 T1 = 0.00 T2 = 0.00 S = 4 N = 28 M = 21 P = 1
============================== a.out n=28 m=21 p=2 s=4 ===============
### Run  ./a.out 28 21 2 4 4
A:
 1.000e+00  5.000e-01  3.333e-01  2.500e-01 
 5.000e-01  3.333e-01  2.500e-01  2.000e-01 
 3.333e-01  2.500e-01  2.000e-01  1.667e-01 
 2.500e-01  2.000e-01  1.667e-01  1.429e-01 

b:
 2.301e+00  1.626e+00  1.336e+00  1.159e+00 

./a.out : Task = 9 Res1 = -1 Res2 = -1 T1 = 0.00 T2 = 0.00 S = 4 N = 28 M = 21 P = 2
============================== a.out n=28 m=24 p=1 s=4 ===============
### Run  ./a.out 28 24 1 4 4
A:
 1.000e+00  5.000e-01  3.333e-01  2.500e-01 
 5.000e-01  3.333e-01  2.500e-01  2.000e-01 
 3.333e-01  2.500e-01  2.000e-01  1.667e-01 
 2.500e-01  2.000e-01  1.667e-01  1.429e-01 

b:
 2.301e+00  1.626e+00  1.336e+00  1.159e+00 

./a.out : Task = 9 Res1 = -1 Res2 = -1 T1 = 0.00 T2 = 0.00 S = 4 N = 28 M = 24 P = 1
============================== a.out n=28 m=24 p=2 s=4 ===============
### Run  ./a.out 28 24 2 4 4
A:
 1.000e+00  5.000e-01  3.333e-01  2.500e-01 
 5.000e-01  3.333e-01  2.500e-01  2.000e-01 
 3.333e-01  2.500e-01  2.000e-01  1.667e-01 
 2.500e-01  2.000e-01  1.667e-01  1.429e-01 

b:
 2.301e+00  1.626e+00  1.336e+00  1.159e+00 

./a.out : Task = 9 Res1 = -1 Res2 = -1 T1 = 0.00 T2 = 0.00 S = 4 N = 28 M = 24 P = 2
============================== a.out n=28 m=27 p=1 s=4 ===============
### Run  ./a.out 28 27 1 4 4
A:
 1.000e+00  5.000e-01  3.333e-01  2.500e-01 
 5.000e-01  3.333e-01  2.500e-01  2.000e-01 
 3.333e-01  2.500e-01  2.000e-01  1.667e-01 
 2.500e-01  2.000e-01  1.667e-01  1.429e-01 

b:
 2.301e+00  1.626e+00  1.336e+00  1.159e+00 

./a.out : Task = 9 Res1 = -1 Res2 = -1 T1 = 0.00 T2 = 0.00 S = 4 N = 28 M = 27 P = 1
============================== a.out n=28 m=27 p=2 s=4 ===============
### Run  ./a.out 28 27 2 4 4
A:
 1.000e+00  5.000e-01  3.333e-01  2.500e-01 
 5.000e-01  3.333e-01  2.500e-01  2.000e-01 
 3.333e-01  2.500e-01  2.000e-01  1.667e-01 
 2.500e-01  2.000e-01  1.667e-01  1.429e-01 

b:
 2.301e+00  1.626e+00  1.336e+00  1.159e+00 

./a.out : Task = 9 Res1 = -1 Res2 = -1 T1 = 0.00 T2 = 0.00 S = 4 N = 28 M = 27 P = 2
============================== a.out n=29 m=3 p=1 s=4 ===============
### Run  ./a.out 29 3 1 4 4
A:
 1.000e+00  5.000e-01  3.333e-01  2.500e-01 
 5.000e-01  3.333e-01  2.500e-01  2.000e-01 
 3.333e-01  2.500e-01  2.000e-01  1.667e-01 
 2.500e-01  2.000e-01  1.667e-01  1.429e-01 

b:
 2.336e+00  1.659e+00  1.368e+00  1.190e+00 

./a.out : Task = 9 Res1 = -1 Res2 = -1 T1 = 0.00 T2 = 0.00 S = 4 N = 29 M = 3 P = 1
============================== a.out n=29 m=3 p=2 s=4 ===============
### Run  ./a.out 29 3 2 4 4
A:
 1.000e+00  5.000e-01  3.333e-01  2.500e-01 
 5.000e-01  3.333e-01  2.500e-01  2.000e-01 
 3.333e-01  2.500e-01  2.000e-01  1.667e-01 
 2.500e-01  2.000e-01  1.667e-01  1.429e-01 

b:
 2.336e+00  1.659e+00  1.368e+00  1.190e+00 

./a.out : Task = 9 Res1 = -1 Res2 = -1 T1 = 0.00 T2 = 0.00 S = 4 N = 29 M = 3 P = 2
============================== a.out n=29 m=3 p=3 s=4 ===============
### Run  ./a.out 29 3 3 4 4
A:
 1.000e+00  5.000e-01  3.333e-01  2.500e-01 
 5.000e-01  3.333e-01  2.500e-01  2.000e-01 
 3.333e-01  2.500e-01  2.000e-01  1.667e-01 
 2.500e-01  2.000e-01  1.667e-01  1.429e-01 

b:
 2.336e+00  1.659e+00  1.368e+00  1.190e+00 

./a.out : Task = 9 Res1 = -1 Res2 = -1 T1 = 0.00 T2 = 0.00 S = 4 N = 29 M = 3 P = 3
============================== a.out n=29 m=3 p=4 s=4 ===============
### Run  ./a.out 29 3 4 4 4
A:
 1.000e+00  5.000e-01  3.333e-01  2.500e-01 
 5.000e-01  3.333e-01  2.500e-01  2.000e-01 
 3.333e-01  2.500e-01  2.000e-01  1.667e-01 
 2.500e-01  2.000e-01  1.667e-01  1.429e-01 

b:
 2.336e+00  1.659e+00  1.368e+00  1.190e+00 

./a.out : Task = 9 Res1 = -1 Res2 = -1 T1 = 0.00 T2 = 0.00 S = 4 N = 29 M = 3 P = 4
============================== a.out n=29 m=3 p=5 s=4 ===============
### Run  ./a.out 29 3 5 4 4
A:
 1.000e+00  5.000e-01  3.333e-01  2.500e-01 
 5.000e-01  3.333e-01  2.500e-01  2.000e-01 
 3.333e-01  2.500e-01  2.000e-01  1.667e-01 
 2.500e-01  2.000e-01  1.667e-01  1.429e-01 

b:
 2.336e+00  1.659e+00  1.368e+00  1.190e+00 

./a.out : Task = 9 Res1 = -1 Res2 = -1 T1 = 0.00 T2 = 0.00 S = 4 N = 29 M = 3 P = 5
============================== a.out n=29 m=3 p=6 s=4 ===============
### Run  ./a.out 29 3 6 4 4
A:
 1.000e+00  5.000e-01  3.333e-01  2.500e-01 
 5.000e-01  3.333e-01  2.500e-01  2.000e-01 
 3.333e-01  2.500e-01  2.000e-01  1.667e-01 
 2.500e-01  2.000e-01  1.667e-01  1.429e-01 

b:
 2.336e+00  1.659e+00  1.368e+00  1.190e+00 

./a.out : Task = 9 Res1 = -1 Res2 = -1 T1 = 0.00 T2 = 0.00 S = 4 N = 29 M = 3 P = 6
============================== a.out n=29 m=3 p=7 s=4 ===============
### Run  ./a.out 29 3 7 4 4
A:
 1.000e+00  5.000e-01  3.333e-01  2.500e-01 
 5.000e-01  3.333e-01  2.500e-01  2.000e-01 
 3.333e-01  2.500e-01  2.000e-01  1.667e-01 
 2.500e-01  2.000e-01  1.667e-01  1.429e-01 

b:
 2.336e+00  1.659e+00  1.368e+00  1.190e+00 

./a.out : Task = 9 Res1 = -1 Res2 = -1 T1 = 0.00 T2 = 0.00 S = 4 N = 29 M = 3 P = 7
============================== a.out n=29 m=3 p=8 s=4 ===============
### Run  ./a.out 29 3 8 4 4
A:
 1.000e+00  5.000e-01  3.333e-01  2.500e-01 
 5.000e-01  3.333e-01  2.500e-01  2.000e-01 
 3.333e-01  2.500e-01  2.000e-01  1.667e-01 
 2.500e-01  2.000e-01  1.667e-01  1.429e-01 

b:
 2.336e+00  1.659e+00  1.368e+00  1.190e+00 

./a.out : Task = 9 Res1 = -1 Res2 = -1 T1 = 0.00 T2 = 0.00 S = 4 N = 29 M = 3 P = 8
============================== a.out n=29 m=3 p=9 s=4 ===============
### Run  ./a.out 29 3 9 4 4
A:
 1.000e+00  5.000e-01  3.333e-01  2.500e-01 
 5.000e-01  3.333e-01  2.500e-01  2.000e-01 
 3.333e-01  2.500e-01  2.000e-01  1.667e-01 
 2.500e-01  2.000e-01  1.667e-01  1.429e-01 

b:
 2.336e+00  1.659e+00  1.368e+00  1.190e+00 

./a.out : Task = 9 Res1 = -1 Res2 = -1 T1 = 0.00 T2 = 0.00 S = 4 N = 29 M = 3 P = 9
============================== a.out n=29 m=3 p=10 s=4 ===============
### Run  ./a.out 29 3 10 4 4
A:
 1.000e+00  5.000e-01  3.333e-01  2.500e-01 
 5.000e-01  3.333e-01  2.500e-01  2.000e-01 
 3.333e-01  2.500e-01  2.000e-01  1.667e-01 
 2.500e-01  2.000e-01  1.667e-01  1.429e-01 

b:
 2.336e+00  1.659e+00  1.368e+00  1.190e+00 

./a.out : Task = 9 Res1 = -1 Res2 = -1 T1 = 0.00 T2 = 0.00 S = 4 N = 29 M = 3 P = 10
============================== a.out n=29 m=6 p=1 s=4 ===============
### Run  ./a.out 29 6 1 4 4
A:
 1.000e+00  5.000e-01  3.333e-01  2.500e-01 
 5.000e-01  3.333e-01  2.500e-01  2.000e-01 
 3.333e-01  2.500e-01  2.000e-01  1.667e-01 
 2.500e-01  2.000e-01  1.667e-01  1.429e-01 

b:
 2.336e+00  1.659e+00  1.368e+00  1.190e+00 

./a.out : Task = 9 Res1 = -1 Res2 = -1 T1 = 0.00 T2 = 0.00 S = 4 N = 29 M = 6 P = 1
============================== a.out n=29 m=6 p=2 s=4 ===============
### Run  ./a.out 29 6 2 4 4
A:
 1.000e+00  5.000e-01  3.333e-01  2.500e-01 
 5.000e-01  3.333e-01  2.500e-01  2.000e-01 
 3.333e-01  2.500e-01  2.000e-01  1.667e-01 
 2.500e-01  2.000e-01  1.667e-01  1.429e-01 

b:
 2.336e+00  1.659e+00  1.368e+00  1.190e+00 

./a.out : Task = 9 Res1 = -1 Res2 = -1 T1 = 0.00 T2 = 0.00 S = 4 N = 29 M = 6 P = 2
============================== a.out n=29 m=6 p=3 s=4 ===============
### Run  ./a.out 29 6 3 4 4
A:
 1.000e+00  5.000e-01  3.333e-01  2.500e-01 
 5.000e-01  3.333e-01  2.500e-01  2.000e-01 
 3.333e-01  2.500e-01  2.000e-01  1.667e-01 
 2.500e-01  2.000e-01  1.667e-01  1.429e-01 

b:
 2.336e+00  1.659e+00  1.368e+00  1.190e+00 

./a.out : Task = 9 Res1 = -1 Res2 = -1 T1 = 0.00 T2 = 0.00 S = 4 N = 29 M = 6 P = 3
============================== a.out n=29 m=6 p=4 s=4 ===============
### Run  ./a.out 29 6 4 4 4
A:
 1.000e+00  5.000e-01  3.333e-01  2.500e-01 
 5.000e-01  3.333e-01  2.500e-01  2.000e-01 
 3.333e-01  2.500e-01  2.000e-01  1.667e-01 
 2.500e-01  2.000e-01  1.667e-01  1.429e-01 

b:
 2.336e+00  1.659e+00  1.368e+00  1.190e+00 

./a.out : Task = 9 Res1 = -1 Res2 = -1 T1 = 0.00 T2 = 0.00 S = 4 N = 29 M = 6 P = 4
============================== a.out n=29 m=6 p=5 s=4 ===============
### Run  ./a.out 29 6 5 4 4
A:
 1.000e+00  5.000e-01  3.333e-01  2.500e-01 
 5.000e-01  3.333e-01  2.500e-01  2.000e-01 
 3.333e-01  2.500e-01  2.000e-01  1.667e-01 
 2.500e-01  2.000e-01  1.667e-01  1.429e-01 

b:
 2.336e+00  1.659e+00  1.368e+00  1.190e+00 

./a.out : Task = 9 Res1 = -1 Res2 = -1 T1 = 0.00 T2 = 0.00 S = 4 N = 29 M = 6 P = 5
============================== a.out n=29 m=9 p=1 s=4 ===============
### Run  ./a.out 29 9 1 4 4
A:
 1.000e+00  5.000e-01  3.333e-01  2.500e-01 
 5.000e-01  3.333e-01  2.500e-01  2.000e-01 
 3.333e-01  2.500e-01  2.000e-01  1.667e-01 
 2.500e-01  2.000e-01  1.667e-01  1.429e-01 

b:
 2.336e+00  1.659e+00  1.368e+00  1.190e+00 

./a.out : Task = 9 Res1 = -1 Res2 = -1 T1 = 0.00 T2 = 0.00 S = 4 N = 29 M = 9 P = 1
============================== a.out n=29 m=9 p=2 s=4 ===============
### Run  ./a.out 29 9 2 4 4
A:
 1.000e+00  5.000e-01  3.333e-01  2.500e-01 
 5.000e-01  3.333e-01  2.500e-01  2.000e-01 
 3.333e-01  2.500e-01  2.000e-01  1.667e-01 
 2.500e-01  2.000e-01  1.667e-01  1.429e-01 

b:
 2.336e+00  1.659e+00  1.368e+00  1.190e+00 

./a.out : Task = 9 Res1 = -1 Res2 = -1 T1 = 0.00 T2 = 0.00 S = 4 N = 29 M = 9 P = 2
============================== a.out n=29 m=9 p=3 s=4 ===============
### Run  ./a.out 29 9 3 4 4
A:
 1.000e+00  5.000e-01  3.333e-01  2.500e-01 
 5.000e-01  3.333e-01  2.500e-01  2.000e-01 
 3.333e-01  2.500e-01  2.000e-01  1.667e-01 
 2.500e-01  2.000e-01  1.667e-01  1.429e-01 

b:
 2.336e+00  1.659e+00  1.368e+00  1.190e+00 

./a.out : Task = 9 Res1 = -1 Res2 = -1 T1 = 0.00 T2 = 0.00 S = 4 N = 29 M = 9 P = 3
============================== a.out n=29 m=9 p=4 s=4 ===============
### Run  ./a.out 29 9 4 4 4
A:
 1.000e+00  5.000e-01  3.333e-01  2.500e-01 
 5.000e-01  3.333e-01  2.500e-01  2.000e-01 
 3.333e-01  2.500e-01  2.000e-01  1.667e-01 
 2.500e-01  2.000e-01  1.667e-01  1.429e-01 

b:
 2.336e+00  1.659e+00  1.368e+00  1.190e+00 

./a.out : Task = 9 Res1 = -1 Res2 = -1 T1 = 0.00 T2 = 0.00 S = 4 N = 29 M = 9 P = 4
============================== a.out n=29 m=12 p=1 s=4 ===============
### Run  ./a.out 29 12 1 4 4
A:
 1.000e+00  5.000e-01  3.333e-01  2.500e-01 
 5.000e-01  3.333e-01  2.500e-01  2.000e-01 
 3.333e-01  2.500e-01  2.000e-01  1.667e-01 
 2.500e-01  2.000e-01  1.667e-01  1.429e-01 

b:
 2.336e+00  1.659e+00  1.368e+00  1.190e+00 

./a.out : Task = 9 Res1 = -1 Res2 = -1 T1 = 0.00 T2 = 0.00 S = 4 N = 29 M = 12 P = 1
============================== a.out n=29 m=12 p=2 s=4 ===============
### Run  ./a.out 29 12 2 4 4
A:
 1.000e+00  5.000e-01  3.333e-01  2.500e-01 
 5.000e-01  3.333e-01  2.500e-01  2.000e-01 
 3.333e-01  2.500e-01  2.000e-01  1.667e-01 
 2.500e-01  2.000e-01  1.667e-01  1.429e-01 

b:
 2.336e+00  1.659e+00  1.368e+00  1.190e+00 

./a.out : Task = 9 Res1 = -1 Res2 = -1 T1 = 0.00 T2 = 0.00 S = 4 N = 29 M = 12 P = 2
============================== a.out n=29 m=12 p=3 s=4 ===============
### Run  ./a.out 29 12 3 4 4
A:
 1.000e+00  5.000e-01  3.333e-01  2.500e-01 
 5.000e-01  3.333e-01  2.500e-01  2.000e-01 
 3.333e-01  2.500e-01  2.000e-01  1.667e-01 
 2.500e-01  2.000e-01  1.667e-01  1.429e-01 

b:
 2.336e+00  1.659e+00  1.368e+00  1.190e+00 

./a.out : Task = 9 Res1 = -1 Res2 = -1 T1 = 0.00 T2 = 0.00 S = 4 N = 29 M = 12 P = 3
============================== a.out n=29 m=15 p=1 s=4 ===============
### Run  ./a.out 29 15 1 4 4
A:
 1.000e+00  5.000e-01  3.333e-01  2.500e-01 
 5.000e-01  3.333e-01  2.500e-01  2.000e-01 
 3.333e-01  2.500e-01  2.000e-01  1.667e-01 
 2.500e-01  2.000e-01  1.667e-01  1.429e-01 

b:
 2.336e+00  1.659e+00  1.368e+00  1.190e+00 

./a.out : Task = 9 Res1 = -1 Res2 = -1 T1 = 0.00 T2 = 0.00 S = 4 N = 29 M = 15 P = 1
============================== a.out n=29 m=15 p=2 s=4 ===============
### Run  ./a.out 29 15 2 4 4
A:
 1.000e+00  5.000e-01  3.333e-01  2.500e-01 
 5.000e-01  3.333e-01  2.500e-01  2.000e-01 
 3.333e-01  2.500e-01  2.000e-01  1.667e-01 
 2.500e-01  2.000e-01  1.667e-01  1.429e-01 

b:
 2.336e+00  1.659e+00  1.368e+00  1.190e+00 

./a.out : Task = 9 Res1 = -1 Res2 = -1 T1 = 0.00 T2 = 0.00 S = 4 N = 29 M = 15 P = 2
============================== a.out n=29 m=18 p=1 s=4 ===============
### Run  ./a.out 29 18 1 4 4
A:
 1.000e+00  5.000e-01  3.333e-01  2.500e-01 
 5.000e-01  3.333e-01  2.500e-01  2.000e-01 
 3.333e-01  2.500e-01  2.000e-01  1.667e-01 
 2.500e-01  2.000e-01  1.667e-01  1.429e-01 

b:
 2.336e+00  1.659e+00  1.368e+00  1.190e+00 

./a.out : Task = 9 Res1 = -1 Res2 = -1 T1 = 0.00 T2 = 0.00 S = 4 N = 29 M = 18 P = 1
============================== a.out n=29 m=18 p=2 s=4 ===============
### Run  ./a.out 29 18 2 4 4
A:
 1.000e+00  5.000e-01  3.333e-01  2.500e-01 
 5.000e-01  3.333e-01  2.500e-01  2.000e-01 
 3.333e-01  2.500e-01  2.000e-01  1.667e-01 
 2.500e-01  2.000e-01  1.667e-01  1.429e-01 

b:
 2.336e+00  1.659e+00  1.368e+00  1.190e+00 

./a.out : Task = 9 Res1 = -1 Res2 = -1 T1 = 0.00 T2 = 0.00 S = 4 N = 29 M = 18 P = 2
============================== a.out n=29 m=21 p=1 s=4 ===============
### Run  ./a.out 29 21 1 4 4
A:
 1.000e+00  5.000e-01  3.333e-01  2.500e-01 
 5.000e-01  3.333e-01  2.500e-01  2.000e-01 
 3.333e-01  2.500e-01  2.000e-01  1.667e-01 
 2.500e-01  2.000e-01  1.667e-01  1.429e-01 

b:
 2.336e+00  1.659e+00  1.368e+00  1.190e+00 

./a.out : Task = 9 Res1 = -1 Res2 = -1 T1 = 0.00 T2 = 0.00 S = 4 N = 29 M = 21 P = 1
============================== a.out n=29 m=21 p=2 s=4 ===============
### Run  ./a.out 29 21 2 4 4
A:
 1.000e+00  5.000e-01  3.333e-01  2.500e-01 
 5.000e-01  3.333e-01  2.500e-01  2.000e-01 
 3.333e-01  2.500e-01  2.000e-01  1.667e-01 
 2.500e-01  2.000e-01  1.667e-01  1.429e-01 

b:
 2.336e+00  1.659e+00  1.368e+00  1.190e+00 

./a.out : Task = 9 Res1 = -1 Res2 = -1 T1 = 0.00 T2 = 0.00 S = 4 N = 29 M = 21 P = 2
============================== a.out n=29 m=24 p=1 s=4 ===============
### Run  ./a.out 29 24 1 4 4
A:
 1.000e+00  5.000e-01  3.333e-01  2.500e-01 
 5.000e-01  3.333e-01  2.500e-01  2.000e-01 
 3.333e-01  2.500e-01  2.000e-01  1.667e-01 
 2.500e-01  2.000e-01  1.667e-01  1.429e-01 

b:
 2.336e+00  1.659e+00  1.368e+00  1.190e+00 

./a.out : Task = 9 Res1 = -1 Res2 = -1 T1 = 0.00 T2 = 0.00 S = 4 N = 29 M = 24 P = 1
============================== a.out n=29 m=24 p=2 s=4 ===============
### Run  ./a.out 29 24 2 4 4
A:
 1.000e+00  5.000e-01  3.333e-01  2.500e-01 
 5.000e-01  3.333e-01  2.500e-01  2.000e-01 
 3.333e-01  2.500e-01  2.000e-01  1.667e-01 
 2.500e-01  2.000e-01  1.667e-01  1.429e-01 

b:
 2.336e+00  1.659e+00  1.368e+00  1.190e+00 

./a.out : Task = 9 Res1 = -1 Res2 = -1 T1 = 0.00 T2 = 0.00 S = 4 N = 29 M = 24 P = 2
============================== a.out n=29 m=27 p=1 s=4 ===============
### Run  ./a.out 29 27 1 4 4
A:
 1.000e+00  5.000e-01  3.333e-01  2.500e-01 
 5.000e-01  3.333e-01  2.500e-01  2.000e-01 
 3.333e-01  2.500e-01  2.000e-01  1.667e-01 
 2.500e-01  2.000e-01  1.667e-01  1.429e-01 

b:
 2.336e+00  1.659e+00  1.368e+00  1.190e+00 

./a.out : Task = 9 Res1 = -1 Res2 = -1 T1 = 0.00 T2 = 0.00 S = 4 N = 29 M = 27 P = 1
============================== a.out n=29 m=27 p=2 s=4 ===============
### Run  ./a.out 29 27 2 4 4
A:
 1.000e+00  5.000e-01  3.333e-01  2.500e-01 
 5.000e-01  3.333e-01  2.500e-01  2.000e-01 
 3.333e-01  2.500e-01  2.000e-01  1.667e-01 
 2.500e-01  2.000e-01  1.667e-01  1.429e-01 

b:
 2.336e+00  1.659e+00  1.368e+00  1.190e+00 

./a.out : Task = 9 Res1 = -1 Res2 = -1 T1 = 0.00 T2 = 0.00 S = 4 N = 29 M = 27 P = 2
============================== a.out n=30 m=3 p=1 s=4 ===============
### Run  ./a.out 30 3 1 4 4
A:
 1.000e+00  5.000e-01  3.333e-01  2.500e-01 
 5.000e-01  3.333e-01  2.500e-01  2.000e-01 
 3.333e-01  2.500e-01  2.000e-01  1.667e-01 
 2.500e-01  2.000e-01  1.667e-01  1.429e-01 

b:
 2.336e+00  1.659e+00  1.368e+00  1.190e+00 

./a.out : Task = 9 Res1 = -1 Res2 = -1 T1 = 0.00 T2 = 0.00 S = 4 N = 30 M = 3 P = 1
============================== a.out n=30 m=3 p=2 s=4 ===============
### Run  ./a.out 30 3 2 4 4
A:
 1.000e+00  5.000e-01  3.333e-01  2.500e-01 
 5.000e-01  3.333e-01  2.500e-01  2.000e-01 
 3.333e-01  2.500e-01  2.000e-01  1.667e-01 
 2.500e-01  2.000e-01  1.667e-01  1.429e-01 

b:
 2.336e+00  1.659e+00  1.368e+00  1.190e+00 

./a.out : Task = 9 Res1 = -1 Res2 = -1 T1 = 0.00 T2 = 0.00 S = 4 N = 30 M = 3 P = 2
============================== a.out n=30 m=3 p=3 s=4 ===============
### Run  ./a.out 30 3 3 4 4
A:
 1.000e+00  5.000e-01  3.333e-01  2.500e-01 
 5.000e-01  3.333e-01  2.500e-01  2.000e-01 
 3.333e-01  2.500e-01  2.000e-01  1.667e-01 
 2.500e-01  2.000e-01  1.667e-01  1.429e-01 

b:
 2.336e+00  1.659e+00  1.368e+00  1.190e+00 

./a.out : Task = 9 Res1 = -1 Res2 = -1 T1 = 0.00 T2 = 0.00 S = 4 N = 30 M = 3 P = 3
============================== a.out n=30 m=3 p=4 s=4 ===============
### Run  ./a.out 30 3 4 4 4
A:
 1.000e+00  5.000e-01  3.333e-01  2.500e-01 
 5.000e-01  3.333e-01  2.500e-01  2.000e-01 
 3.333e-01  2.500e-01  2.000e-01  1.667e-01 
 2.500e-01  2.000e-01  1.667e-01  1.429e-01 

b:
 2.336e+00  1.659e+00  1.368e+00  1.190e+00 

./a.out : Task = 9 Res1 = -1 Res2 = -1 T1 = 0.00 T2 = 0.00 S = 4 N = 30 M = 3 P = 4
============================== a.out n=30 m=3 p=5 s=4 ===============
### Run  ./a.out 30 3 5 4 4
A:
 1.000e+00  5.000e-01  3.333e-01  2.500e-01 
 5.000e-01  3.333e-01  2.500e-01  2.000e-01 
 3.333e-01  2.500e-01  2.000e-01  1.667e-01 
 2.500e-01  2.000e-01  1.667e-01  1.429e-01 

b:
 2.336e+00  1.659e+00  1.368e+00  1.190e+00 

./a.out : Task = 9 Res1 = -1 Res2 = -1 T1 = 0.00 T2 = 0.00 S = 4 N = 30 M = 3 P = 5
============================== a.out n=30 m=3 p=6 s=4 ===============
### Run  ./a.out 30 3 6 4 4
A:
 1.000e+00  5.000e-01  3.333e-01  2.500e-01 
 5.000e-01  3.333e-01  2.500e-01  2.000e-01 
 3.333e-01  2.500e-01  2.000e-01  1.667e-01 
 2.500e-01  2.000e-01  1.667e-01  1.429e-01 

b:
 2.336e+00  1.659e+00  1.368e+00  1.190e+00 

./a.out : Task = 9 Res1 = -1 Res2 = -1 T1 = 0.00 T2 = 0.00 S = 4 N = 30 M = 3 P = 6
============================== a.out n=30 m=3 p=7 s=4 ===============
### Run  ./a.out 30 3 7 4 4
A:
 1.000e+00  5.000e-01  3.333e-01  2.500e-01 
 5.000e-01  3.333e-01  2.500e-01  2.000e-01 
 3.333e-01  2.500e-01  2.000e-01  1.667e-01 
 2.500e-01  2.000e-01  1.667e-01  1.429e-01 

b:
 2.336e+00  1.659e+00  1.368e+00  1.190e+00 

./a.out : Task = 9 Res1 = -1 Res2 = -1 T1 = 0.00 T2 = 0.00 S = 4 N = 30 M = 3 P = 7
============================== a.out n=30 m=3 p=8 s=4 ===============
### Run  ./a.out 30 3 8 4 4
A:
 1.000e+00  5.000e-01  3.333e-01  2.500e-01 
 5.000e-01  3.333e-01  2.500e-01  2.000e-01 
 3.333e-01  2.500e-01  2.000e-01  1.667e-01 
 2.500e-01  2.000e-01  1.667e-01  1.429e-01 

b:
 2.336e+00  1.659e+00  1.368e+00  1.190e+00 

./a.out : Task = 9 Res1 = -1 Res2 = -1 T1 = 0.00 T2 = 0.00 S = 4 N = 30 M = 3 P = 8
============================== a.out n=30 m=3 p=9 s=4 ===============
### Run  ./a.out 30 3 9 4 4
A:
 1.000e+00  5.000e-01  3.333e-01  2.500e-01 
 5.000e-01  3.333e-01  2.500e-01  2.000e-01 
 3.333e-01  2.500e-01  2.000e-01  1.667e-01 
 2.500e-01  2.000e-01  1.667e-01  1.429e-01 

b:
 2.336e+00  1.659e+00  1.368e+00  1.190e+00 

./a.out : Task = 9 Res1 = -1 Res2 = -1 T1 = 0.00 T2 = 0.00 S = 4 N = 30 M = 3 P = 9
============================== a.out n=30 m=3 p=10 s=4 ===============
### Run  ./a.out 30 3 10 4 4
A:
 1.000e+00  5.000e-01  3.333e-01  2.500e-01 
 5.000e-01  3.333e-01  2.500e-01  2.000e-01 
 3.333e-01  2.500e-01  2.000e-01  1.667e-01 
 2.500e-01  2.000e-01  1.667e-01  1.429e-01 

b:
 2.336e+00  1.659e+00  1.368e+00  1.190e+00 

./a.out : Task = 9 Res1 = -1 Res2 = -1 T1 = 0.00 T2 = 0.00 S = 4 N = 30 M = 3 P = 10
============================== a.out n=30 m=3 p=11 s=4 ===============
### Run  ./a.out 30 3 11 4 4
A:
 1.000e+00  5.000e-01  3.333e-01  2.500e-01 
 5.000e-01  3.333e-01  2.500e-01  2.000e-01 
 3.333e-01  2.500e-01  2.000e-01  1.667e-01 
 2.500e-01  2.000e-01  1.667e-01  1.429e-01 

b:
 2.336e+00  1.659e+00  1.368e+00  1.190e+00 

./a.out : Task = 9 Res1 = -1 Res2 = -1 T1 = 0.00 T2 = 0.00 S = 4 N = 30 M = 3 P = 11
============================== a.out n=30 m=6 p=1 s=4 ===============
### Run  ./a.out 30 6 1 4 4
A:
 1.000e+00  5.000e-01  3.333e-01  2.500e-01 
 5.000e-01  3.333e-01  2.500e-01  2.000e-01 
 3.333e-01  2.500e-01  2.000e-01  1.667e-01 
 2.500e-01  2.000e-01  1.667e-01  1.429e-01 

b:
 2.336e+00  1.659e+00  1.368e+00  1.190e+00 

./a.out : Task = 9 Res1 = -1 Res2 = -1 T1 = 0.00 T2 = 0.00 S = 4 N = 30 M = 6 P = 1
============================== a.out n=30 m=6 p=2 s=4 ===============
### Run  ./a.out 30 6 2 4 4
A:
 1.000e+00  5.000e-01  3.333e-01  2.500e-01 
 5.000e-01  3.333e-01  2.500e-01  2.000e-01 
 3.333e-01  2.500e-01  2.000e-01  1.667e-01 
 2.500e-01  2.000e-01  1.667e-01  1.429e-01 

b:
 2.336e+00  1.659e+00  1.368e+00  1.190e+00 

./a.out : Task = 9 Res1 = -1 Res2 = -1 T1 = 0.00 T2 = 0.00 S = 4 N = 30 M = 6 P = 2
============================== a.out n=30 m=6 p=3 s=4 ===============
### Run  ./a.out 30 6 3 4 4
A:
 1.000e+00  5.000e-01  3.333e-01  2.500e-01 
 5.000e-01  3.333e-01  2.500e-01  2.000e-01 
 3.333e-01  2.500e-01  2.000e-01  1.667e-01 
 2.500e-01  2.000e-01  1.667e-01  1.429e-01 

b:
 2.336e+00  1.659e+00  1.368e+00  1.190e+00 

./a.out : Task = 9 Res1 = -1 Res2 = -1 T1 = 0.00 T2 = 0.00 S = 4 N = 30 M = 6 P = 3
============================== a.out n=30 m=6 p=4 s=4 ===============
### Run  ./a.out 30 6 4 4 4
A:
 1.000e+00  5.000e-01  3.333e-01  2.500e-01 
 5.000e-01  3.333e-01  2.500e-01  2.000e-01 
 3.333e-01  2.500e-01  2.000e-01  1.667e-01 
 2.500e-01  2.000e-01  1.667e-01  1.429e-01 

b:
 2.336e+00  1.659e+00  1.368e+00  1.190e+00 

./a.out : Task = 9 Res1 = -1 Res2 = -1 T1 = 0.00 T2 = 0.00 S = 4 N = 30 M = 6 P = 4
============================== a.out n=30 m=6 p=5 s=4 ===============
### Run  ./a.out 30 6 5 4 4
A:
 1.000e+00  5.000e-01  3.333e-01  2.500e-01 
 5.000e-01  3.333e-01  2.500e-01  2.000e-01 
 3.333e-01  2.500e-01  2.000e-01  1.667e-01 
 2.500e-01  2.000e-01  1.667e-01  1.429e-01 

b:
 2.336e+00  1.659e+00  1.368e+00  1.190e+00 

./a.out : Task = 9 Res1 = -1 Res2 = -1 T1 = 0.00 T2 = 0.00 S = 4 N = 30 M = 6 P = 5
============================== a.out n=30 m=6 p=6 s=4 ===============
### Run  ./a.out 30 6 6 4 4
A:
 1.000e+00  5.000e-01  3.333e-01  2.500e-01 
 5.000e-01  3.333e-01  2.500e-01  2.000e-01 
 3.333e-01  2.500e-01  2.000e-01  1.667e-01 
 2.500e-01  2.000e-01  1.667e-01  1.429e-01 

b:
 2.336e+00  1.659e+00  1.368e+00  1.190e+00 

./a.out : Task = 9 Res1 = -1 Res2 = -1 T1 = 0.00 T2 = 0.00 S = 4 N = 30 M = 6 P = 6
============================== a.out n=30 m=9 p=1 s=4 ===============
### Run  ./a.out 30 9 1 4 4
A:
 1.000e+00  5.000e-01  3.333e-01  2.500e-01 
 5.000e-01  3.333e-01  2.500e-01  2.000e-01 
 3.333e-01  2.500e-01  2.000e-01  1.667e-01 
 2.500e-01  2.000e-01  1.667e-01  1.429e-01 

b:
 2.336e+00  1.659e+00  1.368e+00  1.190e+00 

./a.out : Task = 9 Res1 = -1 Res2 = -1 T1 = 0.00 T2 = 0.00 S = 4 N = 30 M = 9 P = 1
============================== a.out n=30 m=9 p=2 s=4 ===============
### Run  ./a.out 30 9 2 4 4
A:
 1.000e+00  5.000e-01  3.333e-01  2.500e-01 
 5.000e-01  3.333e-01  2.500e-01  2.000e-01 
 3.333e-01  2.500e-01  2.000e-01  1.667e-01 
 2.500e-01  2.000e-01  1.667e-01  1.429e-01 

b:
 2.336e+00  1.659e+00  1.368e+00  1.190e+00 

./a.out : Task = 9 Res1 = -1 Res2 = -1 T1 = 0.00 T2 = 0.00 S = 4 N = 30 M = 9 P = 2
============================== a.out n=30 m=9 p=3 s=4 ===============
### Run  ./a.out 30 9 3 4 4
A:
 1.000e+00  5.000e-01  3.333e-01  2.500e-01 
 5.000e-01  3.333e-01  2.500e-01  2.000e-01 
 3.333e-01  2.500e-01  2.000e-01  1.667e-01 
 2.500e-01  2.000e-01  1.667e-01  1.429e-01 

b:
 2.336e+00  1.659e+00  1.368e+00  1.190e+00 

./a.out : Task = 9 Res1 = -1 Res2 = -1 T1 = 0.00 T2 = 0.00 S = 4 N = 30 M = 9 P = 3
============================== a.out n=30 m=9 p=4 s=4 ===============
### Run  ./a.out 30 9 4 4 4
A:
 1.000e+00  5.000e-01  3.333e-01  2.500e-01 
 5.000e-01  3.333e-01  2.500e-01  2.000e-01 
 3.333e-01  2.500e-01  2.000e-01  1.667e-01 
 2.500e-01  2.000e-01  1.667e-01  1.429e-01 

b:
 2.336e+00  1.659e+00  1.368e+00  1.190e+00 

./a.out : Task = 9 Res1 = -1 Res2 = -1 T1 = 0.00 T2 = 0.00 S = 4 N = 30 M = 9 P = 4
============================== a.out n=30 m=12 p=1 s=4 ===============
### Run  ./a.out 30 12 1 4 4
A:
 1.000e+00  5.000e-01  3.333e-01  2.500e-01 
 5.000e-01  3.333e-01  2.500e-01  2.000e-01 
 3.333e-01  2.500e-01  2.000e-01  1.667e-01 
 2.500e-01  2.000e-01  1.667e-01  1.429e-01 

b:
 2.336e+00  1.659e+00  1.368e+00  1.190e+00 

./a.out : Task = 9 Res1 = -1 Res2 = -1 T1 = 0.00 T2 = 0.00 S = 4 N = 30 M = 12 P = 1
============================== a.out n=30 m=12 p=2 s=4 ===============
### Run  ./a.out 30 12 2 4 4
A:
 1.000e+00  5.000e-01  3.333e-01  2.500e-01 
 5.000e-01  3.333e-01  2.500e-01  2.000e-01 
 3.333e-01  2.500e-01  2.000e-01  1.667e-01 
 2.500e-01  2.000e-01  1.667e-01  1.429e-01 

b:
 2.336e+00  1.659e+00  1.368e+00  1.190e+00 

./a.out : Task = 9 Res1 = -1 Res2 = -1 T1 = 0.00 T2 = 0.00 S = 4 N = 30 M = 12 P = 2
============================== a.out n=30 m=12 p=3 s=4 ===============
### Run  ./a.out 30 12 3 4 4
A:
 1.000e+00  5.000e-01  3.333e-01  2.500e-01 
 5.000e-01  3.333e-01  2.500e-01  2.000e-01 
 3.333e-01  2.500e-01  2.000e-01  1.667e-01 
 2.500e-01  2.000e-01  1.667e-01  1.429e-01 

b:
 2.336e+00  1.659e+00  1.368e+00  1.190e+00 

./a.out : Task = 9 Res1 = -1 Res2 = -1 T1 = 0.00 T2 = 0.00 S = 4 N = 30 M = 12 P = 3
============================== a.out n=30 m=15 p=1 s=4 ===============
### Run  ./a.out 30 15 1 4 4
A:
 1.000e+00  5.000e-01  3.333e-01  2.500e-01 
 5.000e-01  3.333e-01  2.500e-01  2.000e-01 
 3.333e-01  2.500e-01  2.000e-01  1.667e-01 
 2.500e-01  2.000e-01  1.667e-01  1.429e-01 

b:
 2.336e+00  1.659e+00  1.368e+00  1.190e+00 

./a.out : Task = 9 Res1 = -1 Res2 = -1 T1 = 0.00 T2 = 0.00 S = 4 N = 30 M = 15 P = 1
============================== a.out n=30 m=15 p=2 s=4 ===============
### Run  ./a.out 30 15 2 4 4
A:
 1.000e+00  5.000e-01  3.333e-01  2.500e-01 
 5.000e-01  3.333e-01  2.500e-01  2.000e-01 
 3.333e-01  2.500e-01  2.000e-01  1.667e-01 
 2.500e-01  2.000e-01  1.667e-01  1.429e-01 

b:
 2.336e+00  1.659e+00  1.368e+00  1.190e+00 

./a.out : Task = 9 Res1 = -1 Res2 = -1 T1 = 0.00 T2 = 0.00 S = 4 N = 30 M = 15 P = 2
============================== a.out n=30 m=15 p=3 s=4 ===============
### Run  ./a.out 30 15 3 4 4
A:
 1.000e+00  5.000e-01  3.333e-01  2.500e-01 
 5.000e-01  3.333e-01  2.500e-01  2.000e-01 
 3.333e-01  2.500e-01  2.000e-01  1.667e-01 
 2.500e-01  2.000e-01  1.667e-01  1.429e-01 

b:
 2.336e+00  1.659e+00  1.368e+00  1.190e+00 

./a.out : Task = 9 Res1 = -1 Res2 = -1 T1 = 0.00 T2 = 0.00 S = 4 N = 30 M = 15 P = 3
============================== a.out n=30 m=18 p=1 s=4 ===============
### Run  ./a.out 30 18 1 4 4
A:
 1.000e+00  5.000e-01  3.333e-01  2.500e-01 
 5.000e-01  3.333e-01  2.500e-01  2.000e-01 
 3.333e-01  2.500e-01  2.000e-01  1.667e-01 
 2.500e-01  2.000e-01  1.667e-01  1.429e-01 

b:
 2.336e+00  1.659e+00  1.368e+00  1.190e+00 

./a.out : Task = 9 Res1 = -1 Res2 = -1 T1 = 0.00 T2 = 0.00 S = 4 N = 30 M = 18 P = 1
============================== a.out n=30 m=18 p=2 s=4 ===============
### Run  ./a.out 30 18 2 4 4
A:
 1.000e+00  5.000e-01  3.333e-01  2.500e-01 
 5.000e-01  3.333e-01  2.500e-01  2.000e-01 
 3.333e-01  2.500e-01  2.000e-01  1.667e-01 
 2.500e-01  2.000e-01  1.667e-01  1.429e-01 

b:
 2.336e+00  1.659e+00  1.368e+00  1.190e+00 

./a.out : Task = 9 Res1 = -1 Res2 = -1 T1 = 0.00 T2 = 0.00 S = 4 N = 30 M = 18 P = 2
============================== a.out n=30 m=21 p=1 s=4 ===============
### Run  ./a.out 30 21 1 4 4
A:
 1.000e+00  5.000e-01  3.333e-01  2.500e-01 
 5.000e-01  3.333e-01  2.500e-01  2.000e-01 
 3.333e-01  2.500e-01  2.000e-01  1.667e-01 
 2.500e-01  2.000e-01  1.667e-01  1.429e-01 

b:
 2.336e+00  1.659e+00  1.368e+00  1.190e+00 

./a.out : Task = 9 Res1 = -1 Res2 = -1 T1 = 0.00 T2 = 0.00 S = 4 N = 30 M = 21 P = 1
============================== a.out n=30 m=21 p=2 s=4 ===============
### Run  ./a.out 30 21 2 4 4
A:
 1.000e+00  5.000e-01  3.333e-01  2.500e-01 
 5.000e-01  3.333e-01  2.500e-01  2.000e-01 
 3.333e-01  2.500e-01  2.000e-01  1.667e-01 
 2.500e-01  2.000e-01  1.667e-01  1.429e-01 

b:
 2.336e+00  1.659e+00  1.368e+00  1.190e+00 

./a.out : Task = 9 Res1 = -1 Res2 = -1 T1 = 0.00 T2 = 0.00 S = 4 N = 30 M = 21 P = 2
============================== a.out n=30 m=24 p=1 s=4 ===============
### Run  ./a.out 30 24 1 4 4
A:
 1.000e+00  5.000e-01  3.333e-01  2.500e-01 
 5.000e-01  3.333e-01  2.500e-01  2.000e-01 
 3.333e-01  2.500e-01  2.000e-01  1.667e-01 
 2.500e-01  2.000e-01  1.667e-01  1.429e-01 

b:
 2.336e+00  1.659e+00  1.368e+00  1.190e+00 

./a.out : Task = 9 Res1 = -1 Res2 = -1 T1 = 0.00 T2 = 0.00 S = 4 N = 30 M = 24 P = 1
============================== a.out n=30 m=24 p=2 s=4 ===============
### Run  ./a.out 30 24 2 4 4
A:
 1.000e+00  5.000e-01  3.333e-01  2.500e-01 
 5.000e-01  3.333e-01  2.500e-01  2.000e-01 
 3.333e-01  2.500e-01  2.000e-01  1.667e-01 
 2.500e-01  2.000e-01  1.667e-01  1.429e-01 

b:
 2.336e+00  1.659e+00  1.368e+00  1.190e+00 

./a.out : Task = 9 Res1 = -1 Res2 = -1 T1 = 0.00 T2 = 0.00 S = 4 N = 30 M = 24 P = 2
============================== a.out n=30 m=27 p=1 s=4 ===============
### Run  ./a.out 30 27 1 4 4
A:
 1.000e+00  5.000e-01  3.333e-01  2.500e-01 
 5.000e-01  3.333e-01  2.500e-01  2.000e-01 
 3.333e-01  2.500e-01  2.000e-01  1.667e-01 
 2.500e-01  2.000e-01  1.667e-01  1.429e-01 

b:
 2.336e+00  1.659e+00  1.368e+00  1.190e+00 

./a.out : Task = 9 Res1 = -1 Res2 = -1 T1 = 0.00 T2 = 0.00 S = 4 N = 30 M = 27 P = 1
============================== a.out n=30 m=27 p=2 s=4 ===============
### Run  ./a.out 30 27 2 4 4
A:
 1.000e+00  5.000e-01  3.333e-01  2.500e-01 
 5.000e-01  3.333e-01  2.500e-01  2.000e-01 
 3.333e-01  2.500e-01  2.000e-01  1.667e-01 
 2.500e-01  2.000e-01  1.667e-01  1.429e-01 

b:
 2.336e+00  1.659e+00  1.368e+00  1.190e+00 

./a.out : Task = 9 Res1 = -1 Res2 = -1 T1 = 0.00 T2 = 0.00 S = 4 N = 30 M = 27 P = 2
============================== a.out n=30 m=30 p=1 s=4 ===============
### Run  ./a.out 30 30 1 4 4
A:
 1.000e+00  5.000e-01  3.333e-01  2.500e-01 
 5.000e-01  3.333e-01  2.500e-01  2.000e-01 
 3.333e-01  2.500e-01  2.000e-01  1.667e-01 
 2.500e-01  2.000e-01  1.667e-01  1.429e-01 

b:
 2.336e+00  1.659e+00  1.368e+00  1.190e+00 

./a.out : Task = 9 Res1 = -1 Res2 = -1 T1 = 0.00 T2 = 0.00 S = 4 N = 30 M = 30 P = 1
============================== a.out n=30 m=30 p=2 s=4 ===============
### Run  ./a.out 30 30 2 4 4
A:
 1.000e+00  5.000e-01  3.333e-01  2.500e-01 
 5.000e-01  3.333e-01  2.500e-01  2.000e-01 
 3.333e-01  2.500e-01  2.000e-01  1.667e-01 
 2.500e-01  2.000e-01  1.667e-01  1.429e-01 

b:
 2.336e+00  1.659e+00  1.368e+00  1.190e+00 

./a.out : Task = 9 Res1 = -1 Res2 = -1 T1 = 0.00 T2 = 0.00 S = 4 N = 30 M = 30 P = 2
########################################################################
